MLProject/Demand_Forecasting_preprocessing/train_processed.csv
record_ID,week,store_id,sku_id,total_price,base_price,is_featured_sku,is_display_sku,units_sold,store_encoded,lag_1,lag_2,lag_5,lag_19,ma_1,ma_2,ma_4
1592,2011-01-17,9961,216418,98.325,99.0375,0,1,146,70.75697612202362,14.0,45.0,113.0,20.0,14.0,29.5,59.5
3228,2011-01-24,9961,216418,98.325,99.0375,0,1,126,70.75697612202362,84.0,89.0,79.0,113.0,84.0,86.5,75.75
4865,2011-01-31,9961,216418,98.325,99.0375,0,1,135,70.75697612202362,73.0,69.0,53.0,48.0,73.0,71.0,65.5
6504,2011-02-07,9961,216418,98.325,99.0375,0,1,146,70.75697612202362,28.0,28.0,119.0,209.0,28.0,28.0,31.0
8142,2011-02-14,9961,216418,104.025,99.0375,0,1,154,70.75697612202362,14.0,44.0,71.0,84.0,14.0,29.0,49.75
9780,2011-02-21,9961,216418,106.1625,99.0375,0,1,129,70.75697612202362,10.0,51.0,60.0,146.0,10.0,30.5,58.25
11392,2011-02-28,9961,216418,106.1625,99.0375,0,1,112,70.75697612202362,92.0,91.0,26.0,72.0,92.0,91.5,108.25
13006,2011-03-07,9961,216418,106.1625,99.0375,0,1,106,70.75697612202362,99.0,77.0,77.0,7.0,99.0,88.0,123.5
14643,2011-03-14,9961,216418,104.7375,99.0375,0,1,142,70.75697612202362,21.0,48.0,75.0,123.0,21.0,34.5,57.0
16284,2011-03-21,9961,216418,103.3125,99.0375,0,1,114,70.75697612202362,10.0,38.0,61.0,260.0,10.0,24.0,68.25
17921,2011-03-28,9961,216418,104.7375,99.0375,0,1,98,70.75697612202362,11.0,12.0,176.0,112.0,11.0,11.5,38.75
19556,2011-04-04,9961,216418,106.1625,99.0375,0,1,104,70.75697612202362,12.0,41.0,62.0,52.0,12.0,26.5,140.0
22827,2011-04-18,9961,216418,106.1625,105.45,0,1,80,70.75697612202362,15.0,32.0,53.0,100.0,15.0,23.5,119.0
24466,2011-04-25,9961,216418,104.025,105.45,0,1,85,70.75697612202362,35.0,33.0,45.0,20.0,35.0,34.0,77.25
26103,2011-05-02,9961,216418,106.1625,105.45,0,1,86,70.75697612202362,30.0,27.0,44.0,16.0,30.0,28.5,79.0
27742,2011-05-09,9961,216418,106.1625,105.45,0,1,120,70.75697612202362,9.0,34.0,43.0,110.0,9.0,21.5,52.75
29381,2011-05-16,9961,216418,104.025,105.45,0,1,89,70.75697612202362,1.0,29.0,44.0,231.0,1.0,15.0,59.75
31010,2011-05-23,9961,216418,106.1625,105.45,0,1,99,70.75697612202362,11.0,36.0,142.0,130.0,11.0,23.5,48.0
32646,2011-05-30,9961,216418,105.45,105.45,0,1,96,70.75697612202362,33.0,171.0,37.0,12.0,33.0,102.0,88.25
34283,2011-06-06,9961,216418,106.1625,105.45,0,1,117,70.75697612202362,14.0,38.0,54.0,29.0,14.0,26.0,60.0
35917,2011-06-13,9961,216418,106.1625,105.45,0,1,105,70.75697612202362,16.0,43.0,67.0,214.0,16.0,29.5,68.0
37552,2011-06-20,9961,216418,118.9875,105.45,0,1,94,70.75697612202362,45.0,49.0,4.0,44.0,45.0,47.0,97.25
39192,2011-06-27,9961,216418,119.7,105.45,0,1,86,70.75697612202362,6.0,32.0,47.0,78.0,6.0,19.0,81.0
40830,2011-07-04,9961,216418,119.7,105.45,0,1,57,70.75697612202362,24.0,43.0,12.0,187.0,24.0,33.5,75.5
42469,2011-07-11,9961,216418,118.9875,105.45,0,1,80,70.75697612202362,7.0,26.0,44.0,144.0,7.0,16.5,56.75
44106,2011-07-18,9961,216418,89.0625,105.45,0,1,99,70.75697612202362,21.0,33.0,9.0,40.0,21.0,27.0,82.75
45736,2011-07-25,9961,216418,88.35,105.45,0,1,86,70.75697612202362,7.0,25.0,46.0,56.0,7.0,16.0,115.5
47370,2011-08-01,9961,216418,89.0625,105.45,0,1,83,70.75697612202362,66.0,15.0,43.0,3.0,66.0,40.5,77.75
49003,2011-08-08,9961,216418,87.6375,105.45,0,1,97,70.75697612202362,6.0,21.0,53.0,116.0,6.0,13.5,85.0
50636,2011-08-15,9961,216418,106.1625,105.45,0,1,110,70.75697612202362,26.0,36.0,29.0,137.0,26.0,31.0,82.5
52268,2011-08-22,9961,216418,106.1625,105.45,0,1,111,70.75697612202362,75.0,58.0,46.0,6.0,75.0,66.5,75.5
53889,2011-08-29,9961,216418,106.1625,105.45,0,1,93,70.75697612202362,21.0,39.0,49.0,124.0,21.0,30.0,55.75
55515,2011-09-05,9961,216418,106.875,105.45,0,1,102,70.75697612202362,8.0,26.0,56.0,178.0,8.0,17.0,72.5
57139,2011-09-12,9961,216418,106.1625,105.45,0,1,102,70.75697612202362,9.0,24.0,140.0,116.0,9.0,16.5,42.0
58768,2011-09-19,9961,216418,106.1625,105.45,0,1,113,70.75697612202362,48.0,154.0,48.0,13.0,48.0,101.0,114.0
63636,2011-10-10,9961,216418,104.025,101.175,0,1,106,70.75697612202362,40.0,46.0,51.0,5.0,40.0,43.0,97.5
65270,2011-10-17,9961,216418,104.025,101.175,0,1,136,70.75697612202362,34.0,35.0,54.0,43.0,34.0,34.5,60.0
71820,2011-11-14,9961,216418,104.7375,97.6125,0,1,115,70.75697612202362,16.0,36.0,110.0,71.0,16.0,26.0,97.75
73454,2011-11-21,9961,216418,104.7375,97.6125,0,1,139,70.75697612202362,47.0,39.0,55.0,9.0,47.0,43.0,90.5
75091,2011-11-28,9961,216418,104.025,97.6125,0,1,134,70.75697612202362,33.0,45.0,93.0,68.0,33.0,39.0,111.75
76730,2011-12-05,9961,216418,105.45,97.6125,0,1,130,70.75697612202362,43.0,22.0,41.0,213.0,43.0,32.5,91.0
78372,2011-12-12,9961,216418,88.35,97.6125,0,1,180,70.75697612202362,37.0,30.0,63.0,13.0,37.0,33.5,95.75
81652,2011-12-26,9961,216418,88.35,88.35,0,1,177,70.75697612202362,62.0,125.0,137.0,167.0,62.0,93.5,159.0
83290,2012-01-02,9961,216418,88.35,88.35,0,1,185,70.75697612202362,44.0,39.0,195.0,222.0,44.0,41.5,67.5
88212,2012-01-23,9961,216418,88.35,88.35,0,1,225,70.75697612202362,17.0,99.0,235.0,95.0,17.0,58.0,140.25
89853,2012-01-30,9961,216418,88.35,88.35,0,1,196,70.75697612202362,59.0,26.0,93.0,15.0,59.0,42.5,108.0
1550,2011-01-17,9909,216418,99.0375,89.0625,0,1,99,66.38971675222086,146.0,14.0,138.0,30.0,146.0,80.0,61.5
3186,2011-01-24,9909,216418,99.0375,89.0625,0,1,123,66.38971675222086,126.0,84.0,108.0,185.0,126.0,105.0,80.25
4823,2011-01-31,9909,216418,99.0375,89.0625,0,1,80,66.38971675222086,135.0,73.0,106.0,128.0,135.0,104.0,72.75
6462,2011-02-07,9909,216418,99.0375,89.0625,0,1,120,66.38971675222086,146.0,28.0,44.0,13.0,146.0,87.0,56.5
8100,2011-02-14,9909,216418,106.1625,89.0625,0,1,112,66.38971675222086,154.0,14.0,123.0,11.0,154.0,84.0,57.5
9738,2011-02-21,9909,216418,106.875,89.0625,0,1,84,66.38971675222086,129.0,10.0,107.0,128.0,129.0,69.5,63.75
11350,2011-02-28,9909,216418,106.875,89.0625,0,1,92,66.38971675222086,91.0,163.0,33.0,25.0,91.0,127.0,91.75
12964,2011-03-07,9909,216418,106.875,89.0625,0,1,71,66.38971675222086,106.0,99.0,66.0,56.0,106.0,102.5,133.5
14601,2011-03-14,9909,216418,106.875,89.0625,0,1,105,66.38971675222086,142.0,21.0,143.0,169.0,142.0,81.5,56.75
17879,2011-03-28,9909,216418,106.1625,106.1625,0,1,92,66.38971675222086,98.0,11.0,75.0,19.0,98.0,54.5,44.5
19514,2011-04-04,9909,216418,106.1625,106.1625,0,1,101,66.38971675222086,104.0,12.0,154.0,147.0,104.0,58.0,127.5
21152,2011-04-11,9909,216418,106.875,106.1625,0,1,134,66.38971675222086,112.0,22.0,79.0,181.0,112.0,67.0,116.5
22785,2011-04-18,9909,216418,106.1625,106.1625,0,1,59,66.38971675222086,80.0,15.0,137.0,129.0,80.0,47.5,104.75
24424,2011-04-25,9909,216418,88.35,106.1625,0,1,93,66.38971675222086,85.0,35.0,79.0,23.0,85.0,60.0,78.75
26061,2011-05-02,9909,216418,89.0625,106.1625,0,1,118,66.38971675222086,86.0,30.0,80.0,225.0,86.0,58.0,80.5
27700,2011-05-09,9909,216418,88.35,106.1625,0,1,85,66.38971675222086,120.0,9.0,135.0,14.0,120.0,64.5,49.0
30968,2011-05-23,9909,216418,89.0625,106.1625,0,1,86,66.38971675222086,99.0,11.0,90.0,14.0,99.0,55.0,50.25
32604,2011-05-30,9909,216418,89.0625,106.1625,0,1,117,66.38971675222086,96.0,33.0,109.0,21.0,96.0,64.5,85.0
34241,2011-06-06,9909,216418,89.0625,106.1625,0,1,74,66.38971675222086,117.0,14.0,168.0,162.0,117.0,65.5,47.25
35876,2011-06-13,9909,216418,88.35,106.1625,0,1,90,66.38971675222086,105.0,16.0,132.0,169.0,105.0,60.5,61.25
37510,2011-06-20,9909,216418,89.0625,106.1625,0,1,58,66.38971675222086,94.0,45.0,81.0,10.0,94.0,69.5,100.5
70141,2011-11-07,9909,216418,105.45,106.875,0,1,39,66.38971675222086,117.0,35.0,69.0,5.0,117.0,76.0,94.5
88170,2012-01-23,9909,216418,88.35,105.45,0,1,78,66.38971675222086,225.0,17.0,156.0,287.0,225.0,121.0,157.5
89811,2012-01-30,9909,216418,88.35,105.45,0,1,69,66.38971675222086,196.0,59.0,94.0,26.0,196.0,127.5,133.5
1532,2011-01-17,9890,216418,99.0375,99.0375,0,1,113,59.5497777680628,99.0,146.0,41.0,109.0,99.0,122.5,76.0
3168,2011-01-24,9890,216418,99.0375,99.0375,0,1,91,59.5497777680628,123.0,126.0,22.0,9.0,123.0,124.5,105.5
4805,2011-01-31,9890,216418,99.0375,99.0375,0,1,85,59.5497777680628,80.0,135.0,14.0,9.0,80.0,107.5,89.25
6444,2011-02-07,9890,216418,99.0375,99.0375,0,1,97,59.5497777680628,120.0,146.0,24.0,58.0,120.0,133.0,80.5
8082,2011-02-14,9890,216418,106.1625,99.0375,0,1,74,59.5497777680628,112.0,154.0,18.0,31.0,112.0,133.0,81.0
9720,2011-02-21,9890,216418,106.875,99.0375,0,1,95,59.5497777680628,84.0,129.0,65.0,7.0,84.0,106.5,68.5
12946,2011-03-07,9890,216418,106.875,106.875,0,1,94,59.5497777680628,71.0,106.0,252.0,49.0,71.0,88.5,88.25
14583,2011-03-14,9890,216418,106.875,106.875,0,1,100,59.5497777680628,105.0,142.0,16.0,17.0,105.0,123.5,79.0
16224,2011-03-21,9890,216418,106.875,106.875,0,1,89,59.5497777680628,80.0,114.0,111.0,7.0,80.0,97.0,60.5
17861,2011-03-28,9890,216418,104.7375,106.875,0,1,119,59.5497777680628,92.0,98.0,57.0,40.0,92.0,95.0,53.25
19496,2011-04-04,9890,216418,106.875,106.875,0,1,134,59.5497777680628,101.0,104.0,353.0,11.0,101.0,102.5,64.5
21134,2011-04-11,9890,216418,106.875,106.875,0,1,200,59.5497777680628,134.0,112.0,285.0,12.0,134.0,123.0,78.75
22767,2011-04-18,9890,216418,105.45,106.875,0,1,94,59.5497777680628,59.0,80.0,292.0,88.0,59.0,69.5,46.5
24407,2011-04-25,9890,216418,89.0625,106.875,0,1,84,59.5497777680628,93.0,85.0,162.0,29.0,93.0,89.0,61.5
26043,2011-05-02,9890,216418,86.2125,106.875,0,1,84,59.5497777680628,118.0,86.0,179.0,7.0,118.0,102.0,65.25
27682,2011-05-09,9890,216418,88.35,106.875,0,1,70,59.5497777680628,85.0,120.0,33.0,19.0,85.0,102.5,62.0
29321,2011-05-16,9890,216418,89.0625,106.875,0,1,91,59.5497777680628,103.0,89.0,67.0,12.0,103.0,96.0,55.5
30950,2011-05-23,9890,216418,84.7875,106.875,0,1,96,59.5497777680628,86.0,99.0,55.0,29.0,86.0,92.5,58.0
32586,2011-05-30,9890,216418,88.35,106.875,0,1,111,59.5497777680628,117.0,96.0,40.0,28.0,117.0,106.5,104.25
34223,2011-06-06,9890,216418,89.0625,106.875,0,1,89,59.5497777680628,74.0,117.0,20.0,7.0,74.0,95.5,60.75
35858,2011-06-13,9890,216418,89.0625,106.875,0,1,119,59.5497777680628,90.0,105.0,81.0,21.0,90.0,97.5,63.5
37492,2011-06-20,9890,216418,120.4125,106.875,0,1,92,59.5497777680628,58.0,94.0,214.0,25.0,58.0,76.0,61.5
39132,2011-06-27,9890,216418,74.1,106.875,0,1,133,59.5497777680628,62.0,86.0,173.0,106.0,62.0,74.0,46.5
40770,2011-07-04,9890,216418,71.25,106.875,0,1,158,59.5497777680628,37.0,57.0,170.0,3.0,37.0,47.0,40.25
42410,2011-07-11,9890,216418,119.7,106.875,0,1,120,59.5497777680628,45.0,80.0,79.0,6.0,45.0,62.5,39.5
44046,2011-07-18,9890,216418,89.0625,106.875,0,1,76,59.5497777680628,21.0,99.0,236.0,21.0,21.0,60.0,43.5
45676,2011-07-25,9890,216418,89.0625,106.875,0,1,82,59.5497777680628,54.0,86.0,288.0,128.0,54.0,70.0,43.0
47311,2011-08-01,9890,216418,89.0625,106.875,0,1,55,59.5497777680628,32.0,83.0,164.0,54.0,32.0,57.5,49.0
48943,2011-08-08,9890,216418,89.0625,106.875,0,1,86,59.5497777680628,38.0,97.0,173.0,135.0,38.0,67.5,40.5
50577,2011-08-15,9890,216418,105.45,106.875,0,1,99,59.5497777680628,55.0,110.0,210.0,9.0,55.0,82.5,56.75
53830,2011-08-29,9890,216418,106.875,106.875,0,1,73,59.5497777680628,36.0,93.0,12.0,6.0,36.0,64.5,47.25
55455,2011-09-05,9890,216418,106.875,106.875,0,1,94,59.5497777680628,30.0,102.0,97.0,7.0,30.0,66.0,41.5
57079,2011-09-12,9890,216418,106.875,106.875,0,1,86,59.5497777680628,44.0,102.0,28.0,33.0,44.0,73.0,44.75
58708,2011-09-19,9890,216418,106.1625,106.875,0,1,67,59.5497777680628,52.0,113.0,115.0,27.0,52.0,82.5,91.75
60332,2011-09-26,9890,216418,106.1625,106.875,0,1,92,59.5497777680628,48.0,70.0,51.0,12.0,48.0,59.0,48.0
61959,2011-10-03,9890,216418,104.7375,106.875,0,1,90,59.5497777680628,22.0,105.0,207.0,9.0,22.0,63.5,47.75
63577,2011-10-10,9890,216418,103.3125,106.875,0,1,112,59.5497777680628,54.0,106.0,244.0,47.0,54.0,80.0,61.5
65210,2011-10-17,9890,216418,104.7375,106.875,0,1,85,59.5497777680628,36.0,52.0,216.0,25.0,36.0,44.0,37.5
66847,2011-10-24,9890,216418,105.45,106.875,0,1,67,59.5497777680628,43.0,101.0,20.0,7.0,43.0,72.0,57.0
68486,2011-10-31,9890,216418,105.45,106.875,0,1,69,59.5497777680628,50.0,95.0,107.0,4.0,50.0,72.5,49.25
70123,2011-11-07,9890,216418,104.025,106.875,0,1,64,59.5497777680628,39.0,117.0,187.0,41.0,39.0,78.0,57.5
71760,2011-11-14,9890,216418,104.7375,106.875,0,1,105,59.5497777680628,45.0,115.0,209.0,136.0,45.0,80.0,53.0
73395,2011-11-21,9890,216418,105.45,106.875,0,1,73,59.5497777680628,44.0,139.0,222.0,31.0,44.0,91.5,67.25
75031,2011-11-28,9890,216418,104.7375,106.875,0,1,123,59.5497777680628,33.0,134.0,202.0,169.0,33.0,83.5,61.25
76670,2011-12-05,9890,216418,104.7375,106.875,0,1,93,59.5497777680628,33.0,130.0,232.0,13.0,33.0,81.5,57.0
78312,2011-12-12,9890,216418,89.0625,106.875,0,1,177,59.5497777680628,51.0,180.0,242.0,46.0,51.0,115.5,74.5
79952,2011-12-19,9890,216418,89.0625,106.875,0,1,134,59.5497777680628,35.0,96.0,100.0,97.0,35.0,65.5,89.25
81592,2011-12-26,9890,216418,89.0625,106.875,0,1,173,59.5497777680628,57.0,177.0,146.0,15.0,57.0,117.0,105.25
83230,2012-01-02,9890,216418,89.0625,106.875,0,1,125,59.5497777680628,43.0,185.0,87.0,86.0,43.0,114.0,77.75
88152,2012-01-23,9890,216418,89.0625,106.875,0,1,125,59.5497777680628,78.0,225.0,289.0,245.0,78.0,151.5,104.75
89793,2012-01-30,9890,216418,89.775,106.875,0,1,122,59.5497777680628,69.0,196.0,253.0,24.0,69.0,132.5,87.5
1508,2011-01-17,9881,216418,98.325,98.325,0,1,142,65.76389918586939,113.0,99.0,45.0,104.0,113.0,106.0,93.0
3144,2011-01-24,9881,216418,98.325,98.325,0,1,121,65.76389918586939,91.0,123.0,89.0,22.0,91.0,107.0,106.0
4781,2011-01-31,9881,216418,98.325,98.325,0,1,138,65.76389918586939,85.0,80.0,69.0,47.0,85.0,82.5,93.25
6420,2011-02-07,9881,216418,98.325,98.325,0,1,170,65.76389918586939,97.0,120.0,28.0,20.0,97.0,108.5,97.75
8058,2011-02-14,9881,216418,106.1625,98.325,0,1,169,65.76389918586939,74.0,112.0,44.0,32.0,74.0,93.0,88.5
9696,2011-02-21,9881,216418,106.1625,98.325,0,1,169,65.76389918586939,95.0,84.0,51.0,16.0,95.0,89.5,79.5
11308,2011-02-28,9881,216418,106.1625,98.325,0,1,163,65.76389918586939,87.0,26.0,83.0,85.0,87.0,56.5,57.5
12923,2011-03-07,9881,216418,106.875,98.325,0,1,143,65.76389918586939,94.0,71.0,77.0,242.0,94.0,82.5,92.5
14559,2011-03-14,9881,216418,106.1625,98.325,0,1,192,65.76389918586939,100.0,105.0,48.0,25.0,100.0,102.5,92.0
16200,2011-03-21,9881,216418,105.45,98.325,0,1,162,65.76389918586939,89.0,80.0,38.0,25.0,89.0,84.5,73.25
17837,2011-03-28,9881,216418,106.1625,98.325,0,1,150,65.76389918586939,119.0,92.0,12.0,28.0,119.0,105.5,80.0
19472,2011-04-04,9881,216418,106.1625,98.325,0,1,154,65.76389918586939,134.0,101.0,41.0,27.0,134.0,117.5,87.75
21110,2011-04-11,9881,216418,106.1625,98.325,0,1,129,65.76389918586939,200.0,134.0,47.0,7.0,200.0,167.0,117.0
22743,2011-04-18,9881,216418,104.7375,98.325,0,1,138,65.76389918586939,94.0,59.0,32.0,17.0,94.0,76.5,62.0
24383,2011-04-25,9881,216418,104.7375,98.325,0,1,176,65.76389918586939,84.0,93.0,33.0,222.0,84.0,88.5,74.25
26019,2011-05-02,9881,216418,106.1625,98.325,0,1,162,65.76389918586939,84.0,118.0,27.0,24.0,84.0,101.0,79.5
27658,2011-05-09,9881,216418,106.1625,98.325,0,1,164,65.76389918586939,70.0,85.0,34.0,41.0,70.0,77.5,71.0
29297,2011-05-16,9881,216418,105.45,98.325,0,1,170,65.76389918586939,91.0,103.0,29.0,16.0,91.0,97.0,71.0
30926,2011-05-23,9881,216418,106.1625,98.325,0,1,151,65.76389918586939,96.0,86.0,36.0,34.0,96.0,91.0,73.0
32562,2011-05-30,9881,216418,106.1625,98.325,0,1,162,65.76389918586939,111.0,117.0,171.0,221.0,111.0,114.0,89.25
34199,2011-06-06,9881,216418,106.1625,98.325,0,1,190,65.76389918586939,89.0,74.0,38.0,35.0,89.0,81.5,73.5
35834,2011-06-13,9881,216418,106.875,98.325,0,1,149,65.76389918586939,119.0,90.0,43.0,37.0,119.0,104.5,82.5
37468,2011-06-20,9881,216418,119.7,98.325,0,1,118,65.76389918586939,92.0,58.0,49.0,22.0,92.0,75.0,72.25
39108,2011-06-27,9881,216418,119.7,98.325,0,1,131,65.76389918586939,133.0,62.0,32.0,11.0,133.0,97.5,71.75
40746,2011-07-04,9881,216418,119.7,98.325,0,1,123,65.76389918586939,158.0,37.0,43.0,19.0,158.0,97.5,69.0
42386,2011-07-11,9881,216418,118.9875,98.325,0,1,108,65.76389918586939,120.0,45.0,26.0,28.0,120.0,82.5,63.0
44022,2011-07-18,9881,216418,88.35,98.325,0,1,123,65.76389918586939,76.0,21.0,33.0,35.0,76.0,48.5,54.25
45652,2011-07-25,9881,216418,89.0625,98.325,0,1,138,65.76389918586939,82.0,54.0,25.0,4.0,82.0,68.0,57.25
47288,2011-08-01,9881,216418,88.35,98.325,0,1,172,65.76389918586939,55.0,32.0,15.0,178.0,55.0,43.5,59.0
48919,2011-08-08,9881,216418,87.6375,98.325,0,1,128,65.76389918586939,86.0,38.0,21.0,11.0,86.0,62.0,56.75
50553,2011-08-15,9881,216418,106.875,98.325,0,1,141,65.76389918586939,99.0,55.0,36.0,23.0,99.0,77.0,72.5
52184,2011-08-22,9881,216418,106.1625,98.325,0,1,119,65.76389918586939,68.0,35.0,58.0,233.0,68.0,51.5,72.25
53807,2011-08-29,9881,216418,106.1625,98.325,0,1,158,65.76389918586939,73.0,36.0,39.0,29.0,73.0,54.5,55.75
79928,2011-12-19,9881,216418,88.35,105.45,0,1,194,65.76389918586939,134.0,35.0,171.0,137.0,134.0,84.5,80.0
81568,2011-12-26,9881,216418,89.0625,105.45,0,1,249,65.76389918586939,173.0,57.0,125.0,121.0,173.0,115.0,117.25
83206,2012-01-02,9881,216418,89.0625,105.45,0,1,236,65.76389918586939,125.0,43.0,39.0,40.0,125.0,84.0,99.25
88128,2012-01-23,9881,216418,88.35,105.45,0,1,315,65.76389918586939,125.0,78.0,99.0,13.0,125.0,101.5,111.25
89769,2012-01-30,9881,216418,89.0625,105.45,0,1,283,65.76389918586939,122.0,69.0,26.0,306.0,122.0,95.5,111.5
