MLProject/Demand_Forecasting_preprocessing/train_processed.csv
record_ID,week,store_id,sku_id,total_price,base_price,is_featured_sku,is_display_sku,units_sold,store_encoded,lag_1,lag_2,lag_5,lag_19,ma_1,ma_2,ma_4
1486,2011-01-17,9880,216418,86.925,86.925,0,1,82,45.878055121729744,142.0,113.0,14.0,64.0,142.0,127.5,125.0
6398,2011-02-07,9880,216418,87.6375,86.925,0,1,87,45.878055121729744,170.0,97.0,28.0,374.0,170.0,133.5,133.25
8036,2011-02-14,9880,216418,86.2125,86.925,0,1,63,45.878055121729744,169.0,74.0,14.0,309.0,169.0,121.5,127.25
9674,2011-02-21,9880,216418,86.925,86.925,0,1,70,45.878055121729744,169.0,95.0,10.0,32.0,169.0,132.0,119.25
11286,2011-02-28,9880,216418,86.925,86.925,0,1,87,45.878055121729744,26.0,33.0,48.0,45.0,26.0,29.5,56.5
17815,2011-03-28,9880,216418,84.075,86.925,0,1,68,45.878055121729744,32.0,150.0,98.0,246.0,32.0,91.0,98.25
21088,2011-04-11,9880,216418,86.2125,87.6375,0,1,74,45.878055121729744,129.0,200.0,22.0,30.0,129.0,164.5,143.75
22721,2011-04-18,9880,216418,87.6375,87.6375,0,1,61,45.878055121729744,138.0,94.0,15.0,4.0,138.0,116.0,92.75
24361,2011-04-25,9880,216418,86.925,87.6375,0,1,86,45.878055121729744,176.0,84.0,35.0,232.0,176.0,130.0,109.5
27636,2011-05-09,9880,216418,86.925,88.35,0,1,60,45.878055121729744,164.0,70.0,9.0,223.0,164.0,117.0,109.75
913,2011-01-17,9436,216418,85.5,85.5,0,0,27,31.535345423314673,82.0,142.0,146.0,15.0,82.0,112.0,109.0
10723,2011-02-28,9436,216418,86.925,86.925,0,0,16,31.535345423314673,112.0,92.0,87.0,102.0,112.0,102.0,114.5
13964,2011-03-14,9436,216418,88.35,88.35,0,0,21,31.535345423314673,48.0,16.0,97.0,108.0,48.0,32.0,70.5
15603,2011-03-21,9436,216418,87.6375,87.6375,0,0,10,31.535345423314673,4.0,36.0,89.0,31.0,4.0,20.0,62.25
17242,2011-03-28,9436,216418,85.5,85.5,0,0,12,31.535345423314673,57.0,75.0,55.0,40.0,57.0,66.0,95.25
18875,2011-04-04,9436,216418,84.7875,84.7875,0,0,23,31.535345423314673,147.0,20.0,154.0,20.0,147.0,83.5,70.0
20515,2011-04-11,9436,216418,88.35,88.35,0,0,22,31.535345423314673,47.0,285.0,164.0,51.0,47.0,166.0,123.25
22149,2011-04-18,9436,216418,88.35,88.35,0,0,18,31.535345423314673,60.0,7.0,138.0,38.0,60.0,33.5,37.25
23787,2011-04-25,9436,216418,86.2125,86.2125,0,0,36,31.535345423314673,52.0,232.0,23.0,52.0,52.0,142.0,133.75
25425,2011-05-02,9436,216418,86.2125,86.2125,0,0,30,31.535345423314673,27.0,179.0,111.0,55.0,27.0,103.0,82.5
27062,2011-05-09,9436,216418,87.6375,87.6375,0,0,33,31.535345423314673,135.0,43.0,83.0,68.0,135.0,89.0,73.5
28701,2011-05-16,9436,216418,87.6375,87.6375,0,0,31,31.535345423314673,23.0,26.0,91.0,53.0,23.0,24.5,66.5
30333,2011-05-23,9436,216418,86.925,86.925,0,0,36,31.535345423314673,55.0,90.0,83.0,59.0,55.0,72.5,87.75
31968,2011-05-30,9436,216418,86.2125,86.2125,0,0,15,31.535345423314673,26.0,61.0,8.0,28.0,26.0,43.5,63.25
33602,2011-06-06,9436,216418,87.6375,87.6375,0,0,20,31.535345423314673,168.0,54.0,72.0,57.0,168.0,111.0,83.75
35239,2011-06-13,9436,216418,86.925,86.925,0,0,23,31.535345423314673,20.0,23.0,119.0,64.0,20.0,21.5,63.5
36873,2011-06-20,9436,216418,86.2125,86.2125,0,0,45,31.535345423314673,49.0,214.0,91.0,54.0,49.0,131.5,87.0
38512,2011-06-27,9436,216418,86.2125,86.2125,0,0,18,31.535345423314673,63.0,5.0,131.0,39.0,63.0,34.0,44.0
40151,2011-07-04,9436,216418,88.35,88.35,0,0,24,31.535345423314673,43.0,170.0,111.0,53.0,43.0,106.5,72.5
41790,2011-07-11,9436,216418,84.7875,84.7875,0,0,31,31.535345423314673,11.0,31.0,120.0,40.0,11.0,21.0,47.75
43427,2011-07-18,9436,216418,84.7875,84.7875,0,0,21,31.535345423314673,33.0,236.0,111.0,44.0,33.0,134.5,79.75
45060,2011-07-25,9436,216418,87.6375,87.6375,0,0,22,31.535345423314673,72.0,9.0,138.0,26.0,72.0,40.5,40.25
46694,2011-08-01,9436,216418,86.2125,86.2125,0,0,22,31.535345423314673,54.0,140.0,17.0,46.0,54.0,97.0,106.5
48326,2011-08-08,9436,216418,87.6375,87.6375,0,0,7,31.535345423314673,61.0,26.0,128.0,56.0,61.0,43.5,39.75
49963,2011-08-15,9436,216418,87.6375,87.6375,0,0,26,31.535345423314673,36.0,210.0,130.0,66.0,36.0,123.0,83.25
51591,2011-08-22,9436,216418,87.6375,87.6375,0,0,33,31.535345423314673,61.0,179.0,41.0,67.0,61.0,120.0,126.25
53217,2011-08-29,9436,216418,87.6375,87.6375,0,0,21,31.535345423314673,39.0,12.0,69.0,29.0,39.0,25.5,62.75
54844,2011-09-05,9436,216418,84.7875,84.7875,0,0,26,31.535345423314673,21.0,41.0,94.0,43.0,21.0,31.0,67.75
56467,2011-09-12,9436,216418,89.0625,89.0625,0,0,24,31.535345423314673,28.0,107.0,70.0,49.0,28.0,67.5,87.0
62964,2011-10-10,9436,216418,85.5,85.5,0,0,29,31.535345423314673,78.0,271.0,47.0,58.0,78.0,174.5,165.0
67866,2011-10-31,9436,216418,87.6375,87.6375,0,0,23,31.535345423314673,34.0,35.0,69.0,79.0,34.0,34.5,73.0
69505,2011-11-07,9436,216418,88.35,88.35,0,0,35,31.535345423314673,39.0,187.0,153.0,81.0,39.0,113.0,77.25
71142,2011-11-14,9436,216418,86.2125,86.2125,0,0,29,31.535345423314673,111.0,41.0,133.0,47.0,111.0,76.0,56.5
72780,2011-11-21,9436,216418,70.5375,86.2125,0,0,47,31.535345423314673,75.0,220.0,65.0,70.0,75.0,147.5,135.25
74413,2011-11-28,9436,216418,67.6875,86.2125,0,0,50,31.535345423314673,158.0,95.0,105.0,83.0,158.0,126.5,98.25
76050,2011-12-05,9436,216418,69.825,86.2125,0,0,43,31.535345423314673,22.0,232.0,168.0,109.0,22.0,127.0,90.5
82611,2012-01-02,9436,216418,69.825,86.2125,0,0,39,31.535345423314673,87.0,100.0,82.0,100.0,87.0,93.5,125.25
89172,2012-01-30,9436,216418,81.225,81.225,0,0,31,31.535345423314673,197.0,234.0,26.0,135.0,197.0,215.5,190.25
1468,2011-01-17,9879,216418,87.6375,86.925,0,1,61,37.76981050979769,27.0,82.0,99.0,24.0,27.0,54.5,91.0
4741,2011-01-31,9879,216418,70.5375,86.925,0,1,66,37.76981050979769,26.0,139.0,80.0,170.0,26.0,82.5,97.0
6380,2011-02-07,9879,216418,87.6375,86.925,0,1,44,37.76981050979769,128.0,87.0,120.0,82.0,128.0,107.5,120.5
8018,2011-02-14,9879,216418,87.6375,86.925,0,1,32,37.76981050979769,24.0,63.0,112.0,51.0,24.0,43.5,82.5
9656,2011-02-21,9879,216418,88.35,86.925,0,1,33,37.76981050979769,35.0,70.0,84.0,171.0,35.0,52.5,92.25
11268,2011-02-28,9879,216418,70.5375,86.925,0,1,26,37.76981050979769,33.0,84.0,151.0,209.0,33.0,58.5,62.0
24343,2011-04-25,9879,216418,79.0875,86.925,0,1,23,37.76981050979769,161.0,86.0,93.0,36.0,161.0,123.5,126.75
25979,2011-05-02,9879,216418,69.1125,86.925,0,1,44,37.76981050979769,159.0,64.0,118.0,37.0,159.0,111.5,117.25
27618,2011-05-09,9879,216418,84.7875,86.925,0,1,38,37.76981050979769,37.0,60.0,85.0,53.0,37.0,48.5,82.75
29258,2011-05-16,9879,216418,84.7875,86.925,0,1,23,37.76981050979769,26.0,47.0,103.0,183.0,26.0,36.5,83.5
60269,2011-09-26,9879,216418,87.6375,86.925,0,1,33,37.76981050979769,48.0,61.0,48.0,211.0,48.0,54.5,87.75
61895,2011-10-03,9879,216418,80.5125,86.925,0,1,44,37.76981050979769,50.0,51.0,22.0,199.0,50.0,50.5,85.5
63513,2011-10-10,9879,216418,86.925,86.925,0,1,49,37.76981050979769,145.0,58.0,54.0,29.0,145.0,101.5,123.25
65146,2011-10-17,9879,216418,85.5,86.925,0,1,42,37.76981050979769,160.0,55.0,36.0,42.0,160.0,107.5,108.75
66783,2011-10-24,9879,216418,86.925,86.925,0,1,50,37.76981050979769,41.0,39.0,43.0,203.0,41.0,40.0,65.5
68422,2011-10-31,9879,216418,86.925,86.925,0,1,34,37.76981050979769,35.0,50.0,50.0,192.0,35.0,42.5,81.75
70059,2011-11-07,9879,216418,84.075,86.925,0,1,42,37.76981050979769,181.0,58.0,39.0,66.0,181.0,119.5,108.0
71696,2011-11-14,9879,216418,87.6375,86.925,0,1,41,37.76981050979769,36.0,38.0,45.0,194.0,36.0,37.0,78.0
73332,2011-11-21,9879,216418,83.3625,86.925,0,1,50,37.76981050979769,201.0,54.0,44.0,47.0,201.0,127.5,115.75
74967,2011-11-28,9879,216418,69.1125,86.925,0,1,95,37.76981050979769,50.0,90.0,33.0,210.0,50.0,70.0,92.0
76606,2011-12-05,9879,216418,69.1125,86.925,0,1,94,37.76981050979769,199.0,72.0,33.0,92.0,199.0,135.5,122.0
81528,2011-12-26,9879,216418,69.825,86.925,0,1,153,37.76981050979769,60.0,143.0,57.0,310.0,60.0,101.5,156.25
86449,2012-01-16,9879,216418,69.1125,86.925,0,1,71,37.76981050979769,48.0,358.0,270.0,408.0,48.0,203.0,191.0
88088,2012-01-23,9879,216418,70.5375,86.925,0,1,60,37.76981050979769,29.0,91.0,78.0,342.0,29.0,60.0,140.0
89729,2012-01-30,9879,216418,82.65,86.925,0,1,50,37.76981050979769,212.0,61.0,69.0,31.0,212.0,136.5,169.5
1426,2011-01-17,9872,216418,84.075,84.075,0,0,113,54.55350796070519,61.0,27.0,113.0,65.0,61.0,44.0,78.0
6338,2011-02-07,9872,216418,84.075,84.075,0,0,89,54.55350796070519,44.0,128.0,97.0,71.0,44.0,86.0,107.25
7976,2011-02-14,9872,216418,84.075,84.075,0,0,77,54.55350796070519,32.0,24.0,74.0,75.0,32.0,28.0,72.0
9614,2011-02-21,9872,216418,84.075,84.075,0,0,65,54.55350796070519,107.0,60.0,99.0,209.0,107.0,83.5,61.5
11226,2011-02-28,9872,216418,84.075,84.075,0,0,84,54.55350796070519,83.0,48.0,29.0,34.0,83.0,65.5,79.5
17756,2011-03-28,9872,216418,84.075,84.075,0,0,75,54.55350796070519,176.0,73.0,137.0,80.0,176.0,124.5,95.0
19390,2011-04-04,9872,216418,84.075,84.075,0,0,147,54.55350796070519,20.0,37.0,134.0,24.0,20.0,28.5,71.75
22661,2011-04-18,9872,216418,84.075,84.075,0,0,60,54.55350796070519,7.0,21.0,94.0,25.0,7.0,14.0,56.75
24301,2011-04-25,9872,216418,84.075,84.075,0,0,77,54.55350796070519,23.0,161.0,84.0,51.0,23.0,92.0,111.5
25938,2011-05-02,9872,216418,84.075,84.075,0,0,87,54.55350796070519,44.0,159.0,84.0,49.0,44.0,101.5,107.25
27576,2011-05-09,9872,216418,83.3625,83.3625,0,0,89,54.55350796070519,38.0,37.0,70.0,16.0,38.0,37.5,74.75
29216,2011-05-16,9872,216418,83.3625,83.3625,0,0,67,54.55350796070519,142.0,44.0,65.0,166.0,142.0,93.0,73.5
30844,2011-05-23,9872,216418,70.5375,83.3625,0,0,90,54.55350796070519,142.0,64.0,92.0,79.0,142.0,103.0,96.0
32481,2011-05-30,9872,216418,70.5375,83.3625,0,0,93,54.55350796070519,15.0,78.0,111.0,29.0,15.0,46.5,75.0
34117,2011-06-06,9872,216418,69.825,83.3625,0,0,70,54.55350796070519,3.0,33.0,89.0,73.0,3.0,18.0,67.0
35753,2011-06-13,9872,216418,69.825,83.3625,0,0,81,54.55350796070519,132.0,67.0,68.0,209.0,132.0,99.5,82.0
37387,2011-06-20,9872,216418,69.825,83.3625,0,0,86,54.55350796070519,19.0,126.0,92.0,15.0,19.0,72.5,77.5
39026,2011-06-27,9872,216418,69.825,83.3625,0,0,63,54.55350796070519,5.0,52.0,133.0,32.0,5.0,28.5,61.0
40664,2011-07-04,9872,216418,69.1125,69.1125,0,0,71,54.55350796070519,6.0,131.0,158.0,45.0,6.0,68.5,74.25
42304,2011-07-11,9872,216418,69.825,69.825,0,0,79,54.55350796070519,115.0,44.0,81.0,117.0,115.0,79.5,68.5
43940,2011-07-18,9872,216418,69.825,69.825,0,0,67,54.55350796070519,7.0,170.0,76.0,25.0,7.0,88.5,86.5
47207,2011-08-01,9872,216418,69.825,69.825,0,0,92,54.55350796070519,22.0,152.0,55.0,69.0,22.0,87.0,94.0
48838,2011-08-08,9872,216418,69.1125,69.1125,0,0,61,54.55350796070519,26.0,35.0,86.0,46.0,26.0,30.5,56.5
50472,2011-08-15,9872,216418,69.825,69.825,0,0,96,54.55350796070519,11.0,156.0,99.0,35.0,11.0,83.5,85.25
52103,2011-08-22,9872,216418,70.5375,70.5375,0,0,81,54.55350796070519,22.0,172.0,68.0,76.0,22.0,97.0,90.25
53725,2011-08-29,9872,216418,70.5375,70.5375,0,0,104,54.55350796070519,26.0,42.0,73.0,51.0,26.0,34.0,66.25
55352,2011-09-05,9872,216418,70.5375,70.5375,0,0,97,54.55350796070519,159.0,56.0,88.0,150.0,159.0,107.5,73.75
56974,2011-09-12,9872,216418,70.5375,70.5375,0,0,107,54.55350796070519,140.0,73.0,109.0,67.0,140.0,106.5,106.75
60227,2011-09-26,9872,216418,69.825,69.825,0,0,95,54.55350796070519,33.0,48.0,92.0,45.0,33.0,40.5,73.0
61853,2011-10-03,9872,216418,66.2625,66.2625,0,0,116,54.55350796070519,44.0,50.0,90.0,25.0,44.0,47.0,74.0
63471,2011-10-10,9872,216418,69.1125,69.1125,0,0,114,54.55350796070519,49.0,145.0,112.0,84.0,49.0,97.0,107.5
65104,2011-10-17,9872,216418,69.1125,69.1125,0,0,129,54.55350796070519,42.0,160.0,85.0,62.0,42.0,101.0,98.0
66741,2011-10-24,9872,216418,69.1125,69.1125,0,0,124,54.55350796070519,50.0,41.0,67.0,50.0,50.0,45.5,61.25
68380,2011-10-31,9872,216418,69.1125,69.1125,0,0,107,54.55350796070519,154.0,91.0,53.0,185.0,154.0,122.5,82.25
70017,2011-11-07,9872,216418,69.825,69.825,0,0,91,54.55350796070519,42.0,181.0,64.0,11.0,42.0,111.5,102.5
71654,2011-11-14,9872,216418,68.4,68.4,0,0,111,54.55350796070519,41.0,36.0,105.0,49.0,41.0,38.5,62.0
73291,2011-11-21,9872,216418,70.5375,70.5375,0,0,88,54.55350796070519,50.0,201.0,73.0,56.0,50.0,125.5,110.0
74925,2011-11-28,9872,216418,69.825,69.825,0,0,158,54.55350796070519,95.0,50.0,123.0,52.0,95.0,72.5,85.0
76564,2011-12-05,9872,216418,69.825,69.825,0,0,97,54.55350796070519,94.0,199.0,93.0,47.0,94.0,146.5,122.25
81486,2011-12-26,9872,216418,70.5375,70.5375,0,0,146,54.55350796070519,303.0,137.0,142.0,77.0,303.0,220.0,165.75
83125,2012-01-02,9872,216418,70.5375,70.5375,0,0,100,54.55350796070519,195.0,119.0,218.0,169.0,195.0,157.0,123.25
86407,2012-01-16,9872,216418,70.5375,70.5375,0,0,99,54.55350796070519,74.0,58.0,258.0,312.0,74.0,66.0,126.75
88046,2012-01-23,9872,216418,70.5375,70.5375,0,0,121,54.55350796070519,60.0,29.0,125.0,38.0,60.0,44.5,123.75
89687,2012-01-30,9872,216418,84.075,84.075,0,0,108,54.55350796070519,50.0,212.0,122.0,105.0,50.0,131.0,151.5
1400,2011-01-17,9845,216418,98.325,106.1625,0,1,239,118.25494084386892,113.0,61.0,142.0,88.0,113.0,87.0,70.75
3036,2011-01-24,9845,216418,98.325,106.1625,0,1,258,118.25494084386892,145.0,94.0,121.0,101.0,145.0,119.5,109.0
4672,2011-01-31,9845,216418,98.325,106.1625,0,1,251,118.25494084386892,117.0,66.0,138.0,80.0,117.0,91.5,87.0
6311,2011-02-07,9845,216418,97.6125,106.1625,0,1,292,118.25494084386892,19.0,54.0,91.0,119.0,19.0,36.5,77.5
7950,2011-02-14,9845,216418,105.45,106.1625,0,1,316,118.25494084386892,77.0,32.0,169.0,51.0,77.0,54.5,49.0
9588,2011-02-21,9845,216418,104.7375,106.1625,0,1,276,118.25494084386892,23.0,33.0,169.0,35.0,23.0,28.0,40.25
11200,2011-02-28,9845,216418,106.1625,106.1625,0,1,271,118.25494084386892,141.0,16.0,91.0,29.0,141.0,78.5,90.25
12815,2011-03-07,9845,216418,104.7375,106.1625,0,1,252,118.25494084386892,66.0,77.0,161.0,88.0,66.0,71.5,88.0
14450,2011-03-14,9845,216418,104.7375,106.1625,0,1,296,118.25494084386892,98.0,34.0,192.0,42.0,98.0,66.0,55.25
16092,2011-03-21,9845,216418,106.1625,106.1625,0,1,268,118.25494084386892,10.0,4.0,162.0,19.0,10.0,7.0,24.25
17729,2011-03-28,9845,216418,105.45,106.1625,0,1,367,118.25494084386892,21.0,68.0,119.0,26.0,21.0,44.5,67.75
19363,2011-04-04,9845,216418,105.45,106.1625,0,1,353,118.25494084386892,154.0,62.0,151.0,103.0,154.0,108.0,108.0
21001,2011-04-11,9845,216418,104.7375,106.1625,0,1,285,118.25494084386892,79.0,82.0,122.0,214.0,79.0,80.5,108.75
30818,2011-05-23,9845,216418,105.45,105.45,0,1,271,118.25494084386892,34.0,65.0,96.0,48.0,34.0,49.5,68.0
32454,2011-05-30,9845,216418,105.45,105.45,0,1,283,118.25494084386892,30.0,21.0,29.0,37.0,30.0,25.5,49.0
34090,2011-06-06,9845,216418,106.1625,105.45,0,1,225,118.25494084386892,70.0,3.0,190.0,47.0,70.0,36.5,37.0
37360,2011-06-20,9845,216418,118.9875,106.1625,0,1,214,118.25494084386892,81.0,4.0,110.0,76.0,81.0,42.5,60.5
38999,2011-06-27,9845,216418,119.7,106.1625,0,1,173,118.25494084386892,113.0,47.0,106.0,47.0,113.0,80.0,70.5
40637,2011-07-04,9845,216418,119.7,106.1625,0,1,170,118.25494084386892,65.0,12.0,78.0,121.0,65.0,38.5,67.75
42277,2011-07-11,9845,216418,116.1375,106.1625,0,1,221,118.25494084386892,31.0,11.0,108.0,33.0,31.0,21.0,28.5
45546,2011-07-25,9845,216418,88.35,106.1625,0,1,288,118.25494084386892,142.0,46.0,88.0,46.0,142.0,94.0,78.5
47180,2011-08-01,9845,216418,89.0625,106.1625,0,1,164,118.25494084386892,66.0,43.0,61.0,30.0,66.0,54.5,75.0
48811,2011-08-08,9845,216418,88.35,106.1625,0,1,173,118.25494084386892,140.0,53.0,124.0,65.0,140.0,96.5,95.0
50445,2011-08-15,9845,216418,106.1625,106.1625,0,1,210,118.25494084386892,58.0,29.0,133.0,149.0,58.0,43.5,93.75
