MLProject/Demand_Forecasting_preprocessing/train_processed.csv
record_ID,week,store_id,sku_id,total_price,base_price,is_featured_sku,is_display_sku,units_sold,store_encoded,lag_1,lag_2,lag_5,lag_19,ma_1,ma_2,ma_4
1380,2011-01-17,9809,216418,98.325,98.325,0,0,89,60.820032055466704,239.0,113.0,82.0,228.0,239.0,176.0,110.0
3016,2011-01-24,9809,216418,98.325,98.325,0,0,71,60.820032055466704,258.0,145.0,138.0,108.0,258.0,201.5,139.0
4653,2011-01-31,9809,216418,98.325,98.325,0,0,65,60.820032055466704,251.0,117.0,139.0,47.0,251.0,184.0,115.0
6291,2011-02-07,9809,216418,97.6125,97.6125,0,0,91,60.820032055466704,15.0,89.0,87.0,147.0,15.0,52.0,69.0
7930,2011-02-14,9809,216418,106.1625,106.1625,0,0,78,60.820032055466704,316.0,77.0,63.0,45.0,316.0,196.5,112.25
9568,2011-02-21,9809,216418,106.1625,106.1625,0,0,89,60.820032055466704,276.0,23.0,70.0,21.0,276.0,149.5,91.75
11180,2011-02-28,9809,216418,106.875,106.875,0,0,83,60.820032055466704,48.0,151.0,26.0,47.0,48.0,99.5,66.0
12796,2011-03-07,9809,216418,106.1625,106.1625,0,0,57,60.820032055466704,155.0,44.0,143.0,47.0,155.0,99.5,99.75
14430,2011-03-14,9809,216418,106.1625,106.1625,0,0,88,60.820032055466704,296.0,98.0,58.0,12.0,296.0,197.0,114.75
16072,2011-03-21,9809,216418,104.7375,104.7375,0,0,69,60.820032055466704,268.0,10.0,47.0,6.0,268.0,139.0,79.5
17709,2011-03-28,9809,216418,106.875,106.875,0,0,54,60.820032055466704,367.0,21.0,150.0,34.0,367.0,194.0,122.0
19343,2011-04-04,9809,216418,102.6,102.6,0,0,49,60.820032055466704,23.0,147.0,76.0,45.0,23.0,85.0,56.75
20981,2011-04-11,9809,216418,106.875,106.875,0,0,57,60.820032055466704,83.0,25.0,129.0,50.0,83.0,54.0,84.25
22614,2011-04-18,9809,216418,106.1625,106.1625,0,0,55,60.820032055466704,18.0,60.0,61.0,18.0,18.0,39.0,26.5
24254,2011-04-25,9809,216418,106.1625,106.1625,0,0,60,60.820032055466704,77.0,23.0,176.0,17.0,77.0,50.0,86.75
25891,2011-05-02,9809,216418,103.3125,103.3125,0,0,65,60.820032055466704,87.0,44.0,162.0,27.0,87.0,65.5,88.5
27530,2011-05-09,9809,216418,106.1625,106.1625,0,0,73,60.820032055466704,194.0,89.0,60.0,55.0,194.0,141.5,89.5
29169,2011-05-16,9809,216418,103.3125,103.3125,0,0,85,60.820032055466704,216.0,31.0,47.0,16.0,216.0,123.5,74.0
30798,2011-05-23,9809,216418,106.1625,106.1625,0,0,61,60.820032055466704,271.0,34.0,151.0,32.0,271.0,152.5,98.0
32435,2011-05-30,9809,216418,106.1625,106.1625,0,0,61,60.820032055466704,93.0,15.0,162.0,8.0,93.0,54.0,57.75
34071,2011-06-06,9809,216418,106.875,106.875,0,0,53,60.820032055466704,225.0,70.0,42.0,15.0,225.0,147.5,82.75
35706,2011-06-13,9809,216418,106.1625,106.1625,0,0,65,60.820032055466704,282.0,23.0,62.0,18.0,282.0,152.5,87.0
37340,2011-06-20,9809,216418,119.7,119.7,0,0,86,60.820032055466704,86.0,19.0,118.0,44.0,86.0,52.5,69.5
38979,2011-06-27,9809,216418,119.7,119.7,0,0,52,60.820032055466704,18.0,63.0,56.0,17.0,18.0,40.5,34.5
40617,2011-07-04,9809,216418,118.275,118.275,0,0,38,60.820032055466704,71.0,6.0,123.0,37.0,71.0,38.5,61.25
42257,2011-07-11,9809,216418,119.7,119.7,0,0,64,60.820032055466704,221.0,31.0,41.0,4.0,221.0,126.0,73.5
43893,2011-07-18,9809,216418,89.0625,119.7,0,0,100,60.820032055466704,67.0,7.0,123.0,25.0,67.0,37.0,72.5
45526,2011-07-25,9809,216418,88.35,119.7,0,0,87,60.820032055466704,22.0,72.0,37.0,13.0,22.0,47.0,36.5
47160,2011-08-01,9809,216418,88.35,119.7,0,0,75,60.820032055466704,92.0,22.0,172.0,24.0,92.0,57.0,74.0
48791,2011-08-08,9809,216418,88.35,119.7,0,0,67,60.820032055466704,7.0,61.0,37.0,23.0,7.0,34.0,32.25
50425,2011-08-15,9809,216418,105.45,119.7,0,0,79,60.820032055466704,96.0,11.0,141.0,35.0,96.0,53.5,74.0
52057,2011-08-22,9809,216418,106.1625,119.7,0,0,66,60.820032055466704,81.0,22.0,119.0,11.0,81.0,51.5,80.75
53679,2011-08-29,9809,216418,105.45,105.45,0,0,76,60.820032055466704,119.0,104.0,39.0,19.0,119.0,111.5,72.75
55305,2011-09-05,9809,216418,106.1625,106.1625,0,0,69,60.820032055466704,131.0,26.0,70.0,21.0,131.0,78.5,54.75
58557,2011-09-19,9809,216418,106.1625,106.1625,0,0,87,60.820032055466704,116.0,52.0,134.0,4.0,116.0,84.0,87.5
60182,2011-09-26,9809,216418,106.1625,106.1625,0,0,100,60.820032055466704,138.0,95.0,61.0,23.0,138.0,116.5,78.5
61806,2011-10-03,9809,216418,105.45,105.45,0,0,83,60.820032055466704,28.0,116.0,51.0,60.0,28.0,72.0,59.5
65057,2011-10-17,9809,216418,104.7375,104.7375,0,0,75,60.820032055466704,129.0,42.0,135.0,35.0,129.0,85.5,96.5
66695,2011-10-24,9809,216418,104.025,104.025,0,0,76,60.820032055466704,209.0,124.0,39.0,25.0,209.0,166.5,106.0
69970,2011-11-07,9809,216418,105.45,105.45,0,0,96,60.820032055466704,91.0,42.0,129.0,57.0,91.0,66.5,93.0
74878,2011-11-28,9809,216418,106.1625,106.1625,0,0,65,60.820032055466704,50.0,158.0,90.0,25.0,50.0,104.0,88.25
76517,2011-12-05,9809,216418,106.1625,106.1625,0,0,67,60.820032055466704,97.0,94.0,124.0,65.0,97.0,95.5,115.5
78159,2011-12-12,9809,216418,89.0625,106.1625,0,0,113,60.820032055466704,71.0,162.0,204.0,72.0,71.0,116.5,134.0
81439,2011-12-26,9809,216418,89.0625,106.1625,0,0,153,60.820032055466704,271.0,98.0,143.0,59.0,271.0,184.5,145.5
83078,2012-01-02,9809,216418,88.35,106.1625,0,0,114,60.820032055466704,224.0,56.0,236.0,45.0,224.0,140.0,110.75
1362,2011-01-17,9837,216418,97.6125,97.6125,0,0,48,51.36374895222666,89.0,239.0,27.0,303.0,89.0,164.0,125.5
7911,2011-02-14,9837,216418,104.7375,104.7375,0,0,38,51.36374895222666,78.0,316.0,24.0,86.0,78.0,197.0,125.75
20962,2011-04-11,9837,216418,106.1625,106.1625,0,0,99,51.36374895222666,57.0,83.0,74.0,34.0,57.0,70.0,80.0
24235,2011-04-25,9837,216418,89.0625,106.1625,0,0,57,51.36374895222666,60.0,77.0,86.0,76.0,60.0,68.5,80.25
25872,2011-05-02,9837,216418,89.0625,106.1625,0,0,46,51.36374895222666,65.0,87.0,64.0,20.0,65.0,76.0,88.75
27511,2011-05-09,9837,216418,89.0625,106.1625,0,0,45,51.36374895222666,73.0,194.0,37.0,87.0,73.0,133.5,98.5
29150,2011-05-16,9837,216418,89.0625,106.1625,0,0,36,51.36374895222666,85.0,216.0,26.0,92.0,85.0,150.5,88.75
30779,2011-05-23,9837,216418,88.35,106.1625,0,0,38,51.36374895222666,61.0,271.0,22.0,84.0,61.0,166.0,107.75
32416,2011-05-30,9837,216418,88.35,106.1625,0,0,29,51.36374895222666,61.0,93.0,45.0,64.0,61.0,77.0,61.75
34052,2011-06-06,9837,216418,88.35,88.35,0,0,46,51.36374895222666,53.0,225.0,33.0,111.0,53.0,139.0,87.75
35687,2011-06-13,9837,216418,89.0625,89.0625,0,0,49,51.36374895222666,65.0,282.0,23.0,122.0,65.0,173.5,97.5
37321,2011-06-20,9837,216418,89.0625,89.0625,0,0,38,51.36374895222666,86.0,86.0,47.0,37.0,86.0,86.0,79.25
38961,2011-06-27,9837,216418,89.0625,89.0625,0,0,38,51.36374895222666,52.0,18.0,52.0,56.0,52.0,35.0,34.5
40598,2011-07-04,9837,216418,88.35,88.35,0,0,44,51.36374895222666,38.0,71.0,37.0,9.0,38.0,54.5,61.5
42238,2011-07-11,9837,216418,88.35,88.35,0,0,52,51.36374895222666,64.0,221.0,31.0,118.0,64.0,142.5,81.75
43874,2011-07-18,9837,216418,88.35,88.35,0,0,68,51.36374895222666,100.0,67.0,46.0,32.0,100.0,83.5,86.0
48772,2011-08-08,9837,216418,88.35,88.35,0,0,61,51.36374895222666,67.0,7.0,35.0,30.0,67.0,37.0,40.25
55286,2011-09-05,9837,216418,106.1625,106.1625,0,0,42,51.36374895222666,69.0,131.0,41.0,94.0,69.0,100.0,61.75
56908,2011-09-12,9837,216418,106.875,106.875,0,0,50,51.36374895222666,74.0,163.0,43.0,45.0,74.0,118.5,79.25
58538,2011-09-19,9837,216418,106.875,106.875,0,0,45,51.36374895222666,87.0,116.0,83.0,69.0,87.0,101.5,88.5
60163,2011-09-26,9837,216418,106.875,106.875,0,0,47,51.36374895222666,100.0,138.0,48.0,124.0,100.0,119.0,91.5
61787,2011-10-03,9837,216418,105.45,105.45,0,0,47,51.36374895222666,83.0,28.0,50.0,56.0,83.0,55.5,67.75
63407,2011-10-10,9837,216418,103.3125,103.3125,0,0,49,51.36374895222666,82.0,114.0,58.0,67.0,82.0,98.0,97.5
65038,2011-10-17,9837,216418,104.025,104.025,0,0,54,51.36374895222666,75.0,129.0,55.0,64.0,75.0,102.0,101.5
68314,2011-10-31,9837,216418,106.1625,106.1625,0,0,52,51.36374895222666,92.0,180.0,35.0,120.0,92.0,136.0,82.25
69951,2011-11-07,9837,216418,106.875,106.875,0,0,54,51.36374895222666,96.0,91.0,58.0,42.0,96.0,93.5,102.5
71589,2011-11-14,9837,216418,106.1625,106.1625,0,0,72,51.36374895222666,122.0,29.0,36.0,61.0,122.0,75.5,75.75
73226,2011-11-21,9837,216418,106.1625,106.1625,0,0,61,51.36374895222666,94.0,88.0,54.0,63.0,94.0,91.0,108.25
74859,2011-11-28,9837,216418,104.025,104.025,0,0,75,51.36374895222666,65.0,50.0,50.0,87.0,65.0,57.5,92.0
76498,2011-12-05,9837,216418,106.875,106.875,0,0,46,51.36374895222666,67.0,97.0,72.0,24.0,67.0,82.0,114.25
78140,2011-12-12,9837,216418,89.0625,106.875,0,0,88,51.36374895222666,113.0,71.0,126.0,124.0,113.0,92.0,130.75
79780,2011-12-19,9837,216418,89.0625,106.875,0,0,74,51.36374895222666,146.0,205.0,168.0,68.0,146.0,175.5,167.25
81420,2011-12-26,9837,216418,88.35,106.875,0,0,101,51.36374895222666,153.0,271.0,60.0,213.0,153.0,212.0,168.75
83059,2012-01-02,9837,216418,89.0625,106.875,0,0,88,51.36374895222666,114.0,224.0,37.0,100.0,114.0,169.0,130.0
1334,2011-01-17,9823,216418,98.325,98.325,0,0,181,78.20049288057312,48.0,89.0,61.0,33.0,48.0,68.5,122.25
2969,2011-01-24,9823,216418,98.325,98.325,0,0,174,78.20049288057312,64.0,71.0,94.0,122.0,64.0,67.5,134.5
4606,2011-01-31,9823,216418,98.325,98.325,0,0,212,78.20049288057312,36.0,65.0,66.0,104.0,36.0,50.5,117.25
6244,2011-02-07,9823,216418,98.325,98.325,0,0,193,78.20049288057312,44.0,91.0,44.0,110.0,44.0,67.5,59.75
7883,2011-02-14,9823,216418,105.45,105.45,0,0,160,78.20049288057312,38.0,78.0,32.0,105.0,38.0,58.0,127.25
9521,2011-02-21,9823,216418,106.1625,106.1625,0,0,137,78.20049288057312,37.0,89.0,33.0,99.0,37.0,63.0,106.25
11133,2011-02-28,9823,216418,106.1625,106.1625,0,0,151,78.20049288057312,36.0,29.0,48.0,19.0,36.0,32.5,39.5
12749,2011-03-07,9823,216418,104.7375,104.7375,0,0,154,78.20049288057312,44.0,57.0,107.0,108.0,44.0,50.5,75.0
14384,2011-03-14,9823,216418,104.7375,104.7375,0,0,148,78.20049288057312,73.0,88.0,34.0,111.0,73.0,80.5,138.75
25844,2011-05-02,9823,216418,106.1625,106.1625,0,0,146,78.20049288057312,46.0,65.0,159.0,56.0,46.0,55.5,60.5
27483,2011-05-09,9823,216418,106.875,106.875,0,0,155,78.20049288057312,45.0,73.0,38.0,83.0,45.0,59.0,100.25
32388,2011-05-30,9823,216418,106.1625,106.1625,0,0,128,78.20049288057312,29.0,61.0,78.0,102.0,29.0,45.0,49.5
34024,2011-06-06,9823,216418,105.45,105.45,0,0,190,78.20049288057312,46.0,53.0,3.0,72.0,46.0,49.5,98.5
35659,2011-06-13,9823,216418,105.45,105.45,0,0,159,78.20049288057312,49.0,65.0,20.0,68.0,49.0,57.0,104.75
38933,2011-06-27,9823,216418,119.7,119.7,0,0,120,78.20049288057312,38.0,52.0,5.0,106.0,38.0,45.0,42.75
42210,2011-07-11,9823,216418,120.4125,120.4125,0,0,124,78.20049288057312,52.0,64.0,11.0,81.0,52.0,58.0,92.0
43846,2011-07-18,9823,216418,88.35,120.4125,0,0,142,78.20049288057312,68.0,100.0,170.0,51.0,68.0,84.0,60.5
45480,2011-07-25,9823,216418,88.35,120.4125,0,0,128,78.20049288057312,50.0,87.0,9.0,88.0,50.0,68.5,57.75
47113,2011-08-01,9823,216418,87.6375,120.4125,0,0,181,78.20049288057312,53.0,75.0,152.0,143.0,53.0,64.0,60.5
48744,2011-08-08,9823,216418,88.35,120.4125,0,0,126,78.20049288057312,61.0,67.0,26.0,124.0,61.0,64.0,49.0
50378,2011-08-15,9823,216418,104.7375,120.4125,0,0,180,78.20049288057312,71.0,79.0,156.0,31.0,71.0,75.0,64.25
52010,2011-08-22,9823,216418,106.1625,120.4125,0,0,170,78.20049288057312,59.0,66.0,172.0,117.0,59.0,62.5,57.0
55258,2011-09-05,9823,216418,96.9,96.9,0,0,187,78.20049288057312,42.0,69.0,21.0,88.0,42.0,55.5,67.0
56881,2011-09-12,9823,216418,105.45,105.45,0,0,210,78.20049288057312,50.0,74.0,47.0,109.0,50.0,62.0,80.0
60135,2011-09-26,9823,216418,106.1625,106.1625,0,0,185,78.20049288057312,47.0,100.0,33.0,66.0,47.0,73.5,95.0
61759,2011-10-03,9823,216418,104.7375,104.7375,0,0,180,78.20049288057312,47.0,83.0,44.0,107.0,47.0,65.0,68.5
63379,2011-10-10,9823,216418,104.7375,104.7375,0,0,189,78.20049288057312,49.0,82.0,145.0,128.0,49.0,65.5,73.5
65010,2011-10-17,9823,216418,105.45,105.45,0,0,149,78.20049288057312,54.0,75.0,160.0,127.0,54.0,64.5,75.0
66648,2011-10-24,9823,216418,104.7375,104.7375,0,0,151,78.20049288057312,57.0,76.0,50.0,61.0,57.0,66.5,116.5
68286,2011-10-31,9823,216418,105.45,105.45,0,0,183,78.20049288057312,52.0,92.0,34.0,53.0,52.0,72.0,86.75
69923,2011-11-07,9823,216418,104.7375,104.7375,0,0,152,78.20049288057312,54.0,96.0,181.0,57.0,54.0,75.0,70.75
71561,2011-11-14,9823,216418,106.1625,106.1625,0,0,131,78.20049288057312,72.0,122.0,41.0,127.0,72.0,97.0,83.5
73198,2011-11-21,9823,216418,104.7375,104.7375,0,0,172,78.20049288057312,61.0,94.0,201.0,156.0,61.0,77.5,73.25
74831,2011-11-28,9823,216418,106.1625,106.1625,0,0,176,78.20049288057312,75.0,65.0,95.0,168.0,75.0,70.0,87.0
76470,2011-12-05,9823,216418,106.1625,106.1625,0,0,151,78.20049288057312,46.0,67.0,199.0,68.0,46.0,56.5,76.0
78112,2011-12-12,9823,216418,87.6375,106.1625,0,0,188,78.20049288057312,88.0,113.0,177.0,234.0,88.0,100.5,108.5
79752,2011-12-19,9823,216418,87.6375,106.1625,0,0,219,78.20049288057312,74.0,146.0,224.0,196.0,74.0,110.0,129.75
81392,2011-12-26,9823,216418,88.35,106.1625,0,0,188,78.20049288057312,101.0,153.0,153.0,142.0,101.0,127.0,155.75
83031,2012-01-02,9823,216418,87.6375,106.1625,0,0,120,78.20049288057312,88.0,114.0,126.0,218.0,88.0,101.0,120.5
87952,2012-01-23,9823,216418,89.0625,106.1625,0,0,188,78.20049288057312,142.0,171.0,60.0,255.0,142.0,156.5,130.0
1314,2011-01-17,9813,216418,87.6375,87.6375,0,0,22,36.55610884447787,181.0,48.0,113.0,34.0,181.0,114.5,139.25
4585,2011-01-31,9813,216418,69.825,87.6375,0,0,30,36.55610884447787,212.0,36.0,117.0,111.0,212.0,124.0,141.0
6223,2011-02-07,9813,216418,84.7875,84.7875,0,0,24,36.55610884447787,44.0,119.0,110.0,204.0,44.0,81.5,85.75
7862,2011-02-14,9813,216418,86.925,86.925,0,0,18,36.55610884447787,160.0,38.0,77.0,39.0,160.0,99.0,148.0
9500,2011-02-21,9813,216418,84.7875,84.7875,0,0,35,36.55610884447787,137.0,37.0,23.0,27.0,137.0,87.0,134.75
11113,2011-02-28,9813,216418,84.075,84.075,0,0,26,36.55610884447787,67.0,48.0,102.0,170.0,67.0,57.5,60.5
14363,2011-03-14,9813,216418,86.2125,86.2125,0,0,27,36.55610884447787,148.0,73.0,98.0,91.0,148.0,110.5,151.25
16004,2011-03-21,9813,216418,85.5,85.5,0,0,32,36.55610884447787,167.0,65.0,10.0,39.0,167.0,116.0,142.25
17641,2011-03-28,9813,216418,86.925,86.925,0,0,29,36.55610884447787,225.0,59.0,21.0,76.0,225.0,142.0,176.25
19275,2011-04-04,9813,216418,82.65,82.65,0,0,28,36.55610884447787,228.0,76.0,147.0,129.0,228.0,152.0,94.0
20913,2011-04-11,9813,216418,79.8,79.8,0,0,18,36.55610884447787,200.0,99.0,25.0,122.0,200.0,149.5,109.75
22546,2011-04-18,9813,216418,84.7875,84.7875,0,0,24,36.55610884447787,122.0,57.0,60.0,61.0,122.0,89.5,63.0
24186,2011-04-25,9813,216418,85.5,85.5,0,0,22,36.55610884447787,178.0,57.0,23.0,117.0,178.0,117.5,93.0
25823,2011-05-02,9813,216418,86.2125,86.2125,0,0,27,36.55610884447787,146.0,46.0,44.0,84.0,146.0,96.0,86.0
27462,2011-05-09,9813,216418,85.5,85.5,0,0,26,36.55610884447787,155.0,45.0,89.0,39.0,155.0,100.0,116.75
29102,2011-05-16,9813,216418,85.5,85.5,0,0,25,36.55610884447787,135.0,36.0,31.0,38.0,135.0,85.5,118.0
30730,2011-05-23,9813,216418,86.925,86.925,0,0,31,36.55610884447787,143.0,38.0,34.0,95.0,143.0,90.5,128.25
32367,2011-05-30,9813,216418,85.5,85.5,0,0,17,36.55610884447787,128.0,29.0,15.0,61.0,128.0,78.5,77.75
34003,2011-06-06,9813,216418,84.7875,84.7875,0,0,25,36.55610884447787,190.0,46.0,70.0,37.0,190.0,118.0,128.5
35638,2011-06-13,9813,216418,84.7875,84.7875,0,0,13,36.55610884447787,159.0,49.0,23.0,53.0,159.0,104.0,138.75
37272,2011-06-20,9813,216418,83.3625,83.3625,0,0,24,36.55610884447787,118.0,38.0,19.0,110.0,118.0,78.0,82.0
38912,2011-06-27,9813,216418,86.925,86.925,0,0,22,36.55610884447787,120.0,38.0,63.0,66.0,120.0,79.0,57.0
40549,2011-07-04,9813,216418,86.2125,86.2125,0,0,19,36.55610884447787,111.0,44.0,6.0,78.0,111.0,77.5,66.0
42189,2011-07-11,9813,216418,84.075,84.075,0,0,17,36.55610884447787,124.0,52.0,31.0,40.0,124.0,88.0,115.25
43825,2011-07-18,9813,216418,87.6375,87.6375,0,0,17,36.55610884447787,142.0,68.0,7.0,142.0,142.0,105.0,94.25
45459,2011-07-25,9813,216418,84.075,84.075,0,0,22,36.55610884447787,128.0,50.0,72.0,63.0,128.0,89.0,71.75
47092,2011-08-01,9813,216418,86.925,86.925,0,0,12,36.55610884447787,181.0,53.0,22.0,61.0,181.0,117.0,100.25
48724,2011-08-08,9813,216418,84.7875,84.7875,0,0,21,36.55610884447787,126.0,61.0,61.0,114.0,126.0,93.5,65.25
50357,2011-08-15,9813,216418,84.7875,84.7875,0,0,14,36.55610884447787,180.0,71.0,11.0,133.0,180.0,125.5,106.5
51989,2011-08-22,9813,216418,84.075,84.075,0,0,26,36.55610884447787,170.0,59.0,22.0,169.0,170.0,114.5,94.0
53611,2011-08-29,9813,216418,85.5,85.5,0,0,21,36.55610884447787,178.0,59.0,104.0,101.0,178.0,118.5,108.0
55237,2011-09-05,9813,216418,85.5,85.5,0,0,16,36.55610884447787,187.0,42.0,26.0,40.0,187.0,114.5,107.25
56860,2011-09-12,9813,216418,84.075,84.075,0,0,24,36.55610884447787,210.0,50.0,33.0,144.0,210.0,130.0,124.25
60114,2011-09-26,9813,216418,84.075,84.075,0,0,30,36.55610884447787,185.0,47.0,95.0,52.0,185.0,116.0,117.5
61738,2011-10-03,9813,216418,86.2125,86.2125,0,0,22,36.55610884447787,180.0,47.0,116.0,51.0,180.0,113.5,84.5
63358,2011-10-10,9813,216418,85.5,85.5,0,0,22,36.55610884447787,189.0,49.0,49.0,36.0,189.0,119.0,108.5
64990,2011-10-17,9813,216418,86.925,86.925,0,0,22,36.55610884447787,149.0,54.0,42.0,70.0,149.0,101.5,101.75
66627,2011-10-24,9813,216418,86.925,86.925,0,0,12,36.55610884447787,151.0,57.0,124.0,56.0,151.0,104.0,123.25
68265,2011-10-31,9813,216418,86.2125,86.2125,0,0,26,36.55610884447787,183.0,52.0,23.0,43.0,183.0,117.5,126.75
69903,2011-11-07,9813,216418,85.5,85.5,0,0,26,36.55610884447787,152.0,54.0,42.0,104.0,152.0,103.0,98.25
71540,2011-11-14,9813,216418,86.2125,86.2125,0,0,14,36.55610884447787,131.0,72.0,111.0,68.0,131.0,101.5,88.5
73177,2011-11-21,9813,216418,72.675,86.2125,0,0,28,36.55610884447787,172.0,61.0,50.0,118.0,172.0,116.5,103.75
74811,2011-11-28,9813,216418,68.4,86.2125,0,0,32,36.55610884447787,176.0,75.0,158.0,163.0,176.0,125.5,91.5
76449,2011-12-05,9813,216418,70.5375,86.2125,0,0,38,36.55610884447787,151.0,46.0,94.0,166.0,151.0,98.5,90.25
81371,2011-12-26,9813,216418,69.1125,86.2125,0,0,70,36.55610884447787,188.0,101.0,98.0,76.0,188.0,144.5,178.25
