MLProject/Demand_Forecasting_preprocessing/train_processed.csv
record_ID,week,store_id,sku_id,total_price,base_price,is_featured_sku,is_display_sku,units_sold,store_encoded,lag_1,lag_2,lag_5,lag_19,ma_1,ma_2,ma_4
1449,2011-01-17,9876,216418,82.65,82.65,0,0,11,40.36172336238569,22.0,181.0,239.0,9.0,22.0,101.5,85.0
4722,2011-01-31,9876,216418,69.1125,82.65,0,0,28,40.36172336238569,30.0,212.0,251.0,73.0,30.0,121.0,85.75
6361,2011-02-07,9876,216418,81.9375,81.9375,0,0,19,40.36172336238569,54.0,193.0,15.0,79.0,54.0,123.5,95.5
7999,2011-02-14,9876,216418,84.075,84.075,0,0,23,40.36172336238569,18.0,160.0,316.0,70.0,18.0,89.0,73.5
9637,2011-02-21,9876,216418,83.3625,83.3625,0,0,22,40.36172336238569,35.0,137.0,276.0,52.0,35.0,86.0,74.5
11249,2011-02-28,9876,216418,83.3625,83.3625,0,0,33,40.36172336238569,84.0,83.0,36.0,239.0,84.0,83.5,91.5
14500,2011-03-14,9876,216418,81.9375,81.9375,0,0,20,40.36172336238569,27.0,148.0,296.0,97.0,27.0,87.5,84.0
16141,2011-03-21,9876,216418,80.5125,80.5125,0,0,18,40.36172336238569,32.0,167.0,268.0,73.0,32.0,99.5,83.25
17778,2011-03-28,9876,216418,80.5125,80.5125,0,0,21,40.36172336238569,68.0,32.0,92.0,11.0,68.0,50.0,92.25
19413,2011-04-04,9876,216418,82.65,82.65,0,0,24,40.36172336238569,28.0,228.0,23.0,87.0,28.0,128.0,95.25
21051,2011-04-11,9876,216418,81.9375,81.9375,0,0,19,40.36172336238569,29.0,18.0,57.0,164.0,29.0,23.5,86.5
22684,2011-04-18,9876,216418,83.3625,83.3625,0,0,32,40.36172336238569,24.0,122.0,18.0,75.0,24.0,73.0,64.5
24324,2011-04-25,9876,216418,81.225,81.225,0,0,31,40.36172336238569,55.0,22.0,60.0,140.0,55.0,38.5,78.0
25961,2011-05-02,9876,216418,83.3625,83.3625,0,0,37,40.36172336238569,52.0,27.0,65.0,111.0,52.0,39.5,67.75
27599,2011-05-09,9876,216418,83.3625,83.3625,0,0,29,40.36172336238569,26.0,155.0,194.0,77.0,26.0,90.5,74.75
29239,2011-05-16,9876,216418,83.3625,83.3625,0,0,26,40.36172336238569,25.0,135.0,216.0,70.0,25.0,80.0,70.25
30867,2011-05-23,9876,216418,71.9625,83.3625,0,0,34,40.36172336238569,65.0,22.0,86.0,18.0,65.0,43.5,83.5
32504,2011-05-30,9876,216418,68.4,83.3625,0,0,30,40.36172336238569,21.0,17.0,61.0,15.0,21.0,19.0,48.75
34140,2011-06-06,9876,216418,69.1125,83.3625,0,0,27,40.36172336238569,25.0,190.0,225.0,76.0,25.0,107.5,78.5
35776,2011-06-13,9876,216418,69.1125,83.3625,0,0,26,40.36172336238569,13.0,159.0,282.0,76.0,13.0,86.0,71.5
37410,2011-06-20,9876,216418,69.1125,83.3625,0,0,15,40.36172336238569,26.0,24.0,86.0,91.0,26.0,25.0,51.5
39049,2011-06-27,9876,216418,69.1125,83.3625,0,0,23,40.36172336238569,22.0,120.0,18.0,56.0,22.0,71.0,58.0
40687,2011-07-04,9876,216418,69.825,69.825,0,0,32,40.36172336238569,27.0,19.0,38.0,111.0,27.0,23.0,50.25
42327,2011-07-11,9876,216418,69.1125,69.1125,0,0,39,40.36172336238569,17.0,124.0,221.0,75.0,17.0,70.5,64.25
43963,2011-07-18,9876,216418,69.1125,69.1125,0,0,29,40.36172336238569,29.0,17.0,100.0,111.0,29.0,23.0,64.0
45593,2011-07-25,9876,216418,69.825,69.825,0,0,34,40.36172336238569,22.0,128.0,22.0,63.0,22.0,75.0,71.75
47229,2011-08-01,9876,216418,68.4,68.4,0,0,28,40.36172336238569,39.0,12.0,75.0,148.0,39.0,25.5,71.25
48861,2011-08-08,9876,216418,69.1125,69.1125,0,0,37,40.36172336238569,21.0,126.0,7.0,73.0,21.0,73.5,68.75
50495,2011-08-15,9876,216418,68.4,68.4,0,0,32,40.36172336238569,40.0,14.0,79.0,130.0,40.0,27.0,76.25
52126,2011-08-22,9876,216418,69.1125,69.1125,0,0,32,40.36172336238569,29.0,26.0,66.0,128.0,29.0,27.5,71.0
53748,2011-08-29,9876,216418,67.6875,67.6875,0,0,56,40.36172336238569,21.0,178.0,119.0,69.0,21.0,99.5,83.5
55375,2011-09-05,9876,216418,69.825,69.825,0,0,32,40.36172336238569,16.0,187.0,131.0,40.0,16.0,101.5,78.5
56997,2011-09-12,9876,216418,69.1125,69.1125,0,0,33,40.36172336238569,47.0,43.0,44.0,27.0,47.0,45.0,80.75
58626,2011-09-19,9876,216418,67.6875,67.6875,0,0,44,40.36172336238569,107.0,28.0,87.0,98.0,107.0,67.5,96.75
60250,2011-09-26,9876,216418,68.4,68.4,0,0,41,40.36172336238569,30.0,185.0,138.0,66.0,30.0,107.5,90.5
61876,2011-10-03,9876,216418,69.1125,69.1125,0,0,51,40.36172336238569,22.0,180.0,28.0,53.0,22.0,101.0,83.0
63494,2011-10-10,9876,216418,67.6875,67.6875,0,0,38,40.36172336238569,31.0,22.0,82.0,159.0,31.0,26.5,72.75
65127,2011-10-17,9876,216418,68.4,68.4,0,0,34,40.36172336238569,35.0,22.0,75.0,151.0,35.0,28.5,65.0
66764,2011-10-24,9876,216418,66.975,66.975,0,0,40,40.36172336238569,12.0,151.0,209.0,62.0,12.0,81.5,74.0
68403,2011-10-31,9876,216418,68.4,68.4,0,0,45,40.36172336238569,26.0,183.0,180.0,41.0,26.0,104.5,88.25
70040,2011-11-07,9876,216418,69.1125,69.1125,0,0,53,40.36172336238569,36.0,26.0,96.0,153.0,36.0,31.0,67.0
71677,2011-11-14,9876,216418,68.4,68.4,0,0,35,40.36172336238569,14.0,131.0,29.0,80.0,14.0,72.5,84.75
73314,2011-11-21,9876,216418,70.5375,70.5375,0,0,46,40.36172336238569,43.0,28.0,94.0,191.0,43.0,35.5,76.0
74948,2011-11-28,9876,216418,69.825,69.825,0,0,49,40.36172336238569,32.0,176.0,50.0,74.0,32.0,104.0,87.0
76587,2011-12-05,9876,216418,69.1125,69.1125,0,0,54,40.36172336238569,66.0,38.0,67.0,168.0,66.0,52.0,75.25
83147,2012-01-02,9876,216418,69.1125,69.1125,0,0,56,40.36172336238569,126.0,37.0,43.0,32.0,126.0,81.5,131.0
86430,2012-01-16,9876,216418,69.1125,69.1125,0,0,34,40.36172336238569,286.0,71.0,210.0,362.0,286.0,178.5,190.75
88069,2012-01-23,9876,216418,69.825,69.825,0,0,23,40.36172336238569,84.0,188.0,86.0,68.0,84.0,136.0,146.25
89710,2012-01-30,9876,216418,88.35,88.35,0,0,5,40.36172336238569,68.0,52.0,121.0,165.0,68.0,60.0,115.25
889,2011-01-17,9432,216418,82.65,82.65,0,0,26,33.973376422808286,11.0,22.0,89.0,113.0,11.0,16.5,65.5
4163,2011-01-31,9432,216418,70.5375,82.65,0,0,74,33.973376422808286,28.0,30.0,65.0,53.0,28.0,29.0,76.5
20491,2011-04-11,9432,216418,81.225,81.225,0,0,42,33.973376422808286,7.0,19.0,200.0,79.0,7.0,13.0,18.25
22125,2011-04-18,9432,216418,82.65,82.65,0,0,42,33.973376422808286,32.0,24.0,55.0,53.0,32.0,28.0,58.75
23763,2011-04-25,9432,216418,83.3625,83.3625,0,0,35,33.973376422808286,33.0,162.0,140.0,155.0,33.0,97.5,79.75
25401,2011-05-02,9432,216418,84.075,84.075,0,0,42,33.973376422808286,7.0,37.0,146.0,80.0,7.0,22.0,30.75
27038,2011-05-09,9432,216418,83.3625,83.3625,0,0,45,33.973376422808286,29.0,26.0,73.0,43.0,29.0,27.5,63.75
28677,2011-05-16,9432,216418,83.3625,83.3625,0,0,39,33.973376422808286,26.0,25.0,85.0,44.0,26.0,25.5,55.5
30309,2011-05-23,9432,216418,70.5375,83.3625,0,0,50,33.973376422808286,11.0,31.0,61.0,64.0,11.0,21.0,55.75
31944,2011-05-30,9432,216418,69.1125,83.3625,0,0,33,33.973376422808286,171.0,40.0,15.0,59.0,171.0,105.5,89.25
33578,2011-06-06,9432,216418,68.4,83.3625,0,0,46,33.973376422808286,27.0,25.0,53.0,54.0,27.0,26.0,72.0
35217,2011-06-13,9432,216418,69.1125,83.3625,0,0,43,33.973376422808286,26.0,13.0,65.0,67.0,26.0,19.5,61.75
36849,2011-06-20,9432,216418,69.1125,83.3625,0,0,43,33.973376422808286,15.0,26.0,38.0,4.0,15.0,20.5,45.75
38488,2011-06-27,9432,216418,68.4,83.3625,0,0,36,33.973376422808286,23.0,22.0,52.0,47.0,23.0,22.5,50.75
40127,2011-07-04,9432,216418,68.4,68.4,0,0,33,33.973376422808286,9.0,32.0,111.0,65.0,9.0,20.5,21.75
41766,2011-07-11,9432,216418,68.4,68.4,0,0,36,33.973376422808286,39.0,17.0,64.0,44.0,39.0,28.0,58.0
43403,2011-07-18,9432,216418,69.825,69.825,0,0,45,33.973376422808286,29.0,29.0,68.0,9.0,29.0,29.0,54.25
45036,2011-07-25,9432,216418,69.1125,69.1125,0,0,46,33.973376422808286,34.0,22.0,87.0,46.0,34.0,28.0,58.5
46670,2011-08-01,9432,216418,69.1125,69.1125,0,0,66,33.973376422808286,15.0,164.0,148.0,132.0,15.0,89.5,72.0
48302,2011-08-08,9432,216418,69.1125,69.1125,0,0,40,33.973376422808286,37.0,21.0,67.0,53.0,37.0,29.0,61.25
49939,2011-08-15,9432,216418,69.1125,69.1125,0,0,60,33.973376422808286,15.0,32.0,180.0,58.0,15.0,23.5,25.25
51567,2011-08-22,9432,216418,69.1125,69.1125,0,0,75,33.973376422808286,58.0,132.0,128.0,125.0,58.0,95.0,68.25
53193,2011-08-29,9432,216418,69.1125,69.1125,0,0,47,33.973376422808286,56.0,21.0,76.0,49.0,56.0,38.5,78.5
54821,2011-09-05,9432,216418,68.4,68.4,0,0,48,33.973376422808286,32.0,16.0,69.0,56.0,32.0,24.0,69.25
56443,2011-09-12,9432,216418,69.1125,69.1125,0,0,41,33.973376422808286,21.0,24.0,74.0,73.0,21.0,22.5,76.25
59698,2011-09-26,9432,216418,67.6875,67.6875,0,0,51,33.973376422808286,41.0,30.0,100.0,69.0,41.0,35.5,75.75
61317,2011-10-03,9432,216418,66.975,66.975,0,0,53,33.973376422808286,51.0,22.0,83.0,103.0,51.0,36.5,75.0
62940,2011-10-10,9432,216418,65.55,65.55,0,0,40,33.973376422808286,46.0,244.0,159.0,154.0,46.0,145.0,100.25
64568,2011-10-17,9432,216418,67.6875,67.6875,0,0,52,33.973376422808286,7.0,55.0,43.0,9.0,7.0,31.0,82.75
66205,2011-10-24,9432,216418,68.4,68.4,0,0,56,33.973376422808286,81.0,53.0,151.0,20.0,81.0,67.0,46.5
67842,2011-10-31,9432,216418,67.6875,67.6875,0,0,52,33.973376422808286,45.0,26.0,92.0,91.0,45.0,35.5,76.5
69481,2011-11-07,9432,216418,69.825,69.825,0,0,61,33.973376422808286,53.0,36.0,54.0,14.0,53.0,44.5,66.75
71118,2011-11-14,9432,216418,68.4,68.4,0,0,38,33.973376422808286,35.0,14.0,122.0,110.0,35.0,24.5,63.0
72756,2011-11-21,9432,216418,69.825,69.825,0,0,47,33.973376422808286,39.0,222.0,191.0,193.0,39.0,130.5,92.5
74389,2011-11-28,9432,216418,69.1125,69.1125,0,0,59,33.973376422808286,49.0,32.0,65.0,93.0,49.0,40.5,83.0
76026,2011-12-05,9432,216418,69.1125,69.1125,0,0,34,33.973376422808286,26.0,54.0,151.0,67.0,26.0,40.0,46.0
80946,2011-12-26,9432,216418,69.1125,69.1125,0,0,84,33.973376422808286,73.0,70.0,153.0,137.0,73.0,71.5,108.0
1229,2011-01-17,9731,216418,97.6125,97.6125,0,0,50,42.52807421788554,26.0,11.0,48.0,138.0,26.0,18.5,60.0
2863,2011-01-24,9731,216418,99.0375,99.0375,0,0,31,42.52807421788554,171.0,122.0,101.0,105.0,171.0,146.5,131.75
4502,2011-01-31,9731,216418,99.0375,99.0375,0,0,48,42.52807421788554,107.0,80.0,80.0,49.0,107.0,93.5,106.25
6138,2011-02-07,9731,216418,99.0375,99.0375,0,0,44,42.52807421788554,119.0,79.0,87.0,86.0,119.0,99.0,102.25
9416,2011-02-21,9731,216418,106.875,106.875,0,0,52,42.52807421788554,27.0,99.0,35.0,42.0,27.0,63.0,61.0
11031,2011-02-28,9731,216418,105.45,105.45,0,0,67,42.52807421788554,48.0,29.0,72.0,72.0,48.0,38.5,69.25
12645,2011-03-07,9731,216418,106.875,106.875,0,0,66,42.52807421788554,77.0,117.0,108.0,173.0,77.0,97.0,111.75
14278,2011-03-14,9731,216418,102.6,102.6,0,0,97,42.52807421788554,91.0,111.0,42.0,87.0,91.0,101.0,70.0
15919,2011-03-21,9731,216418,106.1625,106.1625,0,0,73,42.52807421788554,39.0,54.0,19.0,41.0,39.0,46.5,56.5
17557,2011-03-28,9731,216418,106.875,106.875,0,0,55,42.52807421788554,76.0,137.0,26.0,217.0,76.0,106.5,74.75
19191,2011-04-04,9731,216418,106.1625,106.1625,0,0,87,42.52807421788554,129.0,151.0,20.0,298.0,129.0,140.0,94.5
20829,2011-04-11,9731,216418,105.45,105.45,0,0,79,42.52807421788554,82.0,164.0,51.0,75.0,82.0,123.0,119.5
22463,2011-04-18,9731,216418,104.025,104.025,0,0,75,42.52807421788554,61.0,115.0,38.0,115.0,61.0,88.0,69.25
24102,2011-04-25,9731,216418,89.0625,104.025,0,0,79,42.52807421788554,45.0,140.0,63.0,163.0,45.0,92.5,81.25
25739,2011-05-02,9731,216418,87.6375,104.025,0,0,80,42.52807421788554,44.0,111.0,56.0,132.0,44.0,77.5,86.75
27377,2011-05-09,9731,216418,88.35,104.025,0,0,77,42.52807421788554,39.0,83.0,23.0,99.0,39.0,61.0,66.0
29017,2011-05-16,9731,216418,86.925,104.025,0,0,70,42.52807421788554,38.0,65.0,36.0,25.0,38.0,51.5,52.75
30647,2011-05-23,9731,216418,89.0625,104.025,0,0,83,42.52807421788554,95.0,92.0,48.0,202.0,95.0,93.5,75.75
32283,2011-05-30,9731,216418,87.6375,104.025,0,0,78,42.52807421788554,45.0,162.0,96.0,71.0,45.0,103.5,108.75
33918,2011-06-06,9731,216418,88.35,88.35,0,0,76,42.52807421788554,37.0,72.0,47.0,119.0,37.0,54.5,58.75
37187,2011-06-20,9731,216418,89.0625,89.0625,0,0,81,42.52807421788554,4.0,91.0,68.0,142.0,4.0,47.5,67.75
38827,2011-06-27,9731,216418,89.0625,89.0625,0,0,56,42.52807421788554,66.0,106.0,39.0,96.0,66.0,86.0,61.25
40465,2011-07-04,9731,216418,89.0625,89.0625,0,0,65,42.52807421788554,12.0,111.0,60.0,81.0,12.0,61.5,71.0
42105,2011-07-11,9731,216418,87.6375,87.6375,0,0,75,42.52807421788554,40.0,81.0,33.0,30.0,40.0,60.5,60.75
43742,2011-07-18,9731,216418,89.0625,89.0625,0,0,41,42.52807421788554,9.0,111.0,51.0,83.0,9.0,60.0,80.25
45375,2011-07-25,9731,216418,88.35,88.35,0,0,63,42.52807421788554,63.0,88.0,26.0,104.0,63.0,75.5,48.25
47008,2011-08-01,9731,216418,89.0625,89.0625,0,0,66,42.52807421788554,43.0,148.0,143.0,175.0,43.0,95.5,73.75
48640,2011-08-08,9731,216418,89.0625,89.0625,0,0,73,42.52807421788554,114.0,124.0,56.0,103.0,114.0,119.0,72.75
50273,2011-08-15,9731,216418,106.1625,106.1625,0,0,58,42.52807421788554,29.0,130.0,31.0,63.0,29.0,79.5,112.5
51904,2011-08-22,9731,216418,106.1625,106.1625,0,0,37,42.52807421788554,46.0,128.0,117.0,147.0,46.0,87.0,96.25
53527,2011-08-29,9731,216418,106.1625,106.1625,0,0,69,42.52807421788554,101.0,124.0,55.0,75.0,101.0,112.5,68.5
55153,2011-09-05,9731,216418,106.1625,106.1625,0,0,40,42.52807421788554,40.0,88.0,64.0,23.0,40.0,64.0,60.75
58406,2011-09-19,9731,216418,106.875,106.875,0,0,99,42.52807421788554,83.0,134.0,113.0,77.0,83.0,108.5,84.0
60030,2011-09-26,9731,216418,106.875,106.875,0,0,66,42.52807421788554,52.0,66.0,84.0,115.0,52.0,59.0,66.25
61653,2011-10-03,9731,216418,106.875,106.875,0,0,53,42.52807421788554,51.0,107.0,75.0,138.0,51.0,79.0,68.5
63273,2011-10-10,9731,216418,103.3125,103.3125,0,0,60,42.52807421788554,51.0,159.0,128.0,192.0,51.0,105.0,71.25
64905,2011-10-17,9731,216418,105.45,105.45,0,0,53,42.52807421788554,43.0,151.0,127.0,108.0,43.0,97.0,82.25
66542,2011-10-24,9731,216418,104.025,104.025,0,0,62,42.52807421788554,56.0,61.0,47.0,117.0,56.0,58.5,61.5
68180,2011-10-31,9731,216418,106.1625,106.1625,0,0,41,42.52807421788554,43.0,53.0,46.0,37.0,43.0,48.0,60.5
69819,2011-11-07,9731,216418,105.45,105.45,0,0,69,42.52807421788554,14.0,153.0,57.0,124.0,14.0,83.5,84.5
71458,2011-11-14,9731,216418,106.875,106.875,0,0,80,42.52807421788554,68.0,127.0,47.0,103.0,68.0,97.5,71.75
73093,2011-11-21,9731,216418,106.875,106.875,0,0,54,42.52807421788554,55.0,191.0,156.0,193.0,55.0,123.0,101.75
74727,2011-11-28,9731,216418,104.025,104.025,0,0,74,42.52807421788554,163.0,168.0,83.0,114.0,163.0,165.5,110.75
76365,2011-12-05,9731,216418,106.875,106.875,0,0,67,42.52807421788554,41.0,168.0,68.0,101.0,41.0,104.5,116.0
78006,2011-12-12,9731,216418,89.0625,106.875,0,0,74,42.52807421788554,63.0,199.0,234.0,224.0,63.0,131.0,122.0
79646,2011-12-19,9731,216418,89.0625,106.875,0,0,100,42.52807421788554,182.0,250.0,196.0,66.0,182.0,216.0,178.0
87846,2012-01-23,9731,216418,88.35,106.875,0,0,68,42.52807421788554,106.0,255.0,121.0,142.0,106.0,180.5,114.75
