MLProject/Demand_Forecasting_preprocessing/train_processed.csv
record_ID,week,store_id,sku_id,total_price,base_price,is_featured_sku,is_display_sku,units_sold,store_encoded,lag_1,lag_2,lag_5,lag_19,ma_1,ma_2,ma_4
853,2011-01-17,9439,216418,84.075,84.075,0,0,18,31.15514449683536,50.0,26.0,181.0,41.0,50.0,38.0,27.25
4127,2011-01-31,9439,216418,69.825,84.075,0,0,26,31.15514449683536,89.0,74.0,212.0,14.0,89.0,81.5,55.25
7403,2011-02-14,9439,216418,83.3625,83.3625,0,0,17,31.15514449683536,86.0,65.0,160.0,18.0,86.0,75.5,48.0
9041,2011-02-21,9439,216418,84.7875,84.7875,0,0,7,31.15514449683536,75.0,50.0,137.0,65.0,75.0,62.5,45.5
10663,2011-02-28,9439,216418,84.7875,84.7875,0,0,11,31.15514449683536,79.0,271.0,112.0,67.0,79.0,175.0,126.75
13904,2011-03-14,9439,216418,83.3625,83.3625,0,0,8,31.15514449683536,96.0,75.0,148.0,16.0,96.0,85.5,54.5
15543,2011-03-21,9439,216418,82.65,82.65,0,0,15,31.15514449683536,67.0,55.0,167.0,111.0,67.0,61.0,43.0
17182,2011-03-28,9439,216418,81.225,81.225,0,0,5,31.15514449683536,87.0,48.0,225.0,75.0,87.0,67.5,43.75
18815,2011-04-04,9439,216418,81.225,81.225,0,0,7,31.15514449683536,72.0,42.0,228.0,353.0,72.0,57.0,41.5
20455,2011-04-11,9439,216418,78.375,78.375,0,0,10,31.15514449683536,42.0,7.0,18.0,285.0,42.0,24.5,24.25
22089,2011-04-18,9439,216418,80.5125,80.5125,0,0,12,31.15514449683536,47.0,42.0,122.0,292.0,47.0,44.5,36.25
23727,2011-04-25,9439,216418,82.65,82.65,0,0,24,31.15514449683536,92.0,1.0,45.0,31.0,92.0,46.5,60.0
25365,2011-05-02,9439,216418,81.225,81.225,0,0,14,31.15514449683536,42.0,7.0,27.0,179.0,42.0,24.5,34.5
27002,2011-05-09,9439,216418,82.65,82.65,0,0,14,31.15514449683536,63.0,45.0,155.0,33.0,63.0,54.0,40.75
28641,2011-05-16,9439,216418,82.65,82.65,0,0,18,31.15514449683536,37.0,39.0,135.0,67.0,37.0,38.0,31.75
30273,2011-05-23,9439,216418,69.1125,82.65,0,0,9,31.15514449683536,44.0,50.0,143.0,90.0,44.0,47.0,34.0
31908,2011-05-30,9439,216418,69.825,82.65,0,0,12,31.15514449683536,54.0,34.0,21.0,171.0,54.0,44.0,100.25
33542,2011-06-06,9439,216418,69.825,82.65,0,0,10,31.15514449683536,35.0,46.0,190.0,20.0,35.0,40.5,33.25
35181,2011-06-13,9439,216418,68.4,82.65,0,0,15,31.15514449683536,49.0,43.0,159.0,81.0,49.0,46.0,32.75
36814,2011-06-20,9439,216418,69.825,82.65,0,0,24,31.15514449683536,32.0,43.0,24.0,214.0,32.0,37.5,29.0
38452,2011-06-27,9439,216418,70.5375,82.65,0,0,9,31.15514449683536,39.0,36.0,120.0,173.0,39.0,37.5,30.0
40091,2011-07-04,9439,216418,70.5375,70.5375,0,0,11,31.15514449683536,33.0,9.0,19.0,170.0,33.0,21.0,25.25
41731,2011-07-11,9439,216418,69.1125,69.1125,0,0,12,31.15514449683536,38.0,36.0,124.0,79.0,38.0,37.0,32.5
43367,2011-07-18,9439,216418,67.6875,67.6875,0,0,13,31.15514449683536,67.0,45.0,17.0,236.0,67.0,56.0,42.5
45000,2011-07-25,9439,216418,69.825,69.825,0,0,20,31.15514449683536,24.0,46.0,128.0,288.0,24.0,35.0,31.5
46634,2011-08-01,9439,216418,69.1125,69.1125,0,0,19,31.15514449683536,100.0,26.0,40.0,28.0,100.0,63.0,57.25
48267,2011-08-08,9439,216418,70.5375,70.5375,0,0,9,31.15514449683536,26.0,40.0,126.0,173.0,26.0,33.0,31.0
49903,2011-08-15,9439,216418,69.1125,69.1125,0,0,13,31.15514449683536,60.0,15.0,14.0,210.0,60.0,37.5,36.75
51532,2011-08-22,9439,216418,68.4,68.4,0,0,9,31.15514449683536,61.0,28.0,29.0,58.0,61.0,44.5,33.5
53158,2011-08-29,9439,216418,70.5375,70.5375,0,0,14,31.15514449683536,87.0,47.0,178.0,12.0,87.0,67.0,52.75
54786,2011-09-05,9439,216418,68.4,68.4,0,0,17,31.15514449683536,35.0,48.0,187.0,97.0,35.0,41.5,32.75
56409,2011-09-12,9439,216418,69.825,69.825,0,0,11,31.15514449683536,43.0,41.0,210.0,107.0,43.0,42.0,32.25
61281,2011-10-03,9439,216418,67.6875,67.6875,0,0,17,31.15514449683536,53.0,53.0,180.0,207.0,53.0,53.0,44.75
62904,2011-10-10,9439,216418,66.975,66.975,0,0,20,31.15514449683536,167.0,27.0,39.0,38.0,167.0,97.0,87.0
64532,2011-10-17,9439,216418,64.125,64.125,0,0,14,31.15514449683536,72.0,35.0,35.0,55.0,72.0,53.5,69.25
66169,2011-10-24,9439,216418,67.6875,67.6875,0,0,12,31.15514449683536,124.0,178.0,73.0,53.0,124.0,151.0,114.25
67806,2011-10-31,9439,216418,69.1125,69.1125,0,0,7,31.15514449683536,53.0,52.0,183.0,107.0,53.0,52.5,44.0
69445,2011-11-07,9439,216418,69.1125,69.1125,0,0,25,31.15514449683536,66.0,61.0,26.0,187.0,66.0,63.5,54.0
71082,2011-11-14,9439,216418,67.6875,67.6875,0,0,17,31.15514449683536,39.0,38.0,131.0,209.0,39.0,38.5,31.5
72720,2011-11-21,9439,216418,70.5375,70.5375,0,0,23,31.15514449683536,120.0,23.0,43.0,46.0,120.0,71.5,78.5
74353,2011-11-28,9439,216418,69.1125,69.1125,0,0,33,31.15514449683536,63.0,59.0,176.0,202.0,63.0,61.0,50.75
75990,2011-12-05,9439,216418,69.1125,69.1125,0,0,41,31.15514449683536,34.0,26.0,38.0,232.0,34.0,30.0,45.0
380,2011-01-17,8562,216418,98.325,98.325,0,0,118,65.80678095078778,18.0,50.0,22.0,45.0,18.0,34.0,26.25
2019,2011-01-24,8562,216418,98.325,98.325,0,0,86,65.80678095078778,71.0,62.0,196.0,138.0,71.0,66.5,56.5
3656,2011-01-31,8562,216418,98.325,98.325,0,0,92,65.80678095078778,64.0,186.0,101.0,212.0,64.0,125.0,85.75
5290,2011-02-07,8562,216418,98.325,98.325,0,0,90,65.80678095078778,56.0,77.0,139.0,87.0,56.0,66.5,58.25
6932,2011-02-14,8562,216418,105.45,105.45,0,0,102,65.80678095078778,25.0,81.0,126.0,63.0,25.0,53.0,50.5
8570,2011-02-21,8562,216418,106.1625,106.1625,0,0,87,65.80678095078778,7.0,75.0,35.0,51.0,7.0,41.0,38.5
10198,2011-02-28,8562,216418,106.1625,106.1625,0,0,150,65.80678095078778,14.0,57.0,135.0,84.0,14.0,35.5,43.75
11812,2011-03-07,8562,216418,106.1625,106.1625,0,0,127,65.80678095078778,65.0,221.0,68.0,67.0,65.0,143.0,117.75
13431,2011-03-14,8562,216418,104.025,104.025,0,0,136,65.80678095078778,21.0,86.0,110.0,58.0,21.0,53.5,53.5
21619,2011-04-18,8562,216418,104.7375,104.7375,0,0,119,65.80678095078778,33.0,63.0,87.0,61.0,33.0,48.0,47.75
23254,2011-04-25,8562,216418,106.1625,106.1625,0,0,92,65.80678095078778,1.0,112.0,71.0,55.0,1.0,56.5,48.25
24893,2011-05-02,8562,216418,84.7875,106.1625,0,0,92,65.80678095078778,28.0,52.0,92.0,64.0,28.0,40.0,41.5
26529,2011-05-09,8562,216418,104.7375,104.7375,0,0,109,65.80678095078778,26.0,55.0,107.0,60.0,26.0,40.5,39.5
28167,2011-05-16,8562,216418,104.7375,104.7375,0,0,135,65.80678095078778,25.0,63.0,81.0,47.0,25.0,44.0,44.0
29802,2011-05-23,8562,216418,106.1625,106.1625,0,0,156,65.80678095078778,9.0,44.0,31.0,55.0,9.0,26.5,28.5
31436,2011-05-30,8562,216418,106.1625,106.1625,0,0,100,65.80678095078778,11.0,159.0,87.0,21.0,11.0,85.0,67.25
33071,2011-06-06,8562,216418,106.1625,106.1625,0,0,101,65.80678095078778,65.0,97.0,95.0,42.0,65.0,81.0,67.25
34710,2011-06-13,8562,216418,106.1625,106.1625,0,0,98,65.80678095078778,42.0,89.0,91.0,62.0,42.0,65.5,58.75
36343,2011-06-20,8562,216418,118.9875,118.9875,0,0,108,65.80678095078778,40.0,77.0,61.0,47.0,40.0,58.5,43.75
37979,2011-06-27,8562,216418,119.7,119.7,0,0,86,65.80678095078778,79.0,76.0,78.0,56.0,79.0,77.5,48.0
39620,2011-07-04,8562,216418,119.7,119.7,0,0,76,65.80678095078778,53.0,72.0,52.0,37.0,53.0,62.5,47.5
41258,2011-07-11,8562,216418,118.9875,118.9875,0,0,99,65.80678095078778,38.0,103.0,63.0,41.0,38.0,70.5,46.5
42896,2011-07-18,8562,216418,88.35,118.9875,0,0,94,65.80678095078778,33.0,82.0,53.0,46.0,33.0,57.5,43.5
44532,2011-07-25,8562,216418,88.35,118.9875,0,0,100,65.80678095078778,25.0,87.0,54.0,37.0,25.0,56.0,45.75
46162,2011-08-01,8562,216418,89.0625,118.9875,0,0,100,65.80678095078778,26.0,88.0,73.0,39.0,26.0,57.0,42.25
47796,2011-08-08,8562,216418,88.35,118.9875,0,0,99,65.80678095078778,13.0,91.0,90.0,37.0,13.0,52.0,43.5
49429,2011-08-15,8562,216418,106.875,118.9875,0,0,94,65.80678095078778,25.0,95.0,80.0,33.0,25.0,60.0,51.0
51064,2011-08-22,8562,216418,106.1625,118.9875,0,0,108,65.80678095078778,36.0,91.0,102.0,29.0,36.0,63.5,48.25
52690,2011-08-29,8562,216418,104.7375,104.7375,0,0,130,65.80678095078778,28.0,91.0,75.0,39.0,28.0,59.5,53.0
54315,2011-09-05,8562,216418,106.1625,106.1625,0,0,113,65.80678095078778,38.0,81.0,77.0,70.0,38.0,59.5,53.75
55938,2011-09-12,8562,216418,105.45,105.45,0,0,131,65.80678095078778,11.0,43.0,24.0,28.0,11.0,27.0,29.0
57566,2011-09-19,8562,216418,105.45,105.45,0,0,133,65.80678095078778,35.0,140.0,119.0,107.0,35.0,87.5,66.0
59194,2011-09-26,8562,216418,106.1625,106.1625,0,0,100,65.80678095078778,43.0,83.0,97.0,61.0,43.0,63.0,52.5
60815,2011-10-03,8562,216418,101.8875,101.8875,0,0,127,65.80678095078778,44.0,107.0,109.0,51.0,44.0,75.5,63.25
62436,2011-10-10,8562,216418,103.3125,103.3125,0,0,167,65.80678095078778,27.0,112.0,94.0,31.0,27.0,69.5,55.0
64060,2011-10-17,8562,216418,102.6,102.6,0,0,115,65.80678095078778,36.0,99.0,108.0,35.0,36.0,67.5,55.5
65698,2011-10-24,8562,216418,104.7375,104.7375,0,0,119,65.80678095078778,35.0,124.0,120.0,39.0,35.0,79.5,64.5
67335,2011-10-31,8562,216418,104.025,104.025,0,0,129,65.80678095078778,65.0,131.0,95.0,50.0,65.0,98.0,74.0
68974,2011-11-07,8562,216418,101.8875,101.8875,0,0,92,65.80678095078778,54.0,122.0,92.0,58.0,54.0,88.0,64.5
70608,2011-11-14,8562,216418,103.3125,103.3125,0,0,118,65.80678095078778,40.0,96.0,80.0,38.0,40.0,68.0,57.75
72248,2011-11-21,8562,216418,104.7375,104.7375,0,0,120,65.80678095078778,23.0,127.0,102.0,43.0,23.0,75.0,59.25
73882,2011-11-28,8562,216418,104.7375,104.7375,0,0,135,65.80678095078778,64.0,101.0,151.0,90.0,64.0,82.5,62.25
75518,2011-12-05,8562,216418,105.45,105.45,0,0,104,65.80678095078778,55.0,117.0,76.0,72.0,55.0,86.0,62.0
77157,2011-12-12,8562,216418,88.35,105.45,0,0,158,65.80678095078778,57.0,184.0,112.0,181.0,57.0,120.5,84.75
78798,2011-12-19,8562,216418,88.35,105.45,0,0,201,65.80678095078778,99.0,60.0,141.0,104.0,99.0,79.5,78.75
80438,2011-12-26,8562,216418,89.0625,105.45,0,0,164,65.80678095078778,110.0,174.0,281.0,143.0,110.0,142.0,115.0
82078,2012-01-02,8562,216418,88.35,105.45,0,0,134,65.80678095078778,43.0,49.0,51.0,87.0,43.0,46.0,59.25
360,2011-01-17,8555,216418,85.5,85.5,0,0,30,26.762239973708073,118.0,18.0,11.0,14.0,118.0,68.0,53.0
3636,2011-01-31,8555,216418,70.5375,85.5,0,0,64,26.762239973708073,186.0,69.0,70.0,36.0,186.0,127.5,95.0
10180,2011-02-28,8555,216418,89.0625,89.0625,0,0,33,26.762239973708073,11.0,79.0,16.0,26.0,11.0,45.0,125.5
19963,2011-04-11,8555,216418,87.6375,87.6375,0,0,11,26.762239973708073,10.0,42.0,29.0,47.0,10.0,26.0,19.5
21599,2011-04-18,8555,216418,89.0625,89.0625,0,0,18,26.762239973708073,12.0,47.0,24.0,32.0,12.0,29.5,33.25
23234,2011-04-25,8555,216418,89.0625,89.0625,0,0,1,26.762239973708073,112.0,35.0,33.0,22.0,112.0,73.5,65.75
24873,2011-05-02,8555,216418,89.0625,89.0625,0,0,16,26.762239973708073,14.0,42.0,52.0,27.0,14.0,28.0,25.0
26509,2011-05-09,8555,216418,89.0625,89.0625,0,0,16,26.762239973708073,14.0,63.0,26.0,34.0,14.0,38.5,37.75
28147,2011-05-16,8555,216418,89.0625,89.0625,0,0,7,26.762239973708073,18.0,37.0,25.0,29.0,18.0,27.5,30.0
29782,2011-05-23,8555,216418,68.4,89.0625,0,0,42,26.762239973708073,156.0,9.0,11.0,36.0,156.0,82.5,64.75
31416,2011-05-30,8555,216418,70.5375,89.0625,0,0,11,26.762239973708073,159.0,46.0,27.0,17.0,159.0,102.5,86.25
33051,2011-06-06,8555,216418,70.5375,89.0625,0,0,18,26.762239973708073,10.0,35.0,25.0,38.0,10.0,22.5,29.5
34690,2011-06-13,8555,216418,69.825,89.0625,0,0,24,26.762239973708073,15.0,49.0,13.0,43.0,15.0,32.0,33.25
36323,2011-06-20,8555,216418,68.4,89.0625,0,0,28,26.762239973708073,24.0,32.0,26.0,49.0,24.0,28.0,28.5
37959,2011-06-27,8555,216418,69.1125,89.0625,0,0,25,26.762239973708073,9.0,39.0,22.0,32.0,9.0,24.0,26.75
39600,2011-07-04,8555,216418,69.825,69.825,0,0,19,26.762239973708073,11.0,33.0,27.0,43.0,11.0,22.0,21.25
41238,2011-07-11,8555,216418,69.1125,69.1125,0,0,38,26.762239973708073,12.0,38.0,17.0,26.0,12.0,25.0,31.25
42876,2011-07-18,8555,216418,69.825,69.825,0,0,22,26.762239973708073,13.0,67.0,29.0,33.0,13.0,40.0,38.5
44512,2011-07-25,8555,216418,69.825,69.825,0,0,25,26.762239973708073,20.0,24.0,22.0,25.0,20.0,22.0,31.0
46142,2011-08-01,8555,216418,69.1125,69.1125,0,0,26,26.762239973708073,88.0,15.0,12.0,12.0,88.0,51.5,54.0
47776,2011-08-08,8555,216418,70.5375,70.5375,0,0,10,26.762239973708073,9.0,26.0,21.0,21.0,9.0,17.5,28.0
52670,2011-08-29,8555,216418,70.5375,70.5375,0,0,31,26.762239973708073,14.0,87.0,21.0,39.0,14.0,50.5,51.0
54295,2011-09-05,8555,216418,68.4,68.4,0,0,38,26.762239973708073,17.0,35.0,16.0,26.0,17.0,26.0,33.0
55918,2011-09-12,8555,216418,70.5375,70.5375,0,0,39,26.762239973708073,131.0,11.0,21.0,24.0,131.0,71.0,56.5
59174,2011-09-26,8555,216418,69.1125,69.1125,0,0,23,26.762239973708073,45.0,57.0,30.0,65.0,45.0,51.0,48.5
60795,2011-10-03,8555,216418,69.1125,69.1125,0,0,37,26.762239973708073,17.0,53.0,22.0,49.0,17.0,35.0,43.5
62416,2011-10-10,8555,216418,69.825,69.825,0,0,27,26.762239973708073,112.0,42.0,60.0,22.0,112.0,77.0,71.75
64040,2011-10-17,8555,216418,69.825,69.825,0,0,36,26.762239973708073,99.0,45.0,50.0,22.0,99.0,72.0,73.5
65678,2011-10-24,8555,216418,69.825,69.825,0,0,25,26.762239973708073,56.0,81.0,12.0,60.0,56.0,68.5,57.5
67315,2011-10-31,8555,216418,69.1125,69.1125,0,0,27,26.762239973708073,7.0,53.0,26.0,40.0,7.0,30.0,39.25
68954,2011-11-07,8555,216418,67.6875,67.6875,0,0,36,26.762239973708073,25.0,66.0,36.0,39.0,25.0,45.5,51.25
70588,2011-11-14,8555,216418,69.1125,69.1125,0,0,30,26.762239973708073,17.0,39.0,14.0,36.0,17.0,28.0,32.25
72228,2011-11-21,8555,216418,70.5375,70.5375,0,0,23,26.762239973708073,127.0,44.0,57.0,28.0,127.0,85.5,79.0
73862,2011-11-28,8555,216418,69.825,69.825,0,0,52,26.762239973708073,33.0,63.0,32.0,45.0,33.0,48.0,51.0
75498,2011-12-05,8555,216418,69.825,69.825,0,0,40,26.762239973708073,41.0,34.0,66.0,22.0,41.0,37.5,38.75
80418,2011-12-26,8555,216418,69.825,69.825,0,0,42,26.762239973708073,78.0,107.0,70.0,125.0,78.0,92.5,85.5
82058,2012-01-02,8555,216418,68.4,68.4,0,0,26,26.762239973708073,134.0,43.0,93.0,39.0,134.0,88.5,69.5
85339,2012-01-16,8555,216418,69.825,69.825,0,0,24,26.762239973708073,92.0,128.0,74.0,23.0,92.0,110.0,97.5
86981,2012-01-23,8555,216418,69.825,69.825,0,0,38,26.762239973708073,93.0,94.0,84.0,99.0,93.0,93.5,70.0
88620,2012-01-30,8555,216418,79.8,79.8,0,0,17,26.762239973708073,129.0,35.0,43.0,52.0,129.0,82.0,107.5
336,2011-01-17,8438,216418,86.925,86.925,0,0,98,51.64836111526701,30.0,118.0,26.0,146.0,30.0,74.0,54.0
36299,2011-06-20,8438,216418,87.6375,87.6375,0,0,61,51.64836111526701,28.0,24.0,15.0,45.0,28.0,26.0,31.75
37935,2011-06-27,8438,216418,86.925,86.925,0,0,78,51.64836111526701,25.0,9.0,23.0,6.0,25.0,17.0,27.25
39576,2011-07-04,8438,216418,86.925,86.925,0,0,52,51.64836111526701,19.0,11.0,32.0,24.0,19.0,15.0,18.0
41214,2011-07-11,8438,216418,86.925,86.925,0,0,63,51.64836111526701,38.0,12.0,39.0,7.0,38.0,25.0,31.0
42852,2011-07-18,8438,216418,86.2125,86.2125,0,0,53,51.64836111526701,22.0,13.0,29.0,21.0,22.0,17.5,36.75
44488,2011-07-25,8438,216418,87.6375,87.6375,0,0,54,51.64836111526701,25.0,20.0,34.0,7.0,25.0,22.5,28.75
52646,2011-08-29,8438,216418,88.35,88.35,0,0,75,51.64836111526701,31.0,14.0,56.0,21.0,31.0,22.5,44.75
54271,2011-09-05,8438,216418,87.6375,87.6375,0,0,77,51.64836111526701,38.0,17.0,32.0,8.0,38.0,27.5,34.5
55894,2011-09-12,8438,216418,86.925,86.925,0,0,77,51.64836111526701,39.0,131.0,41.0,9.0,39.0,85.0,56.0
59151,2011-09-26,8438,216418,86.2125,86.2125,0,0,97,51.64836111526701,23.0,45.0,41.0,9.0,23.0,34.0,44.0
60771,2011-10-03,8438,216418,86.2125,86.2125,0,0,109,51.64836111526701,37.0,17.0,51.0,15.0,37.0,27.0,40.0
62392,2011-10-10,8438,216418,85.5,85.5,0,0,112,51.64836111526701,42.0,39.0,58.0,189.0,42.0,40.5,58.75
73838,2011-11-28,8438,216418,68.4,85.5,0,0,151,51.64836111526701,52.0,33.0,49.0,33.0,52.0,42.5,51.75
75474,2011-12-05,8438,216418,69.1125,85.5,0,0,76,51.64836111526701,40.0,41.0,54.0,43.0,40.0,40.5,35.25
80394,2011-12-26,8438,216418,69.825,85.5,0,0,281,51.64836111526701,42.0,78.0,73.0,62.0,42.0,60.0,77.75
