MLProject/Demand_Forecasting_preprocessing/train_processed.csv
record_ID,week,store_id,sku_id,total_price,base_price,is_featured_sku,is_display_sku,units_sold,store_encoded,lag_1,lag_2,lag_5,lag_19,ma_1,ma_2,ma_4
314,2011-01-17,8422,216418,84.075,84.075,0,0,51,43.52645480823405,98.0,30.0,50.0,99.0,98.0,64.0,66.0
3590,2011-01-31,8422,216418,71.25,84.075,0,0,69,43.52645480823405,24.0,101.0,110.0,251.0,24.0,62.5,62.0
5226,2011-02-07,8422,216418,83.3625,83.3625,0,0,43,43.52645480823405,139.0,43.0,292.0,146.0,139.0,91.0,66.75
6866,2011-02-14,8422,216418,84.075,84.075,0,0,45,43.52645480823405,126.0,41.0,65.0,154.0,126.0,83.5,67.5
8504,2011-02-21,8422,216418,83.3625,83.3625,0,0,59,43.52645480823405,112.0,28.0,75.0,84.0,112.0,70.0,58.5
10134,2011-02-28,8422,216418,83.3625,83.3625,0,0,69,43.52645480823405,135.0,33.0,271.0,36.0,135.0,84.0,64.5
13365,2011-03-14,8422,216418,80.5125,80.5125,0,0,38,43.52645480823405,110.0,42.0,75.0,142.0,110.0,76.0,64.0
15004,2011-03-21,8422,216418,82.65,82.65,0,0,35,43.52645480823405,137.0,35.0,55.0,114.0,137.0,86.0,63.5
16645,2011-03-28,8422,216418,84.075,84.075,0,0,26,43.52645480823405,122.0,28.0,48.0,11.0,122.0,75.0,60.5
18281,2011-04-04,8422,216418,84.075,84.075,0,0,43,43.52645480823405,132.0,53.0,42.0,104.0,132.0,92.5,66.0
19917,2011-04-11,8422,216418,84.075,84.075,0,0,40,43.52645480823405,116.0,11.0,7.0,112.0,116.0,63.5,44.75
21553,2011-04-18,8422,216418,81.9375,81.9375,0,0,50,43.52645480823405,87.0,18.0,42.0,80.0,87.0,52.5,41.0
23188,2011-04-25,8422,216418,83.3625,83.3625,0,0,35,43.52645480823405,45.0,71.0,91.0,57.0,45.0,58.0,44.0
24827,2011-05-02,8422,216418,80.5125,80.5125,0,0,41,43.52645480823405,92.0,16.0,7.0,86.0,92.0,54.0,41.0
26463,2011-05-09,8422,216418,83.3625,83.3625,0,0,34,43.52645480823405,107.0,16.0,45.0,120.0,107.0,61.5,50.0
28101,2011-05-16,8422,216418,84.075,84.075,0,0,24,43.52645480823405,81.0,7.0,39.0,89.0,81.0,44.0,35.75
29736,2011-05-23,8422,216418,71.9625,84.075,0,0,50,43.52645480823405,93.0,42.0,44.0,99.0,93.0,67.5,75.0
31370,2011-05-30,8422,216418,68.4,84.075,0,0,46,43.52645480823405,53.0,87.0,106.0,29.0,53.0,70.0,75.75
33006,2011-06-06,8422,216418,69.825,84.075,0,0,56,43.52645480823405,95.0,18.0,46.0,117.0,95.0,56.5,39.5
34645,2011-06-13,8422,216418,69.1125,84.075,0,0,56,43.52645480823405,91.0,24.0,43.0,105.0,91.0,57.5,44.75
36277,2011-06-20,8422,216418,69.825,84.075,0,0,32,43.52645480823405,61.0,28.0,43.0,94.0,61.0,44.5,36.25
37913,2011-06-27,8422,216418,69.1125,84.075,0,0,13,43.52645480823405,78.0,25.0,36.0,86.0,78.0,51.5,37.75
39554,2011-07-04,8422,216418,68.4,68.4,0,0,40,43.52645480823405,52.0,19.0,9.0,57.0,52.0,35.5,28.75
41192,2011-07-11,8422,216418,70.5375,70.5375,0,0,12,43.52645480823405,63.0,38.0,36.0,80.0,63.0,50.5,37.75
42831,2011-07-18,8422,216418,69.825,69.825,0,0,24,43.52645480823405,53.0,22.0,45.0,99.0,53.0,37.5,38.75
44466,2011-07-25,8422,216418,69.1125,69.1125,0,0,29,43.52645480823405,54.0,25.0,46.0,86.0,54.0,39.5,30.75
46096,2011-08-01,8422,216418,66.975,66.975,0,0,15,43.52645480823405,40.0,73.0,114.0,53.0,40.0,56.5,50.0
47730,2011-08-08,8422,216418,69.1125,69.1125,0,0,36,43.52645480823405,90.0,10.0,40.0,97.0,90.0,50.0,33.75
49364,2011-08-15,8422,216418,68.4,68.4,0,0,32,43.52645480823405,80.0,36.0,15.0,110.0,80.0,58.0,47.25
50998,2011-08-22,8422,216418,66.975,66.975,0,0,29,43.52645480823405,37.0,102.0,121.0,59.0,37.0,69.5,70.0
52625,2011-08-29,8422,216418,69.825,69.825,0,0,43,43.52645480823405,75.0,31.0,47.0,93.0,75.0,53.0,51.75
54249,2011-09-05,8422,216418,69.1125,69.1125,0,0,43,43.52645480823405,77.0,38.0,48.0,102.0,77.0,57.5,41.75
55872,2011-09-12,8422,216418,69.1125,69.1125,0,0,46,43.52645480823405,77.0,39.0,43.0,102.0,77.0,58.0,64.5
59129,2011-09-26,8422,216418,66.975,66.975,0,0,42,43.52645480823405,97.0,23.0,51.0,70.0,97.0,60.0,55.5
60749,2011-10-03,8422,216418,64.125,64.125,0,0,49,43.52645480823405,109.0,37.0,53.0,105.0,109.0,73.0,54.0
62370,2011-10-10,8422,216418,67.6875,67.6875,0,0,42,43.52645480823405,39.0,94.0,145.0,49.0,39.0,66.5,62.75
63994,2011-10-17,8422,216418,68.4,68.4,0,0,45,43.52645480823405,42.0,108.0,106.0,54.0,42.0,75.0,89.75
65632,2011-10-24,8422,216418,66.975,66.975,0,0,63,43.52645480823405,120.0,25.0,53.0,101.0,120.0,72.5,70.5
67269,2011-10-31,8422,216418,68.4,68.4,0,0,51,43.52645480823405,95.0,27.0,52.0,95.0,95.0,61.0,45.5
68908,2011-11-07,8422,216418,67.6875,67.6875,0,0,41,43.52645480823405,92.0,36.0,61.0,117.0,92.0,64.0,54.75
70542,2011-11-14,8422,216418,69.1125,69.1125,0,0,44,43.52645480823405,80.0,30.0,38.0,115.0,80.0,55.0,41.5
72182,2011-11-21,8422,216418,69.825,69.825,0,0,44,43.52645480823405,43.0,102.0,187.0,61.0,43.0,72.5,69.75
73816,2011-11-28,8422,216418,66.975,66.975,0,0,55,43.52645480823405,151.0,52.0,59.0,134.0,151.0,101.5,74.75
75452,2011-12-05,8422,216418,69.825,69.825,0,0,19,43.52645480823405,76.0,40.0,26.0,130.0,76.0,58.0,47.75
80372,2011-12-26,8422,216418,69.825,69.825,0,0,110,43.52645480823405,281.0,42.0,84.0,177.0,281.0,161.5,127.0
82013,2012-01-02,8422,216418,70.5375,70.5375,0,0,48,43.52645480823405,243.0,26.0,49.0,185.0,243.0,134.5,111.5
85293,2012-01-16,8422,216418,69.1125,69.1125,0,0,30,43.52645480823405,119.0,24.0,71.0,148.0,119.0,71.5,90.75
86935,2012-01-23,8422,216418,69.825,69.825,0,0,25,43.52645480823405,122.0,38.0,70.0,225.0,122.0,80.0,86.75
88574,2012-01-30,8422,216418,81.9375,81.9375,0,0,35,43.52645480823405,94.0,172.0,245.0,161.0,94.0,133.0,92.25
295,2011-01-17,8400,216418,97.6125,97.6125,0,0,44,51.212341683577264,51.0,98.0,18.0,113.0,51.0,74.5,74.25
1934,2011-01-24,8400,216418,98.325,98.325,0,0,31,51.212341683577264,62.0,196.0,111.0,123.0,62.0,129.0,78.5
3571,2011-01-31,8400,216418,99.0375,99.0375,0,0,24,51.212341683577264,101.0,70.0,80.0,117.0,101.0,85.5,83.5
5207,2011-02-07,8400,216418,97.6125,97.6125,0,0,57,51.212341683577264,43.0,139.0,54.0,120.0,43.0,91.0,64.0
6847,2011-02-14,8400,216418,106.1625,106.1625,0,0,51,51.212341683577264,45.0,126.0,86.0,112.0,45.0,85.5,57.25
8485,2011-02-21,8400,216418,105.45,105.45,0,0,47,51.212341683577264,59.0,112.0,7.0,95.0,59.0,85.5,71.5
10116,2011-02-28,8400,216418,104.025,104.025,0,0,35,51.212341683577264,69.0,135.0,79.0,151.0,69.0,102.0,62.0
11729,2011-03-07,8400,216418,106.1625,106.1625,0,0,38,51.212341683577264,68.0,38.0,231.0,57.0,68.0,53.0,80.75
13346,2011-03-14,8400,216418,105.45,105.45,0,0,69,51.212341683577264,38.0,110.0,96.0,105.0,38.0,74.0,49.5
14985,2011-03-21,8400,216418,101.8875,101.8875,0,0,45,51.212341683577264,35.0,137.0,67.0,80.0,35.0,86.0,55.5
16626,2011-03-28,8400,216418,106.1625,106.1625,0,0,51,51.212341683577264,26.0,122.0,87.0,98.0,26.0,74.0,45.25
18262,2011-04-04,8400,216418,104.7375,104.7375,0,0,35,51.212341683577264,43.0,132.0,72.0,101.0,43.0,87.5,58.75
19899,2011-04-11,8400,216418,104.025,104.025,0,0,66,51.212341683577264,40.0,116.0,42.0,134.0,40.0,78.0,44.25
21534,2011-04-18,8400,216418,105.45,105.45,0,0,45,51.212341683577264,50.0,87.0,47.0,59.0,50.0,68.5,41.75
23169,2011-04-25,8400,216418,106.1625,106.1625,0,0,45,51.212341683577264,71.0,33.0,107.0,60.0,71.0,52.0,55.5
24808,2011-05-02,8400,216418,105.45,105.45,0,0,45,51.212341683577264,41.0,92.0,42.0,118.0,41.0,66.5,40.75
26444,2011-05-09,8400,216418,104.025,104.025,0,0,43,51.212341683577264,34.0,107.0,63.0,85.0,34.0,70.5,42.75
28082,2011-05-16,8400,216418,104.7375,104.7375,0,0,64,51.212341683577264,24.0,81.0,37.0,103.0,24.0,52.5,32.5
29718,2011-05-23,8400,216418,104.7375,104.7375,0,0,36,51.212341683577264,50.0,93.0,9.0,86.0,50.0,71.5,85.25
31351,2011-05-30,8400,216418,104.025,104.025,0,0,53,51.212341683577264,87.0,27.0,189.0,61.0,87.0,57.0,89.0
32987,2011-06-06,8400,216418,105.45,105.45,0,0,51,51.212341683577264,56.0,95.0,35.0,74.0,56.0,75.5,44.75
34626,2011-06-13,8400,216418,105.45,105.45,0,0,48,51.212341683577264,56.0,91.0,49.0,90.0,56.0,73.5,46.5
36258,2011-06-20,8400,216418,118.275,118.275,0,0,26,51.212341683577264,32.0,61.0,32.0,58.0,32.0,46.5,36.25
37894,2011-06-27,8400,216418,118.9875,118.9875,0,0,24,51.212341683577264,13.0,78.0,39.0,62.0,13.0,45.5,31.25
39535,2011-07-04,8400,216418,118.9875,118.9875,0,0,25,51.212341683577264,40.0,52.0,33.0,37.0,40.0,46.0,30.5
41173,2011-07-11,8400,216418,118.9875,118.9875,0,0,33,51.212341683577264,12.0,63.0,38.0,45.0,12.0,37.5,31.25
42812,2011-07-18,8400,216418,87.6375,118.9875,0,0,35,51.212341683577264,24.0,53.0,67.0,21.0,24.0,38.5,28.0
44447,2011-07-25,8400,216418,86.925,118.9875,0,0,42,51.212341683577264,29.0,54.0,24.0,54.0,29.0,41.5,32.0
46077,2011-08-01,8400,216418,89.0625,118.9875,0,0,40,51.212341683577264,73.0,12.0,103.0,75.0,73.0,42.5,68.5
47711,2011-08-08,8400,216418,85.5,118.9875,0,0,34,51.212341683577264,36.0,90.0,26.0,38.0,36.0,63.0,36.25
49345,2011-08-15,8400,216418,104.7375,118.9875,0,0,52,51.212341683577264,32.0,80.0,60.0,55.0,32.0,56.0,40.25
50979,2011-08-22,8400,216418,106.1625,118.9875,0,0,37,51.212341683577264,102.0,25.0,199.0,66.0,102.0,63.5,91.0
52606,2011-08-29,8400,216418,106.1625,106.1625,0,0,50,51.212341683577264,43.0,75.0,87.0,36.0,43.0,59.0,40.75
54230,2011-09-05,8400,216418,106.1625,106.1625,0,0,53,51.212341683577264,43.0,77.0,35.0,30.0,43.0,60.0,43.75
55853,2011-09-12,8400,216418,104.7375,104.7375,0,0,72,51.212341683577264,46.0,77.0,11.0,44.0,46.0,61.5,73.25
57481,2011-09-19,8400,216418,106.1625,106.1625,0,0,43,51.212341683577264,119.0,53.0,246.0,87.0,119.0,86.0,97.75
59110,2011-09-26,8400,216418,105.45,105.45,0,0,42,51.212341683577264,42.0,97.0,57.0,48.0,42.0,69.5,51.75
60731,2011-10-03,8400,216418,104.7375,104.7375,0,0,53,51.212341683577264,49.0,109.0,53.0,22.0,49.0,79.0,53.0
62351,2011-10-10,8400,216418,102.6,102.6,0,0,39,51.212341683577264,94.0,60.0,124.0,82.0,94.0,77.0,89.25
63975,2011-10-17,8400,216418,103.3125,103.3125,0,0,42,51.212341683577264,108.0,50.0,256.0,75.0,108.0,79.0,105.75
65613,2011-10-24,8400,216418,100.4625,100.4625,0,0,36,51.212341683577264,63.0,120.0,81.0,43.0,63.0,91.5,66.0
70523,2011-11-14,8400,216418,106.875,106.875,0,0,51,51.212341683577264,44.0,80.0,39.0,45.0,44.0,62.0,42.75
72163,2011-11-21,8400,216418,105.45,105.45,0,0,43,51.212341683577264,102.0,57.0,113.0,94.0,102.0,79.5,105.75
73797,2011-11-28,8400,216418,105.45,105.45,0,0,29,51.212341683577264,55.0,151.0,63.0,33.0,55.0,103.0,72.75
75433,2011-12-05,8400,216418,104.7375,104.7375,0,0,57,51.212341683577264,19.0,76.0,34.0,33.0,19.0,47.5,44.0
77072,2011-12-12,8400,216418,89.0625,104.7375,0,0,65,51.212341683577264,112.0,181.0,274.0,113.0,112.0,146.5,157.25
78713,2011-12-19,8400,216418,89.0625,104.7375,0,0,61,51.212341683577264,141.0,70.0,138.0,146.0,141.0,105.5,143.0
80353,2011-12-26,8400,216418,87.6375,104.7375,0,0,66,51.212341683577264,110.0,281.0,107.0,57.0,110.0,195.5,127.75
81994,2012-01-02,8400,216418,88.35,104.7375,0,0,62,51.212341683577264,48.0,243.0,43.0,43.0,48.0,145.5,112.75
190,2011-01-17,8218,216418,83.3625,82.65,0,1,49,29.236945124656536,44.0,51.0,118.0,142.0,44.0,47.5,55.75
3466,2011-01-31,8218,216418,69.825,82.65,0,1,70,29.236945124656536,53.0,110.0,49.0,26.0,53.0,81.5,117.5
5102,2011-02-07,8218,216418,82.65,82.65,0,1,42,29.236945124656536,267.0,113.0,128.0,292.0,267.0,190.0,104.0
32882,2011-06-06,8218,216418,69.1125,83.3625,0,1,65,29.236945124656536,97.0,51.0,18.0,190.0,97.0,74.0,74.75
34521,2011-06-13,8218,216418,68.4,83.3625,0,1,42,29.236945124656536,89.0,48.0,24.0,149.0,89.0,68.5,71.0
37789,2011-06-27,8218,216418,69.1125,83.3625,0,1,79,29.236945124656536,76.0,24.0,25.0,131.0,76.0,50.0,47.75
39430,2011-07-04,8218,216418,69.825,83.3625,0,1,53,29.236945124656536,72.0,25.0,19.0,123.0,72.0,48.5,47.25
41068,2011-07-11,8218,216418,68.4,83.3625,0,1,38,29.236945124656536,103.0,33.0,38.0,108.0,103.0,68.0,52.75
88450,2012-01-30,8218,216418,85.5,69.825,0,1,43,29.236945124656536,60.0,245.0,41.0,50.0,60.0,152.5,186.75
407,2011-01-17,8869,216418,98.325,112.575,0,1,98,74.85135713877665,49.0,44.0,30.0,82.0,49.0,46.5,60.5
5317,2011-02-07,8869,216418,99.0375,98.325,0,1,267,74.85135713877665,113.0,19.0,102.0,19.0,113.0,66.0,69.25
6959,2011-02-14,8869,216418,106.1625,98.325,0,1,211,74.85135713877665,115.0,24.0,31.0,23.0,115.0,69.5,84.25
8597,2011-02-21,8869,216418,106.875,98.325,0,1,134,74.85135713877665,92.0,47.0,28.0,70.0,92.0,69.5,77.5
10225,2011-02-28,8869,216418,106.1625,98.325,0,1,138,74.85135713877665,116.0,16.0,44.0,141.0,116.0,66.0,83.75
11837,2011-03-07,8869,216418,106.875,98.325,0,1,104,74.85135713877665,60.0,176.0,65.0,36.0,60.0,118.0,110.5
13458,2011-03-14,8869,216418,104.025,98.325,0,1,118,74.85135713877665,103.0,20.0,37.0,20.0,103.0,61.5,70.25
21646,2011-04-18,8869,216418,104.7375,106.1625,0,1,82,74.85135713877665,95.0,14.0,24.0,32.0,95.0,54.5,77.5
24920,2011-05-02,8869,216418,86.925,106.1625,0,1,133,74.85135713877665,77.0,67.0,85.0,37.0,77.0,72.0,79.5
26556,2011-05-09,8869,216418,89.0625,106.1625,0,1,143,74.85135713877665,109.0,31.0,56.0,29.0,109.0,70.0,96.75
28194,2011-05-16,8869,216418,87.6375,106.1625,0,1,131,74.85135713877665,109.0,50.0,40.0,26.0,109.0,79.5,107.5
29829,2011-05-23,8869,216418,89.0625,106.1625,0,1,172,74.85135713877665,101.0,36.0,42.0,151.0,101.0,68.5,70.0
31463,2011-05-30,8869,216418,88.35,106.1625,0,1,149,74.85135713877665,79.0,54.0,159.0,34.0,79.0,66.5,61.0
33098,2011-06-06,8869,216418,87.6375,106.1625,0,1,137,74.85135713877665,125.0,14.0,57.0,27.0,125.0,69.5,77.25
34737,2011-06-13,8869,216418,88.35,106.1625,0,1,164,74.85135713877665,138.0,53.0,62.0,26.0,138.0,95.5,103.25
39647,2011-07-04,8869,216418,88.35,106.1625,0,1,89,74.85135713877665,58.0,6.0,33.0,32.0,58.0,32.0,52.75
41284,2011-07-11,8869,216418,89.0625,106.1625,0,1,106,74.85135713877665,113.0,25.0,48.0,39.0,113.0,69.0,80.5
44559,2011-07-25,8869,216418,88.35,106.1625,0,1,141,74.85135713877665,92.0,34.0,35.0,34.0,92.0,63.0,74.5
46188,2011-08-01,8869,216418,88.35,106.1625,0,1,116,74.85135713877665,15.0,42.0,166.0,88.0,15.0,28.5,38.5
47823,2011-08-08,8869,216418,89.0625,106.1625,0,1,97,74.85135713877665,108.0,15.0,53.0,37.0,108.0,61.5,73.5
49456,2011-08-15,8869,216418,106.875,106.1625,0,1,116,74.85135713877665,104.0,23.0,37.0,32.0,104.0,63.5,66.25
54341,2011-09-05,8869,216418,106.875,106.875,0,1,97,74.85135713877665,110.0,32.0,79.0,32.0,110.0,71.0,74.0
59219,2011-09-26,8869,216418,103.3125,106.1625,0,1,145,74.85135713877665,111.0,21.0,49.0,41.0,111.0,66.0,83.75
67362,2011-10-31,8869,216418,103.3125,103.3125,0,1,127,74.85135713877665,147.0,73.0,65.0,45.0,147.0,110.0,106.0
73908,2011-11-28,8869,216418,104.7375,105.45,0,1,132,74.85135713877665,168.0,52.0,55.0,49.0,168.0,110.0,139.25
75544,2011-12-05,8869,216418,105.45,105.45,0,1,117,74.85135713877665,152.0,38.0,43.0,54.0,152.0,95.0,124.25
77183,2011-12-12,8869,216418,87.6375,105.45,0,1,169,74.85135713877665,81.0,86.0,57.0,76.0,81.0,83.5,102.0
80465,2011-12-26,8869,216418,89.0625,105.45,0,1,223,74.85135713877665,228.0,121.0,97.0,73.0,228.0,174.5,193.0
87028,2012-01-23,8869,216418,88.35,105.45,0,1,156,74.85135713877665,300.0,47.0,52.0,23.0,300.0,173.5,151.0
