MLProject/Demand_Forecasting_preprocessing/train_processed.csv
record_ID,week,store_id,sku_id,total_price,base_price,is_featured_sku,is_display_sku,units_sold,store_encoded,lag_1,lag_2,lag_5,lag_19,ma_1,ma_2,ma_4
168,2011-01-17,8121,216418,84.075,84.075,0,0,61,35.49622990422649,98.0,49.0,98.0,27.0,98.0,73.5,60.5
3444,2011-01-31,8121,216418,70.5375,84.075,0,0,53,35.49622990422649,110.0,80.0,104.0,139.0,110.0,95.0,116.5
5080,2011-02-07,8121,216418,82.65,82.65,0,0,56,35.49622990422649,77.0,57.0,43.0,170.0,77.0,67.0,79.0
6720,2011-02-14,8121,216418,83.3625,83.3625,0,0,54,35.49622990422649,102.0,25.0,45.0,24.0,102.0,63.5,64.75
8358,2011-02-21,8121,216418,82.65,82.65,0,0,35,35.49622990422649,112.0,131.0,106.0,35.0,112.0,121.5,126.25
9991,2011-02-28,8121,216418,83.3625,83.3625,0,0,48,35.49622990422649,150.0,14.0,69.0,33.0,150.0,82.0,64.0
13220,2011-03-14,8121,216418,81.9375,81.9375,0,0,33,35.49622990422649,136.0,21.0,38.0,31.0,136.0,78.5,78.0
14858,2011-03-21,8121,216418,81.225,81.225,0,0,37,35.49622990422649,200.0,52.0,35.0,36.0,200.0,126.0,92.75
16500,2011-03-28,8121,216418,82.65,82.65,0,0,23,35.49622990422649,186.0,19.0,26.0,32.0,186.0,102.5,92.25
18136,2011-04-04,8121,216418,81.225,81.225,0,0,34,35.49622990422649,196.0,35.0,43.0,37.0,196.0,115.5,103.25
19772,2011-04-11,8121,216418,83.3625,83.3625,0,0,46,35.49622990422649,188.0,23.0,40.0,155.0,188.0,105.5,101.75
21409,2011-04-18,8121,216418,84.075,84.075,0,0,32,35.49622990422649,119.0,33.0,50.0,21.0,119.0,76.0,65.0
23042,2011-04-25,8121,216418,84.075,84.075,0,0,27,35.49622990422649,91.0,107.0,72.0,161.0,91.0,99.0,115.5
24681,2011-05-02,8121,216418,82.65,82.65,0,0,28,35.49622990422649,52.0,45.0,16.0,162.0,52.0,48.5,57.5
26318,2011-05-09,8121,216418,82.65,82.65,0,0,34,35.49622990422649,109.0,26.0,34.0,37.0,109.0,67.5,58.25
27955,2011-05-16,8121,216418,83.3625,83.3625,0,0,29,35.49622990422649,135.0,25.0,24.0,26.0,135.0,80.0,71.75
29592,2011-05-23,8121,216418,69.1125,83.3625,0,0,35,35.49622990422649,135.0,65.0,117.0,31.0,135.0,100.0,111.25
31224,2011-05-30,8121,216418,69.1125,83.3625,0,0,27,35.49622990422649,136.0,106.0,120.0,15.0,136.0,121.0,124.25
32860,2011-06-06,8121,216418,69.825,83.3625,0,0,44,35.49622990422649,101.0,65.0,56.0,33.0,101.0,83.0,78.5
34499,2011-06-13,8121,216418,68.4,83.3625,0,0,22,35.49622990422649,98.0,42.0,56.0,23.0,98.0,70.0,69.25
36131,2011-06-20,8121,216418,70.5375,83.3625,0,0,38,35.49622990422649,108.0,40.0,32.0,126.0,108.0,74.0,62.75
37767,2011-06-27,8121,216418,69.1125,83.3625,0,0,45,35.49622990422649,86.0,79.0,13.0,52.0,86.0,82.5,66.25
39408,2011-07-04,8121,216418,69.825,69.825,0,0,45,35.49622990422649,76.0,53.0,40.0,131.0,76.0,64.5,56.5
41046,2011-07-11,8121,216418,69.1125,69.1125,0,0,48,35.49622990422649,99.0,38.0,12.0,31.0,99.0,68.5,68.25
42685,2011-07-18,8121,216418,69.1125,69.1125,0,0,65,35.49622990422649,94.0,33.0,24.0,170.0,94.0,63.5,61.0
44320,2011-07-25,8121,216418,69.825,69.825,0,0,71,35.49622990422649,100.0,25.0,29.0,43.0,100.0,62.5,63.5
45951,2011-08-01,8121,216418,69.1125,69.1125,0,0,75,35.49622990422649,114.0,103.0,44.0,152.0,114.0,108.5,105.25
52482,2011-08-29,8121,216418,69.1125,69.1125,0,0,64,35.49622990422649,130.0,28.0,43.0,42.0,130.0,79.0,74.75
54103,2011-09-05,8121,216418,69.1125,69.1125,0,0,53,35.49622990422649,113.0,38.0,43.0,41.0,113.0,75.5,71.25
55726,2011-09-12,8121,216418,69.1125,69.1125,0,0,59,35.49622990422649,96.0,71.0,120.0,24.0,96.0,83.5,117.5
58983,2011-09-26,8121,216418,69.1125,69.1125,0,0,42,35.49622990422649,100.0,43.0,42.0,48.0,100.0,71.5,67.0
60605,2011-10-03,8121,216418,69.1125,69.1125,0,0,51,35.49622990422649,127.0,44.0,49.0,50.0,127.0,85.5,82.75
62224,2011-10-10,8121,216418,69.1125,69.1125,0,0,58,35.49622990422649,145.0,124.0,75.0,145.0,145.0,134.5,157.75
63848,2011-10-17,8121,216418,69.1125,69.1125,0,0,50,35.49622990422649,159.0,106.0,71.0,42.0,159.0,132.5,141.5
65486,2011-10-24,8121,216418,69.825,69.825,0,0,63,35.49622990422649,119.0,35.0,63.0,41.0,119.0,77.0,78.5
67123,2011-10-31,8121,216418,69.1125,69.1125,0,0,77,35.49622990422649,129.0,65.0,51.0,35.0,129.0,97.0,93.5
68762,2011-11-07,8121,216418,70.5375,70.5375,0,0,51,35.49622990422649,92.0,54.0,41.0,181.0,92.0,73.0,77.25
70397,2011-11-14,8121,216418,67.6875,67.6875,0,0,42,35.49622990422649,118.0,40.0,44.0,36.0,118.0,79.0,76.25
72036,2011-11-21,8121,216418,69.1125,69.1125,0,0,77,35.49622990422649,187.0,113.0,129.0,201.0,187.0,150.0,145.5
73670,2011-11-28,8121,216418,68.4,68.4,0,0,84,35.49622990422649,135.0,64.0,55.0,50.0,135.0,99.5,82.25
75306,2011-12-05,8121,216418,70.5375,70.5375,0,0,55,35.49622990422649,104.0,55.0,19.0,199.0,104.0,79.5,83.25
80227,2011-12-26,8121,216418,69.825,69.825,0,0,157,35.49622990422649,164.0,110.0,110.0,60.0,164.0,137.0,128.5
81867,2012-01-02,8121,216418,70.5375,70.5375,0,0,63,35.49622990422649,164.0,103.0,148.0,51.0,164.0,133.5,162.75
85148,2012-01-16,8121,216418,70.5375,70.5375,0,0,53,35.49622990422649,311.0,107.0,30.0,286.0,311.0,209.0,210.5
86789,2012-01-23,8121,216418,70.5375,70.5375,0,0,63,35.49622990422649,267.0,123.0,25.0,29.0,267.0,195.0,177.25
88428,2012-01-30,8121,216418,84.7875,84.7875,0,0,60,35.49622990422649,245.0,89.0,89.0,212.0,245.0,167.0,182.0
120,2011-01-17,8058,216418,98.325,98.325,0,0,104,52.747142083953975,61.0,98.0,51.0,61.0,61.0,79.5,63.0
1760,2011-01-24,8058,216418,98.325,98.325,0,0,103,52.747142083953975,49.0,34.0,56.0,45.0,49.0,41.5,93.75
3396,2011-01-31,8058,216418,98.325,98.325,0,0,80,52.747142083953975,227.0,49.0,26.0,85.0,227.0,138.0,118.75
5032,2011-02-07,8058,216418,97.6125,97.6125,0,0,113,52.747142083953975,19.0,17.0,49.0,54.0,19.0,18.0,66.5
6672,2011-02-14,8058,216418,106.1625,106.1625,0,0,112,52.747142083953975,54.0,102.0,51.0,32.0,54.0,78.0,65.5
8310,2011-02-21,8058,216418,106.1625,106.1625,0,0,106,52.747142083953975,129.0,31.0,47.0,23.0,129.0,80.0,96.5
9944,2011-02-28,8058,216418,106.1625,106.1625,0,0,99,52.747142083953975,48.0,150.0,35.0,26.0,48.0,99.0,67.25
11558,2011-03-07,8058,216418,106.875,106.875,0,0,94,52.747142083953975,231.0,82.0,14.0,93.0,231.0,156.5,133.75
13172,2011-03-14,8058,216418,106.1625,106.1625,0,0,82,52.747142083953975,33.0,136.0,69.0,34.0,33.0,84.5,69.0
14810,2011-03-21,8058,216418,106.875,106.875,0,0,91,52.747142083953975,37.0,200.0,45.0,4.0,37.0,118.5,90.75
21361,2011-04-18,8058,216418,105.45,105.45,0,0,68,52.747142083953975,32.0,119.0,45.0,7.0,32.0,75.5,61.75
22994,2011-04-25,8058,216418,105.45,105.45,0,0,107,52.747142083953975,225.0,39.0,39.0,176.0,225.0,132.0,125.0
24633,2011-05-02,8058,216418,106.1625,106.1625,0,0,77,52.747142083953975,67.0,7.0,39.0,52.0,67.0,37.0,81.5
26271,2011-05-09,8058,216418,106.1625,106.1625,0,0,114,52.747142083953975,34.0,109.0,43.0,38.0,34.0,71.5,56.0
27909,2011-05-16,8058,216418,106.1625,106.1625,0,0,92,52.747142083953975,29.0,135.0,64.0,23.0,29.0,82.0,63.0
29546,2011-05-23,8058,216418,106.1625,106.1625,0,0,117,52.747142083953975,133.0,31.0,36.0,34.0,133.0,82.0,109.25
31176,2011-05-30,8058,216418,105.45,105.45,0,0,106,52.747142083953975,189.0,66.0,19.0,45.0,189.0,127.5,135.5
32813,2011-06-06,8058,216418,105.45,105.45,0,0,97,52.747142083953975,44.0,101.0,51.0,3.0,44.0,72.5,76.75
34451,2011-06-13,8058,216418,106.1625,106.1625,0,0,93,52.747142083953975,22.0,98.0,48.0,20.0,22.0,60.0,62.75
36083,2011-06-20,8058,216418,118.9875,118.9875,0,0,64,52.747142083953975,38.0,108.0,26.0,19.0,38.0,73.0,65.75
37719,2011-06-27,8058,216418,118.9875,118.9875,0,0,77,52.747142083953975,45.0,86.0,24.0,5.0,45.0,65.5,71.5
39360,2011-07-04,8058,216418,118.275,118.275,0,0,87,52.747142083953975,45.0,76.0,25.0,6.0,45.0,60.5,61.5
40998,2011-07-11,8058,216418,119.7,119.7,0,0,65,52.747142083953975,48.0,99.0,33.0,11.0,48.0,73.5,72.0
42637,2011-07-18,8058,216418,89.0625,119.7,0,0,101,52.747142083953975,65.0,94.0,35.0,7.0,65.0,79.5,68.5
44273,2011-07-25,8058,216418,88.35,119.7,0,0,77,52.747142083953975,71.0,100.0,42.0,9.0,71.0,85.5,70.75
45904,2011-08-01,8058,216418,88.35,119.7,0,0,103,52.747142083953975,165.0,39.0,12.0,172.0,165.0,102.0,87.0
47536,2011-08-08,8058,216418,87.6375,119.7,0,0,83,52.747142083953975,93.0,99.0,34.0,26.0,93.0,96.0,74.0
49170,2011-08-15,8058,216418,105.45,119.7,0,0,97,52.747142083953975,132.0,94.0,52.0,11.0,132.0,113.0,86.5
50804,2011-08-22,8058,216418,106.1625,119.7,0,0,121,52.747142083953975,199.0,51.0,13.0,48.0,199.0,125.0,112.75
52434,2011-08-29,8058,216418,106.875,106.875,0,0,89,52.747142083953975,64.0,130.0,50.0,26.0,64.0,97.0,78.25
54056,2011-09-05,8058,216418,106.1625,106.1625,0,0,106,52.747142083953975,53.0,113.0,53.0,21.0,53.0,83.0,71.25
55680,2011-09-12,8058,216418,106.875,106.875,0,0,120,52.747142083953975,136.0,30.0,72.0,33.0,136.0,83.0,98.25
57307,2011-09-19,8058,216418,106.1625,106.1625,0,0,116,52.747142083953975,246.0,87.0,19.0,83.0,246.0,166.5,139.0
58936,2011-09-26,8058,216418,106.1625,106.1625,0,0,124,52.747142083953975,42.0,100.0,42.0,33.0,42.0,71.0,67.0
60558,2011-10-03,8058,216418,105.45,105.45,0,0,95,52.747142083953975,51.0,127.0,53.0,44.0,51.0,89.0,82.25
62179,2011-10-10,8058,216418,103.3125,103.3125,0,0,124,52.747142083953975,316.0,46.0,30.0,178.0,316.0,181.0,142.75
63801,2011-10-17,8058,216418,105.45,105.45,0,0,106,52.747142083953975,256.0,45.0,33.0,55.0,256.0,150.5,131.5
65438,2011-10-24,8058,216418,104.7375,104.7375,0,0,105,52.747142083953975,63.0,119.0,36.0,50.0,63.0,91.0,85.25
67075,2011-10-31,8058,216418,105.45,105.45,0,0,62,52.747142083953975,77.0,129.0,49.0,34.0,77.0,103.0,100.5
68714,2011-11-07,8058,216418,105.45,105.45,0,0,80,52.747142083953975,51.0,92.0,41.0,42.0,51.0,71.5,79.75
73622,2011-11-28,8058,216418,104.7375,104.7375,0,0,110,52.747142083953975,84.0,135.0,29.0,95.0,84.0,109.5,96.0
75259,2011-12-05,8058,216418,104.7375,104.7375,0,0,112,52.747142083953975,55.0,104.0,57.0,94.0,55.0,79.5,82.75
76897,2011-12-12,8058,216418,88.35,104.7375,0,0,150,52.747142083953975,274.0,77.0,42.0,126.0,274.0,175.5,168.0
78539,2011-12-19,8058,216418,89.0625,104.7375,0,0,138,52.747142083953975,376.0,140.0,47.0,206.0,376.0,258.0,206.5
80179,2011-12-26,8058,216418,88.35,104.7375,0,0,147,52.747142083953975,157.0,164.0,66.0,153.0,157.0,160.5,151.25
81819,2012-01-02,8058,216418,88.35,104.7375,0,0,148,52.747142083953975,153.0,70.0,62.0,56.0,153.0,111.5,135.0
93,2011-01-17,8023,216418,98.325,88.35,0,1,233,108.57915569600668,104.0,61.0,44.0,113.0,104.0,82.5,78.0
1733,2011-01-24,8023,216418,98.325,88.35,0,1,204,108.57915569600668,93.0,86.0,31.0,94.0,93.0,89.5,78.0
3369,2011-01-31,8023,216418,98.325,88.35,0,1,227,108.57915569600668,49.0,104.0,89.0,80.0,49.0,76.5,68.5
5005,2011-02-07,8023,216418,98.325,88.35,0,1,279,108.57915569600668,100.0,90.0,57.0,44.0,100.0,95.0,80.75
6645,2011-02-14,8023,216418,105.45,88.35,0,1,210,108.57915569600668,112.0,54.0,81.0,77.0,112.0,83.0,73.25
8283,2011-02-21,8023,216418,106.1625,88.35,0,1,210,108.57915569600668,106.0,129.0,92.0,276.0,106.0,117.5,100.0
9917,2011-02-28,8023,216418,106.1625,88.35,0,1,236,108.57915569600668,99.0,48.0,57.0,87.0,99.0,73.5,77.75
11531,2011-03-07,8023,216418,105.45,88.35,0,1,231,108.57915569600668,82.0,97.0,33.0,143.0,82.0,89.5,79.5
13145,2011-03-14,8023,216418,104.7375,88.35,0,1,216,108.57915569600668,82.0,33.0,86.0,98.0,82.0,57.5,68.0
14783,2011-03-21,8023,216418,106.1625,88.35,0,1,281,108.57915569600668,91.0,37.0,74.0,10.0,91.0,64.0,95.0
16425,2011-03-28,8023,216418,106.1625,88.35,0,1,220,108.57915569600668,105.0,23.0,113.0,21.0,105.0,64.0,83.25
18061,2011-04-04,8023,216418,104.025,88.35,0,1,261,108.57915569600668,113.0,34.0,147.0,147.0,113.0,73.5,94.5
19697,2011-04-11,8023,216418,106.1625,88.35,0,1,192,108.57915569600668,136.0,46.0,130.0,83.0,136.0,91.0,98.25
50777,2011-08-22,8023,216418,106.875,119.7,0,1,199,108.57915569600668,51.0,61.0,9.0,119.0,51.0,56.0,66.25
52407,2011-08-29,8023,216418,105.45,119.7,0,1,204,108.57915569600668,89.0,64.0,91.0,104.0,89.0,76.5,77.75
54029,2011-09-05,8023,216418,106.875,119.7,0,1,226,108.57915569600668,106.0,53.0,81.0,26.0,106.0,79.5,77.5
55653,2011-09-12,8023,216418,106.1625,119.7,0,1,251,108.57915569600668,120.0,136.0,111.0,163.0,120.0,128.0,100.5
57280,2011-09-19,8023,216418,105.45,119.7,0,1,246,108.57915569600668,87.0,90.0,33.0,134.0,87.0,88.5,82.25
58909,2011-09-26,8023,216418,104.7375,119.7,0,1,242,108.57915569600668,124.0,42.0,83.0,95.0,124.0,83.0,77.25
60531,2011-10-03,8023,216418,104.025,119.7,0,1,226,108.57915569600668,95.0,51.0,107.0,116.0,95.0,73.0,79.25
62154,2011-10-10,8023,216418,104.7375,119.7,0,1,316,108.57915569600668,46.0,75.0,75.0,112.0,46.0,60.5,71.25
63774,2011-10-17,8023,216418,104.025,119.7,0,1,256,108.57915569600668,45.0,71.0,14.0,135.0,45.0,58.0,75.75
65411,2011-10-24,8023,216418,104.7375,119.7,0,1,322,108.57915569600668,105.0,63.0,124.0,124.0,105.0,84.0,80.5
67048,2011-10-31,8023,216418,105.45,119.7,0,1,257,108.57915569600668,62.0,77.0,131.0,23.0,62.0,69.5,83.25
68687,2011-11-07,8023,216418,105.45,119.7,0,1,249,108.57915569600668,80.0,51.0,122.0,91.0,80.0,65.5,69.25
76870,2011-12-12,8023,216418,88.35,103.3125,0,1,274,108.57915569600668,77.0,148.0,63.0,204.0,77.0,112.5,110.0
78512,2011-12-19,8023,216418,88.35,103.3125,0,1,376,108.57915569600668,140.0,139.0,85.0,194.0,140.0,139.5,124.25
80152,2011-12-26,8023,216418,88.35,103.3125,0,1,401,108.57915569600668,147.0,157.0,174.0,98.0,147.0,152.0,144.5
81792,2012-01-02,8023,216418,88.35,103.3125,0,1,327,108.57915569600668,148.0,153.0,169.0,224.0,148.0,150.5,129.75
86714,2012-01-23,8023,216418,88.35,103.3125,0,1,297,108.57915569600668,135.0,63.0,209.0,121.0,135.0,99.0,147.0
88353,2012-01-30,8023,216418,89.0625,103.3125,0,1,353,108.57915569600668,41.0,89.0,181.0,122.0,41.0,65.0,80.25
42,2011-01-17,8094,216418,87.6375,87.6375,0,1,109,41.824951684009676,48.0,233.0,98.0,89.0,48.0,140.5,111.5
3318,2011-01-31,8094,216418,69.825,87.6375,0,1,104,41.824951684009676,95.0,26.0,28.0,73.0,95.0,60.5,71.0
4954,2011-02-07,8094,216418,71.9625,87.6375,0,1,102,41.824951684009676,49.0,279.0,56.0,15.0,49.0,164.0,129.5
6594,2011-02-14,8094,216418,71.9625,87.6375,0,1,100,41.824951684009676,31.0,210.0,102.0,78.0,31.0,120.5,101.75
13095,2011-03-14,8094,216418,71.25,87.6375,0,1,51,41.824951684009676,37.0,216.0,136.0,88.0,37.0,126.5,92.0
31098,2011-05-30,8094,216418,87.6375,88.35,0,1,120,41.824951684009676,167.0,19.0,34.0,117.0,167.0,93.0,63.0
32735,2011-06-06,8094,216418,87.6375,88.35,0,1,84,41.824951684009676,57.0,224.0,101.0,53.0,57.0,140.5,105.5
37641,2011-06-27,8094,216418,86.925,87.6375,0,1,83,41.824951684009676,42.0,120.0,86.0,52.0,42.0,81.0,71.0
71910,2011-11-21,8094,216418,77.6625,86.2125,0,1,129,41.824951684009676,170.0,28.0,10.0,139.0,170.0,99.0,79.75
73544,2011-11-28,8094,216418,70.5375,86.2125,0,1,152,41.824951684009676,55.0,218.0,135.0,65.0,55.0,136.5,116.75
75181,2011-12-05,8094,216418,69.825,86.2125,0,1,124,41.824951684009676,43.0,241.0,104.0,46.0,43.0,142.0,112.75
