MLProject/Demand_Forecasting_preprocessing/train_processed.csv
record_ID,week,store_id,sku_id,total_price,base_price,is_featured_sku,is_display_sku,units_sold,store_encoded,lag_1,lag_2,lag_5,lag_19,ma_1,ma_2,ma_4
17,2011-01-17,8095,216418,99.0375,99.0375,0,0,99,81.7294635650552,109.0,48.0,61.0,48.0,109.0,78.5,123.5
1657,2011-01-24,8095,216418,98.325,98.325,0,0,112,81.7294635650552,180.0,56.0,86.0,71.0,180.0,118.0,133.25
3293,2011-01-31,8095,216418,98.325,98.325,0,0,95,81.7294635650552,26.0,89.0,30.0,69.0,26.0,57.5,54.25
4929,2011-02-07,8095,216418,98.325,98.325,0,0,128,81.7294635650552,102.0,49.0,90.0,91.0,102.0,75.5,132.5
6569,2011-02-14,8095,216418,106.1625,106.1625,0,0,98,81.7294635650552,100.0,31.0,54.0,38.0,100.0,65.5,113.25
8207,2011-02-21,8095,216418,106.1625,106.1625,0,0,112,81.7294635650552,131.0,52.0,129.0,137.0,131.0,91.5,124.75
9843,2011-02-28,8095,216418,106.1625,106.1625,0,0,109,81.7294635650552,94.0,44.0,48.0,92.0,94.0,69.0,118.25
11456,2011-03-07,8095,216418,105.45,105.45,0,0,125,81.7294635650552,14.0,33.0,28.0,106.0,14.0,23.5,42.5
13070,2011-03-14,8095,216418,104.025,104.025,0,0,107,81.7294635650552,51.0,37.0,33.0,73.0,51.0,44.0,96.5
14707,2011-03-21,8095,216418,105.45,105.45,0,0,105,81.7294635650552,55.0,43.0,37.0,65.0,55.0,49.0,117.5
16349,2011-03-28,8095,216418,106.1625,106.1625,0,0,97,81.7294635650552,53.0,37.0,23.0,59.0,53.0,45.0,103.75
17985,2011-04-04,8095,216418,103.3125,103.3125,0,0,90,81.7294635650552,64.0,30.0,34.0,76.0,64.0,47.0,117.0
21259,2011-04-18,8095,216418,106.1625,106.1625,0,0,137,81.7294635650552,64.0,24.0,32.0,57.0,64.0,44.0,77.25
29444,2011-05-23,8095,216418,88.35,106.1625,0,0,135,81.7294635650552,65.0,44.0,133.0,143.0,65.0,54.5,106.75
31073,2011-05-30,8095,216418,88.35,106.1625,0,0,167,81.7294635650552,19.0,12.0,283.0,96.0,19.0,15.5,29.75
32710,2011-06-06,8095,216418,88.35,106.1625,0,0,86,81.7294635650552,84.0,57.0,44.0,46.0,84.0,70.5,115.5
34348,2011-06-13,8095,216418,88.35,106.1625,0,0,116,81.7294635650552,106.0,62.0,22.0,49.0,106.0,84.0,111.75
35980,2011-06-20,8095,216418,87.6375,106.1625,0,0,114,81.7294635650552,51.0,54.0,38.0,118.0,51.0,52.5,79.25
37617,2011-06-27,8095,216418,88.35,106.1625,0,0,142,81.7294635650552,83.0,42.0,45.0,38.0,83.0,62.5,80.5
39257,2011-07-04,8095,216418,88.35,88.35,0,0,93,81.7294635650552,54.0,33.0,45.0,111.0,54.0,43.5,77.0
40895,2011-07-11,8095,216418,88.35,88.35,0,0,112,81.7294635650552,72.0,48.0,48.0,52.0,72.0,60.0,91.0
42534,2011-07-18,8095,216418,89.0625,89.0625,0,0,86,81.7294635650552,51.0,36.0,65.0,142.0,51.0,43.5,94.75
44171,2011-07-25,8095,216418,87.6375,87.6375,0,0,113,81.7294635650552,59.0,35.0,71.0,50.0,59.0,47.0,80.0
45801,2011-08-01,8095,216418,89.0625,89.0625,0,0,100,81.7294635650552,12.0,51.0,28.0,66.0,12.0,31.5,28.75
47434,2011-08-08,8095,216418,88.35,88.35,0,0,107,81.7294635650552,64.0,53.0,93.0,61.0,64.0,58.5,99.25
49067,2011-08-15,8095,216418,89.0625,89.0625,0,0,107,81.7294635650552,31.0,37.0,132.0,180.0,31.0,34.0,96.5
50701,2011-08-22,8095,216418,89.0625,89.0625,0,0,140,81.7294635650552,13.0,9.0,13.0,111.0,13.0,11.0,27.75
52332,2011-08-29,8095,216418,88.35,88.35,0,0,119,81.7294635650552,68.0,73.0,64.0,59.0,68.0,70.5,108.5
53954,2011-09-05,8095,216418,89.0625,89.0625,0,0,99,81.7294635650552,55.0,79.0,53.0,42.0,55.0,67.0,116.5
55578,2011-09-12,8095,216418,88.35,88.35,0,0,96,81.7294635650552,71.0,52.0,136.0,210.0,71.0,61.5,123.5
57204,2011-09-19,8095,216418,88.35,88.35,0,0,133,81.7294635650552,19.0,33.0,166.0,113.0,19.0,26.0,40.0
58833,2011-09-26,8095,216418,88.35,88.35,0,0,129,81.7294635650552,74.0,49.0,42.0,47.0,74.0,61.5,122.25
60455,2011-10-03,8095,216418,86.2125,86.2125,0,0,131,81.7294635650552,62.0,42.0,51.0,47.0,62.0,52.0,106.25
62081,2011-10-10,8095,216418,104.025,104.025,0,0,134,81.7294635650552,30.0,75.0,38.0,40.0,30.0,52.5,44.0
63699,2011-10-17,8095,216418,104.025,104.025,0,0,154,81.7294635650552,33.0,14.0,136.0,52.0,33.0,23.5,38.5
65335,2011-10-24,8095,216418,104.7375,104.7375,0,0,119,81.7294635650552,73.0,29.0,63.0,57.0,73.0,51.0,132.25
66972,2011-10-31,8095,216418,106.1625,106.1625,0,0,127,81.7294635650552,77.0,65.0,77.0,52.0,77.0,71.0,115.25
68611,2011-11-07,8095,216418,104.025,104.025,0,0,107,81.7294635650552,52.0,36.0,51.0,152.0,52.0,44.0,104.25
70246,2011-11-14,8095,216418,103.3125,103.3125,0,0,122,81.7294635650552,46.0,61.0,42.0,72.0,46.0,53.5,106.5
71885,2011-11-21,8095,216418,105.45,105.45,0,0,170,81.7294635650552,28.0,69.0,46.0,47.0,28.0,48.5,39.75
73519,2011-11-28,8095,216418,106.1625,106.1625,0,0,185,81.7294635650552,152.0,55.0,84.0,75.0,152.0,103.5,133.75
75156,2011-12-05,8095,216418,104.7375,104.7375,0,0,183,81.7294635650552,124.0,43.0,55.0,151.0,124.0,83.5,130.0
78436,2011-12-19,8095,216418,89.0625,104.7375,0,0,171,81.7294635650552,47.0,85.0,121.0,96.0,47.0,66.0,69.75
80077,2011-12-26,8095,216418,88.35,104.7375,0,0,218,81.7294635650552,205.0,97.0,157.0,101.0,205.0,151.0,212.5
81717,2012-01-02,8095,216418,87.6375,104.7375,0,0,164,81.7294635650552,103.0,57.0,153.0,120.0,103.0,80.0,158.75
88277,2012-01-30,8095,216418,88.35,104.7375,0,0,148,81.7294635650552,43.0,181.0,5.0,59.0,43.0,112.0,82.25
869,2011-01-17,9425,216418,84.7875,76.95,0,1,52,29.36884909708633,99.0,109.0,104.0,181.0,99.0,104.0,122.25
9057,2011-02-21,9425,216418,83.3625,83.3625,0,1,52,29.36884909708633,63.0,37.0,58.0,134.0,63.0,50.0,67.25
13920,2011-03-14,9425,216418,81.225,83.3625,0,1,39,29.36884909708633,118.0,103.0,51.0,75.0,118.0,110.5,87.0
15559,2011-03-21,9425,216418,83.3625,83.3625,0,1,22,29.36884909708633,105.0,55.0,91.0,167.0,105.0,80.0,121.0
22105,2011-04-18,9425,216418,79.8,83.3625,0,1,27,29.36884909708633,82.0,95.0,64.0,42.0,82.0,88.5,82.0
23743,2011-04-25,9425,216418,83.3625,83.3625,0,1,33,29.36884909708633,7.0,31.0,178.0,79.0,7.0,19.0,28.75
25381,2011-05-02,9425,216418,84.075,83.3625,0,1,67,29.36884909708633,7.0,167.0,181.0,27.0,7.0,87.0,74.5
80926,2011-12-26,9425,216418,70.5375,69.825,0,1,121,29.36884909708633,218.0,205.0,147.0,188.0,218.0,211.5,230.25
82568,2012-01-02,9425,216418,70.5375,69.825,0,1,43,29.36884909708633,103.0,63.0,89.0,148.0,103.0,83.0,84.25
85848,2012-01-16,9425,216418,70.5375,69.825,0,1,71,29.36884909708633,99.0,74.0,140.0,19.0,99.0,86.5,116.5
89128,2012-01-30,9425,216418,84.075,69.825,0,1,80,29.36884909708633,25.0,5.0,180.0,94.0,25.0,15.0,37.5
143,2011-01-17,8222,216418,97.6125,97.6125,0,0,101,84.39157377436744,52.0,99.0,233.0,22.0,52.0,75.5,77.0
1783,2011-01-24,8222,216418,98.325,98.325,0,0,93,84.39157377436744,86.0,71.0,62.0,59.0,86.0,78.5,62.5
3419,2011-01-31,8222,216418,97.6125,97.6125,0,0,110,84.39157377436744,80.0,227.0,95.0,138.0,80.0,153.5,115.0
5055,2011-02-07,8222,216418,97.6125,97.6125,0,0,100,84.39157377436744,90.0,56.0,43.0,128.0,90.0,73.0,70.0
6695,2011-02-14,8222,216418,106.1625,106.1625,0,0,115,84.39157377436744,24.0,98.0,210.0,18.0,24.0,61.0,63.25
8333,2011-02-21,8222,216418,106.1625,106.1625,0,0,129,84.39157377436744,31.0,134.0,59.0,33.0,31.0,82.5,76.0
9966,2011-02-28,8222,216418,105.45,105.45,0,0,116,84.39157377436744,16.0,109.0,236.0,16.0,16.0,62.5,65.75
11581,2011-03-07,8222,216418,106.1625,106.1625,0,0,123,84.39157377436744,94.0,231.0,125.0,107.0,94.0,162.5,126.0
13195,2011-03-14,8222,216418,104.025,104.025,0,0,103,84.39157377436744,20.0,107.0,216.0,27.0,20.0,63.5,53.75
14833,2011-03-21,8222,216418,104.025,104.025,0,0,157,84.39157377436744,22.0,105.0,281.0,32.0,22.0,63.5,56.25
16475,2011-03-28,8222,216418,106.1625,106.1625,0,0,161,84.39157377436744,27.0,97.0,220.0,29.0,27.0,62.0,53.5
18111,2011-04-04,8222,216418,104.7375,104.7375,0,0,158,84.39157377436744,20.0,90.0,261.0,28.0,20.0,55.0,51.0
19747,2011-04-11,8222,216418,106.1625,106.1625,0,0,114,84.39157377436744,7.0,149.0,192.0,29.0,7.0,78.0,69.5
21384,2011-04-18,8222,216418,106.1625,106.1625,0,0,95,84.39157377436744,14.0,137.0,153.0,24.0,14.0,75.5,59.75
23017,2011-04-25,8222,216418,106.1625,106.1625,0,0,91,84.39157377436744,107.0,225.0,164.0,86.0,107.0,166.0,110.75
24656,2011-05-02,8222,216418,104.7375,104.7375,0,0,93,84.39157377436744,92.0,28.0,41.0,159.0,92.0,60.0,54.25
26294,2011-05-09,8222,216418,105.45,105.45,0,0,109,84.39157377436744,31.0,186.0,198.0,26.0,31.0,108.5,83.5
27931,2011-05-16,8222,216418,104.7375,104.7375,0,0,109,84.39157377436744,50.0,195.0,200.0,25.0,50.0,122.5,90.25
29568,2011-05-23,8222,216418,105.45,105.45,0,0,133,84.39157377436744,31.0,172.0,50.0,65.0,31.0,101.5,85.0
31199,2011-05-30,8222,216418,105.45,105.45,0,0,136,84.39157377436744,106.0,189.0,167.0,78.0,106.0,147.5,120.25
32835,2011-06-06,8222,216418,105.45,105.45,0,0,125,84.39157377436744,14.0,86.0,224.0,25.0,14.0,50.0,60.25
34474,2011-06-13,8222,216418,106.1625,106.1625,0,0,138,84.39157377436744,53.0,116.0,186.0,13.0,53.0,84.5,84.25
36106,2011-06-20,8222,216418,118.275,118.275,0,0,77,84.39157377436744,19.0,114.0,148.0,26.0,19.0,66.5,59.5
37742,2011-06-27,8222,216418,118.9875,118.9875,0,0,84,84.39157377436744,17.0,142.0,120.0,22.0,17.0,79.5,71.0
39383,2011-07-04,8222,216418,116.1375,116.1375,0,0,58,84.39157377436744,6.0,93.0,134.0,27.0,6.0,49.5,46.5
41021,2011-07-11,8222,216418,114.0,114.0,0,0,113,84.39157377436744,25.0,112.0,179.0,17.0,25.0,68.5,64.25
42660,2011-07-18,8222,216418,86.2125,114.0,0,0,106,84.39157377436744,23.0,86.0,191.0,29.0,23.0,54.5,49.0
44296,2011-07-25,8222,216418,87.6375,114.0,0,0,92,84.39157377436744,34.0,113.0,149.0,22.0,34.0,73.5,60.25
45927,2011-08-01,8222,216418,88.35,114.0,0,0,114,84.39157377436744,103.0,165.0,100.0,30.0,103.0,134.0,87.75
47559,2011-08-08,8222,216418,88.35,114.0,0,0,108,84.39157377436744,15.0,107.0,197.0,21.0,15.0,61.0,59.75
49193,2011-08-15,8222,216418,105.45,105.45,0,0,104,84.39157377436744,23.0,107.0,221.0,40.0,23.0,65.0,49.5
50827,2011-08-22,8222,216418,106.1625,106.1625,0,0,116,84.39157377436744,121.0,199.0,140.0,172.0,121.0,160.0,108.0
52457,2011-08-29,8222,216418,105.45,105.45,0,0,135,84.39157377436744,22.0,119.0,204.0,21.0,22.0,70.5,70.5
54078,2011-09-05,8222,216418,105.45,105.45,0,0,110,84.39157377436744,32.0,99.0,226.0,16.0,32.0,65.5,66.25
55702,2011-09-12,8222,216418,105.45,105.45,0,0,136,84.39157377436744,30.0,116.0,46.0,47.0,30.0,73.0,82.25
57330,2011-09-19,8222,216418,105.45,105.45,0,0,103,84.39157377436744,116.0,246.0,133.0,99.0,116.0,181.0,134.75
58958,2011-09-26,8222,216418,105.45,105.45,0,0,111,84.39157377436744,21.0,129.0,242.0,30.0,21.0,75.0,68.25
60580,2011-10-03,8222,216418,104.025,104.025,0,0,141,84.39157377436744,18.0,131.0,226.0,22.0,18.0,74.5,63.25
62200,2011-10-10,8222,216418,103.3125,103.3125,0,0,145,84.39157377436744,124.0,316.0,134.0,58.0,124.0,220.0,140.25
63824,2011-10-17,8222,216418,104.025,104.025,0,0,159,84.39157377436744,106.0,256.0,154.0,160.0,106.0,181.0,119.5
65461,2011-10-24,8222,216418,104.025,104.025,0,0,178,84.39157377436744,36.0,119.0,322.0,12.0,36.0,77.5,64.25
67098,2011-10-31,8222,216418,105.45,105.45,0,0,147,84.39157377436744,73.0,127.0,257.0,26.0,73.0,100.0,85.5
68737,2011-11-07,8222,216418,102.6,102.6,0,0,144,84.39157377436744,43.0,107.0,249.0,36.0,43.0,75.0,59.5
70372,2011-11-14,8222,216418,104.7375,104.7375,0,0,124,84.39157377436744,43.0,122.0,236.0,14.0,43.0,82.5,68.0
72011,2011-11-21,8222,216418,105.45,105.45,0,0,187,84.39157377436744,113.0,213.0,170.0,54.0,113.0,163.0,131.0
73645,2011-11-28,8222,216418,104.025,104.025,0,0,168,84.39157377436744,52.0,185.0,218.0,32.0,52.0,118.5,111.0
75281,2011-12-05,8222,216418,104.7375,104.7375,0,0,152,84.39157377436744,38.0,183.0,241.0,66.0,38.0,110.5,97.0
76920,2011-12-12,8222,216418,88.35,104.7375,0,0,186,84.39157377436744,150.0,274.0,173.0,177.0,150.0,212.0,162.25
78562,2011-12-19,8222,216418,88.35,104.7375,0,0,247,84.39157377436744,138.0,376.0,171.0,168.0,138.0,257.0,198.25
80202,2011-12-26,8222,216418,88.35,104.7375,0,0,228,84.39157377436744,121.0,218.0,401.0,70.0,121.0,169.5,160.25
81842,2012-01-02,8222,216418,88.35,104.7375,0,0,153,84.39157377436744,70.0,148.0,48.0,126.0,70.0,109.0,112.25
431,2011-01-17,8991,216418,84.075,84.075,0,0,78,45.17642066392317,101.0,52.0,48.0,11.0,101.0,76.5,90.25
3706,2011-01-31,8991,216418,69.825,84.075,0,0,89,45.17642066392317,74.0,28.0,36.0,106.0,74.0,51.0,86.0
5341,2011-02-07,8991,216418,82.65,82.65,0,0,93,45.17642066392317,64.0,42.0,19.0,31.0,64.0,53.0,121.5
8621,2011-02-21,8991,216418,83.3625,83.3625,0,0,75,45.17642066392317,35.0,112.0,210.0,22.0,35.0,73.5,82.5
10247,2011-02-28,8991,216418,83.3625,83.3625,0,0,73,45.17642066392317,111.0,57.0,41.0,35.0,111.0,84.0,65.5
13482,2011-03-14,8991,216418,81.225,81.225,0,0,96,45.17642066392317,75.0,20.0,73.0,143.0,75.0,47.5,67.5
15120,2011-03-21,8991,216418,81.225,81.225,0,0,81,45.17642066392317,43.0,18.0,22.0,15.0,43.0,30.5,81.5
16762,2011-03-28,8991,216418,79.0875,79.0875,0,0,89,45.17642066392317,46.0,31.0,27.0,5.0,46.0,38.5,87.0
18397,2011-04-04,8991,216418,82.65,82.65,0,0,98,45.17642066392317,62.0,25.0,20.0,7.0,62.0,43.5,87.0
20034,2011-04-11,8991,216418,81.225,81.225,0,0,100,45.17642066392317,211.0,47.0,83.0,7.0,211.0,129.0,134.75
21669,2011-04-18,8991,216418,81.9375,81.9375,0,0,56,45.17642066392317,68.0,52.0,48.0,45.0,68.0,60.0,56.0
23305,2011-04-25,8991,216418,81.9375,81.9375,0,0,53,45.17642066392317,24.0,92.0,35.0,7.0,24.0,58.0,57.25
24944,2011-05-02,8991,216418,84.075,84.075,0,0,55,45.17642066392317,59.0,27.0,67.0,14.0,59.0,43.0,74.0
26580,2011-05-09,8991,216418,82.65,82.65,0,0,63,45.17642066392317,45.0,29.0,45.0,135.0,45.0,37.0,63.75
28218,2011-05-16,8991,216418,81.9375,81.9375,0,0,75,45.17642066392317,39.0,37.0,50.0,18.0,39.0,38.0,79.0
29851,2011-05-23,8991,216418,70.5375,81.9375,0,0,87,45.17642066392317,35.0,135.0,201.0,11.0,35.0,85.0,69.75
31487,2011-05-30,8991,216418,69.825,81.9375,0,0,79,45.17642066392317,54.0,100.0,46.0,283.0,54.0,77.0,81.0
33122,2011-06-06,8991,216418,69.1125,81.9375,0,0,81,45.17642066392317,102.0,52.0,58.0,65.0,102.0,77.0,65.25
34761,2011-06-13,8991,216418,68.4,81.9375,0,0,66,45.17642066392317,37.0,33.0,53.0,15.0,37.0,35.0,93.0
36394,2011-06-20,8991,216418,69.1125,81.9375,0,0,78,45.17642066392317,220.0,27.0,61.0,19.0,220.0,123.5,98.75
38030,2011-06-27,8991,216418,68.4,81.9375,0,0,64,45.17642066392317,29.0,39.0,17.0,9.0,29.0,34.0,55.25
39671,2011-07-04,8991,216418,67.6875,67.6875,0,0,47,45.17642066392317,219.0,56.0,38.0,76.0,219.0,137.5,91.0
41308,2011-07-11,8991,216418,69.825,69.825,0,0,59,45.17642066392317,38.0,18.0,25.0,12.0,38.0,28.0,68.75
42947,2011-07-18,8991,216418,69.1125,69.1125,0,0,56,45.17642066392317,161.0,46.0,87.0,23.0,161.0,103.5,106.25
44583,2011-07-25,8991,216418,69.1125,69.1125,0,0,94,45.17642066392317,28.0,46.0,39.0,42.0,28.0,37.0,47.75
46212,2011-08-01,8991,216418,69.1125,69.1125,0,0,59,45.17642066392317,19.0,100.0,15.0,25.0,19.0,59.5,58.25
47847,2011-08-08,8991,216418,69.1125,69.1125,0,0,64,45.17642066392317,40.0,43.0,15.0,9.0,40.0,41.5,72.0
49480,2011-08-15,8991,216418,69.1125,69.1125,0,0,69,45.17642066392317,48.0,67.0,37.0,52.0,48.0,57.5,62.5
51113,2011-08-22,8991,216418,69.825,69.825,0,0,59,45.17642066392317,98.0,108.0,29.0,13.0,98.0,103.0,83.25
52739,2011-08-29,8991,216418,69.1125,69.1125,0,0,87,45.17642066392317,47.0,56.0,59.0,151.0,47.0,51.5,75.5
54365,2011-09-05,8991,216418,69.825,69.825,0,0,97,45.17642066392317,52.0,26.0,32.0,17.0,52.0,39.0,71.25
55988,2011-09-12,8991,216418,69.1125,69.1125,0,0,72,45.17642066392317,59.0,96.0,251.0,21.0,59.0,77.5,69.5
59243,2011-09-26,8991,216418,69.825,69.825,0,0,100,45.17642066392317,45.0,49.0,21.0,45.0,45.0,47.0,87.5
60864,2011-10-03,8991,216418,65.55,65.55,0,0,84,45.17642066392317,67.0,58.0,47.0,53.0,67.0,62.5,68.25
62486,2011-10-10,8991,216418,68.4,68.4,0,0,122,45.17642066392317,20.0,167.0,42.0,12.0,20.0,93.5,81.5
64111,2011-10-17,8991,216418,69.825,69.825,0,0,99,45.17642066392317,45.0,115.0,45.0,136.0,45.0,80.0,73.75
65748,2011-10-24,8991,216418,69.1125,69.1125,0,0,112,45.17642066392317,74.0,79.0,89.0,36.0,74.0,76.5,106.75
67386,2011-10-31,8991,216418,69.1125,69.1125,0,0,98,45.17642066392317,62.0,40.0,73.0,7.0,62.0,51.0,94.0
69025,2011-11-07,8991,216418,68.4,68.4,0,0,71,45.17642066392317,175.0,116.0,98.0,43.0,175.0,145.5,134.75
70659,2011-11-14,8991,216418,69.1125,69.1125,0,0,70,45.17642066392317,75.0,70.0,40.0,51.0,75.0,72.5,75.75
72299,2011-11-21,8991,216418,69.825,69.825,0,0,88,45.17642066392317,23.0,120.0,44.0,10.0,23.0,71.5,73.25
73932,2011-11-28,8991,216418,67.6875,67.6875,0,0,116,45.17642066392317,49.0,56.0,52.0,33.0,49.0,52.5,101.25
75568,2011-12-05,8991,216418,70.5375,70.5375,0,0,85,45.17642066392317,90.0,63.0,150.0,57.0,90.0,76.5,70.0
80489,2011-12-26,8991,216418,69.825,69.825,0,0,186,45.17642066392317,140.0,58.0,121.0,78.0,140.0,99.0,162.25
82129,2012-01-02,8991,216418,69.825,69.825,0,0,91,45.17642066392317,63.0,164.0,327.0,93.0,63.0,113.5,96.75
85410,2012-01-16,8991,216418,69.825,69.825,0,0,95,45.17642066392317,376.0,119.0,206.0,52.0,376.0,247.5,296.75
88690,2012-01-30,8991,216418,87.6375,87.6375,0,0,74,45.17642066392317,40.0,165.0,35.0,25.0,40.0,102.5,87.75
