MLProject/Demand_Forecasting_preprocessing/train_processed.csv
record_ID,week,store_id,sku_id,total_price,base_price,is_featured_sku,is_display_sku,units_sold,store_encoded,lag_1,lag_2,lag_5,lag_19,ma_1,ma_2,ma_4
273,2011-01-17,8398,216418,98.325,98.325,0,0,103,60.53535694518055,78.0,101.0,109.0,26.0,78.0,89.5,82.5
5185,2011-02-07,8398,216418,99.0375,99.0375,0,0,77,60.53535694518055,57.0,43.0,31.0,97.0,57.0,50.0,70.5
6825,2011-02-14,8398,216418,104.7375,104.7375,0,0,81,60.53535694518055,51.0,45.0,17.0,74.0,51.0,48.0,65.75
8463,2011-02-21,8398,216418,106.1625,106.1625,0,0,92,60.53535694518055,47.0,59.0,87.0,169.0,47.0,53.0,61.5
10094,2011-02-28,8398,216418,106.1625,106.1625,0,0,57,60.53535694518055,35.0,69.0,11.0,48.0,35.0,52.0,68.0
11708,2011-03-07,8398,216418,106.875,106.875,0,0,68,60.53535694518055,38.0,123.0,82.0,155.0,38.0,80.5,121.5
13324,2011-03-14,8398,216418,106.1625,106.1625,0,0,86,60.53535694518055,69.0,38.0,8.0,100.0,69.0,53.5,64.75
14963,2011-03-21,8398,216418,104.025,104.025,0,0,74,60.53535694518055,45.0,35.0,15.0,89.0,45.0,40.0,63.0
21513,2011-04-18,8398,216418,104.7375,104.7375,0,0,63,60.53535694518055,45.0,50.0,12.0,94.0,45.0,47.5,50.0
23147,2011-04-25,8398,216418,86.925,104.7375,0,0,71,60.53535694518055,33.0,27.0,225.0,77.0,33.0,30.0,64.5
24786,2011-05-02,8398,216418,89.0625,104.7375,0,0,52,60.53535694518055,45.0,41.0,14.0,84.0,45.0,43.0,48.5
26422,2011-05-09,8398,216418,89.0625,104.7375,0,0,55,60.53535694518055,43.0,34.0,14.0,70.0,43.0,38.5,50.0
28060,2011-05-16,8398,216418,88.35,104.7375,0,0,63,60.53535694518055,64.0,24.0,18.0,91.0,64.0,44.0,44.0
29697,2011-05-23,8398,216418,88.35,104.7375,0,0,101,60.53535694518055,36.0,50.0,156.0,96.0,36.0,43.0,55.25
31329,2011-05-30,8398,216418,89.0625,104.7375,0,0,87,60.53535694518055,27.0,136.0,66.0,93.0,27.0,81.5,114.5
32965,2011-06-06,8398,216418,87.6375,87.6375,0,0,97,60.53535694518055,51.0,56.0,10.0,89.0,51.0,53.5,55.0
34604,2011-06-13,8398,216418,88.35,88.35,0,0,89,60.53535694518055,48.0,56.0,15.0,119.0,48.0,52.0,54.75
36236,2011-06-20,8398,216418,89.0625,89.0625,0,0,77,60.53535694518055,26.0,32.0,24.0,92.0,26.0,29.0,36.75
37872,2011-06-27,8398,216418,88.35,88.35,0,0,76,60.53535694518055,24.0,13.0,9.0,133.0,24.0,18.5,35.0
39513,2011-07-04,8398,216418,89.0625,89.0625,0,0,72,60.53535694518055,25.0,40.0,11.0,158.0,25.0,32.5,34.0
41151,2011-07-11,8398,216418,88.35,88.35,0,0,103,60.53535694518055,33.0,12.0,12.0,120.0,33.0,22.5,36.5
42790,2011-07-18,8398,216418,88.35,88.35,0,0,82,60.53535694518055,35.0,24.0,13.0,76.0,35.0,29.5,33.5
44425,2011-07-25,8398,216418,89.0625,89.0625,0,0,87,60.53535694518055,42.0,29.0,20.0,82.0,42.0,35.5,37.5
46055,2011-08-01,8398,216418,88.35,88.35,0,0,73,60.53535694518055,12.0,75.0,165.0,92.0,12.0,43.5,76.0
47689,2011-08-08,8398,216418,89.0625,89.0625,0,0,91,60.53535694518055,34.0,36.0,9.0,86.0,34.0,35.0,42.5
49323,2011-08-15,8398,216418,88.35,88.35,0,0,95,60.53535694518055,52.0,32.0,13.0,99.0,52.0,42.0,50.0
50957,2011-08-22,8398,216418,88.35,88.35,0,0,102,60.53535694518055,25.0,116.0,51.0,81.0,25.0,70.5,115.25
52584,2011-08-29,8398,216418,88.35,88.35,0,0,91,60.53535694518055,50.0,43.0,14.0,73.0,50.0,46.5,49.75
54208,2011-09-05,8398,216418,89.0625,89.0625,0,0,81,60.53535694518055,53.0,43.0,17.0,94.0,53.0,48.0,52.75
55831,2011-09-12,8398,216418,88.35,88.35,0,0,111,60.53535694518055,72.0,46.0,131.0,86.0,72.0,59.0,58.5
57460,2011-09-19,8398,216418,89.0625,89.0625,0,0,119,60.53535694518055,53.0,103.0,87.0,116.0,53.0,78.0,129.5
59088,2011-09-26,8398,216418,88.35,88.35,0,0,83,60.53535694518055,42.0,42.0,45.0,92.0,42.0,42.0,51.0
60710,2011-10-03,8398,216418,84.075,84.075,0,0,107,60.53535694518055,53.0,49.0,17.0,90.0,53.0,51.0,62.0
62329,2011-10-10,8398,216418,85.5,85.5,0,0,94,60.53535694518055,60.0,58.0,316.0,114.0,60.0,59.0,96.75
63953,2011-10-17,8398,216418,84.7875,84.7875,0,0,108,60.53535694518055,50.0,159.0,45.0,129.0,50.0,104.5,142.75
65591,2011-10-24,8398,216418,86.2125,86.2125,0,0,124,60.53535694518055,36.0,63.0,56.0,67.0,36.0,49.5,61.0
67228,2011-10-31,8398,216418,87.6375,87.6375,0,0,131,60.53535694518055,49.0,51.0,7.0,69.0,49.0,50.0,55.5
68867,2011-11-07,8398,216418,88.35,88.35,0,0,122,60.53535694518055,41.0,41.0,25.0,64.0,41.0,41.0,52.5
70501,2011-11-14,8398,216418,86.2125,86.2125,0,0,96,60.53535694518055,51.0,44.0,17.0,105.0,51.0,47.5,51.25
72141,2011-11-21,8398,216418,87.6375,87.6375,0,0,102,60.53535694518055,57.0,77.0,213.0,88.0,57.0,67.0,108.5
73775,2011-11-28,8398,216418,86.925,86.925,0,0,101,60.53535694518055,29.0,55.0,33.0,123.0,29.0,42.0,71.75
75411,2011-12-05,8398,216418,105.45,105.45,0,0,117,60.53535694518055,57.0,19.0,41.0,93.0,57.0,38.0,48.0
77050,2011-12-12,8398,216418,89.0625,105.45,0,0,112,60.53535694518055,181.0,186.0,77.0,71.0,181.0,183.5,197.75
78691,2011-12-19,8398,216418,89.0625,105.45,0,0,141,60.53535694518055,70.0,114.0,376.0,205.0,70.0,92.0,142.25
80331,2011-12-26,8398,216418,88.35,105.45,0,0,174,60.53535694518055,66.0,110.0,78.0,173.0,66.0,88.0,124.75
81972,2012-01-02,8398,216418,88.35,105.45,0,0,169,60.53535694518055,62.0,48.0,134.0,125.0,62.0,55.0,94.75
831,2011-01-17,9430,216418,99.0375,99.0375,0,0,39,49.08922354915627,103.0,78.0,99.0,50.0,103.0,90.5,83.5
2467,2011-01-24,9430,216418,98.325,98.325,0,0,52,49.08922354915627,198.0,117.0,169.0,86.0,198.0,157.5,137.75
4105,2011-01-31,9430,216418,99.0375,99.0375,0,0,43,49.08922354915627,59.0,10.0,64.0,89.0,59.0,34.5,64.75
7381,2011-02-14,9430,216418,106.875,106.875,0,0,45,49.08922354915627,82.0,70.0,53.0,25.0,82.0,76.0,63.75
9019,2011-02-21,9430,216418,106.1625,106.1625,0,0,47,49.08922354915627,27.0,69.0,35.0,87.0,27.0,48.0,50.0
10641,2011-02-28,9430,216418,106.1625,106.1625,0,0,44,49.08922354915627,41.0,49.0,16.0,11.0,41.0,45.0,86.0
12255,2011-03-07,9430,216418,106.875,106.875,0,0,36,49.08922354915627,87.0,28.0,42.0,252.0,87.0,57.5,56.25
13882,2011-03-14,9430,216418,104.7375,104.7375,0,0,61,49.08922354915627,106.0,67.0,77.0,21.0,106.0,86.5,70.75
15521,2011-03-21,9430,216418,103.3125,103.3125,0,0,67,49.08922354915627,111.0,68.0,76.0,200.0,111.0,89.5,63.0
18793,2011-04-04,9430,216418,106.875,106.875,0,0,62,49.08922354915627,98.0,62.0,158.0,53.0,98.0,80.0,72.0
20433,2011-04-11,9430,216418,106.875,106.875,0,0,40,49.08922354915627,29.0,38.0,7.0,10.0,29.0,33.5,70.25
22067,2011-04-18,9430,216418,106.1625,106.1625,0,0,44,49.08922354915627,48.0,27.0,14.0,12.0,48.0,37.5,63.0
23705,2011-04-25,9430,216418,105.45,105.45,0,0,39,49.08922354915627,33.0,7.0,22.0,162.0,33.0,20.0,31.5
25343,2011-05-02,9430,216418,106.875,106.875,0,0,40,49.08922354915627,92.0,52.0,59.0,92.0,92.0,72.0,68.0
26980,2011-05-09,9430,216418,106.1625,106.1625,0,0,53,49.08922354915627,97.0,52.0,51.0,26.0,97.0,74.5,73.5
28619,2011-05-16,9430,216418,106.875,106.875,0,0,41,49.08922354915627,144.0,47.0,62.0,135.0,144.0,95.5,76.5
30251,2011-05-23,9430,216418,106.875,106.875,0,0,64,49.08922354915627,33.0,46.0,35.0,156.0,33.0,39.5,48.5
31886,2011-05-30,9430,216418,106.1625,106.1625,0,0,54,49.08922354915627,34.0,283.0,17.0,40.0,34.0,158.5,92.0
33520,2011-06-06,9430,216418,106.1625,106.1625,0,0,30,49.08922354915627,81.0,102.0,59.0,101.0,81.0,91.5,70.75
35159,2011-06-13,9430,216418,106.875,106.875,0,0,39,49.08922354915627,126.0,74.0,83.0,98.0,126.0,100.0,75.5
36792,2011-06-20,9430,216418,118.9875,118.9875,0,0,54,49.08922354915627,57.0,32.0,19.0,24.0,57.0,44.5,65.25
38430,2011-06-27,9430,216418,119.7,119.7,0,0,40,49.08922354915627,64.0,29.0,84.0,25.0,64.0,46.5,50.25
40069,2011-07-04,9430,216418,119.7,119.7,0,0,51,49.08922354915627,30.0,14.0,6.0,11.0,30.0,22.0,47.75
41709,2011-07-11,9430,216418,119.7,119.7,0,0,40,49.08922354915627,108.0,50.0,54.0,99.0,108.0,79.0,54.0
43345,2011-07-18,9430,216418,88.35,119.7,0,0,62,49.08922354915627,38.0,27.0,23.0,13.0,38.0,32.5,66.0
44979,2011-07-25,9430,216418,88.35,119.7,0,0,54,49.08922354915627,39.0,28.0,34.0,20.0,39.0,33.5,75.0
46612,2011-08-01,9430,216418,88.35,119.7,0,0,51,49.08922354915627,27.0,25.0,12.0,164.0,27.0,26.0,29.75
48246,2011-08-08,9430,216418,88.35,119.7,0,0,73,49.08922354915627,64.0,40.0,108.0,10.0,64.0,52.0,61.0
49881,2011-08-15,9430,216418,106.1625,119.7,0,0,60,49.08922354915627,37.0,37.0,23.0,13.0,37.0,37.0,73.5
51511,2011-08-22,9430,216418,106.1625,119.7,0,0,61,49.08922354915627,28.0,13.0,26.0,132.0,28.0,20.5,25.5
53136,2011-08-29,9430,216418,106.1625,106.1625,0,0,59,49.08922354915627,133.0,64.0,77.0,28.0,133.0,98.5,78.25
54764,2011-09-05,9430,216418,105.45,105.45,0,0,46,49.08922354915627,198.0,62.0,79.0,113.0,198.0,130.0,93.25
56387,2011-09-12,9430,216418,106.1625,106.1625,0,0,71,49.08922354915627,47.0,89.0,59.0,131.0,47.0,68.0,60.0
58014,2011-09-19,9430,216418,106.1625,106.1625,0,0,46,49.08922354915627,62.0,166.0,28.0,115.0,62.0,114.0,94.75
59641,2011-09-26,9430,216418,106.875,106.875,0,0,62,49.08922354915627,219.0,137.0,82.0,100.0,219.0,178.0,113.5
61260,2011-10-03,9430,216418,106.875,106.875,0,0,45,49.08922354915627,47.0,50.0,18.0,17.0,47.0,48.5,89.5
62882,2011-10-10,9430,216418,104.7375,104.7375,0,0,75,49.08922354915627,59.0,12.0,22.0,244.0,59.0,35.5,35.0
64510,2011-10-17,9430,216418,88.35,104.7375,0,0,72,49.08922354915627,35.0,136.0,22.0,216.0,35.0,85.5,60.0
66147,2011-10-24,9430,216418,106.875,106.875,0,0,60,49.08922354915627,170.0,625.0,106.0,119.0,170.0,397.5,230.25
67784,2011-10-31,9430,216418,105.45,105.45,0,0,93,49.08922354915627,341.0,68.0,49.0,129.0,341.0,204.5,135.75
69423,2011-11-07,9430,216418,105.45,105.45,0,0,72,49.08922354915627,32.0,56.0,43.0,25.0,32.0,44.0,88.0
71060,2011-11-14,9430,216418,106.1625,106.1625,0,0,67,49.08922354915627,40.0,44.0,43.0,17.0,40.0,42.0,80.5
72698,2011-11-21,9430,216418,105.45,105.45,0,0,69,49.08922354915627,52.0,10.0,28.0,222.0,52.0,31.0,37.75
74331,2011-11-28,9430,216418,103.3125,103.3125,0,0,53,49.08922354915627,116.0,49.0,168.0,52.0,116.0,82.5,88.25
75968,2011-12-05,9430,216418,104.7375,104.7375,0,0,69,49.08922354915627,150.0,61.0,38.0,41.0,150.0,105.5,120.0
77608,2011-12-12,9430,216418,88.35,104.7375,0,0,76,49.08922354915627,91.0,55.0,32.0,242.0,91.0,73.0,118.75
80888,2011-12-26,9430,216418,89.0625,104.7375,0,0,101,49.08922354915627,651.0,155.0,133.0,164.0,651.0,403.0,248.5
82530,2012-01-02,9430,216418,87.6375,104.7375,0,0,62,49.08922354915627,172.0,126.0,63.0,134.0,172.0,149.0,104.75
87450,2012-01-23,9430,216418,89.0625,104.7375,0,0,138,49.08922354915627,85.0,65.0,47.0,93.0,85.0,75.0,151.5
89090,2012-01-30,9430,216418,89.0625,104.7375,0,0,181,49.08922354915627,80.0,25.0,52.0,253.0,80.0,52.5,44.5
456,2011-01-17,8911,216418,83.3625,83.3625,0,0,42,32.514953462734084,39.0,103.0,52.0,18.0,39.0,71.0,80.25
3731,2011-01-31,8911,216418,69.825,83.3625,0,0,59,32.514953462734084,10.0,98.0,186.0,74.0,10.0,54.0,66.0
5366,2011-02-07,8911,216418,84.075,84.075,0,0,64,32.514953462734084,42.0,267.0,17.0,54.0,42.0,154.5,110.25
7008,2011-02-14,8911,216418,83.3625,83.3625,0,0,37,32.514953462734084,33.0,211.0,98.0,86.0,33.0,122.0,95.75
8646,2011-02-21,8911,216418,81.9375,81.9375,0,0,27,32.514953462734084,69.0,29.0,112.0,7.0,69.0,49.0,52.0
10272,2011-02-28,8911,216418,79.8,79.8,0,0,41,32.514953462734084,49.0,138.0,109.0,79.0,49.0,93.5,79.75
13507,2011-03-14,8911,216418,80.5125,80.5125,0,0,52,32.514953462734084,39.0,118.0,107.0,96.0,39.0,78.5,70.0
15145,2011-03-21,8911,216418,83.3625,83.3625,0,0,43,32.514953462734084,18.0,108.0,105.0,67.0,18.0,63.0,76.25
16787,2011-03-28,8911,216418,80.5125,80.5125,0,0,46,32.514953462734084,31.0,110.0,97.0,87.0,31.0,70.5,82.25
18422,2011-04-04,8911,216418,82.65,82.65,0,0,62,32.514953462734084,25.0,103.0,90.0,72.0,25.0,64.0,76.5
20059,2011-04-11,8911,216418,79.8,79.8,0,0,29,32.514953462734084,38.0,100.0,149.0,42.0,38.0,69.0,64.75
21694,2011-04-18,8911,216418,82.65,82.65,0,0,48,32.514953462734084,27.0,82.0,137.0,47.0,27.0,54.5,54.5
23330,2011-04-25,8911,216418,83.3625,83.3625,0,0,55,32.514953462734084,60.0,59.0,123.0,35.0,60.0,59.5,87.25
24969,2011-05-02,8911,216418,81.9375,81.9375,0,0,59,32.514953462734084,27.0,133.0,7.0,42.0,27.0,80.0,76.0
26605,2011-05-09,8911,216418,83.3625,83.3625,0,0,39,32.514953462734084,42.0,143.0,186.0,63.0,42.0,92.5,81.25
28243,2011-05-16,8911,216418,83.3625,83.3625,0,0,39,32.514953462734084,37.0,131.0,195.0,37.0,37.0,84.0,81.75
29876,2011-05-23,8911,216418,72.675,83.3625,0,0,33,32.514953462734084,46.0,28.0,135.0,9.0,46.0,37.0,49.0
31512,2011-05-30,8911,216418,68.4,83.3625,0,0,50,32.514953462734084,56.0,57.0,119.0,46.0,56.0,56.5,104.75
33147,2011-06-06,8911,216418,69.1125,83.3625,0,0,41,32.514953462734084,33.0,137.0,86.0,35.0,33.0,85.0,77.25
34786,2011-06-13,8911,216418,69.1125,83.3625,0,0,37,32.514953462734084,33.0,164.0,116.0,49.0,33.0,98.5,97.0
36419,2011-06-20,8911,216418,69.1125,83.3625,0,0,57,32.514953462734084,32.0,95.0,114.0,32.0,32.0,63.5,55.75
38055,2011-06-27,8911,216418,69.1125,83.3625,0,0,29,32.514953462734084,39.0,69.0,142.0,39.0,39.0,54.0,52.25
39696,2011-07-04,8911,216418,68.4,68.4,0,0,30,32.514953462734084,14.0,89.0,93.0,33.0,14.0,51.5,41.75
41333,2011-07-11,8911,216418,69.1125,69.1125,0,0,38,32.514953462734084,18.0,106.0,112.0,38.0,18.0,62.0,65.5
42972,2011-07-18,8911,216418,69.825,69.825,0,0,38,32.514953462734084,27.0,93.0,86.0,67.0,27.0,60.0,62.25
44608,2011-07-25,8911,216418,69.825,69.825,0,0,39,32.514953462734084,28.0,141.0,113.0,24.0,28.0,84.5,73.75
47872,2011-08-08,8911,216418,69.1125,69.1125,0,0,40,32.514953462734084,43.0,97.0,107.0,26.0,43.0,70.0,65.75
49505,2011-08-15,8911,216418,68.4,68.4,0,0,37,32.514953462734084,37.0,116.0,107.0,60.0,37.0,76.5,70.0
51137,2011-08-22,8911,216418,69.1125,69.1125,0,0,41,32.514953462734084,92.0,68.0,99.0,29.0,92.0,80.0,100.0
52763,2011-08-29,8911,216418,69.825,69.825,0,0,52,32.514953462734084,53.0,77.0,119.0,87.0,53.0,65.0,71.75
54389,2011-09-05,8911,216418,69.1125,69.1125,0,0,52,32.514953462734084,26.0,97.0,99.0,35.0,26.0,61.5,66.25
56012,2011-09-12,8911,216418,68.4,68.4,0,0,47,32.514953462734084,89.0,32.0,96.0,11.0,89.0,60.5,63.0
59268,2011-09-26,8911,216418,67.6875,67.6875,0,0,45,32.514953462734084,49.0,145.0,129.0,57.0,49.0,97.0,81.5
60889,2011-10-03,8911,216418,66.2625,66.2625,0,0,47,32.514953462734084,50.0,120.0,131.0,53.0,50.0,85.0,82.25
62511,2011-10-10,8911,216418,67.6875,67.6875,0,0,36,32.514953462734084,104.0,108.0,152.0,42.0,104.0,106.0,128.0
64136,2011-10-17,8911,216418,66.975,66.975,0,0,36,32.514953462734084,92.0,78.0,117.0,45.0,92.0,85.0,108.25
65773,2011-10-24,8911,216418,69.825,69.825,0,0,40,32.514953462734084,12.0,124.0,119.0,81.0,12.0,68.0,87.5
67411,2011-10-31,8911,216418,69.1125,69.1125,0,0,62,32.514953462734084,40.0,127.0,127.0,53.0,40.0,83.5,96.75
69049,2011-11-07,8911,216418,69.825,69.825,0,0,32,32.514953462734084,56.0,120.0,107.0,66.0,56.0,88.0,90.75
70684,2011-11-14,8911,216418,68.4,68.4,0,0,40,32.514953462734084,44.0,114.0,122.0,39.0,44.0,79.0,81.25
72324,2011-11-21,8911,216418,68.4,68.4,0,0,42,32.514953462734084,97.0,82.0,127.0,43.0,97.0,89.5,124.25
73957,2011-11-28,8911,216418,66.975,66.975,0,0,49,32.514953462734084,56.0,132.0,185.0,63.0,56.0,94.0,102.0
80514,2011-12-26,8911,216418,69.825,69.825,0,0,140,32.514953462734084,58.0,223.0,218.0,107.0,58.0,140.5,157.5
