MLProject/Demand_Forecasting_preprocessing/train_processed.csv
record_ID,week,store_id,sku_id,total_price,base_price,is_featured_sku,is_display_sku,units_sold,store_encoded,lag_1,lag_2,lag_5,lag_19,ma_1,ma_2,ma_4
813,2011-01-17,9442,216418,98.325,98.325,0,0,70,43.28977931921328,42.0,39.0,101.0,118.0,42.0,40.5,65.5
2449,2011-01-24,9442,216418,99.0375,99.0375,0,0,40,43.28977931921328,90.0,99.0,49.0,20.0,90.0,94.5,95.75
4087,2011-01-31,9442,216418,99.0375,99.0375,0,0,54,43.28977931921328,43.0,59.0,92.0,26.0,43.0,51.0,52.5
5723,2011-02-07,9442,216418,97.6125,97.6125,0,0,49,43.28977931921328,93.0,64.0,113.0,43.0,93.0,78.5,116.5
7363,2011-02-14,9442,216418,105.45,105.45,0,0,67,43.28977931921328,37.0,33.0,24.0,17.0,37.0,35.0,99.0
9001,2011-02-21,9442,216418,106.1625,106.1625,0,0,58,43.28977931921328,47.0,27.0,75.0,28.0,47.0,37.0,43.0
10625,2011-02-28,9442,216418,106.875,106.875,0,0,50,43.28977931921328,44.0,41.0,116.0,33.0,44.0,42.5,68.0
12238,2011-03-07,9442,216418,106.1625,106.1625,0,0,60,43.28977931921328,176.0,79.0,221.0,87.0,176.0,127.5,111.75
13864,2011-03-14,9442,216418,106.875,106.875,0,0,55,43.28977931921328,52.0,39.0,20.0,8.0,52.0,45.5,78.0
15503,2011-03-21,9442,216418,106.1625,106.1625,0,0,60,43.28977931921328,81.0,43.0,157.0,35.0,81.0,62.0,62.5
17142,2011-03-28,9442,216418,106.1625,106.1625,0,0,49,43.28977931921328,89.0,46.0,161.0,28.0,89.0,67.5,69.0
18775,2011-04-04,9442,216418,103.3125,103.3125,0,0,58,43.28977931921328,62.0,98.0,103.0,132.0,62.0,80.0,61.75
20415,2011-04-11,9442,216418,106.1625,106.1625,0,0,47,43.28977931921328,40.0,29.0,114.0,11.0,40.0,34.5,51.75
22049,2011-04-18,9442,216418,101.8875,101.8875,0,0,60,43.28977931921328,44.0,48.0,95.0,18.0,44.0,46.0,50.25
23688,2011-04-25,9442,216418,105.45,105.45,0,0,54,43.28977931921328,99.0,53.0,1.0,39.0,99.0,76.0,67.0
25325,2011-05-02,9442,216418,104.7375,104.7375,0,0,56,43.28977931921328,55.0,59.0,77.0,16.0,55.0,57.0,68.5
26963,2011-05-09,9442,216418,106.1625,106.1625,0,0,63,43.28977931921328,39.0,42.0,31.0,14.0,39.0,40.5,83.25
28601,2011-05-16,9442,216418,106.1625,106.1625,0,0,71,43.28977931921328,75.0,39.0,109.0,7.0,75.0,57.0,70.5
30233,2011-05-23,9442,216418,106.875,106.875,0,0,95,43.28977931921328,64.0,33.0,87.0,42.0,64.0,48.5,42.75
31868,2011-05-30,9442,216418,106.875,106.875,0,0,71,43.28977931921328,194.0,151.0,83.0,189.0,194.0,172.5,112.75
48228,2011-08-08,9442,216418,89.0625,106.875,0,0,72,43.28977931921328,73.0,64.0,97.0,90.0,73.0,68.5,55.0
49863,2011-08-15,9442,216418,106.1625,106.1625,0,0,75,43.28977931921328,60.0,37.0,104.0,36.0,60.0,48.5,62.5
51494,2011-08-22,9442,216418,106.1625,106.1625,0,0,70,43.28977931921328,59.0,98.0,91.0,28.0,59.0,78.5,75.25
53118,2011-08-29,9442,216418,106.1625,106.1625,0,0,87,43.28977931921328,52.0,53.0,22.0,14.0,52.0,52.5,79.25
54746,2011-09-05,9442,216418,106.1625,106.1625,0,0,86,43.28977931921328,97.0,52.0,110.0,38.0,97.0,74.5,68.0
56369,2011-09-12,9442,216418,106.1625,106.1625,0,0,82,43.28977931921328,71.0,47.0,72.0,39.0,71.0,59.0,59.75
57996,2011-09-19,9442,216418,105.45,105.45,0,0,78,43.28977931921328,141.0,245.0,80.0,246.0,141.0,193.0,137.75
59623,2011-09-26,9442,216418,106.1625,106.1625,0,0,90,43.28977931921328,100.0,45.0,111.0,23.0,100.0,72.5,84.75
61242,2011-10-03,9442,216418,102.6,102.6,0,0,103,43.28977931921328,45.0,47.0,141.0,37.0,45.0,46.0,65.5
62865,2011-10-10,9442,216418,103.3125,103.3125,0,0,66,43.28977931921328,122.0,20.0,112.0,59.0,122.0,71.0,84.0
64492,2011-10-17,9442,216418,104.025,104.025,0,0,85,43.28977931921328,227.0,503.0,73.0,256.0,227.0,365.0,209.75
66129,2011-10-24,9442,216418,104.7375,104.7375,0,0,76,43.28977931921328,40.0,12.0,36.0,56.0,40.0,26.0,88.5
67766,2011-10-31,9442,216418,104.7375,104.7375,0,0,74,43.28977931921328,98.0,62.0,147.0,27.0,98.0,80.0,81.75
69405,2011-11-07,9442,216418,103.3125,103.3125,0,0,73,43.28977931921328,72.0,32.0,144.0,36.0,72.0,52.0,70.0
71042,2011-11-14,9442,216418,106.1625,106.1625,0,0,91,43.28977931921328,67.0,40.0,124.0,30.0,67.0,53.5,66.25
72680,2011-11-21,9442,216418,102.6,102.6,0,0,83,43.28977931921328,88.0,23.0,127.0,52.0,88.0,55.5,63.5
74313,2011-11-28,9442,216418,106.1625,106.1625,0,0,86,43.28977931921328,53.0,116.0,132.0,151.0,53.0,84.5,68.5
75950,2011-12-05,9442,216418,105.45,105.45,0,0,58,43.28977931921328,69.0,150.0,152.0,40.0,69.0,109.5,99.25
77590,2011-12-12,9442,216418,89.0625,105.45,0,0,81,43.28977931921328,86.0,83.0,184.0,91.0,86.0,84.5,96.0
79232,2011-12-19,9442,216418,89.0625,105.45,0,0,105,43.28977931921328,144.0,115.0,60.0,70.0,144.0,129.5,139.75
80870,2011-12-26,9442,216418,89.0625,105.45,0,0,100,43.28977931921328,186.0,140.0,228.0,42.0,186.0,163.0,151.75
82512,2012-01-02,9442,216418,89.0625,105.45,0,0,89,43.28977931921328,62.0,172.0,91.0,26.0,62.0,117.0,97.5
794,2011-01-17,9371,216418,99.0375,111.8625,0,1,89,43.33611416130314,70.0,42.0,78.0,30.0,70.0,56.0,63.5
2430,2011-01-24,9371,216418,98.325,111.8625,0,1,89,43.33611416130314,40.0,90.0,103.0,36.0,40.0,65.0,80.0
4068,2011-01-31,9371,216418,98.325,111.8625,0,1,98,43.33611416130314,54.0,43.0,98.0,95.0,54.0,48.5,41.5
5704,2011-02-07,9371,216418,98.325,111.8625,0,1,87,43.33611416130314,49.0,93.0,267.0,139.0,49.0,71.0,62.0
8982,2011-02-21,9371,216418,106.1625,105.45,0,1,81,43.33611416130314,58.0,47.0,29.0,112.0,58.0,52.5,50.25
10606,2011-02-28,9371,216418,106.875,105.45,0,1,57,43.33611416130314,50.0,44.0,138.0,135.0,50.0,47.0,46.0
12220,2011-03-07,9371,216418,106.875,105.45,0,1,82,43.33611416130314,104.0,60.0,127.0,33.0,104.0,82.0,104.75
15484,2011-03-21,9371,216418,106.875,106.1625,0,1,76,43.33611416130314,60.0,81.0,108.0,137.0,60.0,70.5,50.5
17123,2011-03-28,9371,216418,106.1625,106.1625,0,1,73,43.33611416130314,49.0,89.0,110.0,122.0,49.0,69.0,53.75
18756,2011-04-04,9371,216418,104.7375,106.1625,0,1,78,43.33611416130314,58.0,62.0,25.0,43.0,58.0,60.0,70.0
20396,2011-04-11,9371,216418,104.025,106.1625,0,1,60,43.33611416130314,47.0,40.0,100.0,116.0,47.0,43.5,38.5
22032,2011-04-18,9371,216418,104.7375,106.1625,0,1,52,43.33611416130314,60.0,44.0,82.0,87.0,60.0,52.0,44.75
23669,2011-04-25,9371,216418,106.1625,106.1625,0,1,68,43.33611416130314,54.0,99.0,92.0,39.0,54.0,76.5,57.5
25306,2011-05-02,9371,216418,106.1625,106.1625,0,1,59,43.33611416130314,56.0,55.0,133.0,92.0,56.0,55.5,49.25
26944,2011-05-09,9371,216418,106.1625,106.1625,0,1,51,43.33611416130314,63.0,39.0,109.0,16.0,63.0,51.0,71.75
28582,2011-05-16,9371,216418,106.1625,106.1625,0,1,62,43.33611416130314,71.0,75.0,131.0,81.0,71.0,73.0,55.5
30214,2011-05-23,9371,216418,105.45,106.1625,0,1,42,43.33611416130314,95.0,64.0,28.0,93.0,95.0,79.5,59.5
31849,2011-05-30,9371,216418,105.45,106.1625,0,1,63,43.33611416130314,149.0,79.0,11.0,54.0,149.0,114.0,95.5
33483,2011-06-06,9371,216418,106.875,106.1625,0,1,58,43.33611416130314,81.0,41.0,125.0,18.0,81.0,61.0,73.0
35122,2011-06-13,9371,216418,106.1625,106.1625,0,1,83,43.33611416130314,98.0,66.0,164.0,91.0,98.0,82.0,58.5
36755,2011-06-20,9371,216418,118.9875,106.1625,0,1,47,43.33611416130314,65.0,54.0,95.0,61.0,65.0,59.5,52.0
38393,2011-06-27,9371,216418,117.5625,106.1625,0,1,33,43.33611416130314,64.0,40.0,39.0,13.0,64.0,52.0,49.25
40032,2011-07-04,9371,216418,118.9875,106.1625,0,1,38,43.33611416130314,57.0,51.0,89.0,52.0,57.0,54.0,38.0
41672,2011-07-11,9371,216418,120.4125,106.1625,0,1,54,43.33611416130314,75.0,59.0,106.0,63.0,75.0,67.0,47.5
43308,2011-07-18,9371,216418,86.925,106.1625,0,1,57,43.33611416130314,54.0,62.0,93.0,53.0,54.0,58.0,45.25
44942,2011-07-25,9371,216418,87.6375,106.1625,0,1,46,43.33611416130314,63.0,54.0,141.0,54.0,63.0,58.5,46.0
46575,2011-08-01,9371,216418,87.6375,106.1625,0,1,50,43.33611416130314,71.0,59.0,26.0,51.0,71.0,65.0,62.25
48209,2011-08-08,9371,216418,88.35,106.1625,0,1,63,43.33611416130314,72.0,73.0,43.0,36.0,72.0,72.5,62.25
49844,2011-08-15,9371,216418,106.1625,106.1625,0,1,67,43.33611416130314,75.0,60.0,116.0,80.0,75.0,67.5,52.25
51475,2011-08-22,9371,216418,106.1625,106.1625,0,1,52,43.33611416130314,89.0,70.0,108.0,9.0,89.0,79.5,79.0
53099,2011-08-29,9371,216418,106.1625,106.1625,0,1,77,43.33611416130314,87.0,52.0,135.0,31.0,87.0,69.5,67.25
54727,2011-09-05,9371,216418,105.45,106.1625,0,1,79,43.33611416130314,86.0,97.0,97.0,77.0,86.0,91.5,65.25
56350,2011-09-12,9371,216418,106.1625,106.1625,0,1,70,43.33611416130314,82.0,71.0,32.0,77.0,82.0,76.5,72.25
57977,2011-09-19,9371,216418,106.875,106.1625,0,1,76,43.33611416130314,104.0,101.0,35.0,46.0,104.0,102.5,99.25
59605,2011-09-26,9371,216418,106.1625,106.1625,0,1,82,43.33611416130314,90.0,100.0,145.0,97.0,90.0,95.0,71.0
61223,2011-10-03,9371,216418,104.025,106.1625,0,1,58,43.33611416130314,103.0,45.0,120.0,109.0,103.0,74.0,61.25
62846,2011-10-10,9371,216418,105.45,106.1625,0,1,72,43.33611416130314,66.0,122.0,27.0,75.0,66.0,94.0,93.75
64474,2011-10-17,9371,216418,104.7375,106.1625,0,1,60,43.33611416130314,138.0,99.0,36.0,72.0,138.0,118.5,99.25
66110,2011-10-24,9371,216418,102.6,106.1625,0,1,54,43.33611416130314,76.0,40.0,178.0,25.0,76.0,58.0,63.0
67748,2011-10-31,9371,216418,105.45,106.1625,0,1,49,43.33611416130314,74.0,98.0,127.0,95.0,74.0,86.0,68.5
72662,2011-11-21,9371,216418,106.1625,105.45,0,1,84,43.33611416130314,83.0,88.0,23.0,69.0,83.0,85.5,78.5
74294,2011-11-28,9371,216418,101.8875,105.45,0,1,77,43.33611416130314,86.0,53.0,56.0,55.0,86.0,69.5,76.0
75931,2011-12-05,9371,216418,106.1625,105.45,0,1,63,43.33611416130314,58.0,69.0,117.0,76.0,58.0,63.5,84.5
77571,2011-12-12,9371,216418,89.0625,105.45,0,1,88,43.33611416130314,169.0,81.0,158.0,63.0,169.0,125.0,104.75
79213,2011-12-19,9371,216418,88.35,105.45,0,1,143,43.33611416130314,105.0,144.0,99.0,85.0,105.0,124.5,141.25
80851,2011-12-26,9371,216418,88.35,105.45,0,1,133,43.33611416130314,100.0,186.0,223.0,281.0,100.0,143.0,121.0
82493,2012-01-02,9371,216418,88.35,105.45,0,1,80,43.33611416130314,89.0,62.0,30.0,243.0,89.0,75.5,112.25
87413,2012-01-23,9371,216418,89.0625,105.45,0,1,135,43.33611416130314,106.0,138.0,156.0,122.0,106.0,122.0,98.5
89053,2012-01-30,9371,216418,88.35,105.45,0,1,120,43.33611416130314,96.0,197.0,165.0,43.0,96.0,146.5,101.75
749,2011-01-17,9281,216418,84.075,86.925,0,1,39,32.66429116188589,83.0,89.0,39.0,51.0,83.0,86.0,71.0
4023,2011-01-31,9281,216418,69.825,86.925,0,1,59,32.66429116188589,76.0,98.0,59.0,49.0,76.0,87.0,67.75
59560,2011-09-26,9281,216418,82.65,86.925,0,1,38,32.66429116188589,60.0,82.0,45.0,42.0,60.0,71.0,83.0
61178,2011-10-03,9281,216418,86.925,86.925,0,1,53,32.66429116188589,293.0,68.0,58.0,127.0,293.0,180.5,128.0
62801,2011-10-10,9281,216418,85.5,86.925,0,1,38,32.66429116188589,52.0,72.0,20.0,134.0,52.0,62.0,78.0
82448,2012-01-02,9281,216418,68.4,86.2125,0,1,63,32.66429116188589,91.0,80.0,172.0,62.0,91.0,85.5,80.5
85728,2012-01-16,9281,216418,69.1125,86.2125,0,1,55,32.66429116188589,394.0,156.0,124.0,107.0,394.0,275.0,198.25
87368,2012-01-23,9281,216418,69.825,86.2125,0,1,46,32.66429116188589,315.0,108.0,135.0,267.0,315.0,211.5,153.75
704,2011-01-17,9273,216418,69.825,66.2625,0,1,79,44.0638098768896,39.0,83.0,42.0,44.0,39.0,61.0,70.25
3978,2011-01-31,9273,216418,69.1125,66.2625,0,1,82,44.0638098768896,102.0,59.0,54.0,80.0,102.0,80.5,83.75
7254,2011-02-14,9273,216418,69.825,69.1125,0,1,82,44.0638098768896,70.0,37.0,67.0,81.0,70.0,53.5,56.5
10516,2011-02-28,9273,216418,69.825,69.1125,0,1,109,44.0638098768896,93.0,73.0,50.0,14.0,93.0,83.0,83.5
13755,2011-03-14,9273,216418,69.1125,69.1125,0,1,106,44.0638098768896,67.0,36.0,55.0,86.0,67.0,51.5,63.5
17034,2011-03-28,9273,216418,69.825,66.975,0,1,70,44.0638098768896,71.0,37.0,49.0,19.0,71.0,54.0,63.25
18666,2011-04-04,9273,216418,69.1125,66.975,0,1,67,44.0638098768896,69.0,73.0,62.0,35.0,69.0,71.0,69.5
20306,2011-04-11,9273,216418,69.825,66.975,0,1,105,44.0638098768896,67.0,102.0,40.0,130.0,67.0,84.5,69.0
21942,2011-04-18,9273,216418,67.6875,66.975,0,1,94,44.0638098768896,65.0,56.0,60.0,33.0,65.0,60.5,60.25
23579,2011-04-25,9273,216418,69.1125,66.975,0,1,67,44.0638098768896,46.0,66.0,99.0,39.0,46.0,56.0,58.5
26854,2011-05-09,9273,216418,68.4,69.1125,0,1,97,44.0638098768896,52.0,55.0,63.0,55.0,52.0,53.5,62.0
28492,2011-05-16,9273,216418,67.6875,69.1125,0,1,144,44.0638098768896,47.0,37.0,71.0,25.0,47.0,42.0,56.0
30124,2011-05-23,9273,216418,69.825,69.1125,0,1,44,44.0638098768896,168.0,90.0,168.0,65.0,168.0,129.0,108.0
31759,2011-05-30,9273,216418,66.2625,69.1125,0,1,151,44.0638098768896,68.0,38.0,149.0,120.0,68.0,53.0,63.0
33394,2011-06-06,9273,216418,68.4,69.1125,0,1,102,44.0638098768896,52.0,48.0,81.0,97.0,52.0,50.0,54.25
35033,2011-06-13,9273,216418,66.2625,69.1125,0,1,126,44.0638098768896,74.0,33.0,98.0,42.0,74.0,53.5,64.75
38303,2011-06-27,9273,216418,66.975,66.2625,0,1,125,44.0638098768896,63.0,18.0,40.0,79.0,63.0,40.5,44.5
39942,2011-07-04,9273,216418,70.5375,66.2625,0,1,219,44.0638098768896,56.0,40.0,57.0,53.0,56.0,48.0,45.75
41582,2011-07-11,9273,216418,69.1125,66.2625,0,1,108,44.0638098768896,50.0,27.0,75.0,38.0,50.0,38.5,40.5
43218,2011-07-18,9273,216418,66.975,66.2625,0,1,190,44.0638098768896,72.0,53.0,62.0,82.0,72.0,62.5,59.0
44853,2011-07-25,9273,216418,69.1125,66.2625,0,1,110,44.0638098768896,45.0,94.0,63.0,25.0,45.0,69.5,53.25
46485,2011-08-01,9273,216418,66.975,66.2625,0,1,156,44.0638098768896,29.0,40.0,59.0,44.0,29.0,34.5,47.5
48120,2011-08-08,9273,216418,66.2625,66.2625,0,1,232,44.0638098768896,75.0,42.0,73.0,13.0,75.0,58.5,63.0
49754,2011-08-15,9273,216418,69.1125,66.2625,0,1,90,44.0638098768896,52.0,69.0,75.0,25.0,52.0,60.5,59.0
51385,2011-08-22,9273,216418,66.975,66.2625,0,1,249,44.0638098768896,28.0,74.0,70.0,61.0,28.0,51.0,60.75
53009,2011-08-29,9273,216418,69.825,66.2625,0,1,133,44.0638098768896,64.0,54.0,87.0,91.0,64.0,59.0,64.25
54637,2011-09-05,9273,216418,66.975,66.2625,0,1,198,44.0638098768896,62.0,45.0,86.0,38.0,62.0,53.5,63.5
56260,2011-09-12,9273,216418,66.2625,66.2625,0,1,288,44.0638098768896,170.0,77.0,147.0,71.0,170.0,123.5,102.0
59515,2011-09-26,9273,216418,65.55,66.2625,0,1,219,44.0638098768896,137.0,38.0,90.0,43.0,137.0,87.5,79.25
61133,2011-10-03,9273,216418,66.2625,66.2625,0,1,293,44.0638098768896,68.0,84.0,103.0,44.0,68.0,76.0,69.25
62756,2011-10-10,9273,216418,66.2625,66.2625,0,1,321,44.0638098768896,147.0,38.0,66.0,46.0,147.0,92.5,77.25
64384,2011-10-17,9273,216418,65.55,66.2625,0,1,503,44.0638098768896,67.0,42.0,138.0,71.0,67.0,54.5,60.5
66020,2011-10-24,9273,216418,67.6875,66.2625,0,1,625,44.0638098768896,86.0,40.0,76.0,124.0,86.0,63.0,71.5
67658,2011-10-31,9273,216418,66.2625,66.2625,0,1,341,44.0638098768896,68.0,45.0,74.0,65.0,68.0,56.5,62.75
69296,2011-11-07,9273,216418,64.8375,66.2625,0,1,715,44.0638098768896,59.0,94.0,72.0,122.0,59.0,76.5,74.25
70933,2011-11-14,9273,216418,65.55,66.2625,0,1,417,44.0638098768896,57.0,70.0,91.0,40.0,57.0,63.5,68.0
72572,2011-11-21,9273,216418,64.8375,66.2625,0,1,825,44.0638098768896,58.0,111.0,88.0,129.0,58.0,84.5,84.0
74204,2011-11-28,9273,216418,64.8375,66.2625,0,1,1099,44.0638098768896,76.0,123.0,53.0,64.0,76.0,99.5,90.5
75841,2011-12-05,9273,216418,65.55,66.2625,0,1,425,44.0638098768896,72.0,85.0,58.0,55.0,72.0,78.5,77.5
80762,2011-12-26,9273,216418,66.975,66.2625,0,1,651,44.0638098768896,155.0,67.0,100.0,110.0,155.0,111.0,119.0
82403,2012-01-02,9273,216418,69.825,66.2625,0,1,169,44.0638098768896,240.0,156.0,282.0,103.0,240.0,198.0,155.25
85683,2012-01-16,9273,216418,65.55,66.2625,0,1,394,44.0638098768896,156.0,66.0,151.0,304.0,156.0,111.0,130.75
87323,2012-01-23,9273,216418,66.2625,66.2625,0,1,315,44.0638098768896,108.0,128.0,106.0,123.0,108.0,118.0,108.75
88963,2012-01-30,9273,216418,81.9375,66.2625,0,1,80,44.0638098768896,48.0,69.0,197.0,41.0,48.0,58.5,83.25
