MLProject/Demand_Forecasting_preprocessing/train_processed.csv
record_ID,week,store_id,sku_id,total_price,base_price,is_featured_sku,is_display_sku,units_sold,store_encoded,lag_1,lag_2,lag_5,lag_19,ma_1,ma_2,ma_4
678,2011-01-17,9250,216418,99.0375,99.0375,0,1,237,71.8170329798352,79.0,39.0,70.0,49.0,79.0,59.0,72.5
2314,2011-01-24,9250,216418,99.0375,99.0375,0,1,198,71.8170329798352,117.0,105.0,89.0,71.0,117.0,111.0,130.5
3952,2011-01-31,9250,216418,99.0375,99.0375,0,1,209,71.8170329798352,60.0,63.0,89.0,64.0,60.0,61.5,103.25
5589,2011-02-07,9250,216418,98.325,99.0375,0,1,236,71.8170329798352,66.0,55.0,100.0,19.0,66.0,60.5,108.25
7228,2011-02-14,9250,216418,106.1625,99.0375,0,1,146,71.8170329798352,52.0,61.0,107.0,98.0,52.0,56.5,101.75
8866,2011-02-21,9250,216418,106.875,99.0375,0,1,212,71.8170329798352,52.0,63.0,81.0,31.0,52.0,57.5,60.0
10491,2011-02-28,9250,216418,106.1625,99.0375,0,1,208,71.8170329798352,64.0,88.0,123.0,16.0,64.0,76.0,101.25
12104,2011-03-07,9250,216418,104.7375,99.0375,0,1,194,71.8170329798352,126.0,63.0,104.0,82.0,126.0,94.5,109.75
13729,2011-03-14,9250,216418,104.025,99.0375,0,1,260,71.8170329798352,67.0,71.0,117.0,107.0,67.0,69.0,113.25
15368,2011-03-21,9250,216418,104.7375,99.0375,0,1,217,71.8170329798352,67.0,111.0,49.0,37.0,67.0,89.0,67.5
17008,2011-03-28,9250,216418,106.1625,99.0375,0,1,298,71.8170329798352,40.0,70.0,72.0,23.0,40.0,55.0,54.5
18641,2011-04-04,9250,216418,105.45,99.0375,0,1,226,71.8170329798352,51.0,85.0,125.0,20.0,51.0,68.0,106.25
20280,2011-04-11,9250,216418,106.1625,99.0375,0,1,211,71.8170329798352,47.0,65.0,115.0,149.0,47.0,56.0,102.75
21916,2011-04-18,9250,216418,106.875,99.0375,0,1,155,71.8170329798352,40.0,71.0,80.0,14.0,40.0,55.5,85.25
23553,2011-04-25,9250,216418,89.0625,99.0375,0,1,169,71.8170329798352,67.0,46.0,54.0,225.0,67.0,56.5,61.75
25190,2011-05-02,9250,216418,88.35,99.0375,0,1,257,71.8170329798352,33.0,68.0,99.0,67.0,33.0,50.5,80.75
26828,2011-05-09,9250,216418,89.0625,99.0375,0,1,231,71.8170329798352,48.0,61.0,135.0,186.0,48.0,54.5,92.0
28466,2011-05-16,9250,216418,87.6375,99.0375,0,1,202,71.8170329798352,41.0,144.0,78.0,29.0,41.0,92.5,67.25
30098,2011-05-23,9250,216418,89.0625,99.0375,0,1,168,71.8170329798352,40.0,62.0,42.0,31.0,40.0,51.0,57.5
31734,2011-05-30,9250,216418,89.0625,99.0375,0,1,194,71.8170329798352,151.0,68.0,63.0,66.0,151.0,109.5,85.0
33368,2011-06-06,9250,216418,89.0625,99.0375,0,1,214,71.8170329798352,68.0,41.0,131.0,14.0,68.0,54.5,104.25
35007,2011-06-13,9250,216418,89.0625,99.0375,0,1,198,71.8170329798352,39.0,126.0,69.0,22.0,39.0,82.5,68.0
36642,2011-06-20,9250,216418,89.0625,99.0375,0,1,220,71.8170329798352,27.0,47.0,96.0,114.0,27.0,37.0,59.0
38277,2011-06-27,9250,216418,89.0625,99.0375,0,1,187,71.8170329798352,53.0,40.0,98.0,17.0,53.0,46.5,73.75
39916,2011-07-04,9250,216418,89.0625,99.0375,0,1,144,71.8170329798352,43.0,57.0,98.0,6.0,43.0,50.0,72.0
41556,2011-07-11,9250,216418,89.0625,99.0375,0,1,170,71.8170329798352,40.0,108.0,31.0,48.0,40.0,74.0,56.25
43193,2011-07-18,9250,216418,89.0625,99.0375,0,1,161,71.8170329798352,46.0,46.0,104.0,86.0,46.0,46.0,87.75
44828,2011-07-25,9250,216418,89.0625,99.0375,0,1,132,71.8170329798352,77.0,30.0,90.0,34.0,77.0,53.5,87.5
46460,2011-08-01,9250,216418,89.0625,99.0375,0,1,108,71.8170329798352,156.0,29.0,71.0,39.0,156.0,92.5,68.75
48095,2011-08-08,9250,216418,88.35,99.0375,0,1,137,71.8170329798352,66.0,55.0,114.0,15.0,66.0,60.5,83.25
49728,2011-08-15,9250,216418,106.875,99.0375,0,1,125,71.8170329798352,69.0,77.0,111.0,23.0,69.0,73.0,97.75
51359,2011-08-22,9250,216418,106.875,99.0375,0,1,115,71.8170329798352,249.0,28.0,89.0,51.0,249.0,138.5,100.75
52983,2011-08-29,9250,216418,106.1625,99.0375,0,1,178,71.8170329798352,88.0,86.0,133.0,119.0,88.0,87.0,100.0
54611,2011-09-05,9250,216418,106.875,99.0375,0,1,188,71.8170329798352,46.0,198.0,68.0,53.0,46.0,122.0,87.75
56234,2011-09-12,9250,216418,106.1625,99.0375,0,1,147,71.8170329798352,35.0,53.0,70.0,30.0,35.0,44.0,48.25
57862,2011-09-19,9250,216418,106.1625,99.0375,0,1,141,71.8170329798352,245.0,76.0,76.0,87.0,245.0,160.5,122.5
59489,2011-09-26,9250,216418,105.45,99.0375,0,1,138,71.8170329798352,62.0,219.0,60.0,42.0,62.0,140.5,114.0
61107,2011-10-03,9250,216418,104.025,99.0375,0,1,154,71.8170329798352,94.0,72.0,142.0,18.0,94.0,83.0,114.75
62731,2011-10-10,9250,216418,103.3125,99.0375,0,1,158,71.8170329798352,321.0,147.0,72.0,316.0,321.0,234.0,139.5
64358,2011-10-17,9250,216418,104.025,99.0375,0,1,227,71.8170329798352,503.0,67.0,60.0,45.0,503.0,285.0,171.25
65994,2011-10-24,9250,216418,104.025,99.0375,0,1,170,71.8170329798352,625.0,86.0,54.0,35.0,625.0,355.5,214.25
67632,2011-10-31,9250,216418,104.025,99.0375,0,1,169,71.8170329798352,93.0,341.0,89.0,77.0,93.0,217.0,136.75
70907,2011-11-14,9250,216418,103.3125,104.7375,0,1,193,71.8170329798352,83.0,84.0,100.0,43.0,83.0,83.5,111.75
72547,2011-11-21,9250,216418,105.45,104.7375,0,1,171,71.8170329798352,825.0,58.0,83.0,69.0,825.0,441.5,269.5
74178,2011-11-28,9250,216418,105.45,104.7375,0,1,213,71.8170329798352,109.0,89.0,111.0,52.0,109.0,99.0,134.25
75815,2011-12-05,9250,216418,105.45,104.7375,0,1,221,71.8170329798352,118.0,59.0,107.0,38.0,118.0,88.5,126.5
77455,2011-12-12,9250,216418,89.0625,104.7375,0,1,245,71.8170329798352,631.0,60.0,169.0,77.0,631.0,345.5,240.25
79097,2011-12-19,9250,216418,89.0625,104.7375,0,1,263,71.8170329798352,732.0,123.0,143.0,376.0,732.0,427.5,238.75
80736,2011-12-26,9250,216418,89.0625,104.7375,0,1,349,71.8170329798352,101.0,651.0,121.0,157.0,101.0,376.0,243.5
82377,2012-01-02,9250,216418,89.0625,104.7375,0,1,282,71.8170329798352,43.0,103.0,80.0,70.0,43.0,73.0,75.0
87297,2012-01-23,9250,216418,89.0625,104.7375,0,1,316,71.8170329798352,133.0,68.0,343.0,47.0,133.0,100.5,206.75
88937,2012-01-30,9250,216418,89.0625,104.7375,0,1,232,71.8170329798352,80.0,48.0,96.0,353.0,80.0,64.0,79.25
727,2011-01-17,9279,216418,83.3625,78.375,0,1,73,41.140205384772855,237.0,79.0,89.0,98.0,237.0,158.0,109.5
4001,2011-01-31,9279,216418,70.5375,78.375,0,1,102,41.140205384772855,59.0,76.0,43.0,227.0,59.0,67.5,71.75
5638,2011-02-07,9279,216418,84.075,78.375,0,1,72,41.140205384772855,46.0,93.0,93.0,77.0,46.0,69.5,68.75
7277,2011-02-14,9279,216418,83.3625,78.375,0,1,70,41.140205384772855,37.0,66.0,37.0,51.0,37.0,51.5,55.75
8915,2011-02-21,9279,216418,82.65,78.375,0,1,63,41.140205384772855,37.0,88.0,47.0,92.0,37.0,62.5,66.0
10539,2011-02-28,9279,216418,83.3625,78.375,0,1,93,41.140205384772855,73.0,111.0,44.0,57.0,73.0,92.0,72.75
13778,2011-03-14,9279,216418,81.9375,78.375,0,1,67,41.140205384772855,36.0,74.0,52.0,69.0,36.0,55.0,60.5
15417,2011-03-21,9279,216418,83.3625,78.375,0,1,68,41.140205384772855,24.0,49.0,81.0,74.0,24.0,36.5,52.25
17056,2011-03-28,9279,216418,83.3625,78.375,0,1,71,41.140205384772855,37.0,72.0,89.0,113.0,37.0,54.5,57.75
18689,2011-04-04,9279,216418,83.3625,78.375,0,1,69,41.140205384772855,73.0,78.0,98.0,147.0,73.0,75.5,67.75
20329,2011-04-11,9279,216418,82.65,78.375,0,1,67,41.140205384772855,102.0,60.0,29.0,66.0,102.0,81.0,62.25
21965,2011-04-18,9279,216418,82.65,78.375,0,1,65,41.140205384772855,56.0,68.0,44.0,63.0,56.0,62.0,59.0
59538,2011-09-26,9279,216418,69.1125,69.825,0,1,137,41.140205384772855,38.0,60.0,100.0,83.0,38.0,49.0,67.5
61156,2011-10-03,9279,216418,69.825,69.825,0,1,68,41.140205384772855,84.0,67.0,45.0,107.0,84.0,75.5,78.0
62779,2011-10-10,9279,216418,67.6875,69.825,0,1,64,41.140205384772855,158.0,321.0,52.0,124.0,158.0,239.5,166.0
64407,2011-10-17,9279,216418,67.6875,69.825,0,1,67,41.140205384772855,42.0,73.0,99.0,154.0,42.0,57.5,78.25
66043,2011-10-24,9279,216418,66.975,69.825,0,1,86,41.140205384772855,40.0,106.0,40.0,36.0,40.0,73.0,69.0
67681,2011-10-31,9279,216418,69.1125,69.825,0,1,68,41.140205384772855,45.0,89.0,98.0,131.0,45.0,67.0,64.25
69319,2011-11-07,9279,216418,69.825,69.825,0,1,59,41.140205384772855,94.0,71.0,32.0,41.0,94.0,82.5,77.5
70956,2011-11-14,9279,216418,67.6875,69.825,0,1,57,41.140205384772855,70.0,75.0,67.0,96.0,70.0,72.5,76.5
80785,2011-12-26,9279,216418,69.1125,69.825,0,1,155,41.140205384772855,67.0,121.0,186.0,174.0,67.0,94.0,105.25
82426,2012-01-02,9279,216418,69.1125,69.825,0,1,103,41.140205384772855,63.0,91.0,62.0,169.0,63.0,77.0,80.75
85706,2012-01-16,9279,216418,69.825,69.825,0,1,156,41.140205384772855,66.0,177.0,111.0,120.0,66.0,121.5,129.5
87346,2012-01-23,9279,216418,69.1125,69.825,0,1,108,41.140205384772855,128.0,64.0,138.0,209.0,128.0,96.0,108.25
88986,2012-01-30,9279,216418,83.3625,69.825,0,1,105,41.140205384772855,232.0,80.0,120.0,89.0,232.0,156.0,107.25
597,2011-01-17,9164,216418,98.325,70.5375,0,1,105,58.0993909465161,73.0,237.0,83.0,61.0,73.0,155.0,107.0
2235,2011-01-24,9164,216418,97.6125,70.5375,0,1,85,58.0993909465161,52.0,198.0,131.0,93.0,52.0,125.0,118.0
5507,2011-02-07,9164,216418,98.325,98.325,0,1,100,58.0993909465161,57.0,56.0,46.0,279.0,57.0,56.5,68.75
7146,2011-02-14,9164,216418,106.1625,98.325,0,1,107,58.0993909465161,42.0,45.0,37.0,54.0,42.0,43.5,59.75
8785,2011-02-21,9164,216418,105.45,98.325,0,1,95,58.0993909465161,33.0,212.0,37.0,106.0,33.0,122.5,90.0
13647,2011-03-14,9164,216418,106.1625,106.1625,0,1,117,58.0993909465161,41.0,61.0,36.0,33.0,41.0,51.0,68.75
15286,2011-03-21,9164,216418,104.7375,106.1625,0,1,129,58.0993909465161,44.0,217.0,68.0,281.0,44.0,130.5,109.75
16927,2011-03-28,9164,216418,104.7375,106.1625,0,1,107,58.0993909465161,25.0,298.0,71.0,220.0,25.0,161.5,108.25
18560,2011-04-04,9164,216418,104.7375,106.1625,0,1,125,58.0993909465161,24.0,41.0,73.0,113.0,24.0,32.5,50.25
20199,2011-04-11,9164,216418,106.1625,106.1625,0,1,115,58.0993909465161,22.0,40.0,102.0,46.0,22.0,31.0,58.5
21834,2011-04-18,9164,216418,105.45,106.1625,0,1,80,58.0993909465161,23.0,32.0,56.0,68.0,23.0,27.5,53.5
23471,2011-04-25,9164,216418,106.875,106.1625,0,1,123,58.0993909465161,48.0,169.0,66.0,91.0,48.0,108.5,82.5
26746,2011-05-09,9164,216418,105.45,104.7375,0,1,135,58.0993909465161,25.0,53.0,55.0,34.0,25.0,39.0,56.75
28384,2011-05-16,9164,216418,104.7375,104.7375,0,1,108,58.0993909465161,21.0,202.0,47.0,200.0,21.0,111.5,102.0
33287,2011-06-06,9164,216418,106.1625,106.1625,0,1,131,58.0993909465161,19.0,30.0,52.0,97.0,19.0,24.5,58.0
36560,2011-06-20,9164,216418,118.9875,106.1625,0,1,96,58.0993909465161,10.0,34.0,66.0,38.0,10.0,22.0,46.5
38196,2011-06-27,9164,216418,119.7,106.1625,0,1,98,58.0993909465161,17.0,30.0,18.0,77.0,17.0,23.5,58.75
39837,2011-07-04,9164,216418,118.9875,106.1625,0,1,98,58.0993909465161,30.0,47.0,40.0,87.0,30.0,38.5,88.0
41474,2011-07-11,9164,216418,116.1375,106.1625,0,1,83,58.0993909465161,26.0,170.0,50.0,179.0,26.0,98.0,86.0
44747,2011-07-25,9164,216418,88.35,106.1625,0,1,90,58.0993909465161,14.0,27.0,94.0,77.0,14.0,20.5,49.0
46378,2011-08-01,9164,216418,86.2125,106.1625,0,1,80,58.0993909465161,48.0,108.0,40.0,103.0,48.0,78.0,85.25
48013,2011-08-08,9164,216418,86.925,106.1625,0,1,114,58.0993909465161,23.0,35.0,42.0,83.0,23.0,29.0,91.25
52901,2011-08-29,9164,216418,106.1625,106.1625,0,1,133,58.0993909465161,23.0,59.0,54.0,64.0,23.0,41.0,69.75
57780,2011-09-19,9164,216418,105.45,105.45,0,1,115,58.0993909465161,78.0,141.0,89.0,116.0,78.0,109.5,135.0
65912,2011-10-24,9164,216418,104.7375,104.7375,0,1,89,58.0993909465161,37.0,60.0,86.0,105.0,37.0,48.5,223.0
67551,2011-10-31,9164,216418,104.7375,104.7375,0,1,124,58.0993909465161,33.0,169.0,68.0,257.0,33.0,101.0,159.0
74097,2011-11-28,9164,216418,105.45,104.025,0,1,111,58.0993909465161,99.0,65.0,123.0,110.0,99.0,82.0,334.75
75734,2011-12-05,9164,216418,99.0375,104.025,0,1,107,58.0993909465161,44.0,36.0,85.0,112.0,44.0,40.0,144.25
77373,2011-12-12,9164,216418,88.35,104.025,0,1,150,58.0993909465161,68.0,245.0,182.0,150.0,68.0,156.5,251.0
82295,2012-01-02,9164,216418,88.35,104.025,0,1,142,58.0993909465161,83.0,282.0,63.0,148.0,83.0,182.5,127.75
87215,2012-01-23,9164,216418,89.0625,104.025,0,1,343,58.0993909465161,44.0,46.0,128.0,135.0,44.0,45.0,128.25
88856,2012-01-30,9164,216418,88.35,104.025,0,1,329,58.0993909465161,105.0,232.0,69.0,245.0,105.0,168.5,116.25
574,2011-01-17,9147,216418,98.325,98.325,0,0,89,60.86912367149599,105.0,73.0,39.0,104.0,105.0,89.0,123.5
2212,2011-01-24,9147,216418,98.325,98.325,0,0,80,60.86912367149599,85.0,52.0,105.0,204.0,85.0,68.5,113.0
3849,2011-01-31,9147,216418,98.325,98.325,0,0,86,60.86912367149599,89.0,66.0,102.0,101.0,89.0,77.5,68.5
5484,2011-02-07,9147,216418,98.325,98.325,0,0,102,60.86912367149599,100.0,57.0,72.0,49.0,100.0,78.5,75.75
7123,2011-02-14,9147,216418,106.1625,106.1625,0,0,85,60.86912367149599,107.0,42.0,70.0,112.0,107.0,74.5,69.0
8763,2011-02-21,9147,216418,106.1625,106.1625,0,0,72,60.86912367149599,95.0,33.0,63.0,210.0,95.0,64.0,98.0
10386,2011-02-28,9147,216418,106.1625,106.1625,0,0,80,60.86912367149599,123.0,52.0,93.0,236.0,123.0,87.5,83.25
12001,2011-03-07,9147,216418,106.875,106.875,0,0,87,60.86912367149599,118.0,129.0,63.0,123.0,118.0,123.5,141.75
13625,2011-03-14,9147,216418,105.45,105.45,0,0,102,60.86912367149599,117.0,41.0,67.0,82.0,117.0,79.0,81.25
15263,2011-03-21,9147,216418,106.1625,106.1625,0,0,80,60.86912367149599,129.0,44.0,111.0,43.0,129.0,86.5,114.25
16904,2011-03-28,9147,216418,105.45,105.45,0,0,103,60.86912367149599,107.0,25.0,70.0,37.0,107.0,66.0,117.5
18537,2011-04-04,9147,216418,106.1625,106.1625,0,0,75,60.86912367149599,125.0,24.0,69.0,261.0,125.0,74.5,64.25
20176,2011-04-11,9147,216418,106.1625,106.1625,0,0,83,60.86912367149599,115.0,22.0,67.0,136.0,115.0,68.5,70.5
21811,2011-04-18,9147,216418,106.1625,106.1625,0,0,67,60.86912367149599,80.0,23.0,65.0,153.0,80.0,51.5,57.25
23448,2011-04-25,9147,216418,87.6375,106.1625,0,0,98,60.86912367149599,123.0,48.0,46.0,27.0,123.0,85.5,101.75
25086,2011-05-02,9147,216418,87.6375,106.1625,0,0,86,60.86912367149599,99.0,47.0,52.0,39.0,99.0,73.0,69.5
26723,2011-05-09,9147,216418,89.0625,106.1625,0,0,93,60.86912367149599,135.0,25.0,52.0,114.0,135.0,80.0,77.5
28361,2011-05-16,9147,216418,86.925,106.1625,0,0,79,60.86912367149599,108.0,21.0,144.0,40.0,108.0,64.5,93.0
29993,2011-05-23,9147,216418,88.35,106.1625,0,0,90,60.86912367149599,146.0,28.0,62.0,201.0,146.0,87.0,95.5
31630,2011-05-30,9147,216418,86.925,106.1625,0,0,104,60.86912367149599,119.0,71.0,68.0,136.0,119.0,95.0,133.75
33264,2011-06-06,9147,216418,87.6375,87.6375,0,0,99,60.86912367149599,131.0,19.0,102.0,224.0,131.0,75.0,65.25
34903,2011-06-13,9147,216418,89.0625,89.0625,0,0,76,60.86912367149599,142.0,32.0,126.0,62.0,142.0,87.0,102.75
36537,2011-06-20,9147,216418,118.9875,118.9875,0,0,61,60.86912367149599,96.0,10.0,49.0,64.0,96.0,53.0,58.25
38173,2011-06-27,9147,216418,119.7,119.7,0,0,81,60.86912367149599,98.0,17.0,63.0,120.0,98.0,57.5,67.5
39814,2011-07-04,9147,216418,119.7,119.7,0,0,71,60.86912367149599,98.0,30.0,56.0,134.0,98.0,64.0,98.5
41451,2011-07-11,9147,216418,118.9875,118.9875,0,0,75,60.86912367149599,83.0,26.0,108.0,48.0,83.0,54.5,79.75
43090,2011-07-18,9147,216418,88.35,118.9875,0,0,87,60.86912367149599,104.0,23.0,72.0,101.0,104.0,63.5,88.25
44726,2011-07-25,9147,216418,88.35,118.9875,0,0,68,60.86912367149599,90.0,14.0,45.0,149.0,90.0,52.0,60.25
46355,2011-08-01,9147,216418,88.35,118.9875,0,0,103,60.86912367149599,80.0,48.0,29.0,114.0,80.0,64.0,98.0
47990,2011-08-08,9147,216418,88.35,118.9875,0,0,63,60.86912367149599,114.0,23.0,75.0,197.0,114.0,68.5,101.0
49623,2011-08-15,9147,216418,88.35,118.9875,0,0,98,60.86912367149599,111.0,17.0,52.0,221.0,111.0,64.0,63.75
51254,2011-08-22,9147,216418,88.35,118.9875,0,0,75,60.86912367149599,99.0,34.0,28.0,116.0,99.0,66.5,124.25
52879,2011-08-29,9147,216418,88.35,88.35,0,0,76,60.86912367149599,133.0,23.0,64.0,89.0,133.0,78.0,87.0
54506,2011-09-05,9147,216418,89.0625,89.0625,0,0,67,60.86912367149599,128.0,25.0,198.0,79.0,128.0,76.5,96.75
56130,2011-09-12,9147,216418,89.0625,89.0625,0,0,77,60.86912367149599,146.0,15.0,53.0,251.0,146.0,80.5,85.75
57757,2011-09-19,9147,216418,88.35,88.35,0,0,102,60.86912367149599,115.0,78.0,76.0,103.0,115.0,96.5,144.75
59384,2011-09-26,9147,216418,88.35,88.35,0,0,90,60.86912367149599,111.0,33.0,219.0,49.0,111.0,72.0,86.0
61005,2011-10-03,9147,216418,84.7875,84.7875,0,0,101,60.86912367149599,142.0,33.0,68.0,226.0,142.0,87.5,130.25
62627,2011-10-10,9147,216418,101.175,101.175,0,0,74,60.86912367149599,152.0,64.0,147.0,58.0,152.0,108.0,173.75
64253,2011-10-17,9147,216418,104.025,104.025,0,0,85,60.86912367149599,117.0,85.0,67.0,159.0,117.0,101.0,233.0
65889,2011-10-24,9147,216418,105.45,105.45,0,0,89,60.86912367149599,89.0,37.0,625.0,322.0,89.0,63.0,89.0
67528,2011-10-31,9147,216418,104.7375,104.7375,0,0,108,60.86912367149599,124.0,33.0,341.0,65.0,124.0,78.5,104.75
69166,2011-11-07,9147,216418,101.175,101.175,0,0,98,60.86912367149599,103.0,31.0,59.0,80.0,103.0,67.0,221.0
70802,2011-11-14,9147,216418,104.025,104.025,0,0,87,60.86912367149599,100.0,26.0,57.0,236.0,100.0,63.0,144.25
72442,2011-11-21,9147,216418,104.025,104.025,0,0,114,60.86912367149599,127.0,41.0,58.0,187.0,127.0,84.0,291.0
74074,2011-11-28,9147,216418,106.875,106.875,0,0,101,60.86912367149599,111.0,99.0,76.0,218.0,111.0,105.0,343.5
75711,2011-12-05,9147,216418,104.7375,104.7375,0,0,105,60.86912367149599,107.0,44.0,72.0,241.0,107.0,75.5,153.0
77350,2011-12-12,9147,216418,88.35,104.7375,0,0,149,60.86912367149599,150.0,68.0,60.0,186.0,150.0,109.0,273.5
78992,2011-12-19,9147,216418,87.6375,104.7375,0,0,188,60.86912367149599,184.0,200.0,123.0,114.0,184.0,192.0,344.75
80632,2011-12-26,9147,216418,88.35,104.7375,0,0,169,60.86912367149599,157.0,139.0,651.0,97.0,157.0,148.0,186.5
