MLProject/Demand_Forecasting_preprocessing/train_processed.csv
record_ID,week,store_id,sku_id,total_price,base_price,is_featured_sku,is_display_sku,units_sold,store_encoded,lag_1,lag_2,lag_5,lag_19,ma_1,ma_2,ma_4
528,2011-01-17,9112,216418,98.325,98.325,0,0,180,93.19892106185144,89.0,105.0,79.0,233.0,89.0,97.0,126.0
2166,2011-01-24,9112,216418,98.325,98.325,0,0,164,93.19892106185144,80.0,85.0,117.0,56.0,80.0,82.5,103.75
21766,2011-04-18,9112,216418,106.1625,106.1625,0,0,163,93.19892106185144,67.0,80.0,94.0,24.0,67.0,73.5,50.5
23402,2011-04-25,9112,216418,106.1625,106.1625,0,0,132,93.19892106185144,98.0,123.0,67.0,33.0,98.0,110.5,109.5
25041,2011-05-02,9112,216418,106.1625,106.1625,0,0,136,93.19892106185144,86.0,99.0,92.0,85.0,86.0,92.5,68.0
26677,2011-05-09,9112,216418,106.1625,106.1625,0,0,166,93.19892106185144,93.0,135.0,97.0,198.0,93.0,114.0,76.5
28315,2011-05-16,9112,216418,105.45,105.45,0,0,166,93.19892106185144,79.0,108.0,41.0,76.0,79.0,93.5,102.5
29948,2011-05-23,9112,216418,105.45,105.45,0,0,168,93.19892106185144,90.0,146.0,40.0,44.0,90.0,118.0,108.0
31584,2011-05-30,9112,216418,103.3125,103.3125,0,0,202,93.19892106185144,104.0,119.0,151.0,27.0,104.0,111.5,122.0
33219,2011-06-06,9112,216418,105.45,105.45,0,0,209,93.19892106185144,99.0,131.0,81.0,57.0,99.0,115.0,69.75
34858,2011-06-13,9112,216418,106.1625,106.1625,0,0,156,93.19892106185144,76.0,142.0,39.0,106.0,76.0,109.0,112.0
36491,2011-06-20,9112,216418,118.9875,118.9875,0,0,101,93.19892106185144,61.0,96.0,93.0,148.0,61.0,78.5,50.25
38127,2011-06-27,9112,216418,119.7,119.7,0,0,121,93.19892106185144,81.0,98.0,125.0,42.0,81.0,89.5,56.5
46309,2011-08-01,9112,216418,87.6375,119.7,0,0,166,93.19892106185144,103.0,80.0,156.0,75.0,103.0,91.5,84.75
47944,2011-08-08,9112,216418,88.35,119.7,0,0,149,93.19892106185144,63.0,114.0,232.0,53.0,63.0,88.5,58.75
54460,2011-09-05,9112,216418,104.7375,119.7,0,0,149,93.19892106185144,67.0,128.0,46.0,55.0,67.0,97.5,102.0
57711,2011-09-19,9112,216418,106.1625,119.7,0,0,166,93.19892106185144,102.0,115.0,245.0,53.0,102.0,108.5,109.0
60960,2011-10-03,9112,216418,103.3125,119.7,0,0,192,93.19892106185144,101.0,142.0,293.0,42.0,101.0,121.5,82.25
64208,2011-10-17,9112,216418,102.6,119.7,0,0,178,93.19892106185144,85.0,117.0,503.0,50.0,85.0,101.0,128.5
65845,2011-10-24,9112,216418,103.3125,103.3125,0,0,185,93.19892106185144,89.0,89.0,170.0,29.0,89.0,89.0,68.75
69121,2011-11-07,9112,216418,105.45,105.45,0,0,182,93.19892106185144,98.0,103.0,715.0,249.0,98.0,100.5,66.75
70756,2011-11-14,9112,216418,104.7375,104.7375,0,0,193,93.19892106185144,87.0,100.0,417.0,61.0,87.0,93.5,61.75
74028,2011-11-28,9112,216418,102.6,102.6,0,0,238,93.19892106185144,101.0,111.0,1099.0,55.0,101.0,106.0,94.0
75665,2011-12-05,9112,216418,104.025,104.025,0,0,224,93.19892106185144,105.0,107.0,425.0,43.0,105.0,106.0,73.0
77304,2011-12-12,9112,216418,88.35,104.025,0,0,227,93.19892106185144,149.0,150.0,631.0,181.0,149.0,149.5,153.0
78946,2011-12-19,9112,216418,88.35,104.025,0,0,276,93.19892106185144,188.0,184.0,732.0,70.0,188.0,186.0,208.75
80586,2011-12-26,9112,216418,87.6375,104.025,0,0,325,93.19892106185144,169.0,157.0,101.0,205.0,169.0,163.0,203.5
507,2011-01-17,9092,216418,84.075,84.075,0,0,60,35.63969008733072,180.0,89.0,237.0,48.0,180.0,134.5,111.75
8696,2011-02-21,9092,216418,83.3625,83.3625,0,0,58,35.63969008733072,92.0,170.0,33.0,112.0,92.0,131.0,107.25
13558,2011-03-14,9092,216418,81.225,81.225,0,0,71,35.63969008733072,213.0,102.0,61.0,37.0,213.0,157.5,118.25
15196,2011-03-21,9092,216418,80.5125,80.5125,0,0,40,35.63969008733072,210.0,80.0,217.0,105.0,210.0,145.0,115.75
16838,2011-03-28,9092,216418,82.65,82.65,0,0,45,35.63969008733072,273.0,103.0,298.0,97.0,273.0,188.0,127.0
18470,2011-04-04,9092,216418,81.225,81.225,0,0,85,35.63969008733072,214.0,75.0,41.0,64.0,214.0,144.5,109.5
20109,2011-04-11,9092,216418,83.3625,83.3625,0,0,65,35.63969008733072,216.0,83.0,40.0,63.0,216.0,149.5,109.0
21745,2011-04-18,9092,216418,83.3625,83.3625,0,0,71,35.63969008733072,163.0,67.0,32.0,64.0,163.0,115.0,83.25
23381,2011-04-25,9092,216418,82.65,82.65,0,0,59,35.63969008733072,132.0,98.0,169.0,71.0,132.0,115.0,100.25
25020,2011-05-02,9092,216418,83.3625,83.3625,0,0,68,35.63969008733072,136.0,86.0,40.0,167.0,136.0,111.0,92.0
26656,2011-05-09,9092,216418,81.9375,81.9375,0,0,61,35.63969008733072,166.0,93.0,53.0,56.0,166.0,129.5,104.75
28294,2011-05-16,9092,216418,83.3625,83.3625,0,0,59,35.63969008733072,166.0,79.0,202.0,195.0,166.0,122.5,93.5
29927,2011-05-23,9092,216418,70.5375,83.3625,0,0,59,35.63969008733072,44.0,168.0,28.0,135.0,44.0,106.0,112.0
31563,2011-05-30,9092,216418,69.825,83.3625,0,0,57,35.63969008733072,202.0,104.0,194.0,87.0,202.0,153.0,124.0
33198,2011-06-06,9092,216418,68.4,83.3625,0,0,41,35.63969008733072,209.0,99.0,30.0,84.0,209.0,154.0,114.5
34837,2011-06-13,9092,216418,69.825,83.3625,0,0,54,35.63969008733072,156.0,76.0,198.0,116.0,156.0,116.0,101.5
36470,2011-06-20,9092,216418,68.4,83.3625,0,0,47,35.63969008733072,101.0,61.0,34.0,54.0,101.0,81.0,67.0
38106,2011-06-27,9092,216418,68.4,83.3625,0,0,40,35.63969008733072,121.0,81.0,30.0,83.0,121.0,101.0,79.25
39747,2011-07-04,9092,216418,69.1125,69.1125,0,0,57,35.63969008733072,117.0,71.0,47.0,54.0,117.0,94.0,79.0
41384,2011-07-11,9092,216418,69.1125,69.1125,0,0,44,35.63969008733072,152.0,75.0,170.0,112.0,152.0,113.5,84.0
43023,2011-07-18,9092,216418,69.1125,69.1125,0,0,46,35.63969008733072,172.0,87.0,36.0,36.0,172.0,129.5,96.5
44659,2011-07-25,9092,216418,69.1125,69.1125,0,0,30,35.63969008733072,175.0,68.0,27.0,59.0,175.0,121.5,86.75
54439,2011-09-05,9092,216418,69.825,69.825,0,0,49,35.63969008733072,149.0,67.0,188.0,99.0,149.0,108.0,92.25
56063,2011-09-12,9092,216418,69.825,69.825,0,0,64,35.63969008733072,288.0,170.0,15.0,96.0,288.0,229.0,170.25
59318,2011-09-26,9092,216418,69.1125,69.1125,0,0,84,35.63969008733072,159.0,90.0,138.0,129.0,159.0,124.5,98.25
60939,2011-10-03,9092,216418,66.2625,66.2625,0,0,72,35.63969008733072,192.0,101.0,53.0,62.0,192.0,146.5,117.0
62561,2011-10-10,9092,216418,68.4,68.4,0,0,108,35.63969008733072,226.0,74.0,158.0,94.0,226.0,150.0,129.0
64187,2011-10-17,9092,216418,66.975,66.975,0,0,78,35.63969008733072,178.0,85.0,227.0,108.0,178.0,131.5,116.25
65824,2011-10-24,9092,216418,68.4,68.4,0,0,79,35.63969008733072,185.0,89.0,60.0,73.0,185.0,137.0,100.0
67462,2011-10-31,9092,216418,69.825,69.825,0,0,81,35.63969008733072,208.0,108.0,169.0,127.0,208.0,158.0,118.25
69100,2011-11-07,9092,216418,69.1125,69.1125,0,0,66,35.63969008733072,182.0,98.0,35.0,36.0,182.0,140.0,103.5
70735,2011-11-14,9092,216418,69.825,69.825,0,0,84,35.63969008733072,193.0,87.0,34.0,46.0,193.0,140.0,101.5
72375,2011-11-21,9092,216418,69.825,69.825,0,0,82,35.63969008733072,204.0,114.0,171.0,57.0,204.0,159.0,121.5
74007,2011-11-28,9092,216418,69.1125,69.1125,0,0,89,35.63969008733072,238.0,101.0,65.0,152.0,238.0,169.5,137.25
75644,2011-12-05,9092,216418,69.825,69.825,0,0,59,35.63969008733072,224.0,105.0,36.0,124.0,224.0,164.5,120.0
80565,2011-12-26,9092,216418,70.5375,70.5375,0,0,100,35.63969008733072,325.0,169.0,349.0,218.0,325.0,247.0,197.5
82205,2012-01-02,9092,216418,70.5375,70.5375,0,0,50,35.63969008733072,169.0,240.0,83.0,164.0,169.0,204.5,176.75
85486,2012-01-16,9092,216418,70.5375,70.5375,0,0,61,35.63969008733072,631.0,206.0,55.0,41.0,631.0,418.5,255.0
87125,2012-01-23,9092,216418,70.5375,70.5375,0,0,68,35.63969008733072,437.0,189.0,46.0,84.0,437.0,313.0,253.25
88766,2012-01-30,9092,216418,81.9375,81.9375,0,0,63,35.63969008733072,370.0,169.0,232.0,172.0,370.0,269.5,243.25
659,2011-01-17,9221,216418,87.6375,86.2125,0,1,61,34.14314893234168,66.0,60.0,105.0,99.0,66.0,63.0,98.75
3934,2011-01-31,9221,216418,70.5375,86.2125,0,1,66,34.14314893234168,37.0,82.0,76.0,53.0,37.0,59.5,70.0
5570,2011-02-07,9221,216418,86.925,86.2125,0,1,57,34.14314893234168,56.0,90.0,93.0,100.0,56.0,73.0,66.0
13710,2011-03-14,9221,216418,83.3625,86.925,0,1,41,34.14314893234168,61.0,106.0,74.0,136.0,61.0,83.5,67.5
48076,2011-08-08,9221,216418,86.925,84.7875,0,1,23,34.14314893234168,35.0,232.0,63.0,93.0,35.0,133.5,96.0
49709,2011-08-15,9221,216418,88.35,84.7875,0,1,17,34.14314893234168,37.0,90.0,48.0,132.0,37.0,63.5,62.0
51340,2011-08-22,9221,216418,88.35,84.7875,0,1,29,34.14314893234168,41.0,92.0,75.0,91.0,41.0,66.5,91.5
80717,2011-12-26,9221,216418,69.825,85.5,0,1,139,34.14314893234168,349.0,101.0,67.0,147.0,349.0,225.0,314.0
85638,2012-01-16,9221,216418,69.825,85.5,0,1,41,34.14314893234168,55.0,394.0,177.0,311.0,55.0,224.5,167.75
2841,2011-01-24,9713,216418,99.0375,112.575,0,1,113,57.06663825362528,61.0,66.0,89.0,52.0,61.0,63.5,91.75
4480,2011-01-31,9713,216418,98.325,112.575,0,1,128,57.06663825362528,48.0,107.0,164.0,103.0,48.0,77.5,77.25
6116,2011-02-07,9713,216418,98.325,112.575,0,1,147,57.06663825362528,16.0,71.0,374.0,59.0,16.0,43.5,92.25
7756,2011-02-14,9713,216418,106.875,112.575,0,1,84,57.06663825362528,236.0,66.0,102.0,113.0,236.0,151.0,141.75
9394,2011-02-21,9713,216418,106.1625,112.575,0,1,128,57.06663825362528,146.0,52.0,85.0,24.0,146.0,99.0,117.0
11009,2011-02-28,9713,216418,106.1625,112.575,0,1,113,57.06663825362528,85.0,45.0,34.0,88.0,85.0,65.0,144.5
12623,2011-03-07,9713,216418,105.45,112.575,0,1,117,57.06663825362528,92.0,161.0,47.0,123.0,92.0,126.5,124.75
14256,2011-03-14,9713,216418,103.3125,112.575,0,1,123,57.06663825362528,108.0,97.0,209.0,65.0,108.0,102.5,91.5
15897,2011-03-21,9713,216418,104.025,112.575,0,1,100,57.06663825362528,260.0,67.0,102.0,20.0,260.0,163.5,152.75
17535,2011-03-28,9713,216418,104.7375,112.575,0,1,112,57.06663825362528,62.0,40.0,129.0,157.0,62.0,51.0,98.0
19169,2011-04-04,9713,216418,106.875,112.575,0,1,147,57.06663825362528,52.0,45.0,107.0,161.0,52.0,48.5,118.25
20807,2011-04-11,9713,216418,104.7375,112.575,0,1,164,57.06663825362528,110.0,122.0,50.0,24.0,110.0,116.0,79.25
22441,2011-04-18,9713,216418,105.45,112.575,0,1,88,57.06663825362528,129.0,100.0,65.0,100.0,129.0,114.5,121.75
24080,2011-04-25,9713,216418,106.1625,112.575,0,1,140,57.06663825362528,23.0,117.0,17.0,80.0,23.0,70.0,69.75
25717,2011-05-02,9713,216418,104.025,112.575,0,1,111,57.06663825362528,108.0,84.0,27.0,123.0,108.0,96.0,67.0
27355,2011-05-09,9713,216418,104.025,112.575,0,1,110,57.06663825362528,257.0,33.0,86.0,77.0,257.0,145.0,123.5
28995,2011-05-16,9713,216418,106.1625,112.575,0,1,132,57.06663825362528,231.0,48.0,93.0,31.0,231.0,139.5,126.5
30625,2011-05-23,9713,216418,106.1625,112.575,0,1,130,57.06663825362528,38.0,59.0,108.0,109.0,38.0,48.5,85.5
32261,2011-05-30,9713,216418,106.1625,112.575,0,1,109,57.06663825362528,37.0,15.0,102.0,90.0,37.0,26.0,34.75
33896,2011-06-06,9713,216418,105.45,112.575,0,1,162,57.06663825362528,29.0,50.0,202.0,11.0,29.0,39.5,48.0
35531,2011-06-13,9713,216418,106.1625,112.575,0,1,169,57.06663825362528,214.0,68.0,99.0,125.0,214.0,141.0,133.0
37165,2011-06-20,9713,216418,118.9875,112.575,0,1,91,57.06663825362528,66.0,110.0,44.0,198.0,66.0,88.0,70.25
38805,2011-06-27,9713,216418,119.7,112.575,0,1,106,57.06663825362528,154.0,78.0,47.0,95.0,154.0,116.0,119.75
40443,2011-07-04,9713,216418,119.7,112.575,0,1,111,57.06663825362528,83.0,78.0,37.0,17.0,83.0,80.5,57.5
42083,2011-07-11,9713,216418,118.9875,112.575,0,1,100,57.06663825362528,144.0,43.0,71.0,58.0,144.0,93.5,90.25
43720,2011-07-18,9713,216418,87.6375,112.575,0,1,111,57.06663825362528,59.0,142.0,25.0,170.0,59.0,100.5,71.0
45353,2011-07-25,9713,216418,88.35,112.575,0,1,128,57.06663825362528,152.0,56.0,46.0,93.0,152.0,104.0,103.75
46986,2011-08-01,9713,216418,88.35,112.575,0,1,148,57.06663825362528,43.0,61.0,24.0,90.0,43.0,52.0,74.5
48618,2011-08-08,9713,216418,88.35,112.575,0,1,135,57.06663825362528,138.0,116.0,65.0,100.0,138.0,127.0,77.75
50252,2011-08-15,9713,216418,106.1625,112.575,0,1,130,57.06663825362528,158.0,133.0,35.0,23.0,158.0,145.5,85.75
51883,2011-08-22,9713,216418,106.1625,112.575,0,1,128,57.06663825362528,42.0,169.0,11.0,111.0,42.0,105.5,101.75
53506,2011-08-29,9713,216418,106.1625,112.575,0,1,124,57.06663825362528,29.0,41.0,165.0,36.0,29.0,35.0,57.5
55131,2011-09-05,9713,216418,106.1625,112.575,0,1,137,57.06663825362528,178.0,88.0,76.0,22.0,178.0,133.0,125.5
56753,2011-09-12,9713,216418,106.1625,112.575,0,1,116,57.06663825362528,67.0,49.0,128.0,110.0,67.0,58.0,83.0
58384,2011-09-19,9713,216418,106.1625,112.575,0,1,139,57.06663825362528,48.0,98.0,109.0,77.0,48.0,73.0,78.25
60009,2011-09-26,9713,216418,106.1625,112.575,0,1,133,57.06663825362528,48.0,44.0,166.0,35.0,48.0,46.0,64.5
61632,2011-10-03,9713,216418,103.3125,112.575,0,1,110,57.06663825362528,75.0,84.0,111.0,111.0,75.0,79.5,102.0
63252,2011-10-10,9713,216418,101.8875,112.575,0,1,159,57.06663825362528,39.0,36.0,26.0,142.0,39.0,37.5,67.5
64883,2011-10-17,9713,216418,104.025,112.575,0,1,151,57.06663825362528,65.0,70.0,35.0,74.0,65.0,67.5,81.5
66520,2011-10-24,9713,216418,105.45,112.575,0,1,136,57.06663825362528,29.0,36.0,178.0,36.0,29.0,32.5,58.75
68158,2011-10-31,9713,216418,103.3125,112.575,0,1,146,57.06663825362528,112.0,74.0,89.0,178.0,112.0,93.0,112.5
69797,2011-11-07,9713,216418,105.45,112.575,0,1,153,57.06663825362528,67.0,104.0,57.0,169.0,67.0,85.5,67.5
71436,2011-11-14,9713,216418,105.45,112.575,0,1,136,57.06663825362528,173.0,71.0,66.0,120.0,173.0,122.0,133.75
73071,2011-11-21,9713,216418,104.7375,112.575,0,1,191,57.06663825362528,43.0,118.0,42.0,100.0,43.0,80.5,95.0
74705,2011-11-28,9713,216418,106.1625,112.575,0,1,169,57.06663825362528,189.0,68.0,97.0,120.0,189.0,128.5,88.5
76343,2011-12-05,9713,216418,106.1625,112.575,0,1,168,57.06663825362528,89.0,166.0,65.0,99.0,89.0,127.5,86.75
77984,2011-12-12,9713,216418,88.35,112.575,0,1,199,57.06663825362528,42.0,184.0,72.0,107.0,42.0,113.0,146.0
79624,2011-12-19,9713,216418,88.35,112.575,0,1,250,57.06663825362528,66.0,214.0,57.0,149.0,66.0,140.0,136.0
81264,2011-12-26,9713,216418,88.35,112.575,0,1,301,57.06663825362528,167.0,137.0,276.0,99.0,167.0,152.0,127.75
82904,2012-01-02,9713,216418,88.35,112.575,0,1,222,57.06663825362528,128.0,100.0,157.0,228.0,128.0,114.0,180.5
87824,2012-01-23,9713,216418,88.35,112.575,0,1,245,57.06663825362528,287.0,95.0,61.0,132.0,287.0,191.0,219.25
89466,2012-01-30,9713,216418,88.35,112.575,0,1,165,57.06663825362528,45.0,76.0,24.0,343.0,45.0,60.5,96.0
