MLProject/Demand_Forecasting_preprocessing/train_processed.csv
record_ID,week,store_id,sku_id,total_price,base_price,is_featured_sku,is_display_sku,units_sold,store_encoded,lag_1,lag_2,lag_5,lag_19,ma_1,ma_2,ma_4
2736,2011-01-24,9611,216418,97.6125,97.6125,0,0,185,79.56967794649705,113.0,61.0,180.0,101.0,113.0,87.0,75.0
4375,2011-01-31,9611,216418,98.325,98.325,0,0,170,79.56967794649705,264.0,29.0,128.0,89.0,264.0,146.5,87.25
6011,2011-02-07,9611,216418,98.325,98.325,0,0,200,79.56967794649705,374.0,20.0,209.0,43.0,374.0,197.0,116.25
7651,2011-02-14,9611,216418,105.45,105.45,0,0,155,79.56967794649705,309.0,32.0,84.0,49.0,309.0,170.5,95.75
9289,2011-02-21,9611,216418,106.1625,106.1625,0,0,171,79.56967794649705,267.0,32.0,128.0,67.0,267.0,149.5,80.5
10907,2011-02-28,9611,216418,106.1625,106.1625,0,0,209,79.56967794649705,239.0,34.0,19.0,47.0,239.0,136.5,83.5
12521,2011-03-07,9611,216418,106.1625,106.1625,0,0,155,79.56967794649705,242.0,49.0,208.0,44.0,242.0,145.5,88.5
15792,2011-03-21,9611,216418,104.025,104.025,0,0,218,79.56967794649705,305.0,24.0,100.0,55.0,305.0,164.5,90.25
22338,2011-04-18,9611,216418,105.45,105.45,0,0,129,79.56967794649705,100.0,211.0,216.0,114.0,100.0,155.5,105.75
23975,2011-04-25,9611,216418,86.925,105.45,0,0,232,79.56967794649705,222.0,29.0,155.0,44.0,222.0,125.5,73.5
25613,2011-05-02,9611,216418,87.6375,105.45,0,0,225,79.56967794649705,16.0,55.0,132.0,1.0,16.0,35.5,47.5
27250,2011-05-09,9611,216418,89.0625,105.45,0,0,209,79.56967794649705,223.0,41.0,110.0,56.0,223.0,132.0,74.25
28890,2011-05-16,9611,216418,86.2125,105.45,0,0,183,79.56967794649705,227.0,24.0,132.0,63.0,227.0,125.5,69.75
30522,2011-05-23,9611,216418,88.35,105.45,0,0,196,79.56967794649705,227.0,34.0,130.0,71.0,227.0,130.5,76.0
32157,2011-05-30,9611,216418,88.35,105.45,0,0,198,79.56967794649705,221.0,28.0,59.0,33.0,221.0,124.5,70.5
33791,2011-06-06,9611,216418,88.35,88.35,0,0,217,79.56967794649705,254.0,30.0,162.0,63.0,254.0,142.0,81.5
35427,2011-06-13,9611,216418,88.35,88.35,0,0,208,79.56967794649705,278.0,49.0,169.0,58.0,278.0,163.5,96.25
37061,2011-06-20,9611,216418,119.7,119.7,0,0,179,79.56967794649705,176.0,22.0,44.0,66.0,176.0,99.0,58.25
38700,2011-06-27,9611,216418,119.7,119.7,0,0,154,79.56967794649705,78.0,220.0,101.0,77.0,78.0,149.0,93.0
40338,2011-07-04,9611,216418,118.9875,118.9875,0,0,136,79.56967794649705,187.0,53.0,81.0,84.0,187.0,120.0,100.25
41978,2011-07-11,9611,216418,118.275,118.275,0,0,116,79.56967794649705,159.0,26.0,100.0,57.0,159.0,92.5,54.75
43615,2011-07-18,9611,216418,89.0625,118.275,0,0,145,79.56967794649705,257.0,35.0,40.0,59.0,257.0,146.0,79.25
45249,2011-07-25,9611,216418,88.35,118.275,0,0,152,79.56967794649705,56.0,161.0,172.0,106.0,56.0,108.5,77.25
46883,2011-08-01,9611,216418,88.35,118.275,0,0,140,79.56967794649705,178.0,54.0,132.0,54.0,178.0,116.0,63.0
48514,2011-08-08,9611,216418,88.35,118.275,0,0,138,79.56967794649705,116.0,15.0,32.0,26.0,116.0,65.5,59.5
50147,2011-08-15,9611,216418,106.1625,106.1625,0,0,176,79.56967794649705,137.0,66.0,63.0,108.0,137.0,101.5,101.75
51778,2011-08-22,9611,216418,106.1625,106.1625,0,0,179,79.56967794649705,233.0,32.0,125.0,60.0,233.0,132.5,78.0
53403,2011-08-29,9611,216418,106.875,106.875,0,0,138,79.56967794649705,124.0,29.0,68.0,108.0,124.0,76.5,71.5
55029,2011-09-05,9611,216418,106.1625,106.1625,0,0,179,79.56967794649705,216.0,49.0,137.0,87.0,216.0,132.5,74.25
56652,2011-09-12,9611,216418,105.45,105.45,0,0,215,79.56967794649705,236.0,23.0,116.0,86.0,236.0,129.5,74.75
58281,2011-09-19,9611,216418,106.1625,106.1625,0,0,231,79.56967794649705,199.0,27.0,64.0,47.0,199.0,113.0,84.0
59908,2011-09-26,9611,216418,106.1625,106.1625,0,0,211,79.56967794649705,238.0,34.0,133.0,76.0,238.0,136.0,85.5
61527,2011-10-03,9611,216418,102.6,102.6,0,0,199,79.56967794649705,267.0,40.0,110.0,90.0,267.0,153.5,90.5
63149,2011-10-10,9611,216418,104.025,104.025,0,0,271,79.56967794649705,264.0,47.0,154.0,45.0,264.0,155.5,90.75
64778,2011-10-17,9611,216418,104.025,104.025,0,0,234,79.56967794649705,253.0,25.0,24.0,66.0,253.0,139.0,84.0
66416,2011-10-24,9611,216418,104.025,104.025,0,0,203,79.56967794649705,219.0,23.0,136.0,60.0,219.0,121.0,77.5
68053,2011-10-31,9611,216418,104.7375,104.7375,0,0,192,79.56967794649705,201.0,32.0,146.0,54.0,201.0,116.5,66.75
69692,2011-11-07,9611,216418,105.45,105.45,0,0,205,79.56967794649705,233.0,32.0,74.0,98.0,233.0,132.5,77.75
71331,2011-11-14,9611,216418,104.7375,104.7375,0,0,173,79.56967794649705,71.0,175.0,182.0,144.0,71.0,123.0,107.0
72967,2011-11-21,9611,216418,104.025,104.025,0,0,220,79.56967794649705,215.0,31.0,193.0,67.0,215.0,123.0,80.0
74602,2011-11-28,9611,216418,104.7375,104.7375,0,0,189,79.56967794649705,68.0,55.0,82.0,23.0,68.0,61.5,65.5
76239,2011-12-05,9611,216418,106.1625,106.1625,0,0,196,79.56967794649705,213.0,109.0,101.0,168.0,213.0,161.0,162.25
77879,2011-12-12,9611,216418,88.35,106.1625,0,0,239,79.56967794649705,286.0,46.0,221.0,69.0,286.0,166.0,121.75
79519,2011-12-19,9611,216418,88.35,106.1625,0,0,274,79.56967794649705,333.0,48.0,13.0,169.0,333.0,190.5,153.75
81159,2011-12-26,9611,216418,88.35,106.1625,0,0,310,79.56967794649705,374.0,101.0,301.0,143.0,374.0,237.5,152.75
82800,2012-01-02,9611,216418,88.35,106.1625,0,0,214,79.56967794649705,254.0,40.0,222.0,100.0,254.0,147.0,97.5
90998,2012-02-06,9611,216418,88.35,106.1625,0,0,176,79.56967794649705,44.0,82.0,370.0,17.0,44.0,63.0,81.25
2828,2011-01-24,9700,216418,99.0375,99.0375,0,0,9,20.285213833785264,185.0,113.0,60.0,78.0,185.0,149.0,106.25
4467,2011-01-31,9700,216418,96.9,96.9,0,0,9,20.285213833785264,128.0,48.0,74.0,91.0,128.0,88.0,90.75
6103,2011-02-07,9700,216418,99.0375,99.0375,0,0,13,20.285213833785264,209.0,60.0,86.0,92.0,209.0,134.5,134.0
7743,2011-02-14,9700,216418,105.45,105.45,0,0,11,20.285213833785264,84.0,236.0,210.0,267.0,84.0,160.0,110.25
9381,2011-02-21,9700,216418,104.7375,104.7375,0,0,7,20.285213833785264,128.0,146.0,209.0,115.0,128.0,137.0,96.75
10997,2011-02-28,9700,216418,106.1625,106.1625,0,0,14,20.285213833785264,19.0,58.0,72.0,75.0,19.0,38.5,84.75
12611,2011-03-07,9700,216418,106.875,106.875,0,0,7,20.285213833785264,208.0,64.0,80.0,116.0,208.0,136.0,133.25
14243,2011-03-14,9700,216418,106.875,106.875,0,0,17,20.285213833785264,169.0,123.0,61.0,79.0,169.0,146.0,124.25
15884,2011-03-21,9700,216418,102.6,102.6,0,0,7,20.285213833785264,100.0,260.0,213.0,103.0,100.0,180.0,124.5
17522,2011-03-28,9700,216418,106.875,106.875,0,0,19,20.285213833785264,112.0,62.0,80.0,108.0,112.0,87.0,106.0
19156,2011-04-04,9700,216418,106.875,106.875,0,0,11,20.285213833785264,147.0,52.0,103.0,110.0,147.0,99.5,129.25
20794,2011-04-11,9700,216418,104.7375,104.7375,0,0,12,20.285213833785264,181.0,226.0,214.0,103.0,181.0,203.5,135.75
22429,2011-04-18,9700,216418,104.7375,104.7375,0,0,17,20.285213833785264,88.0,129.0,47.0,38.0,88.0,108.5,132.0
24067,2011-04-25,9700,216418,103.3125,103.3125,0,0,20,20.285213833785264,155.0,40.0,67.0,95.0,155.0,97.5,107.25
25704,2011-05-02,9700,216418,106.875,106.875,0,0,7,20.285213833785264,225.0,16.0,59.0,92.0,225.0,120.5,89.0
27342,2011-05-09,9700,216418,106.875,106.875,0,0,14,20.285213833785264,110.0,257.0,136.0,133.0,110.0,183.5,117.0
28982,2011-05-16,9700,216418,105.45,105.45,0,0,12,20.285213833785264,132.0,231.0,166.0,109.0,132.0,181.5,118.0
30612,2011-05-23,9700,216418,106.875,106.875,0,0,14,20.285213833785264,130.0,38.0,79.0,131.0,130.0,84.0,98.25
32249,2011-05-30,9700,216418,105.45,105.45,0,0,8,20.285213833785264,29.0,19.0,221.0,76.0,29.0,24.0,79.25
33883,2011-06-06,9700,216418,106.875,106.875,0,0,7,20.285213833785264,162.0,29.0,57.0,100.0,162.0,95.5,74.25
35518,2011-06-13,9700,216418,105.45,105.45,0,0,21,20.285213833785264,169.0,214.0,209.0,137.0,169.0,191.5,123.0
37152,2011-06-20,9700,216418,120.4125,120.4125,0,0,10,20.285213833785264,44.0,54.0,142.0,138.0,44.0,49.0,82.5
40430,2011-07-04,9700,216418,120.4125,120.4125,0,0,3,20.285213833785264,136.0,187.0,121.0,69.0,136.0,161.5,104.0
42070,2011-07-11,9700,216418,120.4125,120.4125,0,0,6,20.285213833785264,100.0,144.0,117.0,89.0,100.0,122.0,86.0
43707,2011-07-18,9700,216418,89.0625,120.4125,0,0,4,20.285213833785264,40.0,44.0,83.0,113.0,40.0,42.0,77.75
45340,2011-07-25,9700,216418,89.0625,120.4125,0,0,4,20.285213833785264,128.0,152.0,46.0,27.0,128.0,140.0,124.25
46973,2011-08-01,9700,216418,79.8,120.4125,0,0,3,20.285213833785264,132.0,77.0,68.0,92.0,132.0,104.5,103.5
48605,2011-08-08,9700,216418,89.0625,120.4125,0,0,11,20.285213833785264,135.0,138.0,42.0,19.0,135.0,136.5,101.0
50239,2011-08-15,9700,216418,102.6,120.4125,0,0,9,20.285213833785264,176.0,137.0,149.0,97.0,176.0,156.5,108.5
51870,2011-08-22,9700,216418,106.875,120.4125,0,0,6,20.285213833785264,125.0,69.0,98.0,104.0,125.0,97.0,104.5
53494,2011-08-29,9700,216418,104.025,104.025,0,0,6,20.285213833785264,138.0,124.0,92.0,98.0,138.0,131.0,83.0
55118,2011-09-05,9700,216418,106.875,106.875,0,0,7,20.285213833785264,137.0,178.0,150.0,135.0,137.0,157.5,122.25
56741,2011-09-12,9700,216418,106.875,106.875,0,0,7,20.285213833785264,116.0,67.0,67.0,97.0,116.0,91.5,95.25
58371,2011-09-19,9700,216418,106.875,106.875,0,0,4,20.285213833785264,138.0,34.0,199.0,71.0,138.0,86.0,120.0
59997,2011-09-26,9700,216418,106.875,106.875,0,0,12,20.285213833785264,133.0,48.0,84.0,133.0,133.0,90.5,76.75
61619,2011-10-03,9700,216418,104.025,104.025,0,0,9,20.285213833785264,110.0,75.0,90.0,145.0,110.0,92.5,107.0
63239,2011-10-10,9700,216418,106.875,106.875,0,0,5,20.285213833785264,154.0,94.0,101.0,141.0,154.0,124.0,128.0
64870,2011-10-17,9700,216418,106.875,106.875,0,0,9,20.285213833785264,24.0,36.0,226.0,27.0,24.0,30.0,68.0
66508,2011-10-24,9700,216418,106.875,106.875,0,0,7,20.285213833785264,136.0,29.0,78.0,115.0,136.0,82.5,73.25
68145,2011-10-31,9700,216418,106.875,106.875,0,0,4,20.285213833785264,146.0,112.0,185.0,124.0,146.0,129.0,102.75
69784,2011-11-07,9700,216418,106.875,106.875,0,0,5,20.285213833785264,74.0,81.0,124.0,147.0,74.0,77.5,117.75
71423,2011-11-14,9700,216418,106.875,106.875,0,0,7,20.285213833785264,136.0,173.0,116.0,56.0,136.0,154.5,138.75
73059,2011-11-21,9700,216418,106.875,106.875,0,0,9,20.285213833785264,193.0,83.0,87.0,124.0,193.0,138.0,138.25
74694,2011-11-28,9700,216418,106.875,106.875,0,0,6,20.285213833785264,169.0,189.0,42.0,23.0,169.0,179.0,120.25
76331,2011-12-05,9700,216418,106.875,106.875,0,0,13,20.285213833785264,196.0,213.0,238.0,132.0,196.0,204.5,151.75
77971,2011-12-12,9700,216418,91.2,106.875,0,0,13,20.285213833785264,221.0,118.0,105.0,152.0,221.0,169.5,155.5
79611,2011-12-19,9700,216418,86.925,106.875,0,0,13,20.285213833785264,184.0,196.0,227.0,57.0,184.0,190.0,140.25
81251,2011-12-26,9700,216418,88.35,106.875,0,0,15,20.285213833785264,301.0,167.0,77.0,201.0,301.0,234.0,183.75
82892,2012-01-02,9700,216418,89.0625,106.875,0,0,10,20.285213833785264,222.0,128.0,169.0,223.0,222.0,175.0,193.75
87811,2012-01-23,9700,216418,89.0625,106.875,0,0,13,20.285213833785264,245.0,287.0,119.0,63.0,245.0,266.0,250.75
89453,2012-01-30,9700,216418,89.0625,106.875,0,0,15,20.285213833785264,316.0,133.0,189.0,300.0,316.0,224.5,238.5
91088,2012-02-06,9700,216418,89.0625,89.0625,0,0,7,20.285213833785264,176.0,44.0,63.0,165.0,176.0,110.0,109.5
2761,2011-01-24,9613,216418,98.325,112.575,0,1,280,83.27060874374513,57.0,22.0,113.0,42.0,57.0,39.5,68.25
4400,2011-01-31,9613,216418,98.325,112.575,0,1,264,83.27060874374513,29.0,47.0,48.0,40.0,29.0,38.0,53.25
6036,2011-02-07,9613,216418,98.325,112.575,0,1,374,83.27060874374513,20.0,58.0,60.0,59.0,20.0,39.0,75.0
7676,2011-02-14,9613,216418,106.1625,112.575,0,1,309,83.27060874374513,32.0,31.0,236.0,93.0,32.0,31.5,39.5
9314,2011-02-21,9613,216418,106.1625,112.575,0,1,267,83.27060874374513,32.0,16.0,146.0,37.0,32.0,24.0,45.75
10931,2011-02-28,9613,216418,105.45,112.575,0,1,239,83.27060874374513,34.0,47.0,58.0,27.0,34.0,40.5,28.5
12545,2011-03-07,9613,216418,106.1625,112.575,0,1,242,83.27060874374513,49.0,56.0,64.0,41.0,49.0,52.5,80.0
17455,2011-03-28,9613,216418,105.45,105.45,0,1,356,83.27060874374513,28.0,40.0,62.0,81.0,28.0,34.0,49.75
19089,2011-04-04,9613,216418,104.7375,105.45,0,1,301,83.27060874374513,28.0,27.0,52.0,89.0,28.0,27.5,53.25
20728,2011-04-11,9613,216418,105.45,105.45,0,1,318,83.27060874374513,30.0,7.0,226.0,98.0,30.0,18.5,57.5
22362,2011-04-18,9613,216418,105.45,105.45,0,1,182,83.27060874374513,22.0,4.0,129.0,47.0,22.0,13.0,32.75
24000,2011-04-25,9613,216418,106.1625,105.45,0,1,222,83.27060874374513,29.0,23.0,40.0,48.0,29.0,26.0,56.75
25637,2011-05-02,9613,216418,106.1625,105.45,0,1,177,83.27060874374513,16.0,24.0,16.0,99.0,16.0,20.0,68.0
27275,2011-05-09,9613,216418,106.1625,105.45,0,1,223,83.27060874374513,41.0,19.0,257.0,55.0,41.0,30.0,46.0
28915,2011-05-16,9613,216418,106.1625,105.45,0,1,227,83.27060874374513,24.0,16.0,231.0,39.0,24.0,20.0,46.0
30545,2011-05-23,9613,216418,106.1625,105.45,0,1,227,83.27060874374513,34.0,29.0,38.0,75.0,34.0,31.5,51.75
32182,2011-05-30,9613,216418,106.1625,105.45,0,1,221,83.27060874374513,28.0,21.0,44.0,46.0,28.0,24.5,30.0
33816,2011-06-06,9613,216418,106.1625,105.45,0,1,254,83.27060874374513,30.0,35.0,29.0,149.0,30.0,32.5,58.5
35452,2011-06-13,9613,216418,106.1625,105.45,0,1,278,83.27060874374513,49.0,37.0,214.0,81.0,49.0,43.0,69.0
37086,2011-06-20,9613,216418,119.7,105.45,0,1,176,83.27060874374513,22.0,25.0,54.0,37.0,22.0,23.5,25.25
38725,2011-06-27,9613,216418,119.7,105.45,0,1,179,83.27060874374513,35.0,18.0,154.0,65.0,35.0,26.5,42.5
40363,2011-07-04,9613,216418,119.7,105.45,0,1,179,83.27060874374513,44.0,19.0,187.0,64.0,44.0,31.5,50.5
42003,2011-07-11,9613,216418,119.7,105.45,0,1,159,83.27060874374513,26.0,28.0,144.0,51.0,26.0,27.0,40.0
43640,2011-07-18,9613,216418,89.0625,105.45,0,1,257,83.27060874374513,35.0,21.0,44.0,38.0,35.0,28.0,25.0
45274,2011-07-25,9613,216418,88.35,105.45,0,1,232,83.27060874374513,25.0,22.0,152.0,54.0,25.0,23.5,44.75
46907,2011-08-01,9613,216418,88.35,105.45,0,1,178,83.27060874374513,54.0,17.0,77.0,39.0,54.0,35.5,51.5
48538,2011-08-08,9613,216418,88.35,105.45,0,1,194,83.27060874374513,37.0,27.0,138.0,50.0,37.0,32.0,52.5
50172,2011-08-15,9613,216418,106.1625,105.45,0,1,219,83.27060874374513,37.0,23.0,137.0,64.0,37.0,30.0,61.25
51803,2011-08-22,9613,216418,106.1625,105.45,0,1,233,83.27060874374513,32.0,41.0,69.0,37.0,32.0,36.5,51.0
53428,2011-08-29,9613,216418,106.1625,105.45,0,1,248,83.27060874374513,35.0,29.0,124.0,89.0,35.0,32.0,52.0
55054,2011-09-05,9613,216418,106.875,105.45,0,1,216,83.27060874374513,49.0,25.0,178.0,52.0,49.0,37.0,54.5
56676,2011-09-12,9613,216418,106.1625,105.45,0,1,236,83.27060874374513,23.0,33.0,67.0,97.0,23.0,28.0,44.75
59933,2011-09-26,9613,216418,106.1625,106.1625,0,1,238,83.27060874374513,34.0,58.0,48.0,104.0,34.0,46.0,59.25
61552,2011-10-03,9613,216418,104.025,106.1625,0,1,267,83.27060874374513,40.0,46.0,75.0,100.0,40.0,43.0,51.25
63173,2011-10-10,9613,216418,101.8875,106.1625,0,1,264,83.27060874374513,47.0,47.0,94.0,47.0,47.0,47.0,63.25
64803,2011-10-17,9613,216418,104.7375,106.1625,0,1,253,83.27060874374513,25.0,49.0,36.0,122.0,25.0,37.0,26.75
68078,2011-10-31,9613,216418,104.025,104.025,0,1,201,83.27060874374513,32.0,30.0,112.0,76.0,32.0,31.0,53.0
69717,2011-11-07,9613,216418,104.7375,104.025,0,1,233,83.27060874374513,32.0,41.0,81.0,62.0,32.0,36.5,38.0
71356,2011-11-14,9613,216418,105.45,104.025,0,1,194,83.27060874374513,43.0,40.0,173.0,73.0,43.0,41.5,56.5
72992,2011-11-21,9613,216418,104.7375,104.025,0,1,215,83.27060874374513,31.0,65.0,83.0,40.0,31.0,48.0,74.5
74627,2011-11-28,9613,216418,106.1625,104.025,0,1,210,83.27060874374513,39.0,44.0,189.0,84.0,39.0,41.5,64.5
76264,2011-12-05,9613,216418,104.7375,104.025,0,1,211,83.27060874374513,23.0,54.0,213.0,116.0,23.0,38.5,71.5
77904,2011-12-12,9613,216418,88.35,104.025,0,1,286,83.27060874374513,46.0,142.0,118.0,150.0,46.0,94.0,105.5
79544,2011-12-19,9613,216418,89.0625,104.025,0,1,333,83.27060874374513,48.0,137.0,184.0,81.0,48.0,92.5,73.75
81184,2011-12-26,9613,216418,89.0625,104.025,0,1,374,83.27060874374513,101.0,121.0,167.0,105.0,101.0,111.0,134.5
82825,2012-01-02,9613,216418,89.0625,104.025,0,1,254,83.27060874374513,40.0,86.0,128.0,186.0,40.0,63.0,89.5
87744,2012-01-23,9613,216418,89.0625,104.025,0,1,342,83.27060874374513,22.0,41.0,287.0,124.0,22.0,31.5,80.25
89386,2012-01-30,9613,216418,88.35,104.025,0,1,306,83.27060874374513,24.0,26.0,133.0,85.0,24.0,25.0,95.25
91022,2012-02-06,9613,216418,89.0625,104.025,0,1,318,83.27060874374513,42.0,33.0,44.0,197.0,42.0,37.5,64.5
