MLProject/Demand_Forecasting_preprocessing/train_processed.csv
record_ID,week,store_id,sku_id,total_price,base_price,is_featured_sku,is_display_sku,units_sold,store_encoded,lag_1,lag_2,lag_5,lag_19,ma_1,ma_2,ma_4
2716,2011-01-24,9672,216418,98.325,98.325,0,0,51,61.173668956708575,280.0,57.0,185.0,70.0,280.0,168.5,92.0
4355,2011-01-31,9672,216418,99.0375,99.0375,0,0,53,61.173668956708575,73.0,111.0,47.0,80.0,73.0,92.0,99.0
5991,2011-02-07,9672,216418,98.325,98.325,0,0,82,61.173668956708575,200.0,374.0,13.0,54.0,200.0,287.0,163.0
7631,2011-02-14,9672,216418,106.1625,106.1625,0,0,51,61.173668956708575,155.0,309.0,11.0,87.0,155.0,232.0,131.75
9269,2011-02-21,9672,216418,106.875,106.875,0,0,60,61.173668956708575,52.0,27.0,21.0,107.0,52.0,39.5,68.75
10888,2011-02-28,9672,216418,105.45,105.45,0,0,48,61.173668956708575,29.0,98.0,25.0,95.0,29.0,63.5,75.25
17410,2011-03-28,9672,216418,103.3125,103.3125,0,0,73,61.173668956708575,55.0,76.0,34.0,44.0,55.0,65.5,80.0
19044,2011-04-04,9672,216418,103.3125,103.3125,0,0,62,61.173668956708575,87.0,129.0,45.0,25.0,87.0,108.0,105.0
20683,2011-04-11,9672,216418,106.1625,106.1625,0,0,70,61.173668956708575,318.0,30.0,181.0,62.0,318.0,174.0,91.75
22318,2011-04-18,9672,216418,104.025,104.025,0,0,53,61.173668956708575,75.0,61.0,18.0,83.0,75.0,68.0,83.5
23955,2011-04-25,9672,216418,106.875,106.875,0,0,52,61.173668956708575,232.0,222.0,20.0,60.0,232.0,227.0,126.5
25593,2011-05-02,9672,216418,106.875,106.875,0,0,37,61.173668956708575,177.0,16.0,225.0,54.0,177.0,96.5,56.0
27230,2011-05-09,9672,216418,106.1625,106.1625,0,0,53,61.173668956708575,209.0,223.0,14.0,59.0,209.0,216.0,123.0
28870,2011-05-16,9672,216418,105.45,105.45,0,0,44,61.173668956708575,70.0,38.0,16.0,135.0,70.0,54.0,66.25
30502,2011-05-23,9672,216418,106.1625,106.1625,0,0,64,61.173668956708575,83.0,95.0,32.0,21.0,83.0,89.0,88.5
32137,2011-05-30,9672,216418,105.45,105.45,0,0,71,61.173668956708575,198.0,221.0,12.0,64.0,198.0,209.5,117.0
33771,2011-06-06,9672,216418,106.1625,106.1625,0,0,54,61.173668956708575,76.0,37.0,15.0,104.0,76.0,56.5,74.0
35407,2011-06-13,9672,216418,106.1625,106.1625,0,0,67,61.173668956708575,76.0,53.0,18.0,131.0,76.0,64.5,79.75
37041,2011-06-20,9672,216418,120.4125,120.4125,0,0,56,61.173668956708575,179.0,176.0,10.0,98.0,179.0,177.5,100.5
38680,2011-06-27,9672,216418,119.7,119.7,0,0,47,61.173668956708575,56.0,66.0,17.0,61.0,56.0,61.0,71.0
40318,2011-07-04,9672,216418,119.7,119.7,0,0,53,61.173668956708575,179.0,44.0,136.0,40.0,179.0,111.5,61.25
41958,2011-07-11,9672,216418,118.9875,118.9875,0,0,44,61.173668956708575,75.0,40.0,4.0,98.0,75.0,57.5,78.5
43595,2011-07-18,9672,216418,88.35,118.9875,0,0,82,61.173668956708575,145.0,257.0,4.0,75.0,145.0,201.0,114.5
45229,2011-07-25,9672,216418,87.6375,118.9875,0,0,46,61.173668956708575,63.0,63.0,13.0,87.0,63.0,63.0,60.75
46863,2011-08-01,9672,216418,88.35,118.9875,0,0,54,61.173668956708575,140.0,178.0,3.0,63.0,140.0,159.0,97.25
48494,2011-08-08,9672,216418,88.35,118.9875,0,0,53,61.173668956708575,73.0,114.0,23.0,166.0,73.0,93.5,85.25
50127,2011-08-15,9672,216418,106.1625,118.9875,0,0,69,61.173668956708575,219.0,37.0,176.0,73.0,219.0,128.0,72.0
51759,2011-08-22,9672,216418,106.1625,118.9875,0,0,61,61.173668956708575,179.0,233.0,6.0,75.0,179.0,206.0,121.25
53385,2011-08-29,9672,216418,106.1625,106.1625,0,0,62,61.173668956708575,248.0,35.0,138.0,52.0,248.0,141.5,79.5
55010,2011-09-05,9672,216418,106.1625,106.1625,0,0,56,61.173668956708575,40.0,40.0,21.0,133.0,40.0,40.0,65.5
56633,2011-09-12,9672,216418,105.45,105.45,0,0,73,61.173668956708575,70.0,144.0,52.0,25.0,70.0,107.0,92.0
58262,2011-09-19,9672,216418,105.45,105.45,0,0,77,61.173668956708575,231.0,199.0,13.0,71.0,231.0,215.0,138.5
59889,2011-09-26,9672,216418,106.1625,106.1625,0,0,69,61.173668956708575,66.0,52.0,23.0,102.0,66.0,59.0,77.0
61508,2011-10-03,9672,216418,104.025,104.025,0,0,103,61.173668956708575,53.0,51.0,60.0,33.0,53.0,52.0,66.75
63130,2011-10-10,9672,216418,102.6,102.6,0,0,78,61.173668956708575,271.0,264.0,5.0,103.0,271.0,267.5,157.25
64759,2011-10-17,9672,216418,105.45,105.45,0,0,54,61.173668956708575,234.0,253.0,9.0,72.0,234.0,243.5,140.25
66396,2011-10-24,9672,216418,102.6,102.6,0,0,81,61.173668956708575,53.0,40.0,57.0,161.0,53.0,46.5,64.0
68033,2011-10-31,9672,216418,105.45,105.45,0,0,91,61.173668956708575,41.0,43.0,26.0,89.0,41.0,42.0,64.25
69672,2011-11-07,9672,216418,102.6,102.6,0,0,66,61.173668956708575,205.0,233.0,5.0,74.0,205.0,219.0,127.75
71311,2011-11-14,9672,216418,103.3125,103.3125,0,0,110,61.173668956708575,80.0,68.0,31.0,98.0,80.0,74.0,84.0
72948,2011-11-21,9672,216418,105.45,105.45,0,0,75,61.173668956708575,220.0,215.0,9.0,91.0,220.0,217.5,132.75
74582,2011-11-28,9672,216418,105.45,105.45,0,0,93,61.173668956708575,74.0,163.0,25.0,204.0,74.0,118.5,123.0
76219,2011-12-05,9672,216418,105.45,105.45,0,0,92,61.173668956708575,211.0,23.0,196.0,53.0,211.0,117.0,75.25
77859,2011-12-12,9672,216418,89.0625,105.45,0,0,119,61.173668956708575,239.0,286.0,13.0,58.0,239.0,262.5,178.25
79500,2011-12-19,9672,216418,87.6375,105.45,0,0,97,61.173668956708575,13.0,184.0,66.0,158.0,13.0,98.5,127.0
81139,2011-12-26,9672,216418,88.35,105.45,0,0,137,61.173668956708575,147.0,76.0,59.0,188.0,147.0,111.5,144.5
82780,2012-01-02,9672,216418,88.35,105.45,0,0,119,61.173668956708575,82.0,97.0,45.0,139.0,82.0,89.5,124.25
2609,2011-01-24,9481,216418,98.325,98.325,0,1,122,89.48945843039279,126.0,108.0,51.0,237.0,126.0,117.0,104.25
4248,2011-01-31,9481,216418,98.325,98.325,0,1,104,89.48945843039279,108.0,47.0,170.0,198.0,108.0,77.5,94.5
5883,2011-02-07,9481,216418,98.325,98.325,0,1,110,89.48945843039279,87.0,147.0,82.0,82.0,87.0,117.0,80.25
7524,2011-02-14,9481,216418,104.7375,98.325,0,1,86,89.48945843039279,45.0,51.0,155.0,90.0,45.0,48.0,55.5
9162,2011-02-21,9481,216418,106.1625,98.325,0,1,97,89.48945843039279,21.0,35.0,267.0,70.0,21.0,28.0,69.0
12397,2011-03-07,9481,216418,105.45,106.1625,0,1,108,89.48945843039279,138.0,47.0,66.0,109.0,138.0,92.5,74.25
14025,2011-03-14,9481,216418,102.6,106.1625,0,1,111,89.48945843039279,66.0,12.0,79.0,129.0,66.0,39.0,53.0
15664,2011-03-21,9481,216418,104.025,106.1625,0,1,127,89.48945843039279,6.0,19.0,305.0,67.0,6.0,12.5,68.5
17303,2011-03-28,9481,216418,106.1625,106.1625,0,1,137,89.48945843039279,52.0,34.0,246.0,111.0,52.0,43.0,30.75
18936,2011-04-04,9481,216418,104.7375,106.1625,0,1,151,89.48945843039279,53.0,45.0,195.0,70.0,53.0,49.0,35.5
22210,2011-04-18,9481,216418,105.45,105.45,0,1,115,89.48945843039279,83.0,18.0,182.0,40.0,83.0,50.5,41.0
27122,2011-05-09,9481,216418,89.0625,105.45,0,1,87,89.48945843039279,55.0,23.0,209.0,92.0,55.0,39.0,36.75
28762,2011-05-16,9481,216418,87.6375,105.45,0,1,92,89.48945843039279,16.0,36.0,227.0,52.0,16.0,26.0,72.0
30394,2011-05-23,9481,216418,88.35,105.45,0,1,92,89.48945843039279,84.0,32.0,196.0,144.0,84.0,58.0,45.5
32029,2011-05-30,9481,216418,88.35,105.45,0,1,102,89.48945843039279,64.0,8.0,71.0,62.0,64.0,36.0,30.0
33663,2011-06-06,9481,216418,88.35,105.45,0,1,111,89.48945843039279,15.0,47.0,254.0,151.0,15.0,31.0,88.0
35299,2011-06-13,9481,216418,88.35,105.45,0,1,122,89.48945843039279,18.0,47.0,278.0,102.0,18.0,32.5,84.25
36934,2011-06-20,9481,216418,88.35,105.45,0,1,110,89.48945843039279,68.0,37.0,56.0,126.0,68.0,52.5,41.0
38573,2011-06-27,9481,216418,88.35,105.45,0,1,106,89.48945843039279,56.0,17.0,179.0,34.0,56.0,36.5,36.0
40210,2011-07-04,9481,216418,89.0625,105.45,0,1,78,89.48945843039279,60.0,9.0,53.0,125.0,60.0,34.5,37.75
45121,2011-07-25,9481,216418,88.35,105.45,0,1,88,89.48945843039279,29.0,13.0,232.0,36.0,29.0,21.0,25.5
46755,2011-08-01,9481,216418,88.35,105.45,0,1,143,89.48945843039279,51.0,24.0,54.0,110.0,51.0,37.5,41.5
48387,2011-08-08,9481,216418,89.0625,105.45,0,1,124,89.48945843039279,30.0,23.0,194.0,48.0,30.0,26.5,38.75
50022,2011-08-15,9481,216418,87.6375,105.45,0,1,133,89.48945843039279,31.0,21.0,69.0,232.0,31.0,26.0,30.5
56527,2011-09-12,9481,216418,87.6375,87.6375,0,1,109,89.48945843039279,45.0,52.0,215.0,198.0,45.0,48.5,47.0
59783,2011-09-26,9481,216418,88.35,89.0625,0,1,124,89.48945843039279,23.0,84.0,238.0,245.0,23.0,53.5,90.75
61402,2011-10-03,9481,216418,86.2125,89.0625,0,1,107,89.48945843039279,56.0,60.0,199.0,219.0,56.0,58.0,54.0
63024,2011-10-10,9481,216418,101.8875,89.0625,0,1,128,89.48945843039279,67.0,26.0,78.0,293.0,67.0,46.5,51.5
66290,2011-10-24,9481,216418,103.3125,103.3125,0,1,104,89.48945843039279,25.0,47.0,219.0,503.0,25.0,36.0,81.25
67927,2011-10-31,9481,216418,104.025,103.3125,0,1,120,89.48945843039279,26.0,46.0,201.0,625.0,26.0,36.0,85.75
69566,2011-11-07,9481,216418,104.7375,103.3125,0,1,104,89.48945843039279,57.0,42.0,66.0,341.0,57.0,49.5,41.75
71203,2011-11-14,9481,216418,104.7375,103.3125,0,1,127,89.48945843039279,61.0,31.0,194.0,35.0,61.0,46.0,47.0
72841,2011-11-21,9481,216418,104.7375,103.3125,0,1,156,89.48945843039279,63.0,42.0,75.0,417.0,63.0,52.5,52.0
74474,2011-11-28,9481,216418,105.45,103.3125,0,1,168,89.48945843039279,87.0,25.0,210.0,41.0,87.0,56.0,61.75
76111,2011-12-05,9481,216418,104.7375,103.3125,0,1,166,89.48945843039279,68.0,24.0,92.0,1099.0,68.0,46.0,51.0
77751,2011-12-12,9481,216418,88.35,103.3125,0,1,234,89.48945843039279,124.0,72.0,119.0,425.0,124.0,98.0,106.5
79392,2011-12-19,9481,216418,88.35,103.3125,0,1,196,89.48945843039279,68.0,57.0,274.0,245.0,68.0,62.5,71.25
81031,2011-12-26,9481,216418,88.35,103.3125,0,1,213,89.48945843039279,59.0,228.0,374.0,732.0,59.0,143.5,190.75
87591,2012-01-23,9481,216418,87.6375,103.3125,0,1,255,89.48945843039279,65.0,33.0,342.0,55.0,65.0,49.0,64.25
89233,2012-01-30,9481,216418,88.35,103.3125,0,1,184,89.48945843039279,79.0,24.0,197.0,315.0,79.0,51.5,59.75
2696,2011-01-24,9578,216418,99.0375,98.325,0,1,79,43.861394470249195,31.0,171.0,108.0,89.0,31.0,101.0,112.5
4335,2011-01-31,9578,216418,99.0375,98.325,0,1,80,43.861394470249195,143.0,170.0,47.0,131.0,143.0,156.5,151.5
5971,2011-02-07,9578,216418,99.0375,98.325,0,1,119,43.861394470249195,79.0,101.0,147.0,89.0,79.0,90.0,94.25
7611,2011-02-14,9578,216418,105.45,98.325,0,1,71,43.861394470249195,70.0,39.0,45.0,102.0,70.0,54.5,75.0
9250,2011-02-21,9578,216418,106.875,98.325,0,1,75,43.861394470249195,50.0,22.0,37.0,107.0,50.0,36.0,61.0
10869,2011-02-28,9578,216418,106.875,98.325,0,1,85,43.861394470249195,45.0,209.0,47.0,81.0,45.0,127.0,131.75
12483,2011-03-07,9578,216418,106.1625,98.325,0,1,77,43.861394470249195,117.0,92.0,138.0,80.0,117.0,104.5,119.5
14112,2011-03-14,9578,216418,104.025,98.325,0,1,75,43.861394470249195,97.0,91.0,12.0,209.0,97.0,94.0,91.25
15752,2011-03-21,9578,216418,105.45,98.325,0,1,67,43.861394470249195,55.0,18.0,65.0,114.0,55.0,36.5,68.0
17390,2011-03-28,9578,216418,106.875,98.325,0,1,87,43.861394470249195,48.0,11.0,59.0,176.0,48.0,29.5,78.25
19024,2011-04-04,9578,216418,106.1625,98.325,0,1,72,43.861394470249195,42.0,24.0,76.0,154.0,42.0,33.0,80.5
20664,2011-04-11,9578,216418,105.45,98.325,0,1,82,43.861394470249195,164.0,110.0,34.0,125.0,164.0,137.0,111.75
66376,2011-10-24,9578,216418,105.45,104.7375,0,1,50,43.861394470249195,62.0,56.0,25.0,85.0,62.0,59.0,70.75
68013,2011-10-31,9578,216418,104.7375,104.7375,0,1,53,43.861394470249195,52.0,45.0,52.0,154.0,52.0,48.5,76.5
77839,2011-12-12,9578,216418,89.0625,105.45,0,1,63,43.861394470249195,199.0,42.0,124.0,105.0,199.0,120.5,164.75
79480,2011-12-19,9578,216418,89.0625,105.45,0,1,79,43.861394470249195,274.0,333.0,97.0,88.0,274.0,303.5,198.0
81119,2011-12-26,9578,216418,89.0625,105.45,0,1,107,43.861394470249195,84.0,73.0,101.0,303.0,84.0,78.5,103.75
87679,2012-01-23,9578,216418,86.925,105.45,0,1,94,43.861394470249195,70.0,23.0,142.0,156.0,70.0,46.5,91.25
89321,2012-01-30,9578,216418,88.35,105.45,0,1,93,43.861394470249195,165.0,45.0,79.0,189.0,165.0,105.0,117.5
2884,2011-01-24,9745,216418,98.325,99.0375,0,1,108,64.40013176635954,79.0,31.0,126.0,180.0,79.0,55.0,100.75
4522,2011-01-31,9745,216418,99.0375,99.0375,0,1,106,64.40013176635954,53.0,73.0,108.0,164.0,53.0,63.0,85.25
6159,2011-02-07,9745,216418,98.325,99.0375,0,1,128,64.40013176635954,87.0,170.0,146.0,200.0,87.0,128.5,118.5
7798,2011-02-14,9745,216418,106.1625,99.0375,0,1,123,64.40013176635954,71.0,70.0,86.0,210.0,71.0,70.5,71.25
9436,2011-02-21,9745,216418,106.1625,99.0375,0,1,107,64.40013176635954,60.0,52.0,97.0,85.0,60.0,56.0,59.5
11050,2011-02-28,9745,216418,106.1625,99.0375,0,1,141,64.40013176635954,16.0,112.0,163.0,98.0,16.0,64.0,77.75
12665,2011-03-07,9745,216418,106.875,99.0375,0,1,107,64.40013176635954,93.0,143.0,106.0,66.0,93.0,118.0,100.25
14299,2011-03-14,9745,216418,104.7375,99.0375,0,1,143,64.40013176635954,75.0,97.0,66.0,100.0,75.0,86.0,93.5
15940,2011-03-21,9745,216418,106.1625,99.0375,0,1,114,64.40013176635954,61.0,73.0,127.0,102.0,61.0,67.0,56.75
17578,2011-03-28,9745,216418,106.1625,99.0375,0,1,176,64.40013176635954,73.0,55.0,52.0,129.0,73.0,64.0,85.25
19212,2011-04-04,9745,216418,106.1625,99.0375,0,1,154,64.40013176635954,62.0,87.0,53.0,107.0,62.0,74.5,107.25
20850,2011-04-11,9745,216418,106.875,99.0375,0,1,155,64.40013176635954,74.0,129.0,112.0,318.0,74.0,101.5,134.25
22484,2011-04-18,9745,216418,106.1625,99.0375,0,1,137,64.40013176635954,53.0,75.0,83.0,216.0,53.0,64.0,76.0
24123,2011-04-25,9745,216418,87.6375,99.0375,0,1,161,64.40013176635954,86.0,176.0,85.0,52.0,86.0,131.0,109.75
25760,2011-05-02,9745,216418,88.35,99.0375,0,1,159,64.40013176635954,64.0,162.0,86.0,177.0,64.0,113.0,107.0
27398,2011-05-09,9745,216418,89.0625,99.0375,0,1,135,64.40013176635954,43.0,77.0,87.0,136.0,43.0,60.0,60.5
29038,2011-05-16,9745,216418,86.925,99.0375,0,1,142,64.40013176635954,44.0,70.0,92.0,93.0,44.0,57.0,54.25
30667,2011-05-23,9745,216418,88.35,99.0375,0,1,142,64.40013176635954,64.0,83.0,84.0,108.0,64.0,73.5,83.5
32304,2011-05-30,9745,216418,87.6375,99.0375,0,1,171,64.40013176635954,40.0,109.0,26.0,44.0,40.0,74.5,50.25
33939,2011-06-06,9745,216418,89.0625,99.0375,0,1,168,64.40013176635954,54.0,76.0,111.0,202.0,54.0,65.0,59.75
35574,2011-06-13,9745,216418,88.35,99.0375,0,1,132,64.40013176635954,67.0,76.0,122.0,99.0,67.0,71.5,66.0
37208,2011-06-20,9745,216418,118.275,99.0375,0,1,126,64.40013176635954,47.0,118.0,94.0,179.0,47.0,82.5,78.75
38848,2011-06-27,9745,216418,118.275,99.0375,0,1,113,64.40013176635954,47.0,56.0,56.0,101.0,47.0,51.5,68.75
40486,2011-07-04,9745,216418,118.9875,99.0375,0,1,131,64.40013176635954,37.0,123.0,57.0,179.0,37.0,80.0,88.75
42125,2011-07-11,9745,216418,118.9875,99.0375,0,1,115,64.40013176635954,44.0,75.0,118.0,71.0,44.0,59.5,60.0
43762,2011-07-18,9745,216418,88.35,99.0375,0,1,170,64.40013176635954,46.0,123.0,99.0,145.0,46.0,84.5,66.5
45395,2011-07-25,9745,216418,86.925,99.0375,0,1,142,64.40013176635954,46.0,63.0,29.0,172.0,46.0,54.5,65.0
47028,2011-08-01,9745,216418,88.35,99.0375,0,1,152,64.40013176635954,30.0,172.0,83.0,54.0,30.0,101.0,72.25
48661,2011-08-08,9745,216418,88.35,99.0375,0,1,140,64.40013176635954,53.0,73.0,30.0,32.0,53.0,63.0,91.0
50293,2011-08-15,9745,216418,104.7375,99.0375,0,1,156,64.40013176635954,33.0,141.0,110.0,219.0,33.0,87.0,82.0
51925,2011-08-22,9745,216418,106.1625,99.0375,0,1,172,64.40013176635954,48.0,119.0,111.0,61.0,48.0,83.5,67.5
53548,2011-08-29,9745,216418,106.1625,99.0375,0,1,151,64.40013176635954,49.0,69.0,30.0,68.0,49.0,59.0,85.75
55174,2011-09-05,9745,216418,106.1625,99.0375,0,1,159,64.40013176635954,56.0,40.0,94.0,76.0,56.0,48.0,56.0
56796,2011-09-12,9745,216418,106.1625,99.0375,0,1,140,64.40013176635954,73.0,70.0,45.0,128.0,73.0,71.5,99.0
58427,2011-09-19,9745,216418,106.875,99.0375,0,1,154,64.40013176635954,115.0,139.0,61.0,288.0,115.0,127.0,100.0
60050,2011-09-26,9745,216418,106.1625,99.0375,0,1,197,64.40013176635954,69.0,66.0,124.0,166.0,69.0,67.5,63.25
61674,2011-10-03,9745,216418,104.7375,99.0375,0,1,158,64.40013176635954,103.0,53.0,56.0,111.0,103.0,78.0,78.5
63294,2011-10-10,9745,216418,103.3125,99.0375,0,1,145,64.40013176635954,58.0,178.0,106.0,78.0,58.0,118.0,100.5
64926,2011-10-17,9745,216418,104.025,99.0375,0,1,160,64.40013176635954,55.0,135.0,52.0,54.0,55.0,95.0,77.75
66563,2011-10-24,9745,216418,104.7375,99.0375,0,1,161,64.40013176635954,50.0,62.0,104.0,178.0,50.0,56.0,57.25
68201,2011-10-31,9745,216418,104.7375,99.0375,0,1,154,64.40013176635954,91.0,41.0,120.0,89.0,91.0,66.0,57.0
69840,2011-11-07,9745,216418,104.7375,99.0375,0,1,181,64.40013176635954,58.0,129.0,117.0,205.0,58.0,93.5,72.5
71479,2011-11-14,9745,216418,106.1625,99.0375,0,1,130,64.40013176635954,110.0,80.0,61.0,182.0,110.0,95.0,96.25
73114,2011-11-21,9745,216418,104.7375,99.0375,0,1,201,64.40013176635954,54.0,135.0,139.0,75.0,54.0,94.5,76.5
74747,2011-11-28,9745,216418,105.45,99.0375,0,1,167,64.40013176635954,93.0,74.0,87.0,82.0,93.0,83.5,124.5
76385,2011-12-05,9745,216418,104.7375,99.0375,0,1,199,64.40013176635954,72.0,124.0,130.0,211.0,72.0,98.0,80.5
78027,2011-12-12,9745,216418,89.0625,99.0375,0,1,177,64.40013176635954,126.0,204.0,180.0,119.0,126.0,165.0,139.5
79667,2011-12-19,9745,216418,89.0625,99.0375,0,1,224,64.40013176635954,168.0,206.0,35.0,274.0,168.0,187.0,175.5
87867,2012-01-23,9745,216418,89.0625,99.0375,0,1,156,64.40013176635954,235.0,68.0,65.0,631.0,235.0,151.5,166.0
89509,2012-01-30,9745,216418,88.35,99.0375,0,1,212,64.40013176635954,61.0,283.0,196.0,197.0,61.0,172.0,133.75
