MLProject/Demand_Forecasting_preprocessing/train_processed.csv
record_ID,week,store_id,sku_id,total_price,base_price,is_featured_sku,is_display_sku,units_sold,store_encoded,lag_1,lag_2,lag_5,lag_19,ma_1,ma_2,ma_4
2997,2011-01-24,9837,216418,98.325,97.6125,0,1,64,51.36374895222666,71.0,258.0,59.0,126.0,71.0,164.5,142.0
4634,2011-01-31,9837,216418,98.325,97.6125,0,1,36,51.36374895222666,65.0,251.0,26.0,108.0,65.0,158.0,124.75
6272,2011-02-07,9837,216418,98.325,97.6125,0,1,44,51.36374895222666,91.0,15.0,128.0,87.0,91.0,53.0,59.75
9549,2011-02-21,9837,216418,105.45,104.7375,0,1,37,51.36374895222666,89.0,276.0,35.0,97.0,89.0,182.5,105.25
11161,2011-02-28,9837,216418,106.875,104.7375,0,1,48,51.36374895222666,151.0,36.0,67.0,14.0,151.0,93.5,60.5
12777,2011-03-07,9837,216418,106.1625,104.7375,0,1,44,51.36374895222666,57.0,155.0,93.0,138.0,57.0,106.0,90.75
14411,2011-03-14,9837,216418,104.7375,104.7375,0,1,73,51.36374895222666,88.0,296.0,31.0,66.0,88.0,192.0,129.0
16053,2011-03-21,9837,216418,104.7375,104.7375,0,1,65,51.36374895222666,69.0,268.0,36.0,127.0,69.0,168.5,87.75
17690,2011-03-28,9837,216418,106.875,104.7375,0,1,59,51.36374895222666,54.0,367.0,32.0,52.0,54.0,210.5,127.5
19324,2011-04-04,9837,216418,105.45,104.7375,0,1,76,51.36374895222666,49.0,23.0,37.0,53.0,49.0,36.0,59.75
22595,2011-04-18,9837,216418,106.1625,106.1625,0,1,57,51.36374895222666,55.0,18.0,21.0,83.0,55.0,36.5,35.0
45507,2011-07-25,9837,216418,89.0625,88.35,0,1,50,51.36374895222666,87.0,22.0,43.0,29.0,87.0,54.5,47.5
47141,2011-08-01,9837,216418,89.0625,88.35,0,1,53,51.36374895222666,75.0,92.0,30.0,51.0,75.0,83.5,85.25
50406,2011-08-15,9837,216418,106.875,88.35,0,1,71,51.36374895222666,79.0,96.0,33.0,21.0,79.0,87.5,85.5
52038,2011-08-22,9837,216418,106.1625,88.35,0,1,59,51.36374895222666,66.0,81.0,48.0,79.0,66.0,73.5,85.25
53660,2011-08-29,9837,216418,106.1625,88.35,0,1,59,51.36374895222666,76.0,119.0,42.0,30.0,76.0,97.5,81.25
66676,2011-10-24,9837,216418,105.45,104.025,0,1,57,51.36374895222666,76.0,209.0,41.0,104.0,76.0,142.5,114.75
87980,2012-01-23,9837,216418,88.35,106.875,0,1,142,51.36374895222666,171.0,86.0,29.0,65.0,171.0,128.5,109.5
89622,2012-01-30,9837,216418,89.775,106.875,0,1,161,51.36374895222666,121.0,108.0,61.0,79.0,121.0,114.5,122.75
1641,2011-01-24,8091,216418,99.0375,111.8625,0,0,34,32.822095820490354,112.0,180.0,93.0,64.0,112.0,146.0,138.0
3277,2011-01-31,8091,216418,96.9,96.9,0,0,10,32.822095820490354,98.0,92.0,69.0,28.0,98.0,95.0,110.0
4913,2011-02-07,8091,216418,98.325,98.325,0,0,17,32.822095820490354,128.0,102.0,100.0,44.0,128.0,115.0,139.5
6553,2011-02-14,8091,216418,106.875,106.875,0,0,24,32.822095820490354,98.0,100.0,112.0,160.0,98.0,99.0,109.75
8191,2011-02-21,8091,216418,106.1625,106.1625,0,0,29,32.822095820490354,75.0,35.0,52.0,50.0,75.0,55.0,88.25
9827,2011-02-28,8091,216418,106.1625,106.1625,0,0,16,32.822095820490354,109.0,94.0,99.0,112.0,109.0,101.5,120.75
11441,2011-03-07,8091,216418,106.1625,106.1625,0,0,14,32.822095820490354,33.0,36.0,43.0,99.0,33.0,34.5,46.0
13054,2011-03-14,8091,216418,99.0375,99.0375,0,0,20,32.822095820490354,107.0,51.0,82.0,148.0,107.0,79.0,102.75
14691,2011-03-21,8091,216418,105.45,105.45,0,0,18,32.822095820490354,108.0,157.0,55.0,55.0,108.0,132.5,98.0
16333,2011-03-28,8091,216418,106.1625,106.1625,0,0,27,32.822095820490354,97.0,53.0,105.0,225.0,97.0,75.0,101.75
17969,2011-04-04,8091,216418,106.1625,106.1625,0,0,20,32.822095820490354,90.0,64.0,113.0,228.0,90.0,77.0,111.25
19605,2011-04-11,8091,216418,106.875,106.875,0,0,7,32.822095820490354,149.0,59.0,136.0,18.0,149.0,104.0,115.75
21243,2011-04-18,8091,216418,104.025,104.025,0,0,14,32.822095820490354,137.0,64.0,68.0,122.0,137.0,100.5,94.5
22875,2011-04-25,8091,216418,86.2125,104.025,0,0,39,32.822095820490354,39.0,33.0,55.0,33.0,39.0,36.0,27.5
24515,2011-05-02,8091,216418,86.2125,104.025,0,0,7,32.822095820490354,167.0,85.0,93.0,146.0,167.0,126.0,118.0
26152,2011-05-09,8091,216418,88.35,104.025,0,0,31,32.822095820490354,186.0,61.0,114.0,155.0,186.0,123.5,125.25
27790,2011-05-16,8091,216418,88.35,104.025,0,0,37,32.822095820490354,131.0,109.0,76.0,39.0,131.0,120.0,121.25
29428,2011-05-23,8091,216418,88.35,104.025,0,0,28,32.822095820490354,87.0,35.0,44.0,50.0,87.0,61.0,80.5
31057,2011-05-30,8091,216418,88.35,104.025,0,0,19,32.822095820490354,12.0,54.0,30.0,33.0,12.0,33.0,95.75
32694,2011-06-06,8091,216418,86.925,86.925,0,0,14,32.822095820490354,86.0,84.0,97.0,190.0,86.0,85.0,112.75
34332,2011-06-13,8091,216418,89.0625,89.0625,0,0,33,32.822095820490354,164.0,138.0,106.0,43.0,164.0,151.0,117.75
35964,2011-06-20,8091,216418,117.5625,117.5625,0,0,19,32.822095820490354,114.0,51.0,64.0,24.0,114.0,82.5,91.75
37601,2011-06-27,8091,216418,120.4125,120.4125,0,0,17,32.822095820490354,142.0,83.0,77.0,120.0,142.0,112.5,96.75
39241,2011-07-04,8091,216418,120.4125,120.4125,0,0,6,32.822095820490354,93.0,54.0,87.0,19.0,93.0,73.5,78.5
40879,2011-07-11,8091,216418,119.7,119.7,0,0,18,32.822095820490354,106.0,113.0,72.0,36.0,106.0,109.5,89.0
42518,2011-07-18,8091,216418,89.0625,119.7,0,0,23,32.822095820490354,86.0,51.0,101.0,17.0,86.0,68.5,91.0
44155,2011-07-25,8091,216418,88.35,119.7,0,0,34,32.822095820490354,113.0,59.0,77.0,128.0,113.0,86.0,89.0
45785,2011-08-01,8091,216418,87.6375,119.7,0,0,12,32.822095820490354,51.0,27.0,39.0,15.0,51.0,39.0,32.75
47418,2011-08-08,8091,216418,88.35,119.7,0,0,15,32.822095820490354,107.0,64.0,83.0,126.0,107.0,85.5,105.25
49051,2011-08-15,8091,216418,88.35,119.7,0,0,23,32.822095820490354,107.0,31.0,97.0,14.0,107.0,69.0,99.0
50685,2011-08-22,8091,216418,88.35,119.7,0,0,13,32.822095820490354,9.0,61.0,32.0,75.0,9.0,35.0,27.75
52317,2011-08-29,8091,216418,89.0625,89.0625,0,0,22,32.822095820490354,119.0,68.0,89.0,178.0,119.0,93.5,116.0
53938,2011-09-05,8091,216418,87.6375,87.6375,0,0,26,32.822095820490354,97.0,110.0,55.0,48.0,97.0,103.5,84.5
55562,2011-09-12,8091,216418,86.925,86.925,0,0,32,32.822095820490354,72.0,59.0,52.0,41.0,72.0,65.5,74.5
57188,2011-09-19,8091,216418,89.0625,89.0625,0,0,19,32.822095820490354,33.0,46.0,44.0,48.0,33.0,39.5,76.75
58817,2011-09-26,8091,216418,89.0625,89.0625,0,0,21,32.822095820490354,129.0,74.0,124.0,185.0,129.0,101.5,123.5
60440,2011-10-03,8091,216418,84.7875,84.7875,0,0,18,32.822095820490354,131.0,62.0,95.0,180.0,131.0,96.5,115.25
62066,2011-10-10,8091,216418,104.7375,104.7375,0,0,30,32.822095820490354,75.0,59.0,31.0,46.0,75.0,67.0,46.0
63683,2011-10-17,8091,216418,104.025,104.025,0,0,33,32.822095820490354,14.0,72.0,34.0,7.0,14.0,43.0,64.25
65319,2011-10-24,8091,216418,106.1625,106.1625,0,0,36,32.822095820490354,119.0,73.0,105.0,151.0,119.0,96.0,135.75
66956,2011-10-31,8091,216418,104.7375,104.7375,0,0,40,32.822095820490354,127.0,147.0,77.0,52.0,127.0,137.0,118.5
68595,2011-11-07,8091,216418,106.875,106.875,0,0,43,32.822095820490354,107.0,52.0,80.0,26.0,107.0,79.5,111.0
70231,2011-11-14,8091,216418,106.875,106.875,0,0,43,32.822095820490354,122.0,46.0,83.0,131.0,122.0,84.0,116.25
71869,2011-11-21,8091,216418,106.1625,106.1625,0,0,28,32.822095820490354,69.0,52.0,43.0,39.0,69.0,60.5,44.25
73503,2011-11-28,8091,216418,105.45,105.45,0,0,52,32.822095820490354,185.0,152.0,110.0,176.0,185.0,168.5,152.5
75140,2011-12-05,8091,216418,106.1625,106.1625,0,0,38,32.822095820490354,183.0,124.0,112.0,38.0,183.0,153.5,147.75
76778,2011-12-12,8091,216418,89.0625,106.1625,0,0,42,32.822095820490354,63.0,76.0,148.0,37.0,63.0,69.5,71.25
2046,2011-01-24,8869,216418,98.325,112.575,0,0,91,74.85135713877665,103.0,49.0,180.0,53.0,103.0,76.0,74.5
3683,2011-01-31,8869,216418,98.325,98.325,0,0,98,74.85135713877665,92.0,64.0,24.0,30.0,92.0,78.0,102.75
15096,2011-03-21,8869,216418,102.6,102.6,0,0,108,74.85135713877665,157.0,22.0,43.0,18.0,157.0,89.5,84.75
16738,2011-03-28,8869,216418,106.875,106.875,0,0,110,74.85135713877665,161.0,27.0,37.0,11.0,161.0,94.0,84.5
18373,2011-04-04,8869,216418,106.1625,106.1625,0,0,103,74.85135713877665,158.0,20.0,30.0,24.0,158.0,89.0,83.0
20010,2011-04-11,8869,216418,106.1625,106.1625,0,0,100,74.85135713877665,114.0,7.0,63.0,19.0,114.0,60.5,82.25
23281,2011-04-25,8869,216418,88.35,106.1625,0,0,99,74.85135713877665,53.0,24.0,112.0,33.0,53.0,38.5,42.5
36370,2011-06-20,8869,216418,88.35,106.1625,0,0,95,74.85135713877665,77.0,19.0,54.0,15.0,77.0,48.0,65.25
38006,2011-06-27,8869,216418,89.0625,106.1625,0,0,69,74.85135713877665,84.0,17.0,42.0,23.0,84.0,50.5,81.5
42923,2011-07-18,8869,216418,89.0625,106.1625,0,0,93,74.85135713877665,106.0,23.0,36.0,29.0,106.0,64.5,66.5
51090,2011-08-22,8869,216418,106.1625,106.1625,0,0,89,74.85135713877665,70.0,59.0,36.0,61.0,70.0,64.5,83.75
52716,2011-08-29,8869,216418,106.875,106.875,0,0,77,74.85135713877665,135.0,22.0,73.0,56.0,135.0,78.5,86.0
55964,2011-09-12,8869,216418,105.45,105.45,0,0,116,74.85135713877665,111.0,72.0,39.0,147.0,111.0,91.5,76.5
57591,2011-09-19,8869,216418,106.1625,106.1625,0,0,104,74.85135713877665,101.0,59.0,140.0,62.0,101.0,80.0,82.0
60841,2011-10-03,8869,216418,104.025,104.025,0,0,120,74.85135713877665,141.0,18.0,42.0,51.0,141.0,79.5,88.0
62463,2011-10-10,8869,216418,104.7375,104.7375,0,0,147,74.85135713877665,38.0,52.0,122.0,75.0,38.0,45.0,57.0
64087,2011-10-17,8869,216418,104.7375,104.7375,0,0,138,74.85135713877665,99.0,45.0,99.0,35.0,99.0,72.0,73.75
65725,2011-10-24,8869,216418,103.3125,103.3125,0,0,124,74.85135713877665,178.0,36.0,29.0,40.0,178.0,107.0,101.5
69001,2011-11-07,8869,216418,104.025,104.025,0,0,120,74.85135713877665,144.0,43.0,36.0,53.0,144.0,93.5,86.5
70635,2011-11-14,8869,216418,106.875,106.875,0,0,114,74.85135713877665,124.0,43.0,61.0,35.0,124.0,83.5,83.75
72275,2011-11-21,8869,216418,105.45,105.45,0,0,68,74.85135713877665,55.0,42.0,204.0,127.0,55.0,48.5,69.0
78825,2011-12-19,8869,216418,89.0625,105.45,0,0,200,74.85135713877665,263.0,732.0,61.0,138.0,263.0,497.5,289.25
82105,2012-01-02,8869,216418,89.0625,105.45,0,0,148,74.85135713877665,169.0,62.0,26.0,236.0,169.0,115.5,130.5
88666,2012-01-30,8869,216418,88.35,105.45,0,0,197,74.85135713877665,74.0,40.0,129.0,80.0,74.0,57.0,74.0
4448,2011-01-31,9680,216418,69.825,84.075,0,1,47,31.286028507270373,9.0,128.0,80.0,99.0,9.0,68.5,73.0
6084,2011-02-07,9680,216418,84.075,84.075,0,1,58,31.286028507270373,13.0,209.0,204.0,98.0,13.0,111.0,86.25
7724,2011-02-14,9680,216418,84.075,84.075,0,1,31,31.286028507270373,11.0,84.0,55.0,42.0,11.0,47.5,99.25
10979,2011-02-28,9680,216418,83.3625,83.3625,0,1,47,31.286028507270373,14.0,19.0,170.0,29.0,14.0,16.5,45.75
15865,2011-03-21,9680,216418,79.0875,79.8,0,1,25,31.286028507270373,7.0,100.0,71.0,118.0,7.0,53.5,108.5
17503,2011-03-28,9680,216418,84.075,79.8,0,1,40,31.286028507270373,19.0,112.0,210.0,18.0,19.0,65.5,58.25
19137,2011-04-04,9680,216418,75.525,79.8,0,1,27,31.286028507270373,11.0,147.0,273.0,31.0,11.0,79.0,63.75
59978,2011-09-26,9680,216418,69.825,69.825,0,1,58,31.286028507270373,12.0,133.0,82.0,59.0,12.0,72.5,59.25
74675,2011-11-28,9680,216418,69.1125,69.825,0,1,44,31.286028507270373,6.0,169.0,55.0,88.0,6.0,87.5,108.0
76312,2011-12-05,9680,216418,70.5375,69.825,0,1,54,31.286028507270373,13.0,196.0,89.0,56.0,13.0,104.5,132.75
81232,2011-12-26,9680,216418,69.825,69.825,0,1,121,31.286028507270373,15.0,301.0,130.0,115.0,15.0,158.0,155.0
82873,2012-01-02,9680,216418,70.5375,69.825,0,1,86,31.286028507270373,10.0,222.0,325.0,58.0,10.0,116.0,115.0
86153,2012-01-16,9680,216418,70.5375,69.825,0,1,48,31.286028507270373,7.0,61.0,60.0,154.0,7.0,34.0,90.0
87792,2012-01-23,9680,216418,71.25,69.825,0,1,41,31.286028507270373,13.0,245.0,376.0,111.0,13.0,129.0,160.0
4292,2011-01-31,9498,216418,70.5375,84.075,0,0,143,49.99685050608764,170.0,264.0,9.0,169.0,170.0,217.0,127.5
7568,2011-02-14,9498,216418,87.6375,87.6375,0,0,75,49.99685050608764,51.0,155.0,31.0,93.0,51.0,103.0,136.75
10827,2011-02-28,9498,216418,86.925,86.925,0,0,25,49.99685050608764,113.0,85.0,239.0,37.0,113.0,99.0,113.0
14070,2011-03-14,9498,216418,86.925,86.925,0,0,12,49.99685050608764,42.0,92.0,31.0,126.0,42.0,67.0,117.25
15709,2011-03-21,9498,216418,84.7875,84.7875,0,0,6,49.99685050608764,19.0,31.0,24.0,36.0,19.0,25.0,143.25
17348,2011-03-28,9498,216418,87.6375,87.6375,0,0,11,49.99685050608764,246.0,356.0,19.0,76.0,246.0,301.0,167.5
18981,2011-04-04,9498,216418,88.35,88.35,0,0,24,49.99685050608764,195.0,301.0,11.0,73.0,195.0,248.0,137.75
20621,2011-04-11,9498,216418,86.925,86.925,0,0,34,49.99685050608764,50.0,45.0,30.0,73.0,50.0,47.5,120.75
22255,2011-04-18,9498,216418,88.35,88.35,0,0,18,49.99685050608764,38.0,25.0,4.0,67.0,38.0,31.5,66.75
23892,2011-04-25,9498,216418,86.925,86.925,0,0,17,49.99685050608764,51.0,36.0,222.0,56.0,51.0,43.5,92.75
25530,2011-05-02,9498,216418,88.35,88.35,0,0,20,49.99685050608764,27.0,49.0,16.0,46.0,27.0,38.0,72.5
27167,2011-05-09,9498,216418,87.6375,87.6375,0,0,16,49.99685050608764,53.0,209.0,19.0,90.0,53.0,131.0,131.5
28807,2011-05-16,9498,216418,85.5,85.5,0,0,16,49.99685050608764,36.0,53.0,24.0,55.0,36.0,44.5,124.75
30439,2011-05-23,9498,216418,84.7875,84.7875,0,0,18,49.99685050608764,196.0,227.0,14.0,62.0,196.0,211.5,121.5
32074,2011-05-30,9498,216418,87.6375,87.6375,0,0,19,49.99685050608764,71.0,198.0,21.0,95.0,71.0,134.5,129.5
33708,2011-06-06,9498,216418,86.2125,86.2125,0,0,15,49.99685050608764,47.0,73.0,30.0,68.0,47.0,60.0,147.75
35344,2011-06-13,9498,216418,87.6375,87.6375,0,0,18,49.99685050608764,47.0,64.0,49.0,52.0,47.0,55.5,149.25
36979,2011-06-20,9498,216418,86.2125,86.2125,0,0,15,49.99685050608764,56.0,179.0,25.0,83.0,56.0,117.5,108.25
38618,2011-06-27,9498,216418,86.925,86.925,0,0,17,49.99685050608764,39.0,32.0,18.0,49.0,39.0,35.5,71.25
40255,2011-07-04,9498,216418,89.0625,89.0625,0,0,9,49.99685050608764,37.0,45.0,44.0,18.0,37.0,41.0,78.5
41896,2011-07-11,9498,216418,82.65,82.65,0,0,4,49.99685050608764,33.0,40.0,26.0,40.0,33.0,36.5,87.0
43533,2011-07-18,9498,216418,86.925,86.925,0,0,25,49.99685050608764,82.0,145.0,21.0,54.0,82.0,113.5,129.75
45166,2011-07-25,9498,216418,86.2125,86.2125,0,0,13,49.99685050608764,26.0,34.0,22.0,72.0,26.0,30.0,79.25
46800,2011-08-01,9498,216418,88.35,88.35,0,0,24,49.99685050608764,69.0,22.0,178.0,94.0,69.0,45.5,71.25
48432,2011-08-08,9498,216418,86.925,86.925,0,0,23,49.99685050608764,56.0,46.0,27.0,156.0,56.0,51.0,83.25
50067,2011-08-15,9498,216418,85.5,85.5,0,0,21,49.99685050608764,35.0,35.0,37.0,42.0,35.0,35.0,89.5
51697,2011-08-22,9498,216418,87.6375,87.6375,0,0,11,49.99685050608764,76.0,33.0,233.0,69.0,76.0,54.5,87.25
53323,2011-08-29,9498,216418,88.35,88.35,0,0,19,49.99685050608764,55.0,51.0,35.0,249.0,55.0,53.0,104.0
54948,2011-09-05,9498,216418,85.5,85.5,0,0,21,49.99685050608764,64.0,43.0,49.0,54.0,64.0,53.5,125.5
56571,2011-09-12,9498,216418,87.6375,87.6375,0,0,27,49.99685050608764,215.0,236.0,7.0,79.0,215.0,225.5,126.75
58200,2011-09-19,9498,216418,69.825,87.6375,0,0,34,49.99685050608764,77.0,231.0,97.0,82.0,77.0,154.0,133.5
59828,2011-09-26,9498,216418,86.2125,86.2125,0,0,23,49.99685050608764,84.0,45.0,34.0,76.0,84.0,64.5,144.5
61446,2011-10-03,9498,216418,86.2125,86.2125,0,0,25,49.99685050608764,199.0,267.0,9.0,82.0,199.0,233.0,138.0
67971,2011-10-31,9498,216418,84.7875,84.7875,0,0,26,49.99685050608764,46.0,79.0,32.0,86.0,46.0,62.5,129.5
69610,2011-11-07,9498,216418,87.6375,87.6375,0,0,11,49.99685050608764,66.0,205.0,41.0,49.0,66.0,135.5,134.0
71248,2011-11-14,9498,216418,86.2125,86.2125,0,0,31,49.99685050608764,47.0,49.0,40.0,59.0,47.0,48.0,83.25
72885,2011-11-21,9498,216418,71.9625,86.2125,0,0,42,49.99685050608764,56.0,47.0,215.0,70.0,56.0,51.5,99.5
74519,2011-11-28,9498,216418,66.975,86.2125,0,0,25,49.99685050608764,83.0,52.0,44.0,825.0,83.0,67.5,96.0
76156,2011-12-05,9498,216418,66.975,86.2125,0,0,24,49.99685050608764,65.0,47.0,23.0,123.0,65.0,56.0,103.75
81076,2011-12-26,9498,216418,69.1125,86.2125,0,0,59,49.99685050608764,228.0,166.0,101.0,123.0,228.0,197.0,269.5
82717,2012-01-02,9498,216418,69.825,86.2125,0,0,32,49.99685050608764,214.0,254.0,10.0,133.0,214.0,234.0,148.5
85998,2012-01-16,9498,216418,69.825,86.2125,0,0,50,49.99685050608764,104.0,83.0,408.0,228.0,104.0,93.5,227.0
87636,2012-01-23,9498,216418,69.825,69.825,0,0,33,49.99685050608764,121.0,38.0,41.0,156.0,121.0,79.5,130.75
89278,2012-01-30,9498,216418,79.8,79.8,0,0,24,49.99685050608764,105.0,31.0,306.0,128.0,105.0,68.0,141.75
