MLProject/Demand_Forecasting_preprocessing/train_processed.csv
record_ID,week,store_id,sku_id,total_price,base_price,is_featured_sku,is_display_sku,units_sold,store_encoded,lag_1,lag_2,lag_5,lag_19,ma_1,ma_2,ma_4
4313,2011-01-31,9532,216418,71.25,89.0625,0,0,47,44.205857630835375,80.0,143.0,29.0,105.0,80.0,111.5,164.25
5949,2011-02-07,9532,216418,86.2125,86.2125,0,0,16,44.205857630835375,71.0,82.0,20.0,76.0,71.0,76.5,181.75
7589,2011-02-14,9532,216418,87.6375,87.6375,0,0,51,44.205857630835375,75.0,51.0,32.0,46.0,75.0,63.0,147.5
9228,2011-02-21,9532,216418,88.35,88.35,0,0,35,44.205857630835375,49.0,171.0,16.0,66.0,49.0,110.0,129.75
14090,2011-03-14,9532,216418,84.7875,84.7875,0,0,42,44.205857630835375,92.0,79.0,25.0,63.0,92.0,85.5,114.5
15730,2011-03-21,9532,216418,86.925,86.925,0,0,19,44.205857630835375,31.0,218.0,25.0,74.0,31.0,124.5,144.5
17369,2011-03-28,9532,216418,84.075,84.075,0,0,26,44.205857630835375,11.0,246.0,40.0,49.0,11.0,128.5,160.25
19002,2011-04-04,9532,216418,86.2125,86.2125,0,0,20,44.205857630835375,24.0,195.0,27.0,72.0,24.0,109.5,137.0
20642,2011-04-11,9532,216418,86.2125,86.2125,0,0,50,44.205857630835375,45.0,70.0,7.0,78.0,45.0,57.5,115.75
22276,2011-04-18,9532,216418,87.6375,87.6375,0,0,38,44.205857630835375,25.0,182.0,17.0,102.0,25.0,103.5,58.25
23913,2011-04-25,9532,216418,87.6375,87.6375,0,0,51,44.205857630835375,36.0,52.0,29.0,68.0,36.0,44.0,135.5
25551,2011-05-02,9532,216418,86.925,86.925,0,0,27,44.205857630835375,49.0,37.0,24.0,66.0,49.0,43.0,69.75
27188,2011-05-09,9532,216418,86.2125,86.2125,0,0,23,44.205857630835375,16.0,53.0,41.0,38.0,16.0,34.5,125.25
28828,2011-05-16,9532,216418,87.6375,87.6375,0,0,36,44.205857630835375,53.0,183.0,16.0,90.0,53.0,118.0,121.75
30460,2011-05-23,9532,216418,86.925,86.925,0,0,48,44.205857630835375,18.0,196.0,29.0,78.0,18.0,107.0,118.75
32095,2011-05-30,9532,216418,87.6375,87.6375,0,0,29,44.205857630835375,19.0,71.0,28.0,42.0,19.0,45.0,127.25
33729,2011-06-06,9532,216418,86.2125,86.2125,0,0,47,44.205857630835375,73.0,217.0,35.0,38.0,73.0,145.0,143.5
35365,2011-06-13,9532,216418,86.925,86.925,0,0,47,44.205857630835375,64.0,208.0,37.0,48.0,64.0,136.0,149.75
36999,2011-06-20,9532,216418,85.5,85.5,0,0,44,44.205857630835375,15.0,56.0,22.0,69.0,15.0,35.5,106.5
38638,2011-06-27,9532,216418,86.2125,86.2125,0,0,39,44.205857630835375,32.0,179.0,11.0,66.0,32.0,105.5,66.0
40276,2011-07-04,9532,216418,88.35,88.35,0,0,37,44.205857630835375,45.0,53.0,19.0,33.0,45.0,49.0,80.25
41916,2011-07-11,9532,216418,86.2125,86.2125,0,0,33,44.205857630835375,40.0,116.0,28.0,49.0,40.0,78.0,85.25
43554,2011-07-18,9532,216418,86.2125,86.2125,0,0,25,44.205857630835375,25.0,82.0,35.0,31.0,25.0,53.5,127.25
45187,2011-07-25,9532,216418,88.35,88.35,0,0,26,44.205857630835375,34.0,232.0,4.0,53.0,34.0,133.0,78.25
54968,2011-09-05,9532,216418,86.925,86.925,0,0,64,44.205857630835375,43.0,179.0,25.0,62.0,43.0,111.0,121.75
56592,2011-09-12,9532,216418,87.6375,87.6375,0,0,64,44.205857630835375,27.0,215.0,33.0,68.0,27.0,121.0,125.25
63088,2011-10-10,9532,216418,86.925,86.925,0,0,84,44.205857630835375,29.0,78.0,47.0,67.0,29.0,53.5,160.5
64718,2011-10-17,9532,216418,86.2125,86.2125,0,0,62,44.205857630835375,42.0,54.0,25.0,38.0,42.0,48.0,145.75
66354,2011-10-24,9532,216418,86.2125,86.2125,0,0,47,44.205857630835375,50.0,203.0,61.0,42.0,50.0,126.5,123.75
67991,2011-10-31,9532,216418,86.925,86.925,0,0,46,44.205857630835375,79.0,192.0,30.0,40.0,79.0,135.5,126.0
69631,2011-11-07,9532,216418,85.5,85.5,0,0,57,44.205857630835375,11.0,66.0,32.0,89.0,11.0,38.5,128.75
71269,2011-11-14,9532,216418,85.5,85.5,0,0,47,44.205857630835375,49.0,194.0,7.0,94.0,49.0,121.5,81.5
72906,2011-11-21,9532,216418,73.3875,85.5,0,0,56,44.205857630835375,47.0,75.0,31.0,75.0,47.0,61.0,139.25
74540,2011-11-28,9532,216418,68.4,85.5,0,0,83,44.205857630835375,52.0,210.0,6.0,58.0,52.0,131.0,86.25
76177,2011-12-05,9532,216418,66.975,85.5,0,0,65,44.205857630835375,47.0,92.0,54.0,77.0,47.0,69.5,93.25
4272,2011-01-31,9490,216418,71.25,88.35,0,1,108,35.46659758692707,47.0,80.0,264.0,117.0,47.0,63.5,110.0
5907,2011-02-07,9490,216418,87.6375,88.35,0,1,87,35.46659758692707,147.0,16.0,200.0,102.0,147.0,81.5,79.0
7548,2011-02-14,9490,216418,87.6375,88.35,0,1,45,35.46659758692707,51.0,75.0,309.0,72.0,51.0,63.0,83.0
14049,2011-03-14,9490,216418,87.6375,87.6375,0,1,66,35.46659758692707,12.0,42.0,256.0,194.0,12.0,27.0,56.25
40234,2011-07-04,9490,216418,86.925,87.6375,0,1,60,35.46659758692707,9.0,37.0,179.0,63.0,9.0,23.0,36.0
43512,2011-07-18,9490,216418,86.925,87.6375,0,1,51,35.46659758692707,32.0,25.0,145.0,50.0,32.0,28.5,41.0
45145,2011-07-25,9490,216418,88.35,87.6375,0,1,29,35.46659758692707,13.0,26.0,25.0,190.0,13.0,19.5,76.25
46779,2011-08-01,9490,216418,86.925,87.6375,0,1,51,35.46659758692707,24.0,69.0,140.0,45.0,24.0,46.5,42.25
48411,2011-08-08,9490,216418,86.925,87.6375,0,1,30,35.46659758692707,23.0,56.0,37.0,108.0,23.0,39.5,79.75
50046,2011-08-15,9490,216418,88.35,87.6375,0,1,31,35.46659758692707,21.0,35.0,219.0,75.0,21.0,28.0,40.0
51676,2011-08-22,9490,216418,87.6375,87.6375,0,1,79,35.46659758692707,11.0,76.0,179.0,52.0,11.0,43.5,45.25
82696,2012-01-02,9490,216418,69.825,85.5,0,1,100,35.46659758692707,45.0,131.0,254.0,155.0,45.0,88.0,105.5
87615,2012-01-23,9490,216418,70.5375,85.5,0,1,65,35.46659758692707,33.0,121.0,22.0,394.0,33.0,77.0,133.5
89257,2012-01-30,9490,216418,81.9375,85.5,0,1,79,35.46659758692707,24.0,105.0,234.0,108.0,24.0,64.5,89.25
4226,2011-01-31,9479,216418,70.5375,87.6375,0,1,111,40.71132100598713,104.0,108.0,143.0,52.0,104.0,106.0,84.75
5861,2011-02-07,9479,216418,87.6375,87.6375,0,1,101,40.71132100598713,110.0,87.0,71.0,37.0,110.0,98.5,90.0
7502,2011-02-14,9479,216418,87.6375,87.6375,0,1,105,40.71132100598713,86.0,45.0,51.0,56.0,86.0,65.5,64.25
9140,2011-02-21,9479,216418,88.35,87.6375,0,1,99,40.71132100598713,97.0,21.0,171.0,82.0,97.0,59.0,50.5
10762,2011-02-28,9479,216418,86.925,87.6375,0,1,98,40.71132100598713,102.0,72.0,85.0,212.0,102.0,87.0,78.0
14003,2011-03-14,9479,216418,88.35,87.6375,0,1,91,40.71132100598713,111.0,66.0,92.0,118.0,111.0,88.5,57.75
15642,2011-03-21,9479,216418,88.35,87.6375,0,1,54,40.71132100598713,127.0,6.0,218.0,106.0,127.0,66.5,45.75
17281,2011-03-28,9479,216418,87.6375,87.6375,0,1,76,40.71132100598713,137.0,52.0,11.0,67.0,137.0,94.5,62.25
18914,2011-04-04,9479,216418,86.925,87.6375,0,1,129,40.71132100598713,151.0,53.0,24.0,40.0,151.0,102.0,67.25
20554,2011-04-11,9479,216418,88.35,87.6375,0,1,110,40.71132100598713,122.0,51.0,45.0,41.0,122.0,86.5,64.25
22188,2011-04-18,9479,216418,86.2125,87.6375,0,1,61,40.71132100598713,115.0,83.0,25.0,22.0,115.0,99.0,63.5
23825,2011-04-25,9479,216418,87.6375,87.6375,0,1,117,40.71132100598713,63.0,76.0,36.0,32.0,63.0,69.5,51.75
25463,2011-05-02,9479,216418,87.6375,87.6375,0,1,108,40.71132100598713,84.0,56.0,49.0,48.0,84.0,70.0,46.75
27100,2011-05-09,9479,216418,86.925,87.6375,0,1,83,40.71132100598713,87.0,55.0,53.0,40.0,87.0,71.0,45.25
28740,2011-05-16,9479,216418,86.925,87.6375,0,1,65,40.71132100598713,92.0,16.0,183.0,97.0,92.0,54.0,49.25
30372,2011-05-23,9479,216418,88.35,87.6375,0,1,95,40.71132100598713,92.0,84.0,18.0,41.0,92.0,88.0,64.0
32007,2011-05-30,9479,216418,87.6375,87.6375,0,1,61,40.71132100598713,102.0,64.0,19.0,40.0,102.0,83.0,50.75
33641,2011-06-06,9479,216418,87.6375,87.6375,0,1,72,40.71132100598713,111.0,15.0,217.0,194.0,111.0,63.0,61.5
35277,2011-06-13,9479,216418,87.6375,87.6375,0,1,68,40.71132100598713,122.0,18.0,208.0,81.0,122.0,70.0,62.75
36912,2011-06-20,9479,216418,87.6375,87.6375,0,1,66,40.71132100598713,110.0,68.0,15.0,39.0,110.0,89.0,64.75
38551,2011-06-27,9479,216418,88.35,87.6375,0,1,66,40.71132100598713,106.0,56.0,32.0,10.0,106.0,81.0,54.5
40188,2011-07-04,9479,216418,87.6375,87.6375,0,1,83,40.71132100598713,78.0,60.0,45.0,30.0,78.0,69.0,46.0
41829,2011-07-11,9479,216418,86.925,87.6375,0,1,81,40.71132100598713,118.0,4.0,116.0,219.0,118.0,61.0,48.75
43466,2011-07-18,9479,216418,87.6375,87.6375,0,1,59,40.71132100598713,142.0,51.0,25.0,40.0,142.0,96.5,62.5
45099,2011-07-25,9479,216418,87.6375,87.6375,0,1,63,40.71132100598713,88.0,29.0,34.0,23.0,88.0,58.5,39.0
46733,2011-08-01,9479,216418,86.925,87.6375,0,1,61,40.71132100598713,143.0,51.0,22.0,27.0,143.0,97.0,71.75
48365,2011-08-08,9479,216418,88.35,87.6375,0,1,114,40.71132100598713,124.0,30.0,46.0,80.0,124.0,77.0,58.25
50001,2011-08-15,9479,216418,87.6375,87.6375,0,1,158,40.71132100598713,133.0,31.0,35.0,35.0,133.0,82.0,55.0
51630,2011-08-22,9479,216418,87.6375,87.6375,0,1,169,40.71132100598713,117.0,79.0,33.0,37.0,117.0,98.0,70.75
53256,2011-08-29,9479,216418,88.35,87.6375,0,1,101,40.71132100598713,124.0,30.0,51.0,99.0,124.0,77.0,57.0
54883,2011-09-05,9479,216418,87.6375,87.6375,0,1,88,40.71132100598713,94.0,21.0,179.0,133.0,94.0,57.5,55.5
56505,2011-09-12,9479,216418,88.35,87.6375,0,1,144,40.71132100598713,109.0,45.0,27.0,46.0,109.0,77.0,67.5
74452,2011-11-28,9479,216418,69.825,82.65,0,1,163,40.71132100598713,168.0,87.0,52.0,127.0,168.0,127.5,90.75
76089,2011-12-05,9479,216418,70.5375,82.65,0,1,89,40.71132100598713,166.0,68.0,47.0,65.0,166.0,117.0,80.75
85931,2012-01-16,9479,216418,70.5375,82.65,0,1,119,40.71132100598713,360.0,50.0,362.0,251.0,360.0,205.0,149.25
87569,2012-01-23,9479,216418,70.5375,82.65,0,1,106,40.71132100598713,255.0,65.0,38.0,41.0,255.0,160.0,118.5
89211,2012-01-30,9479,216418,82.65,82.65,0,1,76,40.71132100598713,184.0,79.0,31.0,46.0,184.0,131.5,98.0
4890,2011-01-31,9984,216418,67.6875,89.0625,0,0,14,37.85964459782642,106.0,53.0,104.0,74.0,106.0,79.5,85.75
6530,2011-02-07,9984,216418,89.0625,89.0625,0,0,15,37.85964459782642,89.0,44.0,170.0,16.0,89.0,66.5,87.0
8168,2011-02-14,9984,216418,86.925,86.925,0,0,14,37.85964459782642,44.0,18.0,70.0,236.0,44.0,31.0,64.0
9805,2011-02-21,9984,216418,89.0625,89.0625,0,0,10,37.85964459782642,51.0,65.0,52.0,52.0,51.0,58.0,70.75
11418,2011-02-28,9984,216418,88.35,88.35,0,0,19,37.85964459782642,58.0,92.0,95.0,35.0,58.0,75.0,98.0
14668,2011-03-14,9984,216418,77.6625,88.35,0,0,16,37.85964459782642,143.0,75.0,111.0,61.0,143.0,109.0,101.5
16310,2011-03-21,9984,216418,86.2125,86.2125,0,0,10,37.85964459782642,38.0,111.0,73.0,67.0,38.0,74.5,81.0
17947,2011-03-28,9984,216418,86.925,86.925,0,0,11,37.85964459782642,12.0,57.0,73.0,62.0,12.0,34.5,80.0
19582,2011-04-04,9984,216418,89.0625,89.0625,0,0,12,37.85964459782642,41.0,353.0,87.0,45.0,41.0,197.0,152.5
21220,2011-04-11,9984,216418,86.925,86.925,0,0,7,37.85964459782642,19.0,29.0,99.0,82.0,19.0,24.0,66.5
22852,2011-04-18,9984,216418,89.0625,89.0625,0,0,15,37.85964459782642,32.0,292.0,75.0,211.0,32.0,162.0,128.5
24492,2011-04-25,9984,216418,85.5,85.5,0,0,7,37.85964459782642,31.0,55.0,57.0,45.0,31.0,43.0,71.5
26129,2011-05-02,9984,216418,86.925,86.925,0,0,7,37.85964459782642,37.0,52.0,46.0,44.0,37.0,44.5,65.5
27767,2011-05-09,9984,216418,76.2375,86.925,0,0,9,37.85964459782642,34.0,33.0,77.0,257.0,34.0,33.5,61.25
29405,2011-05-16,9984,216418,89.0625,89.0625,0,0,1,37.85964459782642,29.0,67.0,70.0,48.0,29.0,48.0,70.5
31034,2011-05-23,9984,216418,89.0625,89.0625,0,0,11,37.85964459782642,36.0,55.0,64.0,38.0,36.0,45.5,80.75
32671,2011-05-30,9984,216418,89.0625,89.0625,0,0,12,37.85964459782642,59.0,44.0,146.0,35.0,59.0,51.5,90.25
34309,2011-06-06,9984,216418,88.35,88.35,0,0,14,37.85964459782642,38.0,20.0,76.0,50.0,38.0,29.0,70.0
35942,2011-06-13,9984,216418,87.6375,87.6375,0,0,16,37.85964459782642,43.0,81.0,76.0,68.0,43.0,62.0,80.75
37578,2011-06-20,9984,216418,86.2125,86.2125,0,0,4,37.85964459782642,91.0,66.0,37.0,32.0,91.0,78.5,83.75
39218,2011-06-27,9984,216418,86.925,86.925,0,0,6,37.85964459782642,32.0,173.0,56.0,220.0,32.0,102.5,91.25
40856,2011-07-04,9984,216418,87.6375,87.6375,0,0,9,37.85964459782642,32.0,27.0,44.0,12.0,32.0,29.5,47.25
42495,2011-07-11,9984,216418,89.0625,89.0625,0,0,7,37.85964459782642,26.0,79.0,75.0,43.0,26.0,52.5,66.0
44132,2011-07-18,9984,216418,87.6375,87.6375,0,0,9,37.85964459782642,111.0,59.0,32.0,26.0,111.0,85.0,90.75
45762,2011-07-25,9984,216418,86.925,86.925,0,0,7,37.85964459782642,25.0,288.0,63.0,161.0,25.0,156.5,125.25
49028,2011-08-08,9984,216418,86.925,86.925,0,0,6,37.85964459782642,21.0,173.0,73.0,15.0,21.0,97.0,96.75
50662,2011-08-15,9984,216418,85.5,85.5,0,0,15,37.85964459782642,32.0,40.0,71.0,29.0,32.0,36.0,66.5
52294,2011-08-22,9984,216418,88.35,88.35,0,0,13,37.85964459782642,32.0,29.0,59.0,46.0,32.0,30.5,64.25
53915,2011-08-29,9984,216418,87.6375,87.6375,0,0,12,37.85964459782642,151.0,49.0,124.0,92.0,151.0,100.0,92.5
55540,2011-09-05,9984,216418,87.6375,87.6375,0,0,8,37.85964459782642,26.0,97.0,40.0,88.0,26.0,61.5,84.5
57165,2011-09-12,9984,216418,86.2125,86.2125,0,0,9,37.85964459782642,24.0,28.0,73.0,67.0,24.0,26.0,74.75
60417,2011-09-26,9984,216418,82.65,82.65,0,0,9,37.85964459782642,65.0,51.0,66.0,44.0,65.0,58.0,95.5
62043,2011-10-03,9984,216418,89.0625,89.0625,0,0,15,37.85964459782642,49.0,207.0,53.0,84.0,49.0,128.0,129.25
63661,2011-10-10,9984,216418,89.0625,89.0625,0,0,12,37.85964459782642,38.0,31.0,49.0,51.0,38.0,34.5,70.0
65296,2011-10-17,9984,216418,89.0625,89.0625,0,0,7,37.85964459782642,55.0,216.0,151.0,24.0,55.0,135.5,91.75
66933,2011-10-24,9984,216418,88.35,88.35,0,0,24,37.85964459782642,60.0,20.0,62.0,36.0,60.0,40.0,72.75
68572,2011-10-31,9984,216418,85.5,85.5,0,0,12,37.85964459782642,40.0,107.0,41.0,74.0,40.0,73.5,98.0
70208,2011-11-07,9984,216418,88.35,88.35,0,0,14,37.85964459782642,153.0,67.0,42.0,33.0,153.0,110.0,95.25
71846,2011-11-14,9984,216418,87.6375,87.6375,0,0,16,37.85964459782642,36.0,209.0,80.0,175.0,36.0,122.5,121.25
73480,2011-11-21,9984,216418,72.675,87.6375,0,0,10,37.85964459782642,46.0,43.0,61.0,55.0,46.0,44.5,72.25
75117,2011-11-28,9984,216418,68.4,87.6375,0,0,33,37.85964459782642,45.0,202.0,74.0,55.0,45.0,123.5,126.75
76755,2011-12-05,9984,216418,70.5375,87.6375,0,0,26,37.85964459782642,54.0,66.0,46.0,41.0,54.0,60.0,77.25
81678,2011-12-26,9984,216418,69.825,87.6375,0,0,62,37.85964459782642,125.0,146.0,147.0,137.0,125.0,135.5,177.75
83316,2012-01-02,9984,216418,70.5375,87.6375,0,0,44,37.85964459782642,39.0,87.0,119.0,128.0,39.0,63.0,105.25
86599,2012-01-16,9984,216418,70.5375,87.6375,0,0,19,37.85964459782642,312.0,27.0,50.0,131.0,312.0,169.5,204.5
88238,2012-01-23,9984,216418,69.825,69.825,0,0,17,37.85964459782642,99.0,289.0,68.0,376.0,99.0,194.0,194.75
89879,2012-01-30,9984,216418,83.3625,83.3625,0,0,25,37.85964459782642,5.0,68.0,161.0,93.0,5.0,36.5,76.25
4565,2011-01-31,9789,216418,71.25,88.35,0,1,69,35.976767916860176,14.0,106.0,111.0,80.0,14.0,60.0,61.5
6203,2011-02-07,9789,216418,88.35,88.35,0,1,54,35.976767916860176,193.0,44.0,89.0,101.0,193.0,118.5,85.75
9480,2011-02-21,9789,216418,88.35,88.35,0,1,51,35.976767916860176,65.0,107.0,27.0,61.0,65.0,86.0,71.0
14343,2011-03-14,9789,216418,83.3625,88.35,0,1,48,35.976767916860176,16.0,143.0,91.0,97.0,16.0,79.5,82.75
15984,2011-03-21,9789,216418,86.2125,88.35,0,1,38,35.976767916860176,111.0,114.0,39.0,71.0,111.0,112.5,89.75
17621,2011-03-28,9789,216418,88.35,88.35,0,1,57,35.976767916860176,75.0,176.0,76.0,210.0,75.0,125.5,94.75
19256,2011-04-04,9789,216418,87.6375,88.35,0,1,41,35.976767916860176,353.0,154.0,129.0,273.0,353.0,253.5,164.0
20893,2011-04-11,9789,216418,88.35,88.35,0,1,29,35.976767916860176,18.0,200.0,83.0,110.0,18.0,109.0,93.5
22527,2011-04-18,9789,216418,88.35,88.35,0,1,32,35.976767916860176,292.0,137.0,61.0,47.0,292.0,214.5,139.25
24166,2011-04-25,9789,216418,86.925,88.35,0,1,55,35.976767916860176,22.0,178.0,77.0,23.0,22.0,100.0,79.25
47072,2011-08-01,9789,216418,87.6375,89.0625,0,1,39,35.976767916860176,12.0,181.0,92.0,43.0,12.0,96.5,80.25
50337,2011-08-15,9789,216418,88.35,86.925,0,1,40,35.976767916860176,14.0,180.0,96.0,158.0,14.0,97.0,86.0
51969,2011-08-22,9789,216418,88.35,86.925,0,1,29,35.976767916860176,26.0,170.0,81.0,42.0,26.0,98.0,80.25
60094,2011-09-26,9789,216418,86.2125,89.0625,0,1,65,35.976767916860176,51.0,197.0,52.0,82.0,51.0,124.0,95.75
61718,2011-10-03,9789,216418,88.35,89.0625,0,1,49,35.976767916860176,207.0,158.0,51.0,159.0,207.0,182.5,130.25
81351,2011-12-26,9789,216418,69.825,84.075,0,1,125,35.976767916860176,146.0,303.0,76.0,130.0,146.0,224.5,183.25
82990,2012-01-02,9789,216418,70.5375,84.075,0,1,87,35.976767916860176,100.0,195.0,97.0,325.0,100.0,147.5,124.0
86272,2012-01-16,9789,216418,70.5375,84.075,0,1,74,35.976767916860176,58.0,235.0,263.0,27.0,58.0,146.5,172.75
87911,2012-01-23,9789,216418,70.5375,84.075,0,1,99,35.976767916860176,289.0,156.0,106.0,119.0,289.0,222.5,187.0
89553,2012-01-30,9789,216418,74.1,84.075,0,1,68,35.976767916860176,52.0,180.0,108.0,45.0,52.0,116.0,128.5
4187,2011-01-31,9436,216418,69.825,85.5,0,1,73,31.535345423314673,69.0,14.0,73.0,107.0,69.0,41.5,60.5
5822,2011-02-07,9436,216418,86.925,85.5,0,1,28,31.535345423314673,28.0,24.0,79.0,60.0,28.0,26.0,53.75
7463,2011-02-14,9436,216418,86.2125,85.5,0,1,18,31.535345423314673,123.0,71.0,105.0,55.0,123.0,97.0,75.75
9101,2011-02-21,9436,216418,86.925,85.5,0,1,23,31.535345423314673,33.0,35.0,95.0,49.0,33.0,34.0,76.75
59722,2011-09-26,9436,216418,84.075,89.0625,0,1,51,31.535345423314673,197.0,69.0,66.0,84.0,197.0,133.0,96.0
61341,2011-10-03,9436,216418,86.2125,89.0625,0,1,28,31.535345423314673,116.0,44.0,151.0,75.0,116.0,80.0,65.25
64592,2011-10-17,9436,216418,86.2125,85.5,0,1,42,31.535345423314673,54.0,234.0,49.0,52.0,54.0,144.0,141.5
66229,2011-10-24,9436,216418,87.6375,85.5,0,1,20,31.535345423314673,161.0,50.0,61.0,78.0,161.0,105.5,82.25
80970,2011-12-26,9436,216418,69.1125,86.2125,0,1,98,31.535345423314673,153.0,60.0,173.0,166.0,153.0,106.5,151.25
85892,2012-01-16,9436,216418,70.5375,86.2125,0,1,67,31.535345423314673,118.0,19.0,119.0,60.0,118.0,68.5,119.0
87530,2012-01-23,9436,216418,69.1125,86.2125,0,1,86,31.535345423314673,121.0,60.0,315.0,121.0,121.0,90.5,75.25
