MLProject/Demand_Forecasting_preprocessing/train_processed.csv
record_ID,week,store_id,sku_id,total_price,base_price,is_featured_sku,is_display_sku,units_sold,store_encoded,lag_1,lag_2,lag_5,lag_19,ma_1,ma_2,ma_4
4759,2011-01-31,9880,216418,70.5375,86.925,0,0,139,45.878055121729744,138.0,85.0,73.0,29.0,138.0,111.5,109.5
14537,2011-03-14,9880,216418,86.925,86.925,0,0,58,45.878055121729744,192.0,100.0,21.0,31.0,192.0,146.0,134.75
16178,2011-03-21,9880,216418,86.925,86.925,0,0,47,45.878055121729744,162.0,89.0,10.0,24.0,162.0,125.5,111.25
19450,2011-04-04,9880,216418,87.6375,87.6375,0,0,76,45.878055121729744,154.0,134.0,12.0,28.0,154.0,144.0,123.25
25997,2011-05-02,9880,216418,88.35,88.35,0,0,64,45.878055121729744,162.0,84.0,30.0,16.0,162.0,123.0,112.5
29276,2011-05-16,9880,216418,86.925,86.925,0,0,47,45.878055121729744,170.0,91.0,1.0,24.0,170.0,130.5,113.25
30904,2011-05-23,9880,216418,87.6375,87.6375,0,0,65,45.878055121729744,22.0,151.0,99.0,196.0,22.0,86.5,88.75
32541,2011-05-30,9880,216418,86.2125,86.2125,0,0,45,45.878055121729744,162.0,111.0,33.0,198.0,162.0,136.5,121.5
34177,2011-06-06,9880,216418,86.925,86.925,0,0,42,45.878055121729744,190.0,89.0,14.0,30.0,190.0,139.5,117.5
35812,2011-06-13,9880,216418,86.2125,86.2125,0,0,62,45.878055121729744,149.0,119.0,16.0,49.0,149.0,134.0,115.75
37446,2011-06-20,9880,216418,85.5,85.5,0,0,47,45.878055121729744,118.0,92.0,45.0,176.0,118.0,105.0,90.5
39086,2011-06-27,9880,216418,86.2125,86.2125,0,0,56,45.878055121729744,131.0,133.0,6.0,18.0,131.0,132.0,103.0
40724,2011-07-04,9880,216418,85.5,85.5,0,0,37,45.878055121729744,123.0,158.0,24.0,44.0,123.0,140.5,93.75
42364,2011-07-11,9880,216418,86.2125,86.2125,0,0,41,45.878055121729744,108.0,120.0,7.0,26.0,108.0,114.0,88.25
44000,2011-07-18,9880,216418,86.925,86.925,0,0,46,45.878055121729744,123.0,76.0,21.0,257.0,123.0,99.5,79.75
45630,2011-07-25,9880,216418,87.6375,87.6375,0,0,37,45.878055121729744,138.0,82.0,7.0,22.0,138.0,110.0,90.0
47266,2011-08-01,9880,216418,86.925,86.925,0,0,30,45.878055121729744,172.0,55.0,66.0,140.0,172.0,113.5,85.5
48898,2011-08-08,9880,216418,86.2125,86.2125,0,0,37,45.878055121729744,128.0,86.0,6.0,27.0,128.0,107.0,87.25
50532,2011-08-15,9880,216418,87.6375,87.6375,0,0,33,45.878055121729744,141.0,99.0,26.0,37.0,141.0,120.0,101.25
52162,2011-08-22,9880,216418,86.2125,86.2125,0,0,48,45.878055121729744,119.0,68.0,75.0,179.0,119.0,93.5,83.25
53785,2011-08-29,9880,216418,86.2125,86.2125,0,0,39,45.878055121729744,158.0,73.0,21.0,35.0,158.0,115.5,90.0
55412,2011-09-05,9880,216418,86.925,86.925,0,0,70,45.878055121729744,139.0,94.0,8.0,49.0,139.0,116.5,91.25
57034,2011-09-12,9880,216418,86.2125,86.2125,0,0,47,45.878055121729744,43.0,147.0,102.0,215.0,43.0,95.0,80.0
60287,2011-09-26,9880,216418,86.2125,86.2125,0,0,61,45.878055121729744,150.0,92.0,9.0,34.0,150.0,121.0,90.0
61913,2011-10-03,9880,216418,86.2125,86.2125,0,0,51,45.878055121729744,151.0,90.0,15.0,40.0,151.0,120.5,92.0
63531,2011-10-10,9880,216418,86.925,86.925,0,0,58,45.878055121729744,178.0,112.0,40.0,271.0,178.0,145.0,112.5
65164,2011-10-17,9880,216418,84.7875,84.7875,0,0,55,45.878055121729744,135.0,85.0,7.0,234.0,135.0,110.0,77.0
66801,2011-10-24,9880,216418,84.7875,84.7875,0,0,39,45.878055121729744,115.0,67.0,24.0,23.0,115.0,91.0,81.5
68440,2011-10-31,9880,216418,85.5,85.5,0,0,50,45.878055121729744,173.0,69.0,12.0,32.0,173.0,121.0,96.75
70077,2011-11-07,9880,216418,87.6375,87.6375,0,0,58,45.878055121729744,129.0,64.0,35.0,233.0,129.0,96.5,87.25
71714,2011-11-14,9880,216418,85.5,85.5,0,0,38,45.878055121729744,133.0,105.0,16.0,40.0,133.0,119.0,99.5
73350,2011-11-21,9880,216418,71.9625,85.5,0,0,54,45.878055121729744,135.0,73.0,47.0,220.0,135.0,104.0,97.75
74985,2011-11-28,9880,216418,68.4,85.5,0,0,90,45.878055121729744,105.0,123.0,33.0,44.0,105.0,114.0,98.75
76624,2011-12-05,9880,216418,68.4,85.5,0,0,72,45.878055121729744,124.0,93.0,43.0,23.0,124.0,108.5,95.0
81546,2011-12-26,9880,216418,69.1125,85.5,0,0,143,45.878055121729744,249.0,173.0,62.0,101.0,249.0,211.0,164.0
83184,2012-01-02,9880,216418,69.825,85.5,0,0,126,45.878055121729744,37.0,236.0,185.0,214.0,37.0,136.5,110.25
86467,2012-01-16,9880,216418,69.1125,85.5,0,0,48,45.878055121729744,358.0,210.0,23.0,29.0,358.0,284.0,246.5
88106,2012-01-23,9880,216418,69.825,69.825,0,0,91,45.878055121729744,315.0,125.0,17.0,41.0,315.0,220.0,185.75
89747,2012-01-30,9880,216418,83.3625,83.3625,0,0,61,45.878055121729744,283.0,122.0,59.0,234.0,283.0,202.5,167.5
4544,2011-01-31,9770,216418,69.1125,82.65,0,0,26,33.549737390492105,139.0,138.0,135.0,264.0,139.0,138.5,110.5
6181,2011-02-07,9770,216418,84.075,84.075,0,0,28,33.549737390492105,24.0,44.0,101.0,63.0,24.0,34.0,66.5
7820,2011-02-14,9770,216418,82.65,82.65,0,0,24,33.549737390492105,63.0,169.0,154.0,155.0,63.0,116.0,104.5
9458,2011-02-21,9770,216418,82.65,82.65,0,0,35,33.549737390492105,70.0,169.0,129.0,267.0,70.0,119.5,104.5
11071,2011-02-28,9770,216418,83.3625,83.3625,0,0,29,33.549737390492105,26.0,67.0,98.0,92.0,26.0,46.5,42.5
14321,2011-03-14,9770,216418,79.8,79.8,0,0,31,33.549737390492105,58.0,192.0,142.0,256.0,58.0,125.0,113.75
15962,2011-03-21,9770,216418,83.3625,83.3625,0,0,36,33.549737390492105,47.0,162.0,114.0,305.0,47.0,104.5,94.5
17600,2011-03-28,9770,216418,83.3625,83.3625,0,0,32,33.549737390492105,150.0,119.0,11.0,356.0,150.0,134.5,114.75
19234,2011-04-04,9770,216418,78.375,78.375,0,0,37,33.549737390492105,76.0,154.0,104.0,301.0,76.0,115.0,116.25
20872,2011-04-11,9770,216418,80.5125,80.5125,0,0,47,33.549737390492105,285.0,79.0,110.0,85.0,285.0,182.0,152.5
22506,2011-04-18,9770,216418,84.075,84.075,0,0,21,33.549737390492105,61.0,138.0,80.0,22.0,61.0,99.5,88.0
24145,2011-04-25,9770,216418,84.075,84.075,0,0,33,33.549737390492105,162.0,79.0,23.0,40.0,162.0,120.5,106.5
25782,2011-05-02,9770,216418,81.9375,81.9375,0,0,27,33.549737390492105,179.0,80.0,108.0,60.0,179.0,129.5,103.5
27420,2011-05-09,9770,216418,84.075,84.075,0,0,37,33.549737390492105,60.0,164.0,120.0,209.0,60.0,112.0,94.75
29060,2011-05-16,9770,216418,82.65,82.65,0,0,26,33.549737390492105,47.0,170.0,89.0,227.0,47.0,108.5,102.75
30689,2011-05-23,9770,216418,72.675,82.65,0,0,22,33.549737390492105,151.0,96.0,11.0,227.0,151.0,123.5,108.0
32326,2011-05-30,9770,216418,69.1125,82.65,0,0,21,33.549737390492105,17.0,128.0,93.0,26.0,17.0,72.5,58.75
33961,2011-06-06,9770,216418,69.825,82.65,0,0,33,33.549737390492105,42.0,190.0,117.0,254.0,42.0,116.0,98.75
35596,2011-06-13,9770,216418,69.825,82.65,0,0,23,33.549737390492105,62.0,149.0,105.0,278.0,62.0,105.5,105.0
37230,2011-06-20,9770,216418,69.1125,82.65,0,0,49,33.549737390492105,214.0,81.0,66.0,156.0,214.0,147.5,97.5
38870,2011-06-27,9770,216418,68.4,82.65,0,0,52,33.549737390492105,56.0,131.0,86.0,35.0,56.0,93.5,95.5
40507,2011-07-04,9770,216418,68.4,68.4,0,0,43,33.549737390492105,170.0,65.0,83.0,40.0,170.0,117.5,89.5
42147,2011-07-11,9770,216418,69.1125,69.1125,0,0,31,33.549737390492105,41.0,108.0,80.0,159.0,41.0,74.5,78.5
43783,2011-07-18,9770,216418,69.1125,69.1125,0,0,33,33.549737390492105,236.0,41.0,59.0,152.0,236.0,138.5,99.25
45417,2011-07-25,9770,216418,68.4,68.4,0,0,43,33.549737390492105,37.0,138.0,86.0,25.0,37.0,87.5,77.75
47050,2011-08-01,9770,216418,67.6875,67.6875,0,0,15,33.549737390492105,164.0,66.0,43.0,77.0,164.0,115.0,105.25
48683,2011-08-08,9770,216418,68.4,68.4,0,0,35,33.549737390492105,37.0,128.0,97.0,37.0,37.0,82.5,72.25
50315,2011-08-15,9770,216418,68.4,68.4,0,0,36,33.549737390492105,210.0,58.0,158.0,55.0,210.0,134.0,106.75
51947,2011-08-22,9770,216418,69.1125,69.1125,0,0,58,33.549737390492105,132.0,37.0,42.0,69.0,132.0,84.5,85.75
53570,2011-08-29,9770,216418,69.1125,69.1125,0,0,42,33.549737390492105,39.0,158.0,93.0,248.0,39.0,98.5,76.5
55196,2011-09-05,9770,216418,69.1125,69.1125,0,0,41,33.549737390492105,70.0,139.0,102.0,216.0,70.0,104.5,83.25
56818,2011-09-12,9770,216418,69.1125,69.1125,0,0,43,33.549737390492105,147.0,86.0,9.0,236.0,147.0,116.5,94.75
60072,2011-09-26,9770,216418,69.1125,69.1125,0,0,48,33.549737390492105,61.0,150.0,70.0,238.0,61.0,105.5,87.75
61696,2011-10-03,9770,216418,66.975,66.975,0,0,50,33.549737390492105,51.0,151.0,105.0,267.0,51.0,101.0,78.5
63316,2011-10-10,9770,216418,66.975,66.975,0,0,46,33.549737390492105,244.0,60.0,39.0,94.0,244.0,152.0,128.5
64948,2011-10-17,9770,216418,69.825,69.825,0,0,55,33.549737390492105,216.0,53.0,65.0,36.0,216.0,134.5,115.75
66585,2011-10-24,9770,216418,66.975,66.975,0,0,41,33.549737390492105,39.0,115.0,101.0,219.0,39.0,77.0,66.0
68223,2011-10-31,9770,216418,68.4,68.4,0,0,35,33.549737390492105,50.0,173.0,95.0,201.0,50.0,111.5,85.5
69861,2011-11-07,9770,216418,68.4,68.4,0,0,39,33.549737390492105,187.0,69.0,67.0,208.0,187.0,128.0,105.75
71500,2011-11-14,9770,216418,69.1125,69.1125,0,0,36,33.549737390492105,38.0,133.0,115.0,43.0,38.0,85.5,80.25
73136,2011-11-21,9770,216418,70.5375,70.5375,0,0,39,33.549737390492105,222.0,54.0,43.0,83.0,222.0,138.0,130.5
74769,2011-11-28,9770,216418,69.825,69.825,0,0,50,33.549737390492105,90.0,105.0,134.0,39.0,90.0,97.5,87.75
76407,2011-12-05,9770,216418,69.825,69.825,0,0,22,33.549737390492105,232.0,67.0,89.0,89.0,232.0,149.5,127.0
81329,2011-12-26,9770,216418,69.1125,69.1125,0,0,60,33.549737390492105,143.0,249.0,177.0,374.0,143.0,196.0,155.5
82968,2012-01-02,9770,216418,70.5375,70.5375,0,0,37,33.549737390492105,236.0,125.0,44.0,254.0,236.0,180.5,147.25
86250,2012-01-16,9770,216418,69.825,69.825,0,0,23,33.549737390492105,67.0,118.0,27.0,113.0,67.0,92.5,129.0
87889,2012-01-23,9770,216418,70.5375,70.5375,0,0,29,33.549737390492105,91.0,315.0,225.0,22.0,91.0,203.0,152.25
89531,2012-01-30,9770,216418,82.65,82.65,0,0,26,33.549737390492105,253.0,94.0,45.0,133.0,253.0,173.5,151.25
3344,2011-01-31,8063,216418,69.825,82.65,0,0,49,34.72184306183497,104.0,95.0,74.0,135.0,104.0,99.5,78.5
4980,2011-02-07,8063,216418,83.3625,83.3625,0,0,49,34.72184306183497,279.0,100.0,77.0,89.0,279.0,189.5,131.25
6620,2011-02-14,8063,216418,84.075,84.075,0,0,31,34.72184306183497,210.0,112.0,25.0,316.0,210.0,161.0,119.5
8258,2011-02-21,8063,216418,83.3625,83.3625,0,0,52,34.72184306183497,210.0,106.0,134.0,89.0,210.0,158.0,119.0
9892,2011-02-28,8063,216418,83.3625,83.3625,0,0,44,34.72184306183497,236.0,99.0,14.0,163.0,236.0,167.5,133.25
13121,2011-03-14,8063,216418,84.075,84.075,0,0,37,34.72184306183497,216.0,82.0,21.0,296.0,216.0,149.0,116.75
14758,2011-03-21,8063,216418,80.5125,80.5125,0,0,43,34.72184306183497,281.0,91.0,52.0,268.0,281.0,186.0,152.25
16400,2011-03-28,8063,216418,83.3625,83.3625,0,0,37,34.72184306183497,220.0,105.0,19.0,367.0,220.0,162.5,133.5
18036,2011-04-04,8063,216418,84.7875,84.7875,0,0,30,34.72184306183497,261.0,113.0,35.0,23.0,261.0,187.0,151.0
19672,2011-04-11,8063,216418,84.075,84.075,0,0,63,34.72184306183497,192.0,136.0,23.0,57.0,192.0,164.0,140.5
21309,2011-04-18,8063,216418,84.075,84.075,0,0,24,34.72184306183497,153.0,68.0,33.0,18.0,153.0,110.5,93.0
22942,2011-04-25,8063,216418,83.3625,83.3625,0,0,39,34.72184306183497,72.0,164.0,33.0,93.0,72.0,118.0,78.5
24581,2011-05-02,8063,216418,83.3625,83.3625,0,0,39,34.72184306183497,181.0,93.0,52.0,87.0,181.0,137.0,98.5
26219,2011-05-09,8063,216418,83.3625,83.3625,0,0,56,34.72184306183497,198.0,114.0,26.0,194.0,198.0,156.0,113.75
27857,2011-05-16,8063,216418,83.3625,83.3625,0,0,40,34.72184306183497,200.0,92.0,25.0,216.0,200.0,146.0,114.0
29495,2011-05-23,8063,216418,69.825,83.3625,0,0,44,34.72184306183497,201.0,117.0,172.0,61.0,201.0,159.0,120.5
31124,2011-05-30,8063,216418,69.825,83.3625,0,0,66,34.72184306183497,120.0,167.0,54.0,111.0,120.0,143.5,79.5
32761,2011-06-06,8063,216418,69.825,83.3625,0,0,57,34.72184306183497,224.0,97.0,65.0,225.0,224.0,160.5,116.5
34399,2011-06-13,8063,216418,69.825,83.3625,0,0,62,34.72184306183497,186.0,93.0,42.0,282.0,186.0,139.5,99.75
36031,2011-06-20,8063,216418,69.1125,83.3625,0,0,54,34.72184306183497,148.0,64.0,40.0,86.0,148.0,106.0,89.5
37667,2011-06-27,8063,216418,69.825,83.3625,0,0,42,34.72184306183497,120.0,77.0,79.0,18.0,120.0,98.5,82.0
39308,2011-07-04,8063,216418,69.1125,69.1125,0,0,33,34.72184306183497,134.0,87.0,53.0,38.0,134.0,110.5,85.5
40946,2011-07-11,8063,216418,69.1125,69.1125,0,0,48,34.72184306183497,179.0,65.0,38.0,221.0,179.0,122.0,97.75
42585,2011-07-18,8063,216418,69.825,69.825,0,0,36,34.72184306183497,191.0,101.0,33.0,100.0,191.0,146.0,112.75
44222,2011-07-25,8063,216418,69.1125,69.1125,0,0,35,34.72184306183497,149.0,77.0,25.0,22.0,149.0,113.0,99.25
45852,2011-08-01,8063,216418,69.1125,69.1125,0,0,39,34.72184306183497,44.0,100.0,27.0,32.0,44.0,72.0,51.75
47484,2011-08-08,8063,216418,69.825,69.825,0,0,53,34.72184306183497,197.0,83.0,13.0,7.0,197.0,140.0,118.0
49118,2011-08-15,8063,216418,69.1125,69.1125,0,0,37,34.72184306183497,221.0,97.0,25.0,79.0,221.0,159.0,136.0
50752,2011-08-22,8063,216418,69.825,69.825,0,0,51,34.72184306183497,61.0,140.0,61.0,68.0,61.0,100.5,55.75
52382,2011-08-29,8063,216418,70.5375,70.5375,0,0,73,34.72184306183497,204.0,89.0,28.0,119.0,204.0,146.5,121.75
54004,2011-09-05,8063,216418,69.1125,69.1125,0,0,79,34.72184306183497,226.0,106.0,38.0,131.0,226.0,166.0,124.5
55628,2011-09-12,8063,216418,69.825,69.825,0,0,52,34.72184306183497,251.0,120.0,116.0,74.0,251.0,185.5,134.25
58884,2011-09-26,8063,216418,69.825,69.825,0,0,49,34.72184306183497,242.0,124.0,43.0,138.0,242.0,183.0,127.0
60506,2011-10-03,8063,216418,67.6875,67.6875,0,0,42,34.72184306183497,226.0,95.0,44.0,28.0,226.0,160.5,124.75
62129,2011-10-10,8063,216418,68.4,68.4,0,0,46,34.72184306183497,75.0,134.0,59.0,54.0,75.0,104.5,78.5
63749,2011-10-17,8063,216418,68.4,68.4,0,0,45,34.72184306183497,71.0,154.0,72.0,85.0,71.0,112.5,68.0
65386,2011-10-24,8063,216418,69.825,69.825,0,0,29,34.72184306183497,322.0,105.0,35.0,209.0,322.0,213.5,152.25
67023,2011-10-31,8063,216418,69.1125,69.1125,0,0,65,34.72184306183497,257.0,62.0,65.0,180.0,257.0,159.5,131.25
68662,2011-11-07,8063,216418,68.4,68.4,0,0,36,34.72184306183497,249.0,80.0,54.0,96.0,249.0,164.5,118.0
70297,2011-11-14,8063,216418,69.1125,69.1125,0,0,61,34.72184306183497,236.0,83.0,40.0,29.0,236.0,159.5,119.75
71936,2011-11-21,8063,216418,68.4,68.4,0,0,69,34.72184306183497,129.0,170.0,52.0,44.0,129.0,149.5,99.0
73570,2011-11-28,8063,216418,68.4,68.4,0,0,55,34.72184306183497,218.0,110.0,64.0,50.0,218.0,164.0,136.75
75207,2011-12-05,8063,216418,70.5375,70.5375,0,0,43,34.72184306183497,241.0,112.0,55.0,67.0,241.0,176.5,128.0
80128,2011-12-26,8063,216418,69.825,69.825,0,0,97,34.72184306183497,401.0,147.0,110.0,271.0,401.0,274.0,217.25
81768,2012-01-02,8063,216418,70.5375,70.5375,0,0,57,34.72184306183497,327.0,148.0,148.0,114.0,327.0,237.5,174.5
85048,2012-01-16,8063,216418,69.825,69.825,0,0,41,34.72184306183497,418.0,166.0,107.0,258.0,418.0,292.0,237.0
86689,2012-01-23,8063,216418,69.825,69.825,0,0,52,34.72184306183497,297.0,135.0,123.0,86.0,297.0,216.0,190.5
88328,2012-01-30,8063,216418,81.225,81.225,0,0,41,34.72184306183497,89.0,148.0,80.0,69.0,89.0,118.5,115.25
