MLProject/Demand_Forecasting_preprocessing/train_processed.csv
record_ID,week,store_id,sku_id,total_price,base_price,is_featured_sku,is_display_sku,units_sold,store_encoded,lag_1,lag_2,lag_5,lag_19,ma_1,ma_2,ma_4
3612,2011-01-31,8438,216418,69.825,86.925,0,1,186,51.64836111526701,69.0,24.0,53.0,65.0,69.0,46.5,66.0
5247,2011-02-07,8438,216418,70.5375,86.925,0,1,139,51.64836111526701,43.0,31.0,19.0,28.0,43.0,37.0,105.0
6888,2011-02-14,8438,216418,85.5,86.925,0,1,126,51.64836111526701,41.0,17.0,23.0,14.0,41.0,29.0,52.25
8526,2011-02-21,8438,216418,86.925,86.925,0,1,112,51.64836111526701,28.0,87.0,50.0,129.0,28.0,57.5,49.25
10156,2011-02-28,8438,216418,86.925,86.925,0,1,135,51.64836111526701,33.0,11.0,141.0,29.0,33.0,22.0,98.5
13387,2011-03-14,8438,216418,70.5375,86.925,0,1,110,51.64836111526701,42.0,8.0,20.0,21.0,42.0,25.0,55.25
15026,2011-03-21,8438,216418,66.975,86.925,0,1,137,51.64836111526701,35.0,15.0,18.0,10.0,35.0,25.0,43.0
16667,2011-03-28,8438,216418,68.4,86.925,0,1,122,51.64836111526701,28.0,5.0,11.0,12.0,28.0,16.5,42.0
18302,2011-04-04,8438,216418,85.5,86.925,0,1,132,51.64836111526701,53.0,7.0,24.0,12.0,53.0,30.0,43.5
19939,2011-04-11,8438,216418,86.925,86.925,0,1,116,51.64836111526701,11.0,10.0,19.0,22.0,11.0,10.5,17.5
21575,2011-04-18,8438,216418,86.2125,86.925,0,1,87,51.64836111526701,18.0,12.0,32.0,15.0,18.0,15.0,29.75
23210,2011-04-25,8438,216418,86.925,86.925,0,1,112,51.64836111526701,35.0,45.0,27.0,178.0,35.0,40.0,46.0
24849,2011-05-02,8438,216418,87.6375,86.925,0,1,92,51.64836111526701,16.0,14.0,37.0,30.0,16.0,15.0,19.75
26485,2011-05-09,8438,216418,86.2125,86.925,0,1,107,51.64836111526701,16.0,14.0,29.0,9.0,16.0,15.0,34.5
28123,2011-05-16,8438,216418,85.5,86.925,0,1,81,51.64836111526701,7.0,18.0,26.0,1.0,7.0,12.5,25.25
29758,2011-05-23,8438,216418,87.6375,86.925,0,1,93,51.64836111526701,42.0,156.0,50.0,11.0,42.0,99.0,62.75
31392,2011-05-30,8438,216418,87.6375,86.925,0,1,159,51.64836111526701,46.0,53.0,136.0,128.0,46.0,49.5,53.25
33027,2011-06-06,8438,216418,87.6375,86.925,0,1,95,51.64836111526701,18.0,10.0,27.0,14.0,18.0,14.0,27.25
34667,2011-06-13,8438,216418,86.925,86.925,0,1,91,51.64836111526701,24.0,15.0,26.0,16.0,24.0,19.5,32.75
46118,2011-08-01,8438,216418,86.925,87.6375,0,1,88,51.64836111526701,15.0,40.0,75.0,181.0,15.0,27.5,35.0
47752,2011-08-08,8438,216418,86.925,87.6375,0,1,90,51.64836111526701,10.0,9.0,37.0,6.0,10.0,9.5,21.25
49385,2011-08-15,8438,216418,86.925,87.6375,0,1,80,51.64836111526701,36.0,13.0,32.0,26.0,36.0,24.5,31.0
51020,2011-08-22,8438,216418,87.6375,87.6375,0,1,91,51.64836111526701,29.0,37.0,116.0,170.0,29.0,33.0,48.25
64016,2011-10-17,8438,216418,86.925,85.5,0,1,99,51.64836111526701,45.0,42.0,159.0,149.0,45.0,43.5,61.25
65654,2011-10-24,8438,216418,84.7875,85.5,0,1,120,51.64836111526701,25.0,56.0,40.0,24.0,25.0,40.5,53.75
67291,2011-10-31,8438,216418,87.6375,85.5,0,1,95,51.64836111526701,27.0,7.0,45.0,12.0,27.0,17.0,34.75
68930,2011-11-07,8438,216418,86.2125,85.5,0,1,92,51.64836111526701,36.0,25.0,53.0,35.0,36.0,30.5,47.0
70564,2011-11-14,8438,216418,85.5,85.5,0,1,80,51.64836111526701,30.0,17.0,35.0,16.0,30.0,23.5,31.0
72204,2011-11-21,8438,216418,74.8125,85.5,0,1,127,51.64836111526701,44.0,43.0,77.0,172.0,44.0,43.5,61.5
82034,2012-01-02,8438,216418,69.825,85.5,0,1,243,51.64836111526701,26.0,134.0,52.0,44.0,26.0,80.0,63.0
85315,2012-01-16,8438,216418,70.5375,85.5,0,1,119,51.64836111526701,24.0,92.0,99.0,270.0,24.0,58.0,78.75
86957,2012-01-23,8438,216418,69.825,85.5,0,1,122,51.64836111526701,38.0,93.0,23.0,17.0,38.0,65.5,73.75
88596,2012-01-30,8438,216418,84.075,85.5,0,1,129,51.64836111526701,35.0,94.0,60.0,180.0,35.0,64.5,86.0
4143,2011-01-31,9425,216418,71.25,71.25,0,0,37,29.36884909708633,82.0,102.0,98.0,110.0,82.0,92.0,79.75
5778,2011-02-07,9425,216418,82.65,82.65,0,0,19,29.36884909708633,17.0,128.0,279.0,193.0,17.0,72.5,74.0
7419,2011-02-14,9425,216418,83.3625,83.3625,0,0,33,29.36884909708633,211.0,115.0,100.0,65.0,211.0,163.0,112.0
10679,2011-02-28,9425,216418,83.3625,83.3625,0,0,49,29.36884909708633,138.0,116.0,94.0,271.0,138.0,127.0,94.75
17198,2011-03-28,9425,216418,83.3625,83.3625,0,0,31,29.36884909708633,110.0,161.0,53.0,48.0,110.0,135.5,98.75
18831,2011-04-04,9425,216418,84.075,84.075,0,0,25,29.36884909708633,103.0,158.0,64.0,42.0,103.0,130.5,92.75
20471,2011-04-11,9425,216418,83.3625,83.3625,0,0,38,29.36884909708633,100.0,114.0,59.0,7.0,100.0,107.0,92.5
27018,2011-05-09,9425,216418,82.65,82.65,0,0,42,29.36884909708633,143.0,109.0,61.0,45.0,143.0,126.0,117.25
28657,2011-05-16,9425,216418,79.0875,79.0875,0,0,50,29.36884909708633,195.0,76.0,92.0,135.0,195.0,135.5,127.75
30289,2011-05-23,9425,216418,71.25,71.25,0,0,40,29.36884909708633,62.0,52.0,95.0,172.0,62.0,57.0,58.0
31924,2011-05-30,9425,216418,69.825,69.825,0,0,34,29.36884909708633,283.0,30.0,128.0,109.0,283.0,156.5,87.75
33558,2011-06-06,9425,216418,69.825,69.825,0,0,33,29.36884909708633,137.0,125.0,84.0,46.0,137.0,131.0,90.5
35197,2011-06-13,9425,216418,69.825,69.825,0,0,53,29.36884909708633,116.0,106.0,93.0,159.0,116.0,111.0,117.5
36829,2011-06-20,9425,216418,69.1125,69.1125,0,0,32,29.36884909708633,95.0,77.0,51.0,43.0,95.0,86.0,76.25
38468,2011-06-27,9425,216418,69.825,69.825,0,0,39,29.36884909708633,69.0,84.0,83.0,36.0,69.0,76.5,78.0
40107,2011-07-04,9425,216418,69.1125,69.1125,0,0,14,29.36884909708633,89.0,58.0,54.0,9.0,89.0,73.5,61.5
41746,2011-07-11,9425,216418,69.1125,69.1125,0,0,25,29.36884909708633,112.0,72.0,65.0,124.0,112.0,92.0,102.75
43383,2011-07-18,9425,216418,69.825,69.825,0,0,27,29.36884909708633,93.0,106.0,51.0,45.0,93.0,99.5,77.0
45016,2011-07-25,9425,216418,69.825,69.825,0,0,28,29.36884909708633,141.0,92.0,59.0,46.0,141.0,116.5,95.0
46650,2011-08-01,9425,216418,69.1125,69.1125,0,0,27,29.36884909708633,25.0,28.0,181.0,66.0,25.0,26.5,26.0
48283,2011-08-08,9425,216418,69.825,69.825,0,0,43,29.36884909708633,97.0,108.0,64.0,40.0,97.0,102.5,81.75
49919,2011-08-15,9425,216418,69.825,69.825,0,0,37,29.36884909708633,116.0,104.0,31.0,15.0,116.0,110.0,87.5
51547,2011-08-22,9425,216418,69.1125,69.1125,0,0,28,29.36884909708633,13.0,32.0,170.0,37.0,13.0,22.5,25.0
53173,2011-08-29,9425,216418,69.825,69.825,0,0,53,29.36884909708633,77.0,135.0,68.0,47.0,77.0,106.0,88.25
54801,2011-09-05,9425,216418,69.825,69.825,0,0,32,29.36884909708633,99.0,55.0,106.0,187.0,99.0,77.0,114.75
56424,2011-09-12,9425,216418,69.825,69.825,0,0,35,29.36884909708633,53.0,34.0,82.0,116.0,53.0,43.5,57.0
59678,2011-09-26,9425,216418,69.825,69.825,0,0,49,29.36884909708633,145.0,111.0,74.0,51.0,145.0,128.0,101.5
61297,2011-10-03,9425,216418,67.6875,67.6875,0,0,50,29.36884909708633,120.0,141.0,62.0,53.0,120.0,130.5,102.5
62920,2011-10-10,9425,216418,68.4,68.4,0,0,59,29.36884909708633,12.0,38.0,189.0,60.0,12.0,25.0,25.75
64548,2011-10-17,9425,216418,69.1125,69.1125,0,0,35,29.36884909708633,136.0,34.0,149.0,53.0,136.0,85.0,56.75
66185,2011-10-24,9425,216418,69.1125,69.1125,0,0,53,29.36884909708633,40.0,12.0,76.0,50.0,40.0,26.0,65.0
67822,2011-10-31,9425,216418,66.2625,66.2625,0,0,73,29.36884909708633,127.0,77.0,62.0,183.0,127.0,102.0,131.5
69461,2011-11-07,9425,216418,68.4,68.4,0,0,56,29.36884909708633,120.0,144.0,52.0,61.0,120.0,132.0,103.5
71098,2011-11-14,9425,216418,67.6875,67.6875,0,0,44,29.36884909708633,114.0,124.0,46.0,38.0,114.0,119.0,100.75
72736,2011-11-21,9425,216418,68.4,68.4,0,0,52,29.36884909708633,10.0,46.0,172.0,54.0,10.0,28.0,31.75
74369,2011-11-28,9425,216418,69.1125,69.1125,0,0,56,29.36884909708633,132.0,168.0,152.0,59.0,132.0,150.0,134.25
76006,2011-12-05,9425,216418,69.825,69.825,0,0,61,29.36884909708633,117.0,152.0,124.0,26.0,117.0,134.5,122.5
87488,2012-01-23,9425,216418,69.825,69.825,0,0,65,29.36884909708633,156.0,300.0,84.0,70.0,156.0,228.0,169.0
3872,2011-01-31,9164,216418,98.325,98.325,0,0,89,58.0993909465161,66.0,37.0,59.0,70.0,66.0,51.5,71.75
10409,2011-02-28,9164,216418,106.1625,106.1625,0,0,123,58.0993909465161,52.0,49.0,73.0,99.0,52.0,50.5,75.75
12023,2011-03-07,9164,216418,106.1625,106.1625,0,0,118,58.0993909465161,129.0,194.0,168.0,94.0,129.0,161.5,128.0
25109,2011-05-02,9164,216418,104.7375,104.7375,0,0,99,58.0993909465161,47.0,40.0,38.0,181.0,47.0,43.5,57.75
30016,2011-05-23,9164,216418,106.875,106.875,0,0,146,58.0993909465161,28.0,168.0,52.0,117.0,28.0,98.0,74.5
31653,2011-05-30,9164,216418,106.1625,106.1625,0,0,119,58.0993909465161,71.0,194.0,38.0,106.0,71.0,132.5,121.0
34926,2011-06-13,9164,216418,106.1625,106.1625,0,0,142,58.0993909465161,32.0,198.0,74.0,186.0,32.0,115.0,98.75
43111,2011-07-18,9164,216418,86.2125,106.1625,0,0,104,58.0993909465161,23.0,36.0,53.0,65.0,23.0,29.5,80.25
49646,2011-08-15,9164,216418,105.45,105.45,0,0,111,58.0993909465161,17.0,37.0,69.0,97.0,17.0,27.0,49.0
51277,2011-08-22,9164,216418,106.1625,106.1625,0,0,99,58.0993909465161,34.0,115.0,74.0,121.0,34.0,74.5,106.5
54529,2011-09-05,9164,216418,105.45,105.45,0,0,128,58.0993909465161,25.0,188.0,62.0,226.0,25.0,106.5,114.25
56153,2011-09-12,9164,216418,105.45,105.45,0,0,146,58.0993909465161,15.0,147.0,34.0,120.0,15.0,81.0,62.5
59407,2011-09-26,9164,216418,106.875,106.875,0,0,111,58.0993909465161,33.0,138.0,137.0,242.0,33.0,85.5,113.0
61027,2011-10-03,9164,216418,101.8875,101.8875,0,0,142,58.0993909465161,33.0,53.0,84.0,95.0,33.0,43.0,111.75
62650,2011-10-10,9164,216418,104.7375,104.7375,0,0,152,58.0993909465161,64.0,158.0,38.0,145.0,64.0,111.0,172.5
64276,2011-10-17,9164,216418,104.7375,104.7375,0,0,117,58.0993909465161,85.0,227.0,42.0,106.0,85.0,156.0,220.5
69189,2011-11-07,9164,216418,106.1625,106.1625,0,0,103,58.0993909465161,31.0,35.0,94.0,51.0,31.0,33.0,210.0
70825,2011-11-14,9164,216418,106.1625,106.1625,0,0,100,58.0993909465161,26.0,34.0,70.0,83.0,26.0,30.0,133.5
72465,2011-11-21,9164,216418,104.025,104.025,0,0,127,58.0993909465161,41.0,171.0,111.0,113.0,41.0,106.0,273.75
79015,2011-12-19,9164,216418,88.35,104.025,0,0,184,58.0993909465161,200.0,263.0,39.0,247.0,200.0,231.5,329.5
80655,2011-12-26,9164,216418,89.0625,104.025,0,0,157,58.0993909465161,139.0,349.0,155.0,401.0,139.0,244.0,310.0
3803,2011-01-31,9112,216418,98.325,98.325,0,1,204,93.19892106185144,86.0,89.0,82.0,24.0,86.0,87.5,69.5
5438,2011-02-07,9112,216418,98.325,98.325,0,1,210,93.19892106185144,102.0,100.0,90.0,102.0,102.0,101.0,78.75
7077,2011-02-14,9112,216418,105.45,98.325,0,1,209,93.19892106185144,85.0,107.0,82.0,210.0,85.0,96.0,69.75
8717,2011-02-21,9112,216418,106.1625,98.325,0,1,170,93.19892106185144,72.0,95.0,52.0,52.0,72.0,83.5,103.0
10342,2011-02-28,9112,216418,106.1625,98.325,0,1,173,93.19892106185144,80.0,123.0,109.0,44.0,80.0,101.5,76.0
11956,2011-03-07,9112,216418,104.7375,98.325,0,1,209,93.19892106185144,87.0,118.0,126.0,38.0,87.0,102.5,132.0
13579,2011-03-14,9112,216418,104.025,98.325,0,1,213,93.19892106185144,102.0,117.0,106.0,216.0,102.0,109.5,80.25
15217,2011-03-21,9112,216418,104.025,98.325,0,1,210,93.19892106185144,80.0,129.0,67.0,55.0,80.0,104.5,117.5
16859,2011-03-28,9112,216418,104.7375,98.325,0,1,273,93.19892106185144,103.0,107.0,40.0,53.0,103.0,105.0,133.25
18491,2011-04-04,9112,216418,105.45,98.325,0,1,214,93.19892106185144,75.0,125.0,67.0,30.0,75.0,100.0,66.25
20130,2011-04-11,9112,216418,105.45,98.325,0,1,216,93.19892106185144,83.0,115.0,105.0,192.0,83.0,99.0,65.0
39768,2011-07-04,9112,216418,119.7,119.7,0,1,117,93.19892106185144,71.0,98.0,219.0,33.0,71.0,84.5,61.5
41405,2011-07-11,9112,216418,118.9875,119.7,0,1,152,93.19892106185144,75.0,83.0,40.0,72.0,75.0,79.0,88.5
43044,2011-07-18,9112,216418,88.35,119.7,0,1,172,93.19892106185144,87.0,104.0,190.0,191.0,87.0,95.5,62.5
44680,2011-07-25,9112,216418,88.35,119.7,0,1,175,93.19892106185144,68.0,90.0,110.0,35.0,68.0,79.0,49.75
49577,2011-08-15,9112,216418,106.1625,119.7,0,1,147,93.19892106185144,98.0,111.0,90.0,37.0,98.0,104.5,65.75
51209,2011-08-22,9112,216418,106.1625,119.7,0,1,165,93.19892106185144,75.0,99.0,249.0,25.0,75.0,87.0,80.75
52833,2011-08-29,9112,216418,106.1625,119.7,0,1,150,93.19892106185144,76.0,133.0,133.0,204.0,76.0,104.5,72.75
56084,2011-09-12,9112,216418,106.1625,119.7,0,1,170,93.19892106185144,77.0,146.0,35.0,52.0,77.0,111.5,96.25
59339,2011-09-26,9112,216418,105.45,119.7,0,1,159,93.19892106185144,90.0,111.0,62.0,74.0,90.0,100.5,93.0
62582,2011-10-10,9112,216418,102.6,119.7,0,1,226,93.19892106185144,74.0,152.0,321.0,60.0,74.0,113.0,112.0
67483,2011-10-31,9112,216418,104.7375,103.3125,0,1,208,93.19892106185144,108.0,124.0,93.0,77.0,108.0,116.0,108.5
72396,2011-11-21,9112,216418,106.1625,104.7375,0,1,204,93.19892106185144,114.0,127.0,825.0,77.0,114.0,120.5,113.25
82226,2012-01-02,9112,216418,89.0625,104.025,0,1,240,93.19892106185144,156.0,142.0,43.0,57.0,156.0,149.0,165.75
87146,2012-01-23,9112,216418,89.0625,104.025,0,1,437,93.19892106185144,189.0,343.0,315.0,52.0,189.0,266.0,155.5
88787,2012-01-30,9112,216418,89.0625,104.025,0,1,370,93.19892106185144,169.0,329.0,80.0,43.0,169.0,249.0,208.75
3782,2011-01-31,9092,216418,70.5375,84.075,0,1,63,35.63969008733072,204.0,86.0,37.0,69.0,204.0,145.0,111.25
5417,2011-02-07,9092,216418,83.3625,84.075,0,1,55,35.63969008733072,210.0,102.0,56.0,128.0,210.0,156.0,117.25
7056,2011-02-14,9092,216418,84.075,84.075,0,1,61,35.63969008733072,209.0,85.0,45.0,31.0,209.0,147.0,110.75
10321,2011-02-28,9092,216418,84.075,83.3625,0,1,88,35.63969008733072,173.0,80.0,49.0,94.0,173.0,126.5,107.0
46288,2011-08-01,9092,216418,69.825,69.1125,0,1,32,35.63969008733072,166.0,103.0,108.0,12.0,166.0,134.5,99.25
47923,2011-08-08,9092,216418,69.1125,69.1125,0,1,55,35.63969008733072,149.0,63.0,35.0,64.0,149.0,106.0,87.25
49556,2011-08-15,9092,216418,69.1125,69.1125,0,1,77,35.63969008733072,147.0,98.0,37.0,31.0,147.0,122.5,93.25
51188,2011-08-22,9092,216418,69.1125,69.1125,0,1,68,35.63969008733072,165.0,75.0,115.0,102.0,165.0,120.0,93.25
52812,2011-08-29,9092,216418,69.825,69.1125,0,1,86,35.63969008733072,150.0,76.0,59.0,73.0,150.0,113.0,95.5
