MLProject/Demand_Forecasting_preprocessing/train_processed.csv
record_ID,week,store_id,sku_id,total_price,base_price,is_featured_sku,is_display_sku,units_sold,store_encoded,lag_1,lag_2,lag_5,lag_19,ma_1,ma_2,ma_4
3761,2011-01-31,9043,216418,97.6125,97.6125,0,0,60,43.34529687636812,63.0,204.0,66.0,186.0,63.0,133.5,110.5
5396,2011-02-07,9043,216418,97.6125,97.6125,0,0,66,43.34529687636812,55.0,210.0,57.0,17.0,55.0,132.5,116.75
7037,2011-02-14,9043,216418,105.45,105.45,0,0,52,43.34529687636812,61.0,209.0,42.0,100.0,61.0,135.0,115.5
8675,2011-02-21,9043,216418,106.875,106.875,0,0,69,43.34529687636812,29.0,75.0,131.0,75.0,29.0,52.0,62.75
10300,2011-02-28,9043,216418,106.1625,106.1625,0,0,64,43.34529687636812,88.0,173.0,52.0,109.0,88.0,130.5,116.0
11914,2011-03-07,9043,216418,106.1625,106.1625,0,0,61,43.34529687636812,100.0,209.0,129.0,38.0,100.0,154.5,128.5
13537,2011-03-14,9043,216418,105.45,105.45,0,0,67,43.34529687636812,71.0,213.0,41.0,51.0,71.0,142.0,125.75
15175,2011-03-21,9043,216418,104.7375,104.7375,0,0,62,43.34529687636812,40.0,210.0,44.0,22.0,40.0,125.0,114.75
16817,2011-03-28,9043,216418,106.875,106.875,0,0,52,43.34529687636812,45.0,273.0,25.0,27.0,45.0,159.0,132.0
18449,2011-04-04,9043,216418,105.45,105.45,0,0,51,43.34529687636812,85.0,214.0,24.0,90.0,85.0,149.5,124.75
20088,2011-04-11,9043,216418,105.45,105.45,0,0,47,43.34529687636812,65.0,216.0,22.0,59.0,65.0,140.5,119.75
21724,2011-04-18,9043,216418,106.875,106.875,0,0,40,43.34529687636812,71.0,163.0,23.0,137.0,71.0,117.0,95.25
23360,2011-04-25,9043,216418,106.1625,106.1625,0,0,60,43.34529687636812,59.0,132.0,48.0,45.0,59.0,95.5,103.0
24999,2011-05-02,9043,216418,106.1625,106.1625,0,0,33,43.34529687636812,68.0,136.0,47.0,7.0,68.0,102.0,97.25
26635,2011-05-09,9043,216418,106.1625,106.1625,0,0,48,43.34529687636812,61.0,166.0,25.0,61.0,61.0,113.5,113.75
28273,2011-05-16,9043,216418,106.875,106.875,0,0,38,43.34529687636812,59.0,166.0,21.0,50.0,59.0,112.5,103.0
29906,2011-05-23,9043,216418,106.875,106.875,0,0,46,43.34529687636812,28.0,87.0,65.0,44.0,28.0,57.5,71.25
31542,2011-05-30,9043,216418,106.875,106.875,0,0,56,43.34529687636812,57.0,202.0,71.0,53.0,57.0,129.5,120.5
33177,2011-06-06,9043,216418,106.1625,106.1625,0,0,68,43.34529687636812,41.0,209.0,19.0,86.0,41.0,125.0,120.0
34816,2011-06-13,9043,216418,106.875,106.875,0,0,44,43.34529687636812,54.0,156.0,32.0,53.0,54.0,105.0,107.0
36449,2011-06-20,9043,216418,117.5625,117.5625,0,0,27,43.34529687636812,47.0,101.0,10.0,51.0,47.0,74.0,76.25
38085,2011-06-27,9043,216418,119.7,119.7,0,0,53,43.34529687636812,40.0,121.0,17.0,142.0,40.0,80.5,85.0
39726,2011-07-04,9043,216418,119.7,119.7,0,0,43,43.34529687636812,57.0,117.0,30.0,93.0,57.0,87.0,85.75
41363,2011-07-11,9043,216418,119.7,119.7,0,0,40,43.34529687636812,44.0,152.0,26.0,25.0,44.0,98.0,88.5
43002,2011-07-18,9043,216418,89.0625,119.7,0,0,46,43.34529687636812,46.0,172.0,23.0,51.0,46.0,109.0,102.25
44638,2011-07-25,9043,216418,86.925,119.7,0,0,77,43.34529687636812,30.0,175.0,14.0,113.0,30.0,102.5,90.75
46267,2011-08-01,9043,216418,89.0625,119.7,0,0,65,43.34529687636812,32.0,166.0,48.0,73.0,32.0,99.0,95.25
47902,2011-08-08,9043,216418,89.0625,119.7,0,0,66,43.34529687636812,55.0,149.0,23.0,107.0,55.0,102.0,95.25
49535,2011-08-15,9043,216418,106.875,119.7,0,0,69,43.34529687636812,77.0,147.0,17.0,107.0,77.0,112.0,108.25
51167,2011-08-22,9043,216418,106.875,119.7,0,0,92,43.34529687636812,68.0,165.0,34.0,37.0,68.0,116.5,101.75
52791,2011-08-29,9043,216418,106.875,106.875,0,0,88,43.34529687636812,86.0,150.0,23.0,68.0,86.0,118.0,111.25
54418,2011-09-05,9043,216418,106.1625,106.1625,0,0,67,43.34529687636812,49.0,149.0,25.0,32.0,49.0,99.0,98.25
56042,2011-09-12,9043,216418,105.45,105.45,0,0,89,43.34529687636812,32.0,72.0,71.0,43.0,32.0,52.0,64.75
57669,2011-09-19,9043,216418,106.1625,106.1625,0,0,82,43.34529687636812,84.0,166.0,78.0,43.0,84.0,125.0,116.75
59297,2011-09-26,9043,216418,103.3125,103.3125,0,0,75,43.34529687636812,84.0,159.0,33.0,21.0,84.0,121.5,111.0
60918,2011-10-03,9043,216418,103.3125,103.3125,0,0,94,43.34529687636812,72.0,192.0,33.0,131.0,72.0,132.0,126.75
62541,2011-10-10,9043,216418,104.025,104.025,0,0,104,43.34529687636812,108.0,226.0,64.0,39.0,108.0,167.0,140.0
64166,2011-10-17,9043,216418,105.45,105.45,0,0,92,43.34529687636812,78.0,178.0,85.0,42.0,78.0,128.0,114.5
65803,2011-10-24,9043,216418,104.025,104.025,0,0,74,43.34529687636812,79.0,185.0,37.0,119.0,79.0,132.0,110.5
67441,2011-10-31,9043,216418,105.45,105.45,0,0,74,43.34529687636812,81.0,208.0,33.0,73.0,81.0,144.5,130.25
69079,2011-11-07,9043,216418,105.45,105.45,0,0,116,43.34529687636812,66.0,182.0,31.0,52.0,66.0,124.0,112.25
70714,2011-11-14,9043,216418,106.1625,106.1625,0,0,83,43.34529687636812,84.0,193.0,26.0,122.0,84.0,138.5,116.0
72354,2011-11-21,9043,216418,104.7375,104.7375,0,0,97,43.34529687636812,82.0,204.0,41.0,102.0,82.0,143.0,131.75
73986,2011-11-28,9043,216418,102.6,102.6,0,0,109,43.34529687636812,89.0,238.0,99.0,185.0,89.0,163.5,134.75
75623,2011-12-05,9043,216418,105.45,105.45,0,0,118,43.34529687636812,59.0,224.0,44.0,183.0,59.0,141.5,123.75
77262,2011-12-12,9043,216418,88.35,105.45,0,0,115,43.34529687636812,66.0,227.0,68.0,65.0,66.0,146.5,148.0
78904,2011-12-19,9043,216418,88.35,105.45,0,0,130,43.34529687636812,77.0,276.0,200.0,61.0,77.0,176.5,181.25
80544,2011-12-26,9043,216418,88.35,105.45,0,0,128,43.34529687636812,100.0,325.0,139.0,121.0,100.0,212.5,187.75
82184,2012-01-02,9043,216418,89.0625,105.45,0,0,126,43.34529687636812,30.0,91.0,103.0,49.0,30.0,60.5,87.0
6064,2011-02-07,9632,216418,82.65,82.65,0,0,20,32.84276452816815,58.0,13.0,63.0,10.0,58.0,35.5,85.0
7704,2011-02-14,9632,216418,83.3625,83.3625,0,0,32,32.84276452816815,31.0,11.0,66.0,64.0,31.0,21.0,90.5
9342,2011-02-21,9632,216418,82.65,82.65,0,0,32,32.84276452816815,16.0,7.0,52.0,33.0,16.0,11.5,74.25
10959,2011-02-28,9632,216418,81.9375,81.9375,0,0,34,32.84276452816815,47.0,14.0,92.0,69.0,47.0,30.5,34.5
14204,2011-03-14,9632,216418,84.075,84.075,0,0,31,32.84276452816815,25.0,17.0,108.0,60.0,25.0,21.0,83.5
15845,2011-03-21,9632,216418,81.225,81.225,0,0,24,32.84276452816815,25.0,7.0,67.0,39.0,25.0,16.0,98.0
17483,2011-03-28,9632,216418,81.9375,81.9375,0,0,28,32.84276452816815,40.0,19.0,40.0,43.0,40.0,29.5,58.25
19117,2011-04-04,9632,216418,84.075,84.075,0,0,28,32.84276452816815,27.0,11.0,45.0,46.0,27.0,19.0,59.25
20756,2011-04-11,9632,216418,81.225,81.225,0,0,30,32.84276452816815,7.0,12.0,51.0,62.0,7.0,9.5,106.5
22390,2011-04-18,9632,216418,82.65,82.65,0,0,22,32.84276452816815,4.0,17.0,100.0,40.0,4.0,10.5,59.5
24028,2011-04-25,9632,216418,83.3625,83.3625,0,0,29,32.84276452816815,23.0,20.0,71.0,27.0,23.0,21.5,59.5
25665,2011-05-02,9632,216418,84.075,84.075,0,0,16,32.84276452816815,24.0,7.0,55.0,53.0,24.0,15.5,68.0
27303,2011-05-09,9632,216418,82.65,82.65,0,0,41,32.84276452816815,19.0,14.0,33.0,59.0,19.0,16.5,100.0
28943,2011-05-16,9632,216418,81.9375,81.9375,0,0,24,32.84276452816815,16.0,12.0,48.0,42.0,16.0,14.0,97.75
30573,2011-05-23,9632,216418,72.675,81.9375,0,0,34,32.84276452816815,29.0,14.0,59.0,39.0,29.0,21.5,52.75
32210,2011-05-30,9632,216418,68.4,81.9375,0,0,28,32.84276452816815,21.0,12.0,168.0,28.0,21.0,16.5,34.0
33844,2011-06-06,9632,216418,69.1125,81.9375,0,0,30,32.84276452816815,35.0,7.0,50.0,79.0,35.0,21.0,58.25
35480,2011-06-13,9632,216418,68.4,81.9375,0,0,49,32.84276452816815,37.0,21.0,68.0,41.0,37.0,29.0,110.25
37114,2011-06-20,9632,216418,69.1125,81.9375,0,0,22,32.84276452816815,25.0,10.0,156.0,33.0,25.0,17.5,33.25
38753,2011-06-27,9632,216418,68.4,81.9375,0,0,35,32.84276452816815,18.0,11.0,78.0,54.0,18.0,14.5,72.25
40391,2011-07-04,9632,216418,69.825,69.825,0,0,44,32.84276452816815,19.0,3.0,53.0,29.0,19.0,11.0,86.25
42031,2011-07-11,9632,216418,67.6875,67.6875,0,0,26,32.84276452816815,28.0,6.0,43.0,30.0,28.0,17.0,69.5
43668,2011-07-18,9632,216418,69.1125,69.1125,0,0,35,32.84276452816815,21.0,4.0,152.0,18.0,21.0,12.5,27.25
45301,2011-07-25,9632,216418,67.6875,67.6875,0,0,25,32.84276452816815,22.0,4.0,56.0,62.0,22.0,13.0,76.5
48566,2011-08-08,9632,216418,69.1125,69.1125,0,0,37,32.84276452816815,27.0,11.0,116.0,71.0,27.0,19.0,77.75
50200,2011-08-15,9632,216418,68.4,68.4,0,0,37,32.84276452816815,23.0,9.0,66.0,40.0,23.0,16.0,86.25
51831,2011-08-22,9632,216418,69.1125,69.1125,0,0,32,32.84276452816815,41.0,6.0,77.0,37.0,41.0,23.5,60.25
53455,2011-08-29,9632,216418,69.1125,69.1125,0,0,35,32.84276452816815,29.0,6.0,29.0,70.0,29.0,17.5,74.25
55080,2011-09-05,9632,216418,69.1125,69.1125,0,0,49,32.84276452816815,25.0,7.0,88.0,53.0,25.0,16.0,86.75
56702,2011-09-12,9632,216418,69.825,69.825,0,0,23,32.84276452816815,33.0,7.0,49.0,52.0,33.0,20.0,55.75
58332,2011-09-19,9632,216418,69.825,69.825,0,0,27,32.84276452816815,97.0,13.0,170.0,32.0,97.0,55.0,115.5
59958,2011-09-26,9632,216418,69.825,69.825,0,0,34,32.84276452816815,58.0,12.0,44.0,101.0,58.0,35.0,62.75
61580,2011-10-03,9632,216418,66.975,66.975,0,0,40,32.84276452816815,46.0,9.0,84.0,45.0,46.0,27.5,60.0
63200,2011-10-10,9632,216418,69.1125,69.1125,0,0,47,32.84276452816815,47.0,5.0,72.0,50.0,47.0,26.0,75.0
64831,2011-10-17,9632,216418,69.1125,69.1125,0,0,25,32.84276452816815,49.0,9.0,104.0,20.0,49.0,29.0,29.5
66469,2011-10-24,9632,216418,69.1125,69.1125,0,0,23,32.84276452816815,61.0,7.0,36.0,99.0,61.0,34.0,58.25
68106,2011-10-31,9632,216418,66.975,66.975,0,0,32,32.84276452816815,30.0,4.0,74.0,40.0,30.0,17.0,73.0
69745,2011-11-07,9632,216418,67.6875,67.6875,0,0,32,32.84276452816815,41.0,5.0,208.0,40.0,41.0,23.0,50.25
71384,2011-11-14,9632,216418,68.4,68.4,0,0,43,32.84276452816815,40.0,7.0,71.0,72.0,40.0,23.5,89.0
73020,2011-11-21,9632,216418,69.825,69.825,0,0,31,32.84276452816815,65.0,9.0,84.0,44.0,65.0,37.0,87.5
74655,2011-11-28,9632,216418,69.1125,69.1125,0,0,39,32.84276452816815,44.0,6.0,68.0,83.0,44.0,25.0,102.0
76292,2011-12-05,9632,216418,70.5375,70.5375,0,0,23,32.84276452816815,54.0,13.0,109.0,49.0,54.0,33.5,119.0
86133,2012-01-16,9632,216418,69.825,69.825,0,0,29,32.84276452816815,48.0,7.0,113.0,115.0,48.0,27.5,73.75
87772,2012-01-23,9632,216418,68.4,68.4,0,0,22,32.84276452816815,41.0,13.0,95.0,151.0,41.0,27.0,146.5
89414,2012-01-30,9632,216418,85.5,85.5,0,0,24,32.84276452816815,26.0,15.0,68.0,65.0,26.0,20.5,122.5
91050,2012-02-06,9632,216418,88.35,88.35,0,0,42,32.84276452816815,33.0,7.0,82.0,74.0,33.0,20.0,65.0
5798,2011-02-07,9432,216418,82.65,82.65,0,1,54,33.973376422808286,292.0,19.0,44.0,44.0,292.0,155.5,139.5
7439,2011-02-14,9432,216418,83.3625,82.65,0,1,65,33.973376422808286,23.0,18.0,78.0,71.0,23.0,20.5,59.75
9077,2011-02-21,9432,216418,83.3625,82.65,0,1,50,33.973376422808286,22.0,35.0,89.0,60.0,22.0,28.5,57.75
10699,2011-02-28,9432,216418,82.65,82.65,0,1,79,33.973376422808286,271.0,141.0,92.0,48.0,271.0,206.0,135.0
13940,2011-03-14,9432,216418,82.65,82.65,0,1,75,33.973376422808286,20.0,27.0,88.0,75.0,20.0,23.5,67.0
15579,2011-03-21,9432,216418,84.075,82.65,0,1,55,33.973376422808286,18.0,32.0,69.0,61.0,18.0,25.0,70.5
17218,2011-03-28,9432,216418,83.3625,82.65,0,1,48,33.973376422808286,11.0,29.0,54.0,73.0,11.0,20.0,81.0
18851,2011-04-04,9432,216418,83.3625,82.65,0,1,42,33.973376422808286,24.0,28.0,49.0,62.0,24.0,26.0,89.0
82587,2012-01-02,9432,216418,69.825,69.1125,0,1,52,33.973376422808286,93.0,51.0,114.0,119.0,93.0,72.0,88.0
85868,2012-01-16,9432,216418,70.5375,69.1125,0,1,92,33.973376422808286,128.0,71.0,58.0,67.0,128.0,99.5,93.0
87508,2012-01-23,9432,216418,69.825,69.1125,0,1,70,33.973376422808286,23.0,84.0,171.0,235.0,23.0,53.5,109.25
89148,2012-01-30,9432,216418,82.65,69.1125,0,1,59,33.973376422808286,26.0,253.0,165.0,316.0,26.0,139.5,116.5
5270,2011-02-07,8555,216418,88.35,85.5,0,1,43,26.762239973708073,31.0,54.0,54.0,28.0,31.0,42.5,99.0
6912,2011-02-14,8555,216418,86.925,85.5,0,1,41,26.762239973708073,17.0,86.0,18.0,44.0,17.0,51.5,47.75
8550,2011-02-21,8555,216418,87.6375,85.5,0,1,28,26.762239973708073,87.0,7.0,22.0,10.0,87.0,47.0,54.75
13411,2011-03-14,8555,216418,86.2125,89.0625,0,1,42,26.762239973708073,8.0,96.0,27.0,48.0,8.0,52.0,49.75
15050,2011-03-21,8555,216418,84.075,89.0625,0,1,35,26.762239973708073,15.0,67.0,32.0,38.0,15.0,41.0,38.75
16691,2011-03-28,8555,216418,88.35,89.0625,0,1,28,26.762239973708073,5.0,87.0,29.0,57.0,5.0,46.0,37.75
18326,2011-04-04,8555,216418,87.6375,89.0625,0,1,53,26.762239973708073,7.0,72.0,28.0,41.0,7.0,39.5,36.25
49409,2011-08-15,8555,216418,67.6875,70.5375,0,1,36,26.762239973708073,13.0,60.0,40.0,36.0,13.0,36.5,30.0
51044,2011-08-22,8555,216418,67.6875,70.5375,0,1,36,26.762239973708073,91.0,29.0,25.0,26.0,91.0,60.0,64.75
5681,2011-02-07,9328,216418,87.6375,87.6375,0,0,93,34.08485398858527,87.0,49.0,42.0,43.0,87.0,68.0,73.25
7321,2011-02-14,9328,216418,88.35,88.35,0,0,66,34.08485398858527,53.0,67.0,211.0,126.0,53.0,60.0,47.5
13822,2011-03-14,9328,216418,85.5,85.5,0,0,74,34.08485398858527,77.0,55.0,118.0,110.0,77.0,66.0,55.75
15461,2011-03-21,9328,216418,86.925,86.925,0,0,49,34.08485398858527,76.0,60.0,18.0,35.0,76.0,68.0,65.0
17100,2011-03-28,9328,216418,86.2125,86.2125,0,0,72,34.08485398858527,73.0,49.0,31.0,26.0,73.0,61.0,64.25
18733,2011-04-04,9328,216418,86.925,86.925,0,0,73,34.08485398858527,78.0,58.0,62.0,35.0,78.0,68.0,74.0
20373,2011-04-11,9328,216418,85.5,85.5,0,0,102,34.08485398858527,60.0,47.0,38.0,40.0,60.0,53.5,44.0
22009,2011-04-18,9328,216418,85.5,85.5,0,0,68,34.08485398858527,52.0,60.0,27.0,50.0,52.0,56.0,51.0
23646,2011-04-25,9328,216418,86.925,86.925,0,0,66,34.08485398858527,68.0,54.0,24.0,164.0,68.0,61.0,68.5
25283,2011-05-02,9328,216418,87.6375,87.6375,0,0,90,34.08485398858527,59.0,56.0,27.0,41.0,59.0,57.5,57.25
26921,2011-05-09,9328,216418,86.925,86.925,0,0,90,34.08485398858527,51.0,63.0,143.0,107.0,51.0,57.0,48.75
28559,2011-05-16,9328,216418,87.6375,87.6375,0,0,78,34.08485398858527,62.0,71.0,37.0,24.0,62.0,66.5,61.75
30191,2011-05-23,9328,216418,87.6375,87.6375,0,0,76,34.08485398858527,42.0,95.0,46.0,50.0,42.0,68.5,58.5
31826,2011-05-30,9328,216418,87.6375,87.6375,0,0,83,34.08485398858527,63.0,149.0,100.0,12.0,63.0,106.0,86.25
33460,2011-06-06,9328,216418,88.35,88.35,0,0,59,34.08485398858527,58.0,81.0,137.0,95.0,58.0,69.5,53.25
35099,2011-06-13,9328,216418,87.6375,87.6375,0,0,69,34.08485398858527,83.0,98.0,33.0,56.0,83.0,90.5,71.0
36732,2011-06-20,9328,216418,86.2125,86.2125,0,0,66,34.08485398858527,47.0,65.0,32.0,32.0,47.0,56.0,55.75
38370,2011-06-27,9328,216418,87.6375,87.6375,0,0,18,34.08485398858527,33.0,64.0,29.0,24.0,33.0,48.5,50.25
40009,2011-07-04,9328,216418,86.925,86.925,0,0,49,34.08485398858527,38.0,57.0,14.0,40.0,38.0,47.5,44.0
41649,2011-07-11,9328,216418,87.6375,87.6375,0,0,31,34.08485398858527,54.0,75.0,18.0,12.0,54.0,64.5,56.5
43285,2011-07-18,9328,216418,88.35,88.35,0,0,53,34.08485398858527,57.0,54.0,27.0,24.0,57.0,55.5,52.75
44919,2011-07-25,9328,216418,86.2125,86.2125,0,0,28,34.08485398858527,46.0,63.0,28.0,29.0,46.0,54.5,50.5
46552,2011-08-01,9328,216418,87.6375,87.6375,0,0,40,34.08485398858527,50.0,71.0,100.0,12.0,50.0,60.5,49.75
48186,2011-08-08,9328,216418,88.35,88.35,0,0,42,34.08485398858527,63.0,72.0,40.0,34.0,63.0,67.5,68.0
49821,2011-08-15,9328,216418,87.6375,87.6375,0,0,48,34.08485398858527,67.0,75.0,37.0,32.0,67.0,71.0,59.75
51452,2011-08-22,9328,216418,87.6375,87.6375,0,0,74,34.08485398858527,52.0,89.0,98.0,13.0,52.0,70.5,67.5
53076,2011-08-29,9328,216418,88.35,88.35,0,0,62,34.08485398858527,77.0,87.0,77.0,75.0,77.0,82.0,67.25
54704,2011-09-05,9328,216418,87.6375,87.6375,0,0,68,34.08485398858527,79.0,86.0,26.0,43.0,79.0,82.5,78.5
56327,2011-09-12,9328,216418,87.6375,87.6375,0,0,71,34.08485398858527,70.0,82.0,89.0,46.0,70.0,76.0,67.5
59582,2011-09-26,9328,216418,86.2125,86.2125,0,0,60,34.08485398858527,82.0,90.0,49.0,42.0,82.0,86.0,79.25
61200,2011-10-03,9328,216418,85.5,85.5,0,0,67,34.08485398858527,58.0,103.0,50.0,49.0,58.0,80.5,63.25
62823,2011-10-10,9328,216418,85.5,85.5,0,0,52,34.08485398858527,72.0,66.0,167.0,30.0,72.0,69.0,70.0
64451,2011-10-17,9328,216418,87.6375,87.6375,0,0,73,34.08485398858527,60.0,138.0,115.0,14.0,60.0,99.0,85.5
66087,2011-10-24,9328,216418,86.925,86.925,0,0,106,34.08485398858527,54.0,76.0,124.0,120.0,54.0,65.0,45.5
67725,2011-10-31,9328,216418,86.2125,86.2125,0,0,89,34.08485398858527,49.0,74.0,40.0,51.0,49.0,61.5,70.75
69363,2011-11-07,9328,216418,86.2125,86.2125,0,0,94,34.08485398858527,71.0,73.0,56.0,41.0,71.0,72.0,62.0
71000,2011-11-14,9328,216418,86.925,86.925,0,0,75,34.08485398858527,70.0,91.0,44.0,44.0,70.0,80.5,67.0
72639,2011-11-21,9328,216418,72.675,86.925,0,0,111,34.08485398858527,84.0,83.0,120.0,28.0,84.0,83.5,69.5
74271,2011-11-28,9328,216418,69.825,86.925,0,0,123,34.08485398858527,77.0,86.0,49.0,29.0,77.0,81.5,83.0
75908,2011-12-05,9328,216418,68.4,86.925,0,0,90,34.08485398858527,63.0,58.0,61.0,19.0,63.0,60.5,85.0
80829,2011-12-26,9328,216418,70.5375,86.925,0,0,121,34.08485398858527,133.0,100.0,58.0,110.0,133.0,116.5,139.75
82470,2012-01-02,9328,216418,70.5375,86.925,0,0,91,34.08485398858527,80.0,89.0,126.0,48.0,80.0,84.5,100.75
85750,2012-01-16,9328,216418,70.5375,86.925,0,0,66,34.08485398858527,177.0,124.0,63.0,30.0,177.0,150.5,140.75
87390,2012-01-23,9328,216418,70.5375,70.5375,0,0,64,34.08485398858527,135.0,106.0,65.0,25.0,135.0,120.5,116.0
89030,2012-01-30,9328,216418,81.225,81.225,0,0,69,34.08485398858527,120.0,96.0,40.0,148.0,120.0,108.0,121.75
