MLProject/Demand_Forecasting_preprocessing/train_processed.csv
record_ID,week,store_id,sku_id,total_price,base_price,is_featured_sku,is_display_sku,units_sold,store_encoded,lag_1,lag_2,lag_5,lag_19,ma_1,ma_2,ma_4
5660,2011-02-07,9281,216418,86.2125,86.2125,0,0,46,32.66429116188589,93.0,87.0,64.0,57.0,93.0,90.0,80.5
7299,2011-02-14,9281,216418,86.2125,86.2125,0,0,37,32.66429116188589,66.0,53.0,33.0,45.0,66.0,59.5,55.75
8937,2011-02-21,9281,216418,85.5,85.5,0,0,37,32.66429116188589,88.0,81.0,27.0,47.0,88.0,84.5,68.5
10561,2011-02-28,9281,216418,86.925,86.925,0,0,49,32.66429116188589,109.0,93.0,57.0,150.0,109.0,101.0,96.5
13800,2011-03-14,9281,216418,82.65,82.65,0,0,36,32.66429116188589,74.0,77.0,39.0,38.0,74.0,75.5,64.5
15439,2011-03-21,9281,216418,84.7875,84.7875,0,0,24,32.66429116188589,49.0,76.0,43.0,45.0,49.0,62.5,66.5
17078,2011-03-28,9281,216418,83.3625,83.3625,0,0,37,32.66429116188589,72.0,73.0,46.0,51.0,72.0,72.5,70.75
18711,2011-04-04,9281,216418,87.6375,87.6375,0,0,41,32.66429116188589,67.0,69.0,58.0,196.0,67.0,68.0,71.75
20351,2011-04-11,9281,216418,79.8,79.8,0,0,40,32.66429116188589,105.0,67.0,47.0,23.0,105.0,86.0,83.5
21987,2011-04-18,9281,216418,84.7875,84.7875,0,0,32,32.66429116188589,94.0,65.0,52.0,119.0,94.0,79.5,70.75
23624,2011-04-25,9281,216418,85.5,85.5,0,0,46,32.66429116188589,66.0,68.0,53.0,72.0,66.0,67.0,71.75
25261,2011-05-02,9281,216418,84.7875,84.7875,0,0,38,32.66429116188589,90.0,59.0,59.0,45.0,90.0,74.5,65.0
26899,2011-05-09,9281,216418,86.2125,86.2125,0,0,55,32.66429116188589,90.0,51.0,42.0,34.0,90.0,70.5,60.75
28537,2011-05-16,9281,216418,83.3625,83.3625,0,0,37,32.66429116188589,78.0,62.0,39.0,64.0,78.0,70.0,71.5
30169,2011-05-23,9281,216418,85.5,85.5,0,0,52,32.66429116188589,76.0,42.0,33.0,36.0,76.0,59.0,69.25
31804,2011-05-30,9281,216418,84.7875,84.7875,0,0,38,32.66429116188589,83.0,63.0,54.0,19.0,83.0,73.0,93.5
33438,2011-06-06,9281,216418,86.2125,86.2125,0,0,48,32.66429116188589,59.0,58.0,33.0,56.0,59.0,58.5,59.75
35077,2011-06-13,9281,216418,86.2125,86.2125,0,0,33,32.66429116188589,69.0,83.0,37.0,48.0,69.0,76.0,79.0
36711,2011-06-20,9281,216418,84.075,84.075,0,0,34,32.66429116188589,93.0,49.0,65.0,40.0,93.0,71.0,63.75
38348,2011-06-27,9281,216418,84.7875,84.7875,0,0,30,32.66429116188589,125.0,63.0,64.0,86.0,125.0,94.0,59.75
39987,2011-07-04,9281,216418,86.2125,86.2125,0,0,40,32.66429116188589,49.0,38.0,30.0,25.0,49.0,43.5,48.75
41627,2011-07-11,9281,216418,84.7875,84.7875,0,0,27,32.66429116188589,31.0,54.0,38.0,33.0,31.0,42.5,54.75
43263,2011-07-18,9281,216418,86.2125,86.2125,0,0,36,32.66429116188589,190.0,72.0,54.0,33.0,190.0,131.0,93.0
44897,2011-07-25,9281,216418,86.925,86.925,0,0,27,32.66429116188589,110.0,45.0,46.0,100.0,110.0,77.5,69.25
46530,2011-08-01,9281,216418,85.5,85.5,0,0,29,32.66429116188589,40.0,50.0,19.0,100.0,40.0,45.0,55.0
48165,2011-08-08,9281,216418,86.925,86.925,0,0,35,32.66429116188589,232.0,75.0,72.0,99.0,232.0,153.5,103.0
49799,2011-08-15,9281,216418,86.2125,86.2125,0,0,37,32.66429116188589,90.0,52.0,67.0,94.0,90.0,71.0,64.75
51430,2011-08-22,9281,216418,86.2125,86.2125,0,0,28,32.66429116188589,74.0,52.0,59.0,140.0,74.0,63.0,71.25
53054,2011-08-29,9281,216418,85.5,85.5,0,0,54,32.66429116188589,62.0,77.0,53.0,43.0,62.0,69.5,69.5
54682,2011-09-05,9281,216418,86.2125,86.2125,0,0,45,32.66429116188589,68.0,79.0,52.0,53.0,68.0,73.5,82.5
56305,2011-09-12,9281,216418,86.925,86.925,0,0,34,32.66429116188589,71.0,70.0,47.0,72.0,71.0,70.5,73.5
64429,2011-10-17,9281,216418,81.9375,81.9375,0,0,42,32.66429116188589,73.0,60.0,45.0,33.0,73.0,66.5,92.5
66065,2011-10-24,9281,216418,86.2125,86.2125,0,0,40,32.66429116188589,106.0,54.0,12.0,63.0,106.0,80.0,69.0
67703,2011-10-31,9281,216418,84.7875,84.7875,0,0,45,32.66429116188589,89.0,49.0,62.0,49.0,89.0,69.0,77.5
69341,2011-11-07,9281,216418,86.925,86.925,0,0,35,32.66429116188589,715.0,59.0,73.0,54.0,715.0,387.0,234.75
70978,2011-11-14,9281,216418,86.2125,86.2125,0,0,34,32.66429116188589,417.0,57.0,70.0,118.0,417.0,237.0,154.75
72617,2011-11-21,9281,216418,69.1125,86.2125,0,0,58,32.66429116188589,111.0,84.0,23.0,170.0,111.0,97.5,91.5
74249,2011-11-28,9281,216418,68.4,86.2125,0,0,65,32.66429116188589,1099.0,76.0,86.0,135.0,1099.0,587.5,343.75
75886,2011-12-05,9281,216418,69.1125,86.2125,0,0,36,32.66429116188589,425.0,72.0,63.0,104.0,425.0,248.5,168.0
80807,2011-12-26,9281,216418,68.4,86.2125,0,0,67,32.66429116188589,121.0,133.0,140.0,66.0,121.0,127.0,135.0
89008,2012-01-30,9281,216418,86.925,86.925,0,0,48,32.66429116188589,69.0,120.0,74.0,89.0,69.0,94.5,120.5
7842,2011-02-14,9789,216418,88.35,88.35,0,0,44,35.976767916860176,18.0,123.0,39.0,66.0,18.0,70.5,70.5
11093,2011-02-28,9789,216418,88.35,88.35,0,0,36,35.976767916860176,29.0,26.0,29.0,58.0,29.0,27.5,42.5
25803,2011-05-02,9789,216418,86.2125,86.2125,0,0,52,35.976767916860176,27.0,146.0,87.0,108.0,27.0,86.5,71.0
27442,2011-05-09,9789,216418,88.35,88.35,0,0,34,35.976767916860176,33.0,135.0,39.0,33.0,33.0,84.0,72.0
29082,2011-05-16,9789,216418,89.0625,89.0625,0,0,29,35.976767916860176,67.0,142.0,38.0,61.0,67.0,104.5,80.75
30710,2011-05-23,9789,216418,89.0625,89.0625,0,0,55,35.976767916860176,90.0,142.0,95.0,166.0,90.0,116.0,94.75
32347,2011-05-30,9789,216418,89.0625,89.0625,0,0,40,35.976767916860176,109.0,37.0,61.0,168.0,109.0,73.0,46.75
33983,2011-06-06,9789,216418,88.35,88.35,0,0,38,35.976767916860176,20.0,168.0,37.0,56.0,20.0,94.0,79.5
35618,2011-06-13,9789,216418,89.0625,89.0625,0,0,43,35.976767916860176,81.0,132.0,53.0,41.0,81.0,106.5,89.0
37252,2011-06-20,9789,216418,87.6375,87.6375,0,0,26,35.976767916860176,24.0,118.0,86.0,66.0,24.0,71.0,66.5
38892,2011-06-27,9789,216418,88.35,88.35,0,0,32,35.976767916860176,173.0,113.0,66.0,27.0,173.0,143.0,97.25
40529,2011-07-04,9789,216418,88.35,88.35,0,0,27,35.976767916860176,19.0,111.0,71.0,83.0,19.0,65.0,53.0
42169,2011-07-11,9789,216418,88.35,88.35,0,0,26,35.976767916860176,79.0,115.0,40.0,57.0,79.0,97.0,78.25
43805,2011-07-18,9789,216418,86.925,86.925,0,0,29,35.976767916860176,17.0,142.0,67.0,59.0,17.0,79.5,81.75
45439,2011-07-25,9789,216418,89.0625,89.0625,0,0,25,35.976767916860176,288.0,142.0,63.0,46.0,288.0,215.0,134.75
48705,2011-08-08,9789,216418,86.925,86.925,0,0,21,35.976767916860176,173.0,140.0,114.0,42.0,173.0,156.5,109.75
53591,2011-08-29,9789,216418,88.35,88.35,0,0,39,35.976767916860176,12.0,151.0,101.0,41.0,12.0,81.5,70.25
55217,2011-09-05,9789,216418,87.6375,87.6375,0,0,26,35.976767916860176,97.0,159.0,40.0,86.0,97.0,128.0,88.0
56840,2011-09-12,9789,216418,89.0625,89.0625,0,0,28,35.976767916860176,107.0,140.0,144.0,149.0,107.0,123.5,97.5
63338,2011-10-10,9789,216418,86.925,86.925,0,0,31,35.976767916860176,22.0,189.0,114.0,39.0,22.0,105.5,85.5
64970,2011-10-17,9789,216418,84.7875,84.7875,0,0,35,35.976767916860176,22.0,149.0,129.0,65.0,22.0,85.5,75.0
66607,2011-10-24,9789,216418,88.35,88.35,0,0,60,35.976767916860176,20.0,161.0,56.0,92.0,20.0,90.5,73.25
68245,2011-10-31,9789,216418,88.35,88.35,0,0,40,35.976767916860176,107.0,154.0,43.0,79.0,107.0,130.5,98.25
69883,2011-11-07,9789,216418,88.35,88.35,0,0,36,35.976767916860176,26.0,152.0,91.0,67.0,26.0,89.0,82.0
71521,2011-11-14,9789,216418,88.35,88.35,0,0,36,35.976767916860176,209.0,130.0,68.0,116.0,209.0,169.5,132.25
73158,2011-11-21,9789,216418,84.075,84.075,0,0,43,35.976767916860176,28.0,172.0,88.0,43.0,28.0,100.0,88.75
74791,2011-11-28,9789,216418,70.5375,84.075,0,0,45,35.976767916860176,202.0,167.0,163.0,42.0,202.0,184.5,134.0
76429,2011-12-05,9789,216418,69.825,84.075,0,0,66,35.976767916860176,38.0,151.0,97.0,89.0,38.0,94.5,75.5
6742,2011-02-14,8218,216418,81.225,81.225,0,0,25,29.236945124656536,81.0,51.0,41.0,169.0,81.0,66.0,75.75
8380,2011-02-21,8218,216418,81.9375,81.9375,0,0,31,29.236945124656536,134.0,92.0,112.0,35.0,134.0,113.0,83.0
10013,2011-02-28,8218,216418,84.075,84.075,0,0,14,29.236945124656536,57.0,35.0,33.0,83.0,57.0,46.0,74.0
13242,2011-03-14,8218,216418,76.95,76.95,0,0,21,29.236945124656536,86.0,69.0,42.0,192.0,86.0,77.5,75.75
14880,2011-03-21,8218,216418,82.65,82.65,0,0,52,29.236945124656536,74.0,45.0,35.0,162.0,74.0,59.5,72.75
16522,2011-03-28,8218,216418,82.65,82.65,0,0,19,29.236945124656536,113.0,51.0,28.0,119.0,113.0,82.0,78.0
18158,2011-04-04,8218,216418,84.075,84.075,0,0,35,29.236945124656536,147.0,35.0,53.0,154.0,147.0,91.0,89.25
19794,2011-04-11,8218,216418,82.65,82.65,0,0,23,29.236945124656536,130.0,66.0,11.0,129.0,130.0,98.0,88.0
21430,2011-04-18,8218,216418,83.3625,83.3625,0,0,33,29.236945124656536,63.0,45.0,18.0,138.0,63.0,54.0,61.25
23064,2011-04-25,8218,216418,82.65,82.65,0,0,33,29.236945124656536,27.0,91.0,39.0,23.0,27.0,59.0,112.5
24703,2011-05-02,8218,216418,82.65,82.65,0,0,27,29.236945124656536,133.0,77.0,167.0,7.0,133.0,105.0,71.0
26340,2011-05-09,8218,216418,81.9375,81.9375,0,0,26,29.236945124656536,55.0,43.0,16.0,164.0,55.0,49.0,59.75
27977,2011-05-16,8218,216418,83.3625,83.3625,0,0,25,29.236945124656536,63.0,64.0,7.0,170.0,63.0,63.5,58.0
29614,2011-05-23,8218,216418,70.5375,83.3625,0,0,31,29.236945124656536,172.0,101.0,93.0,22.0,172.0,136.5,89.75
31246,2011-05-30,8218,216418,68.4,83.3625,0,0,54,29.236945124656536,100.0,11.0,53.0,30.0,100.0,55.5,79.0
36153,2011-06-20,8218,216418,68.4,83.3625,0,0,40,29.236945124656536,77.0,26.0,28.0,118.0,77.0,51.5,49.0
42707,2011-07-18,8218,216418,67.6875,83.3625,0,0,33,29.236945124656536,82.0,35.0,22.0,123.0,82.0,58.5,48.5
44342,2011-07-25,8218,216418,69.825,83.3625,0,0,25,29.236945124656536,87.0,42.0,25.0,138.0,87.0,64.5,53.0
45973,2011-08-01,8218,216418,68.4,83.3625,0,0,12,29.236945124656536,75.0,114.0,39.0,22.0,75.0,94.5,114.25
47606,2011-08-08,8218,216418,67.6875,67.6875,0,0,13,29.236945124656536,91.0,34.0,10.0,128.0,91.0,62.5,62.75
49240,2011-08-15,8218,216418,70.5375,70.5375,0,0,25,29.236945124656536,95.0,52.0,36.0,141.0,95.0,73.5,64.75
50874,2011-08-22,8218,216418,69.825,69.825,0,0,25,29.236945124656536,116.0,121.0,61.0,22.0,116.0,118.5,121.75
52504,2011-08-29,8218,216418,68.4,68.4,0,0,28,29.236945124656536,91.0,50.0,31.0,158.0,91.0,70.5,64.75
54125,2011-09-05,8218,216418,66.975,66.975,0,0,38,29.236945124656536,81.0,53.0,38.0,139.0,81.0,67.0,63.5
55748,2011-09-12,8218,216418,70.5375,70.5375,0,0,30,29.236945124656536,116.0,111.0,77.0,43.0,116.0,113.5,86.25
59005,2011-09-26,8218,216418,69.1125,69.1125,0,0,43,29.236945124656536,83.0,42.0,23.0,150.0,83.0,62.5,66.0
60627,2011-10-03,8218,216418,68.4,68.4,0,0,44,29.236945124656536,107.0,53.0,37.0,151.0,107.0,80.0,79.5
62246,2011-10-10,8218,216418,68.4,68.4,0,0,60,29.236945124656536,58.0,145.0,46.0,49.0,58.0,101.5,160.75
63870,2011-10-17,8218,216418,68.4,68.4,0,0,45,29.236945124656536,115.0,36.0,42.0,34.0,115.0,75.5,73.75
65508,2011-10-24,8218,216418,69.1125,69.1125,0,0,35,29.236945124656536,124.0,36.0,25.0,115.0,124.0,80.0,85.75
67145,2011-10-31,8218,216418,67.6875,67.6875,0,0,65,29.236945124656536,131.0,49.0,27.0,173.0,131.0,90.0,81.5
68784,2011-11-07,8218,216418,66.2625,66.2625,0,0,54,29.236945124656536,122.0,41.0,36.0,129.0,122.0,81.5,74.0
70419,2011-11-14,8218,216418,69.1125,69.1125,0,0,40,29.236945124656536,96.0,51.0,30.0,133.0,96.0,73.5,67.75
72058,2011-11-21,8218,216418,69.1125,69.1125,0,0,57,29.236945124656536,77.0,187.0,69.0,50.0,77.0,132.0,147.5
73692,2011-11-28,8218,216418,69.1125,69.1125,0,0,64,29.236945124656536,101.0,29.0,52.0,105.0,101.0,65.0,84.0
75328,2011-12-05,8218,216418,69.825,69.825,0,0,55,29.236945124656536,117.0,57.0,40.0,124.0,117.0,87.0,67.25
80248,2011-12-26,8218,216418,69.1125,69.1125,0,0,110,29.236945124656536,174.0,66.0,42.0,249.0,174.0,120.0,157.75
81889,2012-01-02,8218,216418,69.825,69.825,0,0,70,29.236945124656536,148.0,169.0,243.0,37.0,148.0,158.5,106.75
85169,2012-01-16,8218,216418,69.825,69.825,0,0,107,29.236945124656536,304.0,120.0,24.0,48.0,304.0,212.0,143.25
86811,2012-01-23,8218,216418,69.825,69.825,0,0,123,29.236945124656536,209.0,110.0,38.0,315.0,209.0,159.5,116.5
7209,2011-02-14,9221,216418,86.2125,86.2125,0,0,42,34.14314893234168,45.0,82.0,66.0,102.0,45.0,63.5,58.5
8847,2011-02-21,9221,216418,88.35,88.35,0,0,33,34.14314893234168,212.0,52.0,88.0,129.0,212.0,132.0,91.0
10472,2011-02-28,9221,216418,86.925,86.925,0,0,52,34.14314893234168,49.0,109.0,111.0,48.0,49.0,79.0,81.0
15349,2011-03-21,9221,216418,87.6375,87.6375,0,0,44,34.14314893234168,217.0,67.0,24.0,91.0,217.0,142.0,115.75
16989,2011-03-28,9221,216418,86.925,86.925,0,0,25,34.14314893234168,298.0,40.0,37.0,105.0,298.0,169.0,119.75
18622,2011-04-04,9221,216418,84.7875,84.7875,0,0,24,34.14314893234168,41.0,67.0,78.0,34.0,41.0,54.0,62.5
20261,2011-04-11,9221,216418,86.925,86.925,0,0,22,34.14314893234168,40.0,105.0,60.0,188.0,40.0,72.5,78.5
21897,2011-04-18,9221,216418,86.2125,86.2125,0,0,23,34.14314893234168,32.0,94.0,68.0,32.0,32.0,63.0,61.75
23534,2011-04-25,9221,216418,88.35,88.35,0,0,16,34.14314893234168,55.0,60.0,98.0,112.0,55.0,57.5,76.5
25172,2011-05-02,9221,216418,86.925,86.925,0,0,47,34.14314893234168,40.0,92.0,90.0,93.0,40.0,66.0,55.5
26809,2011-05-09,9221,216418,81.225,81.225,0,0,25,34.14314893234168,53.0,97.0,90.0,109.0,53.0,75.0,64.25
28447,2011-05-16,9221,216418,85.5,85.5,0,0,21,34.14314893234168,202.0,41.0,37.0,92.0,202.0,121.5,108.5
30079,2011-05-23,9221,216418,86.925,86.925,0,0,28,34.14314893234168,168.0,40.0,76.0,133.0,168.0,104.0,80.5
31715,2011-05-30,9221,216418,87.6375,87.6375,0,0,29,34.14314893234168,50.0,56.0,104.0,159.0,50.0,53.0,91.25
33349,2011-06-06,9221,216418,88.35,88.35,0,0,19,34.14314893234168,30.0,81.0,48.0,44.0,30.0,55.5,66.25
34988,2011-06-13,9221,216418,88.35,88.35,0,0,32,34.14314893234168,198.0,39.0,33.0,93.0,198.0,118.5,109.25
36623,2011-06-20,9221,216418,86.2125,86.2125,0,0,10,34.14314893234168,34.0,93.0,47.0,108.0,34.0,63.5,60.5
38258,2011-06-27,9221,216418,86.925,86.925,0,0,17,34.14314893234168,30.0,125.0,33.0,45.0,30.0,77.5,59.0
39897,2011-07-04,9221,216418,86.2125,86.2125,0,0,30,34.14314893234168,47.0,219.0,49.0,45.0,47.0,133.0,90.5
41537,2011-07-11,9221,216418,88.35,88.35,0,0,26,34.14314893234168,170.0,40.0,27.0,65.0,170.0,105.0,92.0
43174,2011-07-18,9221,216418,86.925,86.925,0,0,23,34.14314893234168,36.0,190.0,57.0,94.0,36.0,113.0,87.75
44809,2011-07-25,9221,216418,86.2125,86.2125,0,0,14,34.14314893234168,27.0,110.0,28.0,71.0,27.0,68.5,69.0
46441,2011-08-01,9221,216418,84.7875,84.7875,0,0,15,34.14314893234168,42.0,65.0,103.0,15.0,42.0,53.5,76.25
52964,2011-08-29,9221,216418,88.35,88.35,0,0,23,34.14314893234168,59.0,133.0,62.0,130.0,59.0,96.0,77.5
54592,2011-09-05,9221,216418,86.2125,86.2125,0,0,25,34.14314893234168,188.0,46.0,45.0,106.0,188.0,117.0,123.5
56215,2011-09-12,9221,216418,86.925,86.925,0,0,15,34.14314893234168,147.0,35.0,71.0,136.0,147.0,91.0,67.25
59470,2011-09-26,9221,216418,85.5,85.5,0,0,33,34.14314893234168,138.0,62.0,38.0,124.0,138.0,100.0,139.0
61088,2011-10-03,9221,216418,86.925,86.925,0,0,33,34.14314893234168,53.0,293.0,67.0,51.0,53.0,173.0,124.5
62713,2011-10-10,9221,216418,88.35,88.35,0,0,24,34.14314893234168,36.0,104.0,74.0,112.0,36.0,70.0,118.5
64339,2011-10-17,9221,216418,84.7875,84.7875,0,0,29,34.14314893234168,36.0,92.0,85.0,99.0,36.0,64.0,96.0
65975,2011-10-24,9221,216418,87.6375,87.6375,0,0,37,34.14314893234168,60.0,170.0,40.0,63.0,60.0,115.0,235.25
67613,2011-10-31,9221,216418,85.5,85.5,0,0,33,34.14314893234168,169.0,93.0,45.0,62.0,169.0,131.0,167.75
69251,2011-11-07,9221,216418,86.2125,86.2125,0,0,31,34.14314893234168,35.0,715.0,71.0,92.0,35.0,375.0,225.75
70888,2011-11-14,9221,216418,85.5,85.5,0,0,26,34.14314893234168,34.0,417.0,75.0,42.0,34.0,225.5,144.5
72528,2011-11-21,9221,216418,70.5375,85.5,0,0,55,34.14314893234168,42.0,97.0,114.0,44.0,42.0,69.5,106.25
74160,2011-11-28,9221,216418,68.4,85.5,0,0,99,34.14314893234168,65.0,1099.0,77.0,84.0,65.0,582.0,340.75
75797,2011-12-05,9221,216418,68.4,85.5,0,0,44,34.14314893234168,36.0,425.0,90.0,55.0,36.0,230.5,154.5
82358,2012-01-02,9221,216418,69.825,85.5,0,0,83,34.14314893234168,282.0,43.0,91.0,153.0,282.0,162.5,122.75
87278,2012-01-23,9221,216418,68.4,85.5,0,0,44,34.14314893234168,46.0,315.0,64.0,63.0,46.0,180.5,149.25
88918,2012-01-30,9221,216418,84.075,84.075,0,0,44,34.14314893234168,82.0,136.0,169.0,129.0,82.0,109.0,162.75
