MLProject/Demand_Forecasting_preprocessing/train_processed.csv
record_ID,week,store_id,sku_id,total_price,base_price,is_featured_sku,is_display_sku,units_sold,store_encoded,lag_1,lag_2,lag_5,lag_19,ma_1,ma_2,ma_4
9362,2011-02-21,9680,216418,83.3625,83.3625,0,0,16,31.286028507270373,7.0,128.0,61.0,211.0,7.0,67.5,83.25
14224,2011-03-14,9680,216418,79.8,79.8,0,0,25,31.286028507270373,17.0,169.0,97.0,176.0,17.0,93.0,104.25
20776,2011-04-11,9680,216418,84.7875,84.7875,0,0,7,31.286028507270373,12.0,181.0,85.0,25.0,12.0,96.5,117.5
22410,2011-04-18,9680,216418,79.0875,79.0875,0,0,4,31.286028507270373,17.0,88.0,211.0,29.0,17.0,52.5,83.5
24048,2011-04-25,9680,216418,79.0875,79.0875,0,0,23,31.286028507270373,20.0,155.0,163.0,82.0,20.0,87.5,71.5
25685,2011-05-02,9680,216418,81.225,81.225,0,0,24,31.286028507270373,7.0,225.0,60.0,24.0,7.0,116.0,75.75
27323,2011-05-09,9680,216418,84.075,84.075,0,0,19,31.286028507270373,14.0,110.0,68.0,27.0,14.0,62.0,103.5
28963,2011-05-16,9680,216418,84.7875,84.7875,0,0,16,31.286028507270373,12.0,132.0,61.0,143.0,12.0,72.0,105.75
30593,2011-05-23,9680,216418,71.25,84.7875,0,0,29,31.286028507270373,14.0,130.0,166.0,37.0,14.0,72.0,60.25
32230,2011-05-30,9680,216418,69.1125,84.7875,0,0,21,31.286028507270373,12.0,59.0,90.0,87.0,12.0,35.5,70.75
33864,2011-06-06,9680,216418,70.5375,84.7875,0,0,35,31.286028507270373,7.0,162.0,56.0,54.0,7.0,84.5,62.0
35499,2011-06-13,9680,216418,69.825,84.7875,0,0,37,31.286028507270373,21.0,169.0,41.0,33.0,21.0,95.0,118.0
37133,2011-06-20,9680,216418,69.825,84.7875,0,0,25,31.286028507270373,10.0,44.0,76.0,164.0,10.0,27.0,66.0
38773,2011-06-27,9680,216418,69.1125,84.7875,0,0,18,31.286028507270373,11.0,106.0,220.0,57.0,11.0,58.5,87.25
40411,2011-07-04,9680,216418,69.1125,69.1125,0,0,19,31.286028507270373,3.0,136.0,40.0,39.0,3.0,69.5,94.75
42051,2011-07-11,9680,216418,69.1125,69.1125,0,0,28,31.286028507270373,6.0,100.0,57.0,14.0,6.0,53.0,73.25
43688,2011-07-18,9680,216418,69.825,69.825,0,0,21,31.286028507270373,4.0,40.0,75.0,106.0,4.0,22.0,60.0
45321,2011-07-25,9680,216418,70.5375,70.5375,0,0,22,31.286028507270373,4.0,128.0,161.0,38.0,4.0,66.0,85.0
46954,2011-08-01,9680,216418,69.1125,69.1125,0,0,17,31.286028507270373,3.0,132.0,175.0,141.0,3.0,67.5,60.5
48586,2011-08-08,9680,216418,69.1125,69.1125,0,0,27,31.286028507270373,11.0,135.0,15.0,59.0,11.0,73.0,100.0
50220,2011-08-15,9680,216418,69.825,69.825,0,0,23,31.286028507270373,9.0,176.0,55.0,43.0,9.0,92.5,97.0
51851,2011-08-22,9680,216418,68.4,68.4,0,0,41,31.286028507270373,6.0,125.0,147.0,116.0,6.0,65.5,69.25
53475,2011-08-29,9680,216418,69.825,69.825,0,0,29,31.286028507270373,6.0,138.0,41.0,59.0,6.0,72.0,74.25
55100,2011-09-05,9680,216418,69.1125,69.1125,0,0,25,31.286028507270373,7.0,137.0,86.0,77.0,7.0,72.0,102.5
56722,2011-09-12,9680,216418,69.825,69.825,0,0,33,31.286028507270373,7.0,116.0,149.0,26.0,7.0,61.5,59.75
61600,2011-10-03,9680,216418,66.2625,66.2625,0,0,46,31.286028507270373,9.0,110.0,159.0,49.0,9.0,59.5,69.5
63220,2011-10-10,9680,216418,68.4,68.4,0,0,47,31.286028507270373,5.0,154.0,192.0,120.0,5.0,79.5,81.25
64851,2011-10-17,9680,216418,69.825,69.825,0,0,49,31.286028507270373,9.0,24.0,108.0,167.0,9.0,16.5,43.25
66489,2011-10-24,9680,216418,69.825,69.825,0,0,61,31.286028507270373,7.0,136.0,92.0,45.0,7.0,71.5,52.0
68126,2011-10-31,9680,216418,69.825,69.825,0,0,30,31.286028507270373,4.0,146.0,79.0,12.0,4.0,75.0,84.0
69765,2011-11-07,9680,216418,69.825,69.825,0,0,41,31.286028507270373,5.0,74.0,108.0,127.0,5.0,39.5,92.0
71404,2011-11-14,9680,216418,69.825,69.825,0,0,40,31.286028507270373,7.0,136.0,175.0,32.0,7.0,71.5,96.75
73040,2011-11-21,9680,216418,69.825,69.825,0,0,65,31.286028507270373,9.0,193.0,193.0,114.0,9.0,101.0,92.25
89434,2012-01-30,9680,216418,84.075,84.075,0,0,26,31.286028507270373,15.0,316.0,437.0,156.0,15.0,165.5,133.0
91069,2012-02-06,9680,216418,88.35,88.35,0,0,33,31.286028507270373,7.0,176.0,136.0,40.0,7.0,91.5,77.25
9186,2011-02-21,9490,216418,87.6375,87.6375,0,0,49,35.46659758692707,171.0,267.0,7.0,53.0,171.0,219.0,121.5
10807,2011-02-28,9490,216418,87.6375,87.6375,0,0,72,35.46659758692707,25.0,113.0,209.0,63.0,25.0,69.0,67.0
15688,2011-03-21,9490,216418,88.35,88.35,0,0,31,35.46659758692707,218.0,305.0,7.0,77.0,218.0,261.5,143.0
17327,2011-03-28,9490,216418,87.6375,87.6375,0,0,52,35.46659758692707,34.0,26.0,356.0,68.0,34.0,30.0,79.25
18960,2011-04-04,9490,216418,85.5,85.5,0,0,53,35.46659758692707,45.0,20.0,301.0,71.0,45.0,32.5,71.0
20600,2011-04-11,9490,216418,88.35,88.35,0,0,51,35.46659758692707,34.0,50.0,318.0,69.0,34.0,42.0,49.75
22234,2011-04-18,9490,216418,87.6375,87.6375,0,0,83,35.46659758692707,18.0,38.0,22.0,105.0,18.0,28.0,65.75
23871,2011-04-25,9490,216418,86.2125,86.2125,0,0,76,35.46659758692707,17.0,51.0,232.0,65.0,17.0,34.0,39.0
25509,2011-05-02,9490,216418,86.925,86.925,0,0,56,35.46659758692707,20.0,27.0,177.0,67.0,20.0,23.5,33.25
27146,2011-05-09,9490,216418,87.6375,87.6375,0,0,55,35.46659758692707,23.0,16.0,223.0,52.0,23.0,19.5,75.25
28786,2011-05-16,9490,216418,84.7875,84.7875,0,0,53,35.46659758692707,183.0,227.0,12.0,51.0,183.0,205.0,112.5
30418,2011-05-23,9490,216418,87.6375,87.6375,0,0,84,35.46659758692707,32.0,48.0,227.0,47.0,32.0,40.0,73.5
32053,2011-05-30,9490,216418,87.6375,87.6375,0,0,64,35.46659758692707,8.0,29.0,198.0,52.0,8.0,18.5,31.75
33687,2011-06-06,9490,216418,88.35,88.35,0,0,73,35.46659758692707,217.0,254.0,7.0,83.0,217.0,235.5,134.0
35323,2011-06-13,9490,216418,88.35,88.35,0,0,64,35.46659758692707,208.0,278.0,21.0,59.0,208.0,243.0,143.0
36958,2011-06-20,9490,216418,87.6375,87.6375,0,0,68,35.46659758692707,37.0,44.0,179.0,74.0,37.0,40.5,38.0
38597,2011-06-27,9490,216418,87.6375,87.6375,0,0,56,35.46659758692707,17.0,39.0,35.0,93.0,17.0,28.0,66.75
41875,2011-07-11,9490,216418,87.6375,87.6375,0,0,40,35.46659758692707,116.0,159.0,6.0,38.0,116.0,137.5,82.25
53302,2011-08-29,9490,216418,86.925,86.925,0,0,30,35.46659758692707,19.0,55.0,248.0,115.0,19.0,37.0,46.75
54928,2011-09-05,9490,216418,87.6375,87.6375,0,0,43,35.46659758692707,179.0,216.0,7.0,77.0,179.0,197.5,117.25
56551,2011-09-12,9490,216418,86.925,86.925,0,0,45,35.46659758692707,52.0,64.0,236.0,62.0,52.0,58.0,89.5
59807,2011-09-26,9490,216418,87.6375,87.6375,0,0,45,35.46659758692707,211.0,238.0,12.0,80.0,211.0,224.5,135.25
61425,2011-10-03,9490,216418,86.2125,86.2125,0,0,56,35.46659758692707,60.0,75.0,267.0,137.0,60.0,67.5,89.75
63047,2011-10-10,9490,216418,86.2125,86.2125,0,0,67,35.46659758692707,26.0,84.0,271.0,68.0,26.0,55.0,54.25
64676,2011-10-17,9490,216418,88.35,88.35,0,0,64,35.46659758692707,35.0,62.0,234.0,321.0,35.0,48.5,48.25
66312,2011-10-24,9490,216418,86.2125,86.2125,0,0,50,35.46659758692707,203.0,219.0,7.0,73.0,203.0,211.0,126.5
67950,2011-10-31,9490,216418,86.925,86.925,0,0,79,35.46659758692707,192.0,201.0,4.0,106.0,192.0,196.5,113.75
69589,2011-11-07,9490,216418,87.6375,87.6375,0,0,57,35.46659758692707,42.0,57.0,205.0,68.0,42.0,49.5,44.0
71227,2011-11-14,9490,216418,85.5,85.5,0,0,61,35.46659758692707,31.0,47.0,43.0,715.0,31.0,39.0,80.25
72865,2011-11-21,9490,216418,73.3875,85.5,0,0,63,35.46659758692707,42.0,56.0,220.0,57.0,42.0,49.0,55.0
74498,2011-11-28,9490,216418,69.825,85.5,0,0,87,35.46659758692707,25.0,83.0,39.0,171.0,25.0,54.0,92.5
76135,2011-12-05,9490,216418,70.5375,85.5,0,0,68,35.46659758692707,24.0,65.0,211.0,76.0,24.0,44.5,57.0
81055,2011-12-26,9490,216418,70.5375,85.5,0,0,166,35.46659758692707,310.0,374.0,15.0,61.0,310.0,342.0,226.5
85977,2012-01-16,9490,216418,70.5375,85.5,0,0,83,35.46659758692707,362.0,359.0,48.0,154.0,362.0,360.5,289.5
9120,2011-02-21,9456,216418,82.65,82.65,0,0,27,33.974717686209225,99.0,97.0,49.0,45.0,99.0,98.0,63.0
10742,2011-02-28,9456,216418,84.075,84.075,0,0,29,33.974717686209225,98.0,102.0,113.0,33.0,98.0,100.0,74.25
15622,2011-03-21,9456,216418,84.075,84.075,0,0,39,33.974717686209225,54.0,127.0,31.0,61.0,54.0,90.5,51.5
17261,2011-03-28,9456,216418,83.3625,83.3625,0,0,34,33.974717686209225,26.0,11.0,28.0,24.0,26.0,18.5,159.75
18894,2011-04-04,9456,216418,84.075,84.075,0,0,45,33.974717686209225,20.0,24.0,28.0,37.0,20.0,22.0,135.0
20534,2011-04-11,9456,216418,83.3625,83.3625,0,0,45,33.974717686209225,70.0,318.0,12.0,58.0,70.0,194.0,106.25
22168,2011-04-18,9456,216418,82.65,82.65,0,0,25,33.974717686209225,182.0,22.0,88.0,60.0,182.0,102.0,56.25
23805,2011-04-25,9456,216418,81.9375,81.9375,0,0,23,33.974717686209225,117.0,63.0,51.0,23.0,117.0,90.0,68.25
25443,2011-05-02,9456,216418,83.3625,83.3625,0,0,49,33.974717686209225,37.0,177.0,7.0,68.0,37.0,107.0,63.5
27080,2011-05-09,9456,216418,80.5125,80.5125,0,0,39,33.974717686209225,83.0,87.0,16.0,47.0,83.0,85.0,62.0
28720,2011-05-16,9456,216418,82.65,82.65,0,0,38,33.974717686209225,65.0,92.0,53.0,53.0,65.0,78.5,52.25
30352,2011-05-23,9456,216418,70.5375,82.65,0,0,32,33.974717686209225,48.0,18.0,34.0,37.0,48.0,33.0,122.25
31987,2011-05-30,9456,216418,69.825,82.65,0,0,26,33.974717686209225,61.0,102.0,29.0,168.0,61.0,81.5,58.75
33621,2011-06-06,9456,216418,69.1125,82.65,0,0,37,33.974717686209225,72.0,111.0,73.0,71.0,72.0,91.5,61.25
35258,2011-06-13,9456,216418,69.825,82.65,0,0,53,33.974717686209225,68.0,122.0,64.0,30.0,68.0,95.0,63.75
36892,2011-06-20,9456,216418,69.825,82.65,0,0,37,33.974717686209225,44.0,15.0,176.0,33.0,44.0,29.5,73.5
38531,2011-06-27,9456,216418,70.5375,82.65,0,0,32,33.974717686209225,179.0,35.0,106.0,47.0,179.0,107.0,60.75
40169,2011-07-04,9456,216418,69.825,69.825,0,0,45,33.974717686209225,53.0,179.0,3.0,64.0,53.0,116.0,73.75
41809,2011-07-11,9456,216418,69.825,69.825,0,0,40,33.974717686209225,81.0,118.0,40.0,47.0,81.0,99.5,59.0
43446,2011-07-18,9456,216418,70.5375,70.5375,0,0,32,33.974717686209225,25.0,25.0,257.0,27.0,25.0,25.0,69.25
45079,2011-07-25,9456,216418,69.1125,69.1125,0,0,34,33.974717686209225,232.0,25.0,128.0,57.0,232.0,128.5,70.75
46713,2011-08-01,9456,216418,70.5375,70.5375,0,0,43,33.974717686209225,61.0,143.0,69.0,14.0,61.0,102.0,69.75
48345,2011-08-08,9456,216418,69.825,69.825,0,0,46,33.974717686209225,194.0,37.0,135.0,40.0,194.0,115.5,67.25
49981,2011-08-15,9456,216418,69.825,69.825,0,0,35,33.974717686209225,69.0,219.0,9.0,72.0,69.0,144.0,87.0
51610,2011-08-22,9456,216418,69.825,69.825,0,0,42,33.974717686209225,169.0,117.0,76.0,17.0,169.0,143.0,94.0
53236,2011-08-29,9456,216418,69.1125,69.1125,0,0,51,33.974717686209225,62.0,248.0,6.0,74.0,62.0,155.0,93.5
54863,2011-09-05,9456,216418,69.825,69.825,0,0,40,33.974717686209225,88.0,94.0,43.0,59.0,88.0,91.0,66.75
56485,2011-09-12,9456,216418,69.825,69.825,0,0,52,33.974717686209225,64.0,27.0,23.0,45.0,64.0,45.5,135.5
59741,2011-09-26,9456,216418,68.4,68.4,0,0,52,33.974717686209225,66.0,124.0,45.0,78.0,66.0,95.0,74.25
61360,2011-10-03,9456,216418,69.825,69.825,0,0,60,33.974717686209225,75.0,25.0,40.0,38.0,75.0,50.0,141.5
62982,2011-10-10,9456,216418,68.4,68.4,0,0,39,33.974717686209225,36.0,128.0,84.0,33.0,36.0,82.0,64.25
64611,2011-10-17,9456,216418,68.4,68.4,0,0,65,33.974717686209225,70.0,127.0,62.0,152.0,70.0,98.5,74.0
66248,2011-10-24,9456,216418,69.1125,69.1125,0,0,56,33.974717686209225,61.0,104.0,50.0,85.0,61.0,82.5,59.25
67885,2011-10-31,9456,216418,69.825,69.825,0,0,43,33.974717686209225,53.0,120.0,79.0,60.0,53.0,86.5,61.25
69524,2011-11-07,9456,216418,68.4,68.4,0,0,42,33.974717686209225,57.0,11.0,233.0,45.0,57.0,34.0,84.75
71161,2011-11-14,9456,216418,69.1125,69.1125,0,0,49,33.974717686209225,194.0,43.0,136.0,71.0,194.0,118.5,71.0
72799,2011-11-21,9456,216418,69.1125,69.1125,0,0,43,33.974717686209225,118.0,156.0,56.0,26.0,118.0,137.0,94.75
74432,2011-11-28,9456,216418,70.5375,70.5375,0,0,52,33.974717686209225,210.0,39.0,169.0,111.0,210.0,124.5,74.75
76069,2011-12-05,9456,216418,69.825,69.825,0,0,47,33.974717686209225,92.0,211.0,13.0,86.0,92.0,151.5,95.0
80989,2011-12-26,9456,216418,70.5375,70.5375,0,0,76,33.974717686209225,142.0,213.0,166.0,200.0,142.0,177.5,160.5
82630,2012-01-02,9456,216418,69.825,69.825,0,0,45,33.974717686209225,131.0,32.0,40.0,67.0,131.0,81.5,157.75
85911,2012-01-16,9456,216418,70.5375,70.5375,0,0,27,33.974717686209225,119.0,360.0,83.0,77.0,119.0,239.5,158.25
87549,2012-01-23,9456,216418,71.25,71.25,0,0,38,33.974717686209225,342.0,22.0,245.0,177.0,342.0,182.0,104.5
89191,2012-01-30,9456,216418,85.5,85.5,0,0,45,33.974717686209225,76.0,184.0,105.0,44.0,76.0,130.0,90.75
90828,2012-02-06,9456,216418,88.35,88.35,0,0,58,33.974717686209225,203.0,318.0,7.0,120.0,203.0,260.5,149.0
8232,2011-02-21,8094,216418,70.5375,87.6375,0,0,131,41.824951684009676,52.0,210.0,31.0,37.0,52.0,131.0,124.25
9866,2011-02-28,8094,216418,70.5375,87.6375,0,0,94,41.824951684009676,44.0,236.0,150.0,91.0,44.0,140.0,106.75
14732,2011-03-21,8094,216418,84.075,84.075,0,0,55,41.824951684009676,43.0,281.0,200.0,69.0,43.0,162.0,113.0
16374,2011-03-28,8094,216418,87.6375,87.6375,0,0,53,41.824951684009676,37.0,220.0,186.0,54.0,37.0,128.5,96.25
18010,2011-04-04,8094,216418,86.2125,86.2125,0,0,64,41.824951684009676,30.0,261.0,196.0,49.0,30.0,145.5,109.5
19646,2011-04-11,8094,216418,88.35,88.35,0,0,59,41.824951684009676,63.0,192.0,188.0,99.0,63.0,127.5,109.25
21284,2011-04-18,8094,216418,86.2125,86.2125,0,0,64,41.824951684009676,24.0,153.0,119.0,55.0,24.0,88.5,69.25
22916,2011-04-25,8094,216418,87.6375,87.6375,0,0,72,41.824951684009676,164.0,39.0,7.0,85.0,164.0,101.5,68.75
24555,2011-05-02,8094,216418,88.35,88.35,0,0,85,41.824951684009676,39.0,181.0,28.0,65.0,39.0,110.0,101.25
26193,2011-05-09,8094,216418,87.6375,87.6375,0,0,61,41.824951684009676,56.0,198.0,109.0,73.0,56.0,127.0,100.5
27831,2011-05-16,8094,216418,88.35,88.35,0,0,76,41.824951684009676,40.0,200.0,135.0,85.0,40.0,120.0,90.25
29469,2011-05-23,8094,216418,88.35,88.35,0,0,65,41.824951684009676,44.0,201.0,31.0,38.0,44.0,122.5,123.75
34373,2011-06-13,8094,216418,88.35,88.35,0,0,106,41.824951684009676,62.0,186.0,98.0,65.0,62.0,124.0,90.75
36005,2011-06-20,8094,216418,87.6375,87.6375,0,0,51,41.824951684009676,54.0,148.0,108.0,38.0,54.0,101.0,76.0
39282,2011-07-04,8094,216418,88.35,88.35,0,0,54,41.824951684009676,33.0,134.0,76.0,44.0,33.0,83.5,74.75
40920,2011-07-11,8094,216418,88.35,88.35,0,0,72,41.824951684009676,48.0,179.0,99.0,64.0,48.0,113.5,85.0
42559,2011-07-18,8094,216418,87.6375,87.6375,0,0,51,41.824951684009676,36.0,191.0,94.0,68.0,36.0,113.5,98.25
44196,2011-07-25,8094,216418,88.35,88.35,0,0,59,41.824951684009676,35.0,149.0,100.0,87.0,35.0,92.0,83.0
45826,2011-08-01,8094,216418,86.925,86.925,0,0,44,41.824951684009676,100.0,12.0,25.0,83.0,100.0,56.0,47.5
47458,2011-08-08,8094,216418,89.0625,89.0625,0,0,64,41.824951684009676,53.0,197.0,99.0,67.0,53.0,125.0,106.5
49092,2011-08-15,8094,216418,87.6375,87.6375,0,0,31,41.824951684009676,37.0,221.0,94.0,71.0,37.0,129.0,121.75
50726,2011-08-22,8094,216418,87.6375,87.6375,0,0,61,41.824951684009676,140.0,13.0,28.0,35.0,140.0,76.5,55.75
52356,2011-08-29,8094,216418,87.6375,87.6375,0,0,68,41.824951684009676,73.0,204.0,130.0,76.0,73.0,138.5,107.5
53978,2011-09-05,8094,216418,87.6375,87.6375,0,0,55,41.824951684009676,79.0,226.0,113.0,69.0,79.0,152.5,116.0
55602,2011-09-12,8094,216418,87.6375,87.6375,0,0,71,41.824951684009676,52.0,251.0,30.0,50.0,52.0,151.5,139.75
58858,2011-09-26,8094,216418,84.7875,84.7875,0,0,74,41.824951684009676,49.0,242.0,100.0,100.0,49.0,145.5,114.25
60480,2011-10-03,8094,216418,86.2125,86.2125,0,0,62,41.824951684009676,42.0,226.0,127.0,83.0,42.0,134.0,103.5
62103,2011-10-10,8094,216418,87.6375,87.6375,0,0,75,41.824951684009676,134.0,30.0,12.0,106.0,134.0,82.0,74.5
63723,2011-10-17,8094,216418,86.925,86.925,0,0,71,41.824951684009676,154.0,33.0,35.0,36.0,154.0,93.5,68.25
65360,2011-10-24,8094,216418,88.35,88.35,0,0,73,41.824951684009676,29.0,322.0,119.0,76.0,29.0,175.5,129.75
66997,2011-10-31,8094,216418,87.6375,87.6375,0,0,77,41.824951684009676,65.0,257.0,129.0,92.0,65.0,161.0,115.25
68636,2011-11-07,8094,216418,86.925,86.925,0,0,52,41.824951684009676,36.0,249.0,92.0,54.0,36.0,142.5,104.0
70271,2011-11-14,8094,216418,86.2125,86.2125,0,0,46,41.824951684009676,61.0,236.0,118.0,122.0,61.0,148.5,105.5
80102,2011-12-26,8094,216418,70.5375,86.2125,0,0,205,41.824951684009676,97.0,401.0,164.0,153.0,97.0,249.0,200.5
81742,2012-01-02,8094,216418,70.5375,86.2125,0,0,103,41.824951684009676,57.0,327.0,70.0,88.0,57.0,192.0,171.25
85022,2012-01-16,8094,216418,70.5375,86.2125,0,0,83,41.824951684009676,41.0,418.0,311.0,140.0,41.0,229.5,169.5
86663,2012-01-23,8094,216418,70.5375,86.2125,0,0,84,41.824951684009676,52.0,297.0,267.0,171.0,52.0,174.5,136.75
88302,2012-01-30,8094,216418,82.65,82.65,0,0,89,41.824951684009676,148.0,43.0,25.0,196.0,148.0,95.5,113.0
10848,2011-02-28,9532,216418,86.2125,88.35,0,1,45,44.205857630835375,209.0,239.0,14.0,58.0,209.0,224.0,132.25
46821,2011-08-01,9532,216418,86.925,88.35,0,1,69,44.205857630835375,22.0,54.0,54.0,28.0,22.0,38.0,98.5
48452,2011-08-08,9532,216418,86.925,88.35,0,1,56,44.205857630835375,46.0,194.0,11.0,29.0,46.0,120.0,76.0
50087,2011-08-15,9532,216418,88.35,88.35,0,1,35,44.205857630835375,35.0,69.0,23.0,63.0,35.0,52.0,90.0
51717,2011-08-22,9532,216418,88.35,88.35,0,1,76,44.205857630835375,33.0,61.0,32.0,48.0,33.0,47.0,126.5
53343,2011-08-29,9532,216418,87.6375,88.35,0,1,55,44.205857630835375,51.0,62.0,29.0,28.0,51.0,56.5,99.0
59849,2011-09-26,9532,216418,84.7875,87.6375,0,1,84,44.205857630835375,45.0,211.0,58.0,89.0,45.0,128.0,132.0
61467,2011-10-03,9532,216418,86.2125,87.6375,0,1,75,44.205857630835375,25.0,199.0,46.0,60.0,25.0,112.0,132.75
81097,2011-12-26,9532,216418,69.1125,85.5,0,1,228,44.205857630835375,166.0,310.0,121.0,39.0,166.0,238.0,237.75
82738,2012-01-02,9532,216418,69.825,85.5,0,1,131,44.205857630835375,32.0,214.0,86.0,121.0,32.0,123.0,135.0
86018,2012-01-16,9532,216418,69.825,85.5,0,1,104,44.205857630835375,83.0,362.0,29.0,70.0,83.0,222.5,303.0
87657,2012-01-23,9532,216418,69.825,85.5,0,1,121,44.205857630835375,38.0,342.0,13.0,66.0,38.0,190.0,110.75
89299,2012-01-30,9532,216418,82.65,85.5,0,1,105,44.205857630835375,31.0,197.0,24.0,64.0,31.0,114.0,192.0
