MLProject/Demand_Forecasting_preprocessing/train_processed.csv
record_ID,week,store_id,sku_id,total_price,base_price,is_featured_sku,is_display_sku,units_sold,store_encoded,lag_1,lag_2,lag_5,lag_19,ma_1,ma_2,ma_4
10783,2011-02-28,9481,216418,106.1625,106.1625,0,0,102,89.48945843039279,72.0,25.0,45.0,52.0,72.0,48.5,73.75
20576,2011-04-11,9481,216418,105.45,105.45,0,0,122,89.48945843039279,51.0,34.0,70.0,67.0,51.0,42.5,45.0
23847,2011-04-25,9481,216418,88.35,105.45,0,0,63,89.48945843039279,76.0,17.0,52.0,94.0,76.0,46.5,45.0
25485,2011-05-02,9481,216418,88.35,105.45,0,0,84,89.48945843039279,56.0,20.0,37.0,169.0,56.0,38.0,38.0
41851,2011-07-11,9481,216418,87.6375,105.45,0,0,118,89.48945843039279,4.0,33.0,159.0,56.0,4.0,18.5,48.25
43488,2011-07-18,9481,216418,88.35,105.45,0,0,142,89.48945843039279,51.0,32.0,82.0,108.0,51.0,41.5,33.25
51652,2011-08-22,9481,216418,87.6375,105.45,0,0,117,89.48945843039279,79.0,11.0,61.0,90.0,79.0,45.0,49.75
53278,2011-08-29,9481,216418,88.35,105.45,0,0,124,89.48945843039279,30.0,19.0,62.0,34.0,30.0,24.5,38.75
54905,2011-09-05,9481,216418,87.6375,87.6375,0,0,94,89.48945843039279,21.0,64.0,216.0,64.0,21.0,42.5,76.75
58155,2011-09-19,9481,216418,89.0625,89.0625,0,0,109,89.48945843039279,69.0,4.0,77.0,53.0,69.0,36.5,61.25
64653,2011-10-17,9481,216418,103.3125,103.3125,0,0,127,89.48945843039279,64.0,35.0,54.0,158.0,64.0,49.5,50.75
82672,2012-01-02,9481,216418,88.35,103.3125,0,0,218,89.48945843039279,100.0,45.0,214.0,651.0,100.0,72.5,77.0
14519,2011-03-14,9879,216418,64.125,86.925,0,0,34,37.76981050979769,31.0,58.0,105.0,79.0,31.0,44.5,95.25
16160,2011-03-21,9879,216418,82.65,82.65,0,0,4,37.76981050979769,36.0,47.0,80.0,218.0,36.0,41.5,83.5
17797,2011-03-28,9879,216418,89.0625,89.0625,0,0,11,37.76981050979769,29.0,225.0,367.0,55.0,29.0,127.0,91.75
19432,2011-04-04,9879,216418,88.35,88.35,0,0,20,37.76981050979769,37.0,76.0,101.0,195.0,37.0,56.5,100.25
21070,2011-04-11,9879,216418,83.3625,83.3625,0,0,25,37.76981050979769,155.0,74.0,134.0,70.0,155.0,114.5,139.5
22703,2011-04-18,9879,216418,86.925,86.925,0,0,7,37.76981050979769,21.0,61.0,59.0,182.0,21.0,41.0,78.5
30886,2011-05-23,9879,216418,87.6375,87.6375,0,0,11,37.76981050979769,31.0,143.0,271.0,83.0,31.0,87.0,68.25
32523,2011-05-30,9879,216418,89.0625,89.0625,0,0,15,37.76981050979769,78.0,45.0,117.0,19.0,78.0,61.5,99.0
34159,2011-06-06,9879,216418,89.0625,89.0625,0,0,3,37.76981050979769,33.0,42.0,74.0,217.0,33.0,37.5,88.5
35794,2011-06-13,9879,216418,86.925,86.925,0,0,20,37.76981050979769,23.0,62.0,90.0,208.0,23.0,42.5,88.25
37428,2011-06-20,9879,216418,87.6375,87.6375,0,0,19,37.76981050979769,126.0,47.0,58.0,56.0,126.0,86.5,95.75
39068,2011-06-27,9879,216418,86.925,86.925,0,0,5,37.76981050979769,52.0,56.0,62.0,179.0,52.0,54.0,93.0
40706,2011-07-04,9879,216418,89.0625,89.0625,0,0,6,37.76981050979769,131.0,37.0,37.0,53.0,131.0,84.0,112.25
42346,2011-07-11,9879,216418,86.925,86.925,0,0,11,37.76981050979769,31.0,41.0,45.0,116.0,31.0,36.0,75.0
43982,2011-07-18,9879,216418,83.3625,83.3625,0,0,7,37.76981050979769,170.0,46.0,21.0,82.0,170.0,108.0,103.75
45612,2011-07-25,9879,216418,89.0625,89.0625,0,0,9,37.76981050979769,43.0,37.0,54.0,232.0,43.0,40.0,75.0
47248,2011-08-01,9879,216418,87.6375,87.6375,0,0,22,37.76981050979769,152.0,30.0,32.0,22.0,152.0,91.0,102.25
48880,2011-08-08,9879,216418,86.925,86.925,0,0,26,37.76981050979769,35.0,37.0,38.0,194.0,35.0,36.0,71.5
50514,2011-08-15,9879,216418,89.0625,89.0625,0,0,11,37.76981050979769,156.0,33.0,55.0,69.0,156.0,94.5,107.25
52145,2011-08-22,9879,216418,86.2125,86.2125,0,0,22,37.76981050979769,172.0,48.0,35.0,33.0,172.0,110.0,101.75
53767,2011-08-29,9879,216418,88.35,88.35,0,0,26,37.76981050979769,42.0,39.0,36.0,62.0,42.0,40.5,78.0
55394,2011-09-05,9879,216418,88.35,88.35,0,0,21,37.76981050979769,41.0,70.0,30.0,179.0,41.0,55.5,86.0
57016,2011-09-12,9879,216418,86.925,86.925,0,0,21,37.76981050979769,24.0,210.0,163.0,70.0,24.0,117.0,89.5
83166,2012-01-02,9879,216418,69.825,86.925,0,0,93,37.76981050979769,51.0,120.0,224.0,82.0,51.0,85.5,93.25
16242,2011-03-21,9909,216418,106.1625,106.1625,0,0,80,66.38971675222086,114.0,10.0,114.0,100.0,114.0,62.0,68.25
29339,2011-05-16,9909,216418,89.0625,106.1625,0,0,103,66.38971675222086,89.0,1.0,142.0,132.0,89.0,45.0,46.5
39150,2011-06-27,9909,216418,89.0625,106.1625,0,0,62,66.38971675222086,86.0,6.0,113.0,154.0,86.0,46.0,74.25
40788,2011-07-04,9909,216418,88.35,106.1625,0,0,37,66.38971675222086,57.0,24.0,65.0,136.0,57.0,40.5,73.5
42428,2011-07-11,9909,216418,89.0625,106.1625,0,0,45,66.38971675222086,80.0,7.0,115.0,100.0,80.0,43.5,48.0
44064,2011-07-18,9909,216418,88.35,106.1625,0,0,21,66.38971675222086,99.0,21.0,41.0,4.0,99.0,60.0,97.25
45694,2011-07-25,9909,216418,88.35,106.1625,0,0,54,66.38971675222086,86.0,7.0,142.0,152.0,86.0,46.5,101.5
47329,2011-08-01,9909,216418,88.35,88.35,0,0,32,66.38971675222086,83.0,66.0,66.0,17.0,83.0,74.5,82.0
48961,2011-08-08,9909,216418,88.35,88.35,0,0,38,66.38971675222086,97.0,6.0,140.0,138.0,97.0,51.5,74.25
50595,2011-08-15,9909,216418,106.1625,106.1625,0,0,55,66.38971675222086,110.0,26.0,58.0,176.0,110.0,68.0,95.5
52226,2011-08-22,9909,216418,106.1625,106.1625,0,0,35,66.38971675222086,111.0,75.0,37.0,41.0,111.0,93.0,94.0
53848,2011-08-29,9909,216418,106.1625,106.1625,0,0,36,66.38971675222086,93.0,21.0,151.0,138.0,93.0,57.0,41.25
55473,2011-09-05,9909,216418,106.875,106.875,0,0,30,66.38971675222086,102.0,8.0,159.0,137.0,102.0,55.0,58.25
57097,2011-09-12,9909,216418,106.875,106.875,0,0,44,66.38971675222086,102.0,9.0,107.0,7.0,102.0,55.5,40.75
58726,2011-09-19,9909,216418,106.1625,106.1625,0,0,52,66.38971675222086,113.0,48.0,139.0,97.0,113.0,80.5,107.5
60349,2011-09-26,9909,216418,106.875,106.875,0,0,48,66.38971675222086,70.0,9.0,197.0,133.0,70.0,39.5,48.75
61977,2011-10-03,9909,216418,104.025,104.025,0,0,22,66.38971675222086,105.0,15.0,158.0,110.0,105.0,60.0,94.0
63594,2011-10-10,9909,216418,106.875,106.875,0,0,54,66.38971675222086,106.0,40.0,60.0,47.0,106.0,73.0,109.0
65228,2011-10-17,9909,216418,106.875,106.875,0,0,36,66.38971675222086,52.0,7.0,53.0,49.0,52.0,29.5,82.5
66865,2011-10-24,9909,216418,106.875,106.875,0,0,43,66.38971675222086,101.0,24.0,161.0,136.0,101.0,62.5,51.25
68504,2011-10-31,9909,216418,106.875,106.875,0,0,50,66.38971675222086,95.0,12.0,154.0,146.0,95.0,53.5,63.5
71778,2011-11-14,9909,216418,106.875,106.875,0,0,45,66.38971675222086,115.0,16.0,130.0,173.0,115.0,65.5,94.0
73412,2011-11-21,9909,216418,104.025,104.025,0,0,44,66.38971675222086,139.0,47.0,54.0,65.0,139.0,93.0,111.75
75049,2011-11-28,9909,216418,104.7375,104.7375,0,0,33,66.38971675222086,134.0,33.0,167.0,189.0,134.0,83.5,103.5
76688,2011-12-05,9909,216418,105.45,105.45,0,0,33,66.38971675222086,130.0,43.0,67.0,196.0,130.0,86.5,106.75
78330,2011-12-12,9909,216418,89.0625,105.45,0,0,51,66.38971675222086,180.0,37.0,74.0,142.0,180.0,108.5,122.25
79970,2011-12-19,9909,216418,89.775,105.45,0,0,35,66.38971675222086,96.0,55.0,182.0,13.0,96.0,75.5,105.5
81610,2011-12-26,9909,216418,89.0625,105.45,0,0,57,66.38971675222086,177.0,62.0,303.0,301.0,177.0,119.5,127.5
83248,2012-01-02,9909,216418,89.0625,105.45,0,0,43,66.38971675222086,185.0,44.0,100.0,10.0,185.0,114.5,88.75
16025,2011-03-21,9823,216418,104.7375,104.7375,0,1,167,78.20049288057312,65.0,69.0,4.0,54.0,65.0,67.0,103.0
17662,2011-03-28,9823,216418,105.45,104.7375,0,1,225,78.20049288057312,59.0,54.0,68.0,137.0,59.0,56.5,125.25
19296,2011-04-04,9823,216418,105.45,104.7375,0,1,228,78.20049288057312,76.0,49.0,20.0,151.0,76.0,62.5,73.75
20934,2011-04-11,9823,216418,106.1625,104.7375,0,1,200,78.20049288057312,99.0,57.0,155.0,51.0,99.0,78.0,66.0
22567,2011-04-18,9823,216418,106.875,104.7375,0,1,122,78.20049288057312,57.0,55.0,7.0,115.0,57.0,56.0,47.5
24207,2011-04-25,9823,216418,106.1625,104.7375,0,1,178,78.20049288057312,57.0,60.0,161.0,63.0,57.0,58.5,54.25
29123,2011-05-16,9823,216418,106.1625,106.875,0,1,135,78.20049288057312,36.0,85.0,23.0,65.0,36.0,60.5,92.0
30751,2011-05-23,9823,216418,106.1625,106.875,0,1,143,78.20049288057312,38.0,61.0,65.0,92.0,38.0,49.5,101.0
37293,2011-06-20,9823,216418,118.9875,105.45,0,1,118,78.20049288057312,38.0,86.0,126.0,68.0,38.0,62.0,57.25
40570,2011-07-04,9823,216418,119.7,119.7,0,1,111,78.20049288057312,44.0,38.0,131.0,60.0,44.0,41.0,39.75
53632,2011-08-29,9823,216418,106.1625,120.4125,0,1,178,78.20049288057312,59.0,76.0,26.0,124.0,59.0,67.5,89.5
58511,2011-09-19,9823,216418,106.1625,105.45,0,1,207,78.20049288057312,45.0,87.0,99.0,109.0,45.0,66.0,75.0
89594,2012-01-30,9823,216418,88.35,106.1625,0,1,180,78.20049288057312,161.0,121.0,212.0,184.0,161.0,141.0,110.0
22634,2011-04-18,9845,216418,104.7375,104.7375,0,0,292,118.25494084386892,137.0,53.0,115.0,65.0,137.0,95.0,81.5
24274,2011-04-25,9845,216418,105.45,105.45,0,0,162,118.25494084386892,79.0,45.0,117.0,71.0,79.0,62.0,71.75
25911,2011-05-02,9845,216418,105.45,105.45,0,0,179,118.25494084386892,80.0,44.0,84.0,59.0,80.0,62.0,85.75
27550,2011-05-09,9845,216418,106.1625,106.1625,0,0,194,118.25494084386892,89.0,38.0,164.0,23.0,89.0,63.5,56.0
29189,2011-05-16,9845,216418,105.45,105.45,0,0,216,118.25494084386892,31.0,23.0,170.0,36.0,31.0,27.0,31.75
35726,2011-06-13,9845,216418,106.1625,106.1625,0,0,282,118.25494084386892,23.0,20.0,149.0,47.0,23.0,21.5,32.0
43913,2011-07-18,9845,216418,88.35,106.1625,0,0,236,118.25494084386892,41.0,9.0,142.0,75.0,41.0,25.0,55.0
52076,2011-08-22,9845,216418,103.3125,103.3125,0,0,132,118.25494084386892,37.0,46.0,169.0,77.0,37.0,41.5,63.25
53698,2011-08-29,9845,216418,105.45,105.45,0,0,119,118.25494084386892,104.0,26.0,158.0,55.0,104.0,65.0,52.75
55325,2011-09-05,9845,216418,103.3125,103.3125,0,0,131,118.25494084386892,26.0,21.0,139.0,64.0,26.0,23.5,39.5
56947,2011-09-12,9845,216418,106.1625,106.1625,0,0,163,118.25494084386892,33.0,47.0,86.0,64.0,33.0,40.0,67.5
58576,2011-09-19,9845,216418,106.1625,106.1625,0,0,166,118.25494084386892,44.0,107.0,45.0,48.0,44.0,75.5,96.5
60200,2011-09-26,9845,216418,105.45,105.45,0,0,138,118.25494084386892,95.0,33.0,150.0,84.0,95.0,64.0,59.25
61826,2011-10-03,9845,216418,103.3125,103.3125,0,0,207,118.25494084386892,158.0,103.0,107.0,90.0,158.0,130.5,91.25
63444,2011-10-10,9845,216418,101.8875,101.8875,0,0,244,118.25494084386892,60.0,51.0,36.0,72.0,60.0,55.5,77.25
65077,2011-10-17,9845,216418,103.3125,103.3125,0,0,216,118.25494084386892,53.0,43.0,70.0,104.0,53.0,48.0,78.0
66714,2011-10-24,9845,216418,104.7375,104.7375,0,0,209,118.25494084386892,124.0,50.0,115.0,47.0,124.0,87.0,63.5
68353,2011-10-31,9845,216418,104.025,104.025,0,0,180,118.25494084386892,23.0,34.0,173.0,46.0,23.0,28.5,35.5
69990,2011-11-07,9845,216418,104.025,104.025,0,0,187,118.25494084386892,69.0,14.0,104.0,108.0,69.0,41.5,75.75
71627,2011-11-14,9845,216418,104.025,104.025,0,0,209,118.25494084386892,130.0,110.0,127.0,66.0,130.0,120.0,97.0
73264,2011-11-21,9845,216418,104.7375,104.7375,0,0,222,118.25494084386892,54.0,55.0,118.0,84.0,54.0,54.5,85.75
74898,2011-11-28,9845,216418,104.7375,104.7375,0,0,202,118.25494084386892,167.0,93.0,168.0,97.0,167.0,130.0,124.25
76537,2011-12-05,9845,216418,104.7375,104.7375,0,0,232,118.25494084386892,67.0,41.0,166.0,238.0,67.0,54.0,91.25
78179,2011-12-12,9845,216418,87.6375,104.7375,0,0,242,118.25494084386892,74.0,63.0,184.0,59.0,74.0,68.5,94.5
79819,2011-12-19,9845,216418,88.35,104.7375,0,0,205,118.25494084386892,94.0,224.0,194.0,81.0,94.0,159.0,173.0
81459,2011-12-26,9845,216418,88.35,104.7375,0,0,271,118.25494084386892,98.0,153.0,249.0,228.0,98.0,125.5,113.5
83098,2012-01-02,9845,216418,87.6375,104.7375,0,0,224,118.25494084386892,56.0,126.0,125.0,131.0,56.0,91.0,113.75
88019,2012-01-23,9845,216418,88.35,104.7375,0,0,289,118.25494084386892,156.0,235.0,255.0,61.0,156.0,195.5,141.25
89660,2012-01-30,9845,216418,88.35,104.7375,0,0,253,118.25494084386892,94.0,93.0,76.0,68.0,94.0,93.5,99.25
22298,2011-04-18,9578,216418,104.025,104.025,0,0,47,43.861394470249195,42.0,32.0,57.0,137.0,42.0,37.0,55.0
23935,2011-04-25,9578,216418,106.875,106.875,0,0,45,43.861394470249195,140.0,23.0,76.0,67.0,140.0,81.5,85.75
25573,2011-05-02,9578,216418,106.1625,106.1625,0,0,44,43.861394470249195,111.0,108.0,20.0,98.0,111.0,109.5,89.75
27210,2011-05-09,9578,216418,106.1625,106.1625,0,0,43,43.861394470249195,77.0,39.0,55.0,86.0,77.0,58.0,71.5
28850,2011-05-16,9578,216418,106.1625,106.1625,0,0,37,43.861394470249195,39.0,26.0,36.0,142.0,39.0,32.5,56.25
30482,2011-05-23,9578,216418,105.45,105.45,0,0,44,43.861394470249195,50.0,11.0,38.0,142.0,50.0,30.5,58.75
32117,2011-05-30,9578,216418,106.1625,106.1625,0,0,37,43.861394470249195,15.0,26.0,64.0,146.0,15.0,20.5,51.0
33751,2011-06-06,9578,216418,104.7375,104.7375,0,0,35,43.861394470249195,46.0,27.0,46.0,168.0,46.0,36.5,72.0
35387,2011-06-13,9578,216418,106.1625,106.1625,0,0,49,43.861394470249195,43.0,26.0,49.0,132.0,43.0,34.5,60.25
37021,2011-06-20,9578,216418,120.4125,120.4125,0,0,32,43.861394470249195,43.0,15.0,118.0,81.0,43.0,29.0,27.0
38660,2011-06-27,9578,216418,118.9875,118.9875,0,0,39,43.861394470249195,36.0,23.0,38.0,113.0,36.0,29.5,50.25
40298,2011-07-04,9578,216418,120.4125,120.4125,0,0,12,43.861394470249195,111.0,83.0,9.0,98.0,111.0,97.0,83.0
41938,2011-07-11,9578,216418,118.275,118.275,0,0,38,43.861394470249195,36.0,39.0,52.0,115.0,36.0,37.5,54.0
43576,2011-07-18,9578,216418,88.35,118.275,0,0,67,43.861394470249195,45.0,29.0,142.0,41.0,45.0,37.0,30.0
45209,2011-07-25,9578,216418,88.35,118.275,0,0,24,43.861394470249195,46.0,34.0,50.0,142.0,46.0,40.0,57.5
46843,2011-08-01,9578,216418,88.35,118.275,0,0,43,43.861394470249195,148.0,43.0,51.0,68.0,148.0,95.5,98.75
48474,2011-08-08,9578,216418,87.6375,118.275,0,0,26,43.861394470249195,40.0,37.0,61.0,140.0,40.0,38.5,56.0
50109,2011-08-15,9578,216418,106.1625,106.1625,0,0,29,43.861394470249195,130.0,158.0,21.0,114.0,130.0,144.0,113.0
51739,2011-08-22,9578,216418,106.875,106.875,0,0,46,43.861394470249195,128.0,42.0,79.0,98.0,128.0,85.0,114.0
53365,2011-08-29,9578,216418,106.1625,106.1625,0,0,49,43.861394470249195,69.0,101.0,19.0,165.0,69.0,85.0,81.0
54990,2011-09-05,9578,216418,105.45,105.45,0,0,35,43.861394470249195,48.0,32.0,42.0,159.0,48.0,40.0,70.75
56614,2011-09-12,9578,216418,105.45,105.45,0,0,43,43.861394470249195,41.0,21.0,50.0,140.0,41.0,31.0,74.0
58242,2011-09-19,9578,216418,106.875,106.875,0,0,48,43.861394470249195,98.0,61.0,69.0,146.0,98.0,79.5,93.5
59871,2011-09-26,9578,216418,104.7375,104.7375,0,0,57,43.861394470249195,51.0,41.0,47.0,197.0,51.0,46.0,76.75
61489,2011-10-03,9578,216418,98.325,98.325,0,0,53,43.861394470249195,53.0,51.0,47.0,158.0,53.0,52.0,76.5
63110,2011-10-10,9578,216418,99.75,99.75,0,0,51,43.861394470249195,159.0,39.0,67.0,101.0,159.0,99.0,90.5
64740,2011-10-17,9578,216418,104.7375,104.7375,0,0,43,43.861394470249195,151.0,65.0,64.0,226.0,151.0,108.0,103.25
69653,2011-11-07,9578,216418,104.7375,104.7375,0,0,66,43.861394470249195,61.0,53.0,152.0,69.0,61.0,57.0,44.0
71291,2011-11-14,9578,216418,104.025,104.025,0,0,39,43.861394470249195,38.0,35.0,72.0,130.0,38.0,36.5,54.5
72928,2011-11-21,9578,216418,105.45,105.45,0,0,55,43.861394470249195,191.0,43.0,63.0,87.0,191.0,117.0,127.0
74562,2011-11-28,9578,216418,102.6,102.6,0,0,63,43.861394470249195,59.0,49.0,75.0,167.0,59.0,54.0,79.0
76199,2011-12-05,9578,216418,105.45,105.45,0,0,41,43.861394470249195,168.0,89.0,24.0,111.0,168.0,128.5,122.75
82760,2012-01-02,9578,216418,89.0625,105.45,0,0,49,43.861394470249195,52.0,93.0,88.0,195.0,52.0,72.5,79.0
21334,2011-04-18,8023,216418,106.1625,106.1625,0,0,153,108.57915569600668,68.0,32.0,63.0,60.0,68.0,50.0,63.0
22967,2011-04-25,8023,216418,106.1625,106.1625,0,0,225,108.57915569600668,39.0,72.0,39.0,84.0,39.0,55.5,78.5
24606,2011-05-02,8023,216418,105.45,105.45,0,0,181,108.57915569600668,93.0,92.0,45.0,44.0,93.0,92.5,66.25
26244,2011-05-09,8023,216418,105.45,105.45,0,0,198,108.57915569600668,114.0,34.0,55.0,89.0,114.0,74.0,70.75
27882,2011-05-16,8023,216418,105.45,105.45,0,0,200,108.57915569600668,92.0,29.0,63.0,31.0,92.0,60.5,70.25
29520,2011-05-23,8023,216418,106.1625,106.1625,0,0,201,108.57915569600668,117.0,133.0,101.0,271.0,117.0,125.0,113.25
31149,2011-05-30,8023,216418,106.1625,106.1625,0,0,189,108.57915569600668,66.0,120.0,12.0,162.0,66.0,93.0,93.0
32786,2011-06-06,8023,216418,106.1625,106.1625,0,0,224,108.57915569600668,97.0,44.0,97.0,70.0,97.0,70.5,76.75
34424,2011-06-13,8023,216418,106.1625,106.1625,0,0,186,108.57915569600668,93.0,22.0,89.0,23.0,93.0,57.5,63.75
36056,2011-06-20,8023,216418,118.9875,118.9875,0,0,148,108.57915569600668,64.0,38.0,77.0,86.0,64.0,51.0,62.5
37692,2011-06-27,8023,216418,118.9875,118.9875,0,0,120,108.57915569600668,77.0,45.0,76.0,63.0,77.0,61.0,71.75
39333,2011-07-04,8023,216418,119.7,119.7,0,0,134,108.57915569600668,87.0,45.0,72.0,71.0,87.0,66.0,65.25
40971,2011-07-11,8023,216418,119.7,119.7,0,0,179,108.57915569600668,65.0,48.0,103.0,31.0,65.0,56.5,62.5
42610,2011-07-18,8023,216418,87.6375,119.7,0,0,191,108.57915569600668,101.0,65.0,82.0,67.0,101.0,83.0,73.25
44247,2011-07-25,8023,216418,88.35,119.7,0,0,149,108.57915569600668,77.0,71.0,87.0,72.0,77.0,74.0,68.25
45877,2011-08-01,8023,216418,86.925,119.7,0,0,165,108.57915569600668,39.0,44.0,51.0,55.0,39.0,41.5,48.75
47509,2011-08-08,8023,216418,88.35,119.7,0,0,197,108.57915569600668,83.0,93.0,91.0,61.0,83.0,88.0,72.0
49143,2011-08-15,8023,216418,106.1625,119.7,0,0,221,108.57915569600668,97.0,132.0,95.0,96.0,97.0,114.5,87.0
70322,2011-11-14,8023,216418,104.7375,119.7,0,0,236,108.57915569600668,83.0,42.0,96.0,111.0,83.0,62.5,70.75
71961,2011-11-21,8023,216418,105.45,105.45,0,0,213,108.57915569600668,69.0,129.0,69.0,73.0,69.0,99.0,99.0
73595,2011-11-28,8023,216418,104.7375,104.7375,0,0,218,108.57915569600668,110.0,84.0,101.0,158.0,110.0,97.0,98.25
75232,2011-12-05,8023,216418,103.3125,103.3125,0,0,241,108.57915569600668,112.0,55.0,117.0,97.0,112.0,83.5,81.5
