MLProject/Demand_Forecasting_preprocessing/train_processed.csv
record_ID,week,store_id,sku_id,total_price,base_price,is_featured_sku,is_display_sku,units_sold,store_encoded,lag_1,lag_2,lag_5,lag_19,ma_1,ma_2,ma_4
23602,2011-04-25,9279,216418,83.3625,83.3625,0,0,48,41.140205384772855,169.0,67.0,68.0,107.0,169.0,118.0,87.0
25239,2011-05-02,9279,216418,83.3625,83.3625,0,0,52,41.140205384772855,38.0,90.0,55.0,52.0,38.0,64.0,60.75
26877,2011-05-09,9279,216418,81.225,81.225,0,0,52,41.140205384772855,55.0,90.0,39.0,43.0,55.0,72.5,64.75
28515,2011-05-16,9279,216418,84.075,84.075,0,0,47,41.140205384772855,37.0,78.0,75.0,63.0,37.0,57.5,62.0
30147,2011-05-23,9279,216418,69.825,84.075,0,0,62,41.140205384772855,52.0,76.0,64.0,101.0,52.0,64.0,66.25
31782,2011-05-30,9279,216418,69.1125,84.075,0,0,68,41.140205384772855,38.0,83.0,79.0,167.0,38.0,60.5,83.25
33416,2011-06-06,9279,216418,69.1125,84.075,0,0,52,41.140205384772855,48.0,59.0,41.0,51.0,48.0,53.5,61.5
35056,2011-06-13,9279,216418,69.825,84.075,0,0,74,41.140205384772855,33.0,69.0,66.0,89.0,33.0,51.0,70.75
36690,2011-06-20,9279,216418,69.1125,84.075,0,0,49,41.140205384772855,66.0,47.0,57.0,26.0,66.0,56.5,58.0
38326,2011-06-27,9279,216418,69.1125,84.075,0,0,63,41.140205384772855,18.0,33.0,64.0,76.0,18.0,25.5,38.75
39965,2011-07-04,9279,216418,69.1125,69.1125,0,0,56,41.140205384772855,40.0,49.0,51.0,72.0,40.0,44.5,46.0
41605,2011-07-11,9279,216418,68.4,68.4,0,0,50,41.140205384772855,27.0,31.0,59.0,103.0,27.0,29.0,46.75
43241,2011-07-18,9279,216418,69.1125,69.1125,0,0,72,41.140205384772855,53.0,57.0,38.0,35.0,53.0,55.0,56.5
44875,2011-07-25,9279,216418,69.1125,69.1125,0,0,45,41.140205384772855,94.0,28.0,54.0,87.0,94.0,61.0,57.75
46508,2011-08-01,9279,216418,69.1125,69.1125,0,0,48,41.140205384772855,108.0,156.0,50.0,165.0,108.0,132.0,83.25
48143,2011-08-08,9279,216418,69.1125,69.1125,0,0,75,41.140205384772855,42.0,63.0,64.0,91.0,42.0,52.5,62.5
49777,2011-08-15,9279,216418,68.4,68.4,0,0,52,41.140205384772855,69.0,48.0,60.0,95.0,69.0,58.5,64.75
51408,2011-08-22,9279,216418,69.1125,69.1125,0,0,34,41.140205384772855,115.0,249.0,52.0,199.0,115.0,182.0,116.5
53032,2011-08-29,9279,216418,69.1125,69.1125,0,0,64,41.140205384772855,54.0,62.0,52.0,50.0,54.0,58.0,70.0
54660,2011-09-05,9279,216418,69.1125,69.1125,0,0,62,41.140205384772855,45.0,68.0,97.0,81.0,45.0,56.5,69.5
56283,2011-09-12,9279,216418,69.825,69.825,0,0,53,41.140205384772855,34.0,71.0,71.0,111.0,34.0,52.5,64.25
72595,2011-11-21,9279,216418,70.5375,70.5375,0,0,41,41.140205384772855,171.0,825.0,84.0,213.0,171.0,498.0,291.25
74227,2011-11-28,9279,216418,68.4,68.4,0,0,76,41.140205384772855,123.0,77.0,116.0,101.0,123.0,100.0,84.75
75864,2011-12-05,9279,216418,69.825,69.825,0,0,72,41.140205384772855,85.0,90.0,69.0,117.0,85.0,87.5,74.0
33502,2011-06-06,9442,216418,106.1625,106.875,0,1,81,43.28977931921328,41.0,33.0,14.0,10.0,41.0,37.0,84.0
35141,2011-06-13,9442,216418,106.875,106.875,0,1,98,43.28977931921328,66.0,37.0,138.0,24.0,66.0,51.5,75.0
36774,2011-06-20,9442,216418,120.4125,106.875,0,1,65,43.28977931921328,54.0,57.0,77.0,28.0,54.0,55.5,59.5
38412,2011-06-27,9442,216418,119.7,106.875,0,1,64,43.28977931921328,40.0,64.0,69.0,78.0,40.0,52.0,43.0
40051,2011-07-04,9442,216418,119.7,106.875,0,1,57,43.28977931921328,51.0,30.0,58.0,19.0,51.0,40.5,46.0
41691,2011-07-11,9442,216418,118.9875,106.875,0,1,75,43.28977931921328,59.0,38.0,113.0,38.0,59.0,48.5,55.25
43327,2011-07-18,9442,216418,88.35,106.875,0,1,54,43.28977931921328,62.0,38.0,106.0,22.0,62.0,50.0,55.0
44961,2011-07-25,9442,216418,85.5,106.875,0,1,63,43.28977931921328,54.0,39.0,92.0,25.0,54.0,46.5,65.5
46594,2011-08-01,9442,216418,88.35,106.875,0,1,71,43.28977931921328,59.0,19.0,88.0,27.0,59.0,39.0,51.0
87432,2012-01-23,9442,216418,89.0625,105.45,0,1,106,43.28977931921328,138.0,85.0,300.0,38.0,138.0,111.5,111.0
89072,2012-01-30,9442,216418,89.0625,105.45,0,1,96,43.28977931921328,197.0,74.0,17.0,181.0,197.0,135.5,119.0
55434,2011-09-05,9881,216418,106.1625,106.1625,0,0,139,65.76389918586939,94.0,30.0,26.0,25.0,94.0,62.0,58.5
57056,2011-09-12,9881,216418,106.1625,106.1625,0,0,147,65.76389918586939,86.0,44.0,24.0,23.0,86.0,65.0,60.25
58684,2011-09-19,9881,216418,105.45,105.45,0,0,134,65.76389918586939,67.0,52.0,154.0,199.0,67.0,59.5,70.0
60309,2011-09-26,9881,216418,106.1625,106.1625,0,0,150,65.76389918586939,92.0,48.0,65.0,58.0,92.0,70.0,54.75
61935,2011-10-03,9881,216418,101.8875,101.8875,0,0,151,65.76389918586939,90.0,22.0,49.0,46.0,90.0,56.0,58.0
63553,2011-10-10,9881,216418,101.8875,101.8875,0,0,178,65.76389918586939,112.0,54.0,46.0,264.0,112.0,83.0,78.0
65186,2011-10-17,9881,216418,101.8875,101.8875,0,0,135,65.76389918586939,85.0,36.0,55.0,253.0,85.0,60.5,45.0
66823,2011-10-24,9881,216418,104.7375,104.7375,0,0,115,65.76389918586939,67.0,43.0,60.0,61.0,67.0,55.0,58.75
68462,2011-10-31,9881,216418,104.7375,104.7375,0,0,173,65.76389918586939,69.0,50.0,40.0,30.0,69.0,59.5,56.5
70099,2011-11-07,9881,216418,105.45,105.45,0,0,129,65.76389918586939,64.0,39.0,39.0,32.0,64.0,51.5,63.75
71736,2011-11-14,9881,216418,104.025,104.025,0,0,133,65.76389918586939,105.0,45.0,36.0,7.0,105.0,75.0,70.25
73372,2011-11-21,9881,216418,104.025,104.025,0,0,135,65.76389918586939,73.0,44.0,39.0,215.0,73.0,58.5,75.75
75007,2011-11-28,9881,216418,104.025,104.025,0,0,105,65.76389918586939,123.0,33.0,45.0,6.0,123.0,78.0,80.75
76646,2011-12-05,9881,216418,105.45,105.45,0,0,124,65.76389918586939,93.0,33.0,22.0,54.0,93.0,63.0,74.75
78288,2011-12-12,9881,216418,88.35,105.45,0,0,204,65.76389918586939,177.0,51.0,30.0,286.0,177.0,114.0,111.25
56927,2011-09-12,9809,216418,105.45,106.1625,0,1,74,60.820032055466704,163.0,33.0,147.0,52.0,163.0,98.0,71.5
63426,2011-10-10,9809,216418,102.6,105.45,0,1,82,60.820032055466704,114.0,49.0,178.0,26.0,114.0,81.5,91.5
68333,2011-10-31,9809,216418,104.7375,104.025,0,1,92,60.820032055466704,180.0,23.0,50.0,26.0,180.0,101.5,68.0
71607,2011-11-14,9809,216418,105.45,105.45,0,1,122,60.820032055466704,29.0,111.0,38.0,31.0,29.0,70.0,54.25
73245,2011-11-21,9809,216418,106.875,105.45,0,1,94,60.820032055466704,88.0,50.0,135.0,42.0,88.0,69.0,98.25
79799,2011-12-19,9809,216418,88.35,106.1625,0,1,146,60.820032055466704,205.0,94.0,206.0,57.0,205.0,149.5,172.75
87999,2012-01-23,9809,216418,88.35,106.1625,0,1,171,60.820032055466704,86.0,121.0,91.0,33.0,86.0,103.5,74.0
89641,2012-01-30,9809,216418,89.0625,106.1625,0,1,121,60.820032055466704,108.0,50.0,283.0,24.0,108.0,79.0,107.75
59761,2011-09-26,9479,216418,84.7875,84.7875,0,0,66,40.71132100598713,124.0,23.0,211.0,141.0,124.0,73.5,69.0
61380,2011-10-03,9479,216418,82.65,82.65,0,0,51,40.71132100598713,107.0,56.0,25.0,62.0,107.0,81.5,74.5
63002,2011-10-10,9479,216418,81.225,81.225,0,0,36,40.71132100598713,128.0,67.0,29.0,53.0,128.0,97.5,76.25
64631,2011-10-17,9479,216418,85.5,85.5,0,0,70,40.71132100598713,127.0,64.0,42.0,64.0,127.0,95.5,72.0
66268,2011-10-24,9479,216418,88.35,88.35,0,0,61,40.71132100598713,104.0,25.0,203.0,227.0,104.0,64.5,56.5
67905,2011-10-31,9479,216418,88.35,88.35,0,0,53,40.71132100598713,120.0,26.0,192.0,170.0,120.0,73.0,67.75
69544,2011-11-07,9479,216418,86.925,86.925,0,0,67,40.71132100598713,104.0,57.0,11.0,93.0,104.0,80.5,65.0
71181,2011-11-14,9479,216418,87.6375,87.6375,0,0,68,40.71132100598713,127.0,61.0,49.0,31.0,127.0,94.0,66.5
72819,2011-11-21,9479,216418,82.65,82.65,0,0,118,40.71132100598713,156.0,63.0,47.0,34.0,156.0,109.5,79.25
81009,2011-12-26,9479,216418,70.5375,82.65,0,0,142,40.71132100598713,213.0,59.0,310.0,263.0,213.0,136.0,166.5
82650,2012-01-02,9479,216418,70.5375,82.65,0,0,97,40.71132100598713,218.0,100.0,32.0,101.0,218.0,159.0,123.5
